temperature_relative_l2=0
temperature_relative_absolute_peak=0
temperature_maximum_pointwise_relative=0
temperature_maximum_pointwise_relative_index=0
temperature_maximum_pointwise_relative_actual=0
temperature_maximum_pointwise_relative_reference=0
temperature_maximum_absolute_difference_index=0
temperature_maximum_absolute_difference_actual=0
temperature_maximum_absolute_difference_reference=0
temperature_zero_reference_count=0
temperature_maximum_zero_reference_absolute_difference=0
temperature_zero_reference_count=0
temperature_maximum_zero_reference_absolute_difference=0
displacement_relative_l2=1.43836e-16
displacement_relative_absolute_peak=3.22287e-16
displacement_maximum_pointwise_relative=3.75879e-16
displacement_maximum_pointwise_relative_index=39
displacement_maximum_pointwise_actual_norm=0.000180278
displacement_maximum_pointwise_reference_norm=0.000180278
displacement_maximum_difference_index=38
displacement_maximum_absolute_group_difference=8.67785e-20
displacement_zero_reference_count=0
displacement_maximum_zero_reference_absolute_difference=0
displacement_zero_reference_count=0
displacement_maximum_zero_reference_absolute_difference=0
stress_relative_l2=3.17621e-15
stress_relative_absolute_peak=2.45046e-15
stress_maximum_pointwise_relative=1.38366e-14
stress_maximum_pointwise_relative_index=20
stress_maximum_pointwise_actual_norm=2.81919e+07
stress_maximum_pointwise_reference_norm=2.81919e+07
stress_maximum_difference_index=25
stress_maximum_absolute_group_difference=4.31845e-07
stress_zero_reference_count=0
stress_maximum_zero_reference_absolute_difference=0
stress_zero_reference_count=0
stress_maximum_zero_reference_absolute_difference=0
elastic_strain_relative_l2=2.84812e-15
elastic_strain_relative_absolute_peak=2.27847e-15
elastic_strain_maximum_pointwise_relative=8.06577e-15
elastic_strain_maximum_pointwise_relative_index=24
elastic_strain_maximum_pointwise_actual_norm=0.0294861
elastic_strain_maximum_pointwise_reference_norm=0.0294861
elastic_strain_maximum_difference_index=24
elastic_strain_maximum_absolute_group_difference=2.37828e-16
elastic_strain_zero_reference_count=0
elastic_strain_maximum_zero_reference_absolute_difference=0
elastic_strain_zero_reference_count=0
elastic_strain_maximum_zero_reference_absolute_difference=0
radial_reaction_relative_l2=3.20012e-15
radial_reaction_relative_absolute_peak=2.18492e-15
radial_reaction_maximum_pointwise_relative=7.62834e-14
radial_reaction_maximum_pointwise_relative_index=11
radial_reaction_maximum_pointwise_relative_actual=-1317.44
radial_reaction_maximum_pointwise_relative_reference=-1317.44
radial_reaction_maximum_absolute_difference_index=11
radial_reaction_maximum_absolute_difference_actual=-1317.44
radial_reaction_maximum_absolute_difference_reference=-1317.44
radial_reaction_zero_reference_count=0
radial_reaction_maximum_zero_reference_absolute_difference=0
radial_reaction_zero_reference_count=0
radial_reaction_maximum_zero_reference_absolute_difference=0
axial_reaction_relative_l2=2.77932e-15
axial_reaction_relative_absolute_peak=2.25114e-15
axial_reaction_maximum_pointwise_relative=3.59333e-14
axial_reaction_maximum_pointwise_relative_index=1
axial_reaction_maximum_pointwise_relative_actual=36.5818
axial_reaction_maximum_pointwise_relative_reference=36.5818
axial_reaction_maximum_absolute_difference_index=18
axial_reaction_maximum_absolute_difference_actual=-1818.07
axial_reaction_maximum_absolute_difference_reference=-1818.07
axial_reaction_zero_reference_count=0
axial_reaction_maximum_zero_reference_absolute_difference=0
axial_reaction_zero_reference_count=0
axial_reaction_maximum_zero_reference_absolute_difference=0
axial_force_relative_l2=2.77685e-15
axial_force_relative_absolute_peak=2.25114e-15
axial_force_maximum_pointwise_relative=3.61275e-14
axial_force_maximum_pointwise_relative_index=0
axial_force_maximum_pointwise_relative_actual=36.5818
axial_force_maximum_pointwise_relative_reference=36.5818
axial_force_maximum_absolute_difference_index=9
axial_force_maximum_absolute_difference_actual=1818.07
axial_force_maximum_absolute_difference_reference=1818.07
axial_force_zero_reference_count=0
axial_force_maximum_zero_reference_absolute_difference=0
axial_force_zero_reference_count=0
axial_force_maximum_zero_reference_absolute_difference=0
axial_strain_relative_l2=2.01497e-16
axial_strain_relative_absolute_peak=0
axial_strain_maximum_pointwise_relative=6.93889e-16
axial_strain_maximum_pointwise_relative_index=9
axial_strain_maximum_pointwise_relative_actual=-0.01
axial_strain_maximum_pointwise_relative_reference=-0.01
axial_strain_maximum_absolute_difference_index=9
axial_strain_maximum_absolute_difference_actual=-0.01
axial_strain_maximum_absolute_difference_reference=-0.01
axial_strain_zero_reference_count=0
axial_strain_maximum_zero_reference_absolute_difference=0
axial_strain_zero_reference_count=0
axial_strain_maximum_zero_reference_absolute_difference=0
mechanical_measure_elastic_energy_change_relative_l2=6.66592e-15
mechanical_measure_elastic_energy_change_relative_absolute_peak=7.30932e-15
mechanical_measure_elastic_energy_change_maximum_pointwise_relative=2.53416e-14
mechanical_measure_elastic_energy_change_maximum_pointwise_relative_index=6
mechanical_measure_elastic_energy_change_maximum_pointwise_relative_actual=0.113359
mechanical_measure_elastic_energy_change_maximum_pointwise_relative_reference=0.113359
mechanical_measure_elastic_energy_change_maximum_absolute_difference_index=9
mechanical_measure_elastic_energy_change_maximum_absolute_difference_actual=1.03286
mechanical_measure_elastic_energy_change_maximum_absolute_difference_reference=1.03286
mechanical_measure_elastic_energy_change_zero_reference_count=0
mechanical_measure_elastic_energy_change_maximum_zero_reference_absolute_difference=0
mechanical_measure_elastic_energy_change_zero_reference_count=0
mechanical_measure_elastic_energy_change_maximum_zero_reference_absolute_difference=0
radial_node_axial_interpolation_relative_l2=0
radial_node_axial_interpolation_relative_absolute_peak=0
radial_node_axial_interpolation_maximum_pointwise_relative=0
radial_node_axial_interpolation_maximum_pointwise_relative_index=0
radial_node_axial_interpolation_maximum_pointwise_relative_actual=0
radial_node_axial_interpolation_maximum_pointwise_relative_reference=0
radial_node_axial_interpolation_maximum_absolute_difference_index=0
radial_node_axial_interpolation_maximum_absolute_difference_actual=0
radial_node_axial_interpolation_maximum_absolute_difference_reference=0
radial_node_axial_interpolation_zero_reference_count=0
radial_node_axial_interpolation_maximum_zero_reference_absolute_difference=0
radial_node_axial_interpolation_zero_reference_count=0
radial_node_axial_interpolation_maximum_zero_reference_absolute_difference=0
prescribed_zero_displacement_absolute_l2=0
prescribed_zero_displacement_absolute_peak=0
prescribed_zero_displacement_maximum_pointwise_absolute=0
prescribed_zero_displacement_zero_reference_count=20
prescribed_zero_displacement_maximum_zero_reference_absolute_difference=0
analytical_zero_stress_shear_absolute_l2=0
analytical_zero_stress_shear_absolute_peak=0
analytical_zero_stress_shear_maximum_pointwise_absolute=0
analytical_zero_stress_shear_zero_reference_count=40
analytical_zero_stress_shear_maximum_zero_reference_absolute_difference=0
analytical_zero_elastic_shear_absolute_l2=0
analytical_zero_elastic_shear_absolute_peak=0
analytical_zero_elastic_shear_maximum_pointwise_absolute=0
analytical_zero_elastic_shear_zero_reference_count=40
analytical_zero_elastic_shear_maximum_zero_reference_absolute_difference=0
inactive_inelastic_history_absolute_l2=0
inactive_inelastic_history_absolute_peak=0
inactive_inelastic_history_maximum_pointwise_absolute=0
inactive_inelastic_history_zero_reference_count=200
inactive_inelastic_history_maximum_zero_reference_absolute_difference=0
body_boundary_heat_reaction_relative_l2=0.000140134
body_boundary_heat_reaction_relative_absolute_peak=0.000156914
body_boundary_heat_reaction_maximum_pointwise_relative=0.000326149
body_boundary_heat_reaction_maximum_pointwise_relative_index=8
body_boundary_heat_reaction_maximum_pointwise_relative_actual=105.238
body_boundary_heat_reaction_maximum_pointwise_relative_reference=105.272
body_boundary_heat_reaction_maximum_absolute_difference_index=8
body_boundary_heat_reaction_maximum_absolute_difference_actual=105.238
body_boundary_heat_reaction_maximum_absolute_difference_reference=105.272
body_boundary_heat_reaction_zero_reference_count=0
body_boundary_heat_reaction_maximum_zero_reference_absolute_difference=0
body_boundary_heat_reaction_zero_reference_count=0
body_boundary_heat_reaction_maximum_zero_reference_absolute_difference=0
stored_and_boundary_heat_rate_relative_tolerance=0.002
stored_heat_rate_relative_l2=0.000630511
stored_heat_rate_relative_absolute_peak=0.00105652
stored_heat_rate_maximum_pointwise_relative=0.00105652
stored_heat_rate_maximum_pointwise_relative_index=4
stored_heat_rate_maximum_pointwise_relative_actual=19.4779
stored_heat_rate_maximum_pointwise_relative_reference=19.4985
stored_heat_rate_maximum_absolute_difference_index=4
stored_heat_rate_maximum_absolute_difference_actual=19.4779
stored_heat_rate_maximum_absolute_difference_reference=19.4985
stored_heat_rate_zero_reference_count=0
stored_heat_rate_maximum_zero_reference_absolute_difference=0
stored_heat_rate_zero_reference_count=0
stored_heat_rate_maximum_zero_reference_absolute_difference=0
generated_heat_rate_absolute_l2=0
generated_heat_rate_absolute_peak=0
generated_heat_rate_maximum_pointwise_absolute=0
generated_heat_rate_zero_reference_count=10
generated_heat_rate_maximum_zero_reference_absolute_difference=0
dirichlet_heat_input_rate_relative_l2=0.000630511
dirichlet_heat_input_rate_relative_absolute_peak=0.00105652
dirichlet_heat_input_rate_maximum_pointwise_relative=0.00105652
dirichlet_heat_input_rate_maximum_pointwise_relative_index=4
dirichlet_heat_input_rate_maximum_pointwise_relative_actual=19.4779
dirichlet_heat_input_rate_maximum_pointwise_relative_reference=19.4985
dirichlet_heat_input_rate_maximum_absolute_difference_index=4
dirichlet_heat_input_rate_maximum_absolute_difference_actual=19.4779
dirichlet_heat_input_rate_maximum_absolute_difference_reference=19.4985
dirichlet_heat_input_rate_zero_reference_count=0
dirichlet_heat_input_rate_maximum_zero_reference_absolute_difference=0
dirichlet_heat_input_rate_zero_reference_count=0
dirichlet_heat_input_rate_maximum_zero_reference_absolute_difference=0
thermal_balance_absolute_l2=3.19744e-14
thermal_balance_absolute_peak=2.13163e-14
thermal_balance_maximum_pointwise_absolute=2.13163e-14
thermal_balance_zero_reference_count=10
thermal_balance_maximum_zero_reference_absolute_difference=2.13163e-14
reconstructed_heat_flux_diagnostic_relative_l2=6.85954e-16
reconstructed_heat_flux_diagnostic_relative_absolute_peak=8.55612e-16
reconstructed_heat_flux_diagnostic_maximum_pointwise_relative=4.22865e-15
reconstructed_heat_flux_diagnostic_maximum_pointwise_relative_index=2
reconstructed_heat_flux_diagnostic_maximum_pointwise_actual_norm=60301.5
reconstructed_heat_flux_diagnostic_maximum_pointwise_reference_norm=60301.5
reconstructed_heat_flux_diagnostic_maximum_difference_index=37
reconstructed_heat_flux_diagnostic_maximum_absolute_group_difference=4.73149e-10
reconstructed_heat_flux_diagnostic_zero_reference_count=0
reconstructed_heat_flux_diagnostic_maximum_zero_reference_absolute_difference=0
native_node_samples=40
native_material_point_samples=40
qualification_scope=prescribed_nonuniform_finite_thermomechanics_with_paired_endpoint_material_temperature
thermal_operator_cross_comparison=nodal_heat_reactions_and_actual_conservation_outputs
body_heat_flux_comparison=diagnostic_reconstruction_not_production_field_output
radial_gps_nonuniform_abaqus_qualification=passed
