job=b14_cax8t_equilibrium work_directory=C:\Users\TcroM\AppData\Local\Temp\fuelsim_thermal_probe_13a2bff7624a4d67a1c73efe50c388c5
Analysis initiated from SIMULIA established products
Abaqus JOB b14_cax8t_equilibrium
Abaqus 2025
Abaqus License Manager checked out the following licenses:
Abaqus/Standard checked out 5 tokens from Flexnet server MSI.
<9989 out of 9999 licenses remain available>.
Begin Analysis Input File Processor
9/14/2026 7:53:08 AM
Run pre.exe
9/14/2026 7:53:09 AM
End Analysis Input File Processor
Begin Abaqus/Standard Analysis
9/14/2026 7:53:09 AM
Run standard.exe
9/14/2026 7:53:10 AM
End Abaqus/Standard Analysis
Begin SIM Wrap-up
9/14/2026 7:53:12 AM
Run SMASimUtility.exe
9/14/2026 7:53:12 AM
End SIM Wrap-up
Abaqus JOB b14_cax8t_equilibrium COMPLETED
