temperature_relative_l2=6.6934e-17
temperature_relative_absolute_peak=0
temperature_maximum_pointwise_relative=1.85359e-16
temperature_maximum_pointwise_relative_index=5
temperature_maximum_pointwise_relative_actual=613.333
temperature_maximum_pointwise_relative_reference=613.333
temperature_maximum_absolute_difference_index=4
temperature_maximum_absolute_difference_actual=653.333
temperature_maximum_absolute_difference_reference=653.333
temperature_zero_reference_count=0
temperature_maximum_zero_reference_absolute_difference=0
temperature_zero_reference_count=0
temperature_maximum_zero_reference_absolute_difference=0
displacement_relative_l2=1.05107e-16
displacement_relative_absolute_peak=2.37419e-16
displacement_maximum_pointwise_relative=6.77626e-16
displacement_maximum_pointwise_relative_index=9
displacement_maximum_pointwise_actual_norm=5e-05
displacement_maximum_pointwise_reference_norm=5e-05
displacement_maximum_difference_index=10
displacement_maximum_absolute_group_difference=6.39271e-20
displacement_zero_reference_count=0
displacement_maximum_zero_reference_absolute_difference=0
displacement_zero_reference_count=0
displacement_maximum_zero_reference_absolute_difference=0
stress_relative_l2=1.62865e-15
stress_relative_absolute_peak=1.90785e-15
stress_maximum_pointwise_relative=1.28656e-14
stress_maximum_pointwise_relative_index=2
stress_maximum_pointwise_actual_norm=1.58656e+07
stress_maximum_pointwise_reference_norm=1.58656e+07
stress_maximum_difference_index=14
stress_maximum_absolute_group_difference=3.70926e-07
stress_zero_reference_count=0
stress_maximum_zero_reference_absolute_difference=0
stress_zero_reference_count=0
stress_maximum_zero_reference_absolute_difference=0
elastic_strain_relative_l2=2.06899e-15
elastic_strain_relative_absolute_peak=2.25832e-15
elastic_strain_maximum_pointwise_relative=8.6526e-15
elastic_strain_maximum_pointwise_relative_index=14
elastic_strain_maximum_pointwise_actual_norm=0.0274615
elastic_strain_maximum_pointwise_reference_norm=0.0274615
elastic_strain_maximum_difference_index=14
elastic_strain_maximum_absolute_group_difference=2.37614e-16
elastic_strain_zero_reference_count=0
elastic_strain_maximum_zero_reference_absolute_difference=0
elastic_strain_zero_reference_count=0
elastic_strain_maximum_zero_reference_absolute_difference=0
radial_reaction_relative_l2=1.4299e-15
radial_reaction_relative_absolute_peak=0
radial_reaction_maximum_pointwise_relative=1.71171e-14
radial_reaction_maximum_pointwise_relative_index=6
radial_reaction_maximum_pointwise_relative_actual=-4728.9
radial_reaction_maximum_pointwise_relative_reference=-4728.9
radial_reaction_maximum_absolute_difference_index=5
radial_reaction_maximum_absolute_difference_actual=-13974.8
radial_reaction_maximum_absolute_difference_reference=-13974.8
radial_reaction_zero_reference_count=0
radial_reaction_maximum_zero_reference_absolute_difference=0
radial_reaction_zero_reference_count=0
radial_reaction_maximum_zero_reference_absolute_difference=0
axial_reaction_relative_l2=1.03683e-15
axial_reaction_relative_absolute_peak=0
axial_reaction_maximum_pointwise_relative=5.46849e-14
axial_reaction_maximum_pointwise_relative_index=0
axial_reaction_maximum_pointwise_relative_actual=-68.3452
axial_reaction_maximum_pointwise_relative_reference=-68.3452
axial_reaction_maximum_absolute_difference_index=0
axial_reaction_maximum_absolute_difference_actual=-68.3452
axial_reaction_maximum_absolute_difference_reference=-68.3452
axial_reaction_zero_reference_count=0
axial_reaction_maximum_zero_reference_absolute_difference=0
axial_reaction_zero_reference_count=0
axial_reaction_maximum_zero_reference_absolute_difference=0
axial_force_relative_l2=1.02584e-15
axial_force_relative_absolute_peak=0
axial_force_maximum_pointwise_relative=5.46849e-14
axial_force_maximum_pointwise_relative_index=0
axial_force_maximum_pointwise_relative_actual=68.3452
axial_force_maximum_pointwise_relative_reference=68.3452
axial_force_maximum_absolute_difference_index=0
axial_force_maximum_absolute_difference_actual=68.3452
axial_force_maximum_absolute_difference_reference=68.3452
axial_force_zero_reference_count=0
axial_force_maximum_zero_reference_absolute_difference=0
axial_force_zero_reference_count=0
axial_force_maximum_zero_reference_absolute_difference=0
axial_strain_relative_l2=2.46563e-16
axial_strain_relative_absolute_peak=3.46945e-16
axial_strain_maximum_pointwise_relative=3.46945e-16
axial_strain_maximum_pointwise_relative_index=3
axial_strain_maximum_pointwise_relative_actual=0.01
axial_strain_maximum_pointwise_relative_reference=0.01
axial_strain_maximum_absolute_difference_index=2
axial_strain_maximum_absolute_difference_actual=0.02
axial_strain_maximum_absolute_difference_reference=0.02
axial_strain_zero_reference_count=1
axial_strain_maximum_zero_reference_absolute_difference=2.71051e-18
axial_strain_zero_reference_count=1
axial_strain_maximum_zero_reference_absolute_difference=2.71051e-18
mechanical_measure_elastic_energy_change_relative_l2=2.44591e-15
mechanical_measure_elastic_energy_change_relative_absolute_peak=7.13246e-16
mechanical_measure_elastic_energy_change_maximum_pointwise_relative=2.18124e-14
mechanical_measure_elastic_energy_change_maximum_pointwise_relative_index=3
mechanical_measure_elastic_energy_change_maximum_pointwise_relative_actual=-0.179418
mechanical_measure_elastic_energy_change_maximum_pointwise_relative_reference=-0.179418
mechanical_measure_elastic_energy_change_maximum_absolute_difference_index=3
mechanical_measure_elastic_energy_change_maximum_absolute_difference_actual=-0.179418
mechanical_measure_elastic_energy_change_maximum_absolute_difference_reference=-0.179418
mechanical_measure_elastic_energy_change_zero_reference_count=4
mechanical_measure_elastic_energy_change_maximum_zero_reference_absolute_difference=0
mechanical_measure_elastic_energy_change_zero_reference_count=4
mechanical_measure_elastic_energy_change_maximum_zero_reference_absolute_difference=0
radial_node_axial_interpolation_relative_l2=0
radial_node_axial_interpolation_relative_absolute_peak=0
radial_node_axial_interpolation_maximum_pointwise_relative=0
radial_node_axial_interpolation_maximum_pointwise_relative_index=0
radial_node_axial_interpolation_maximum_pointwise_relative_actual=0
radial_node_axial_interpolation_maximum_pointwise_relative_reference=0
radial_node_axial_interpolation_maximum_absolute_difference_index=0
radial_node_axial_interpolation_maximum_absolute_difference_actual=0
radial_node_axial_interpolation_maximum_absolute_difference_reference=0
radial_node_axial_interpolation_zero_reference_count=0
radial_node_axial_interpolation_maximum_zero_reference_absolute_difference=0
radial_node_axial_interpolation_zero_reference_count=0
radial_node_axial_interpolation_maximum_zero_reference_absolute_difference=0
prescribed_zero_displacement_absolute_l2=0
prescribed_zero_displacement_absolute_peak=0
prescribed_zero_displacement_maximum_pointwise_absolute=0
prescribed_zero_displacement_zero_reference_count=20
prescribed_zero_displacement_maximum_zero_reference_absolute_difference=0
analytical_zero_stress_shear_absolute_l2=0
analytical_zero_stress_shear_absolute_peak=0
analytical_zero_stress_shear_maximum_pointwise_absolute=0
analytical_zero_stress_shear_zero_reference_count=40
analytical_zero_stress_shear_maximum_zero_reference_absolute_difference=0
analytical_zero_elastic_shear_absolute_l2=0
analytical_zero_elastic_shear_absolute_peak=0
analytical_zero_elastic_shear_maximum_pointwise_absolute=0
analytical_zero_elastic_shear_zero_reference_count=40
analytical_zero_elastic_shear_maximum_zero_reference_absolute_difference=0
inactive_inelastic_history_absolute_l2=0
inactive_inelastic_history_absolute_peak=0
inactive_inelastic_history_maximum_pointwise_absolute=0
inactive_inelastic_history_zero_reference_count=200
inactive_inelastic_history_maximum_zero_reference_absolute_difference=0
body_boundary_heat_reaction_relative_l2=0.00014181
body_boundary_heat_reaction_relative_absolute_peak=0.000400051
body_boundary_heat_reaction_maximum_pointwise_relative=0.000400051
body_boundary_heat_reaction_maximum_pointwise_relative_index=4
body_boundary_heat_reaction_maximum_pointwise_relative_actual=320.285
body_boundary_heat_reaction_maximum_pointwise_relative_reference=320.413
body_boundary_heat_reaction_maximum_absolute_difference_index=4
body_boundary_heat_reaction_maximum_absolute_difference_actual=320.285
body_boundary_heat_reaction_maximum_absolute_difference_reference=320.413
body_boundary_heat_reaction_zero_reference_count=0
body_boundary_heat_reaction_maximum_zero_reference_absolute_difference=0
body_boundary_heat_reaction_zero_reference_count=0
body_boundary_heat_reaction_maximum_zero_reference_absolute_difference=0
stored_heat_rate_relative_l2=0.00114989
stored_heat_rate_relative_absolute_peak=0.00167001
stored_heat_rate_maximum_pointwise_relative=0.00167001
stored_heat_rate_maximum_pointwise_relative_index=2
stored_heat_rate_maximum_pointwise_relative_actual=61.5752
stored_heat_rate_maximum_pointwise_relative_reference=61.6782
stored_heat_rate_maximum_absolute_difference_index=2
stored_heat_rate_maximum_absolute_difference_actual=61.5752
stored_heat_rate_maximum_absolute_difference_reference=61.6782
stored_heat_rate_zero_reference_count=4
stored_heat_rate_maximum_zero_reference_absolute_difference=0
stored_heat_rate_zero_reference_count=4
stored_heat_rate_maximum_zero_reference_absolute_difference=0
generated_heat_rate_relative_l2=4.14272e-16
generated_heat_rate_relative_absolute_peak=4.14272e-16
generated_heat_rate_maximum_pointwise_relative=4.14272e-16
generated_heat_rate_maximum_pointwise_relative_index=7
generated_heat_rate_maximum_pointwise_relative_actual=1.60796
generated_heat_rate_maximum_pointwise_relative_reference=1.60796
generated_heat_rate_maximum_absolute_difference_index=8
generated_heat_rate_maximum_absolute_difference_actual=3.21592
generated_heat_rate_maximum_absolute_difference_reference=3.21592
generated_heat_rate_zero_reference_count=7
generated_heat_rate_maximum_zero_reference_absolute_difference=0
generated_heat_rate_zero_reference_count=7
generated_heat_rate_maximum_zero_reference_absolute_difference=0
dirichlet_heat_input_rate_relative_l2=0.00114872
dirichlet_heat_input_rate_relative_absolute_peak=0.00167001
dirichlet_heat_input_rate_maximum_pointwise_relative=0.00167001
dirichlet_heat_input_rate_maximum_pointwise_relative_index=2
dirichlet_heat_input_rate_maximum_pointwise_relative_actual=61.5752
dirichlet_heat_input_rate_maximum_pointwise_relative_reference=61.6782
dirichlet_heat_input_rate_maximum_absolute_difference_index=2
dirichlet_heat_input_rate_maximum_absolute_difference_actual=61.5752
dirichlet_heat_input_rate_maximum_absolute_difference_reference=61.6782
dirichlet_heat_input_rate_zero_reference_count=1
dirichlet_heat_input_rate_maximum_zero_reference_absolute_difference=0
dirichlet_heat_input_rate_zero_reference_count=1
dirichlet_heat_input_rate_maximum_zero_reference_absolute_difference=0
thermal_balance_absolute_l2=6.1149e-14
thermal_balance_absolute_peak=3.73035e-14
thermal_balance_maximum_pointwise_absolute=3.73035e-14
thermal_balance_zero_reference_count=10
thermal_balance_maximum_zero_reference_absolute_difference=3.73035e-14
source_node_reaction_change_relative_l2=1.57975e-13
source_node_reaction_change_relative_absolute_peak=2.04144e-13
source_node_reaction_change_maximum_pointwise_relative=2.04144e-13
source_node_reaction_change_maximum_pointwise_relative_index=1
source_node_reaction_change_maximum_pointwise_relative_actual=0.835342
source_node_reaction_change_maximum_pointwise_relative_reference=0.835342
source_node_reaction_change_maximum_absolute_difference_index=1
source_node_reaction_change_maximum_absolute_difference_actual=0.835342
source_node_reaction_change_maximum_absolute_difference_reference=0.835342
source_node_reaction_change_zero_reference_count=0
source_node_reaction_change_maximum_zero_reference_absolute_difference=0
source_node_reaction_change_zero_reference_count=0
source_node_reaction_change_maximum_zero_reference_absolute_difference=0
reconstructed_heat_flux_diagnostic_relative_l2=7.41075e-16
reconstructed_heat_flux_diagnostic_relative_absolute_peak=2.02775e-15
reconstructed_heat_flux_diagnostic_maximum_pointwise_relative=2.0669e-15
reconstructed_heat_flux_diagnostic_maximum_pointwise_relative_index=10
reconstructed_heat_flux_diagnostic_maximum_pointwise_actual_norm=1.12696e+06
reconstructed_heat_flux_diagnostic_maximum_pointwise_reference_norm=1.12696e+06
reconstructed_heat_flux_diagnostic_maximum_difference_index=10
reconstructed_heat_flux_diagnostic_maximum_absolute_group_difference=2.32931e-09
reconstructed_heat_flux_diagnostic_zero_reference_count=0
reconstructed_heat_flux_diagnostic_maximum_zero_reference_absolute_difference=0
native_node_samples=40
native_material_point_samples=40
qualification_scope=prescribed_nonuniform_finite_thermomechanics_with_constant_elasticity
thermal_operator_cross_comparison=nodal_heat_reactions_and_actual_conservation_outputs
body_heat_flux_comparison=diagnostic_reconstruction_not_production_field_output
radial_gps_nonuniform_abaqus_qualification=failed
