temperature_relative_l2=0
temperature_relative_absolute_peak=0
temperature_maximum_pointwise_relative=0
temperature_maximum_pointwise_relative_index=0
temperature_maximum_pointwise_relative_actual=0
temperature_maximum_pointwise_relative_reference=0
temperature_maximum_absolute_difference_index=0
temperature_maximum_absolute_difference_actual=0
temperature_maximum_absolute_difference_reference=0
temperature_zero_reference_count=0
temperature_maximum_zero_reference_absolute_difference=0
temperature_zero_reference_count=0
temperature_maximum_zero_reference_absolute_difference=0
displacement_relative_l2=1.22281e-09
displacement_relative_absolute_peak=9.74275e-10
displacement_maximum_pointwise_relative=4.34475e-09
displacement_maximum_pointwise_relative_index=16
displacement_maximum_pointwise_actual_norm=4.0014e-07
displacement_maximum_pointwise_reference_norm=4.0014e-07
displacement_maximum_difference_index=22
displacement_maximum_absolute_group_difference=1.46537e-14
displacement_zero_reference_count=0
displacement_maximum_zero_reference_absolute_difference=0
displacement_zero_reference_count=0
displacement_maximum_zero_reference_absolute_difference=0
stress_relative_l2=1.80676e-09
stress_relative_absolute_peak=1.44827e-09
stress_maximum_pointwise_relative=2.89595e-09
stress_maximum_pointwise_relative_index=18
stress_maximum_pointwise_actual_norm=499900
stress_maximum_pointwise_reference_norm=499900
stress_maximum_difference_index=18
stress_maximum_absolute_group_difference=0.00144769
stress_zero_reference_count=0
stress_maximum_zero_reference_absolute_difference=0
stress_zero_reference_count=0
stress_maximum_zero_reference_absolute_difference=0
elastic_strain_relative_l2=1.80726e-09
elastic_strain_relative_absolute_peak=1.44866e-09
elastic_strain_maximum_pointwise_relative=2.89666e-09
elastic_strain_maximum_pointwise_relative_index=18
elastic_strain_maximum_pointwise_actual_norm=0.00054303
elastic_strain_maximum_pointwise_reference_norm=0.00054303
elastic_strain_maximum_difference_index=20
elastic_strain_maximum_absolute_group_difference=1.57302e-12
elastic_strain_zero_reference_count=0
elastic_strain_maximum_zero_reference_absolute_difference=0
elastic_strain_zero_reference_count=0
elastic_strain_maximum_zero_reference_absolute_difference=0
radial_reaction_absolute_l2=4.29738e-10
radial_reaction_absolute_peak=2.07925e-10
radial_reaction_maximum_pointwise_absolute=2.07925e-10
radial_reaction_zero_reference_count=20
radial_reaction_maximum_zero_reference_absolute_difference=2.07925e-10
axial_reaction_relative_l2=1.80593e-09
axial_reaction_relative_absolute_peak=1.4457e-09
axial_reaction_maximum_pointwise_relative=2.89508e-09
axial_reaction_maximum_pointwise_relative_index=8
axial_reaction_maximum_pointwise_relative_actual=-14.1372
axial_reaction_maximum_pointwise_relative_reference=-14.1372
axial_reaction_maximum_absolute_difference_index=8
axial_reaction_maximum_absolute_difference_actual=-14.1372
axial_reaction_maximum_absolute_difference_reference=-14.1372
axial_reaction_zero_reference_count=10
axial_reaction_maximum_zero_reference_absolute_difference=1.86091e-11
axial_reaction_zero_reference_count=10
axial_reaction_maximum_zero_reference_absolute_difference=1.86091e-11
heat_reaction_relative_l2=3.65728e-15
heat_reaction_relative_absolute_peak=7.02751e-15
heat_reaction_maximum_pointwise_relative=8.87293e-15
heat_reaction_maximum_pointwise_relative_index=4
heat_reaction_maximum_pointwise_relative_actual=6.80678
heat_reaction_maximum_pointwise_relative_reference=6.80678
heat_reaction_maximum_absolute_difference_index=4
heat_reaction_maximum_absolute_difference_actual=6.80678
heat_reaction_maximum_absolute_difference_reference=6.80678
heat_reaction_zero_reference_count=0
heat_reaction_maximum_zero_reference_absolute_difference=0
heat_reaction_zero_reference_count=0
heat_reaction_maximum_zero_reference_absolute_difference=0
axial_force_relative_l2=1.80593e-09
axial_force_relative_absolute_peak=1.4457e-09
axial_force_maximum_pointwise_relative=2.89508e-09
axial_force_maximum_pointwise_relative_index=4
axial_force_maximum_pointwise_relative_actual=14.1372
axial_force_maximum_pointwise_relative_reference=14.1372
axial_force_maximum_absolute_difference_index=4
axial_force_maximum_absolute_difference_actual=14.1372
axial_force_maximum_absolute_difference_reference=14.1372
axial_force_zero_reference_count=0
axial_force_maximum_zero_reference_absolute_difference=0
axial_force_zero_reference_count=0
axial_force_maximum_zero_reference_absolute_difference=0
axial_strain_relative_l2=1.20524e-09
axial_strain_relative_absolute_peak=9.65097e-10
axial_strain_maximum_pointwise_relative=1.93148e-09
axial_strain_maximum_pointwise_relative_index=4
axial_strain_maximum_pointwise_relative_actual=0.000750181
axial_strain_maximum_pointwise_relative_reference=0.000750181
axial_strain_maximum_absolute_difference_index=5
axial_strain_maximum_absolute_difference_actual=0.000900261
axial_strain_maximum_absolute_difference_reference=0.000900261
axial_strain_zero_reference_count=0
axial_strain_maximum_zero_reference_absolute_difference=0
axial_strain_zero_reference_count=0
axial_strain_maximum_zero_reference_absolute_difference=0
radial_node_axial_interpolation_relative_l2=0
radial_node_axial_interpolation_relative_absolute_peak=0
radial_node_axial_interpolation_maximum_pointwise_relative=0
radial_node_axial_interpolation_maximum_pointwise_relative_index=0
radial_node_axial_interpolation_maximum_pointwise_relative_actual=0
radial_node_axial_interpolation_maximum_pointwise_relative_reference=0
radial_node_axial_interpolation_maximum_absolute_difference_index=0
radial_node_axial_interpolation_maximum_absolute_difference_actual=0
radial_node_axial_interpolation_maximum_absolute_difference_reference=0
radial_node_axial_interpolation_zero_reference_count=0
radial_node_axial_interpolation_maximum_zero_reference_absolute_difference=0
radial_node_axial_interpolation_zero_reference_count=0
radial_node_axial_interpolation_maximum_zero_reference_absolute_difference=0
prescribed_zero_displacement_absolute_l2=0
prescribed_zero_displacement_absolute_peak=0
prescribed_zero_displacement_maximum_pointwise_absolute=0
prescribed_zero_displacement_zero_reference_count=20
prescribed_zero_displacement_maximum_zero_reference_absolute_difference=0
analytical_zero_stress_absolute_l2=3.01803e-06
analytical_zero_stress_absolute_peak=6.61064e-07
analytical_zero_stress_maximum_pointwise_absolute=6.61064e-07
analytical_zero_stress_zero_reference_count=120
analytical_zero_stress_maximum_zero_reference_absolute_difference=6.61064e-07
analytical_zero_elastic_shear_absolute_l2=0
analytical_zero_elastic_shear_absolute_peak=0
analytical_zero_elastic_shear_maximum_pointwise_absolute=0
analytical_zero_elastic_shear_zero_reference_count=40
analytical_zero_elastic_shear_maximum_zero_reference_absolute_difference=0
inactive_inelastic_history_absolute_l2=0
inactive_inelastic_history_absolute_peak=0
inactive_inelastic_history_maximum_pointwise_absolute=0
inactive_inelastic_history_zero_reference_count=200
inactive_inelastic_history_maximum_zero_reference_absolute_difference=0
radial_gps_abaqus_qualification=passed
