input_file=verification/fuelsim/steady_rz_performance_medium.fsi
mesh_file=/home/cooper/ai_project/fuelsim/verification/meshes/rz_performance_medium.e
mpi_ranks=1
  0 SNES Function norm 7.638109073994e-02
  1 SNES Function norm 7.739777601242e-02
  2 SNES Function norm 9.388966195886e-06
  3 SNES Function norm 2.306072600467e-11
  0 SNES Function norm 7.638109073993e-02
  1 SNES Function norm 8.452743057464e-02
  2 SNES Function norm 1.114994423504e-05
  3 SNES Function norm 2.261585492631e-11
  0 SNES Function norm 7.638109073991e-02
  1 SNES Function norm 9.311046799463e-02
  2 SNES Function norm 1.350538171841e-05
  3 SNES Function norm 2.275902638895e-11
  0 SNES Function norm 7.638109073992e-02
  1 SNES Function norm 1.036512182831e-01
  2 SNES Function norm 1.677616627517e-05
  3 SNES Function norm 2.328183975105e-11
  0 SNES Function norm 7.638109073988e-02
  1 SNES Function norm 1.169264089884e-01
  2 SNES Function norm 2.155132935314e-05
  3 SNES Function norm 2.312115752793e-11
  0 SNES Function norm 7.638109073990e-02
  1 SNES Function norm 1.570843491723e-01
  2 SNES Function norm 2.960567093756e-05
  3 SNES Function norm 2.346265588410e-11
  0 SNES Function norm 7.638109073980e-02
  1 SNES Function norm 2.494683738047e-01
  2 SNES Function norm 9.907477446787e-07
  3 SNES Function norm 2.338876787352e-11
  0 SNES Function norm 7.638109073994e-02
  1 SNES Function norm 9.285214491491e-04
  2 SNES Function norm 9.287294249355e-09
  3 SNES Function norm 2.243262078069e-11
  0 SNES Function norm 7.638109073994e-02
  1 SNES Function norm 9.272620655614e-04
  2 SNES Function norm 9.242391014588e-09
  3 SNES Function norm 2.279445380771e-11
  0 SNES Function norm 7.638109073994e-02
  1 SNES Function norm 9.259974873881e-04
  2 SNES Function norm 9.197942035824e-09
  3 SNES Function norm 2.268042987679e-11
  0 SNES Function norm 7.638109073993e-02
  1 SNES Function norm 8.476914406171e-01
  2 SNES Function norm 1.684771152891e-01
  3 SNES Function norm 3.635473342290e-02
  4 SNES Function norm 1.002177017204e-06
  5 SNES Function norm 2.301363012643e-11
  0 SNES Function norm 7.638109073992e-02
  1 SNES Function norm 1.872961447346e-01
  2 SNES Function norm 4.925708022873e-06
  3 SNES Function norm 2.295941576102e-11
  0 SNES Function norm 7.638109073994e-02
  1 SNES Function norm 5.144217425076e-01
  2 SNES Function norm 6.092526975141e-03
  3 SNES Function norm 2.695459089651e-03
  4 SNES Function norm 1.186263104016e-09
  5 SNES Function norm 2.648791482670e-11
  0 SNES Function norm 7.638109073993e-02
  1 SNES Function norm 3.932523224280e+00
  2 SNES Function norm 7.874731549640e-03
  3 SNES Function norm 3.896432825485e-04
  4 SNES Function norm 4.961597430862e-11
  0 SNES Function norm 7.638109073994e-02
  1 SNES Function norm 1.040952782287e-01
  2 SNES Function norm 7.879956800901e-07
  3 SNES Function norm 3.974544592649e-11
  0 SNES Function norm 7.638109073996e-02
  1 SNES Function norm 9.548361468481e-04
  2 SNES Function norm 1.051400756054e-08
  3 SNES Function norm 3.931132793827e-11
  0 SNES Function norm 7.638109073995e-02
  1 SNES Function norm 9.541586304763e-04
  2 SNES Function norm 1.051162047299e-08
  3 SNES Function norm 3.677385311994e-11
  0 SNES Function norm 7.638109073994e-02
  1 SNES Function norm 9.535008506958e-04
  2 SNES Function norm 1.051623880341e-08
  3 SNES Function norm 3.611656007196e-11
  0 SNES Function norm 7.638109073994e-02
  1 SNES Function norm 9.528638104164e-04
  2 SNES Function norm 1.051661422535e-08
  3 SNES Function norm 3.509846174024e-11
  0 SNES Function norm 7.638109073996e-02
  1 SNES Function norm 9.522485522276e-04
  2 SNES Function norm 1.051851784193e-08
  3 SNES Function norm 4.033913708539e-11
problem=steady
completed=true
convergence_reason=CONVERGED_FNORM_ABS
regions=2
contacts=1
load_steps_completed=20
rejected_load_steps=0
load_cutbacks=0
nonlinear_iterations_total=65
linear_iterations_total=65
residual_evaluations_total=85
jacobian_evaluations_total=65
used_small_strain_predictor=false
residual_norm=4.033913708539e-11
nonlinear_attempts=1
linear_iterations=3
used_backtracking_fallback=false
augmented_lagrangian_iterations=0
global_state_dofs=23010
maximum_shadow_state_dofs=23010
total_shadow_state_dofs=23010
total_remote_shadow_state_dofs=0
memory.initial_resident_bytes=200949760
memory.setup_resident_bytes=200949760
memory.solve_resident_bytes=200949760
memory.final_resident_bytes=200949760
memory.minimum_peak_resident_bytes=200949760
memory.maximum_peak_resident_bytes=200949760
memory.total_peak_resident_bytes=200949760
residual.temperature.initial_l2=7.638109073996e-02
residual.temperature.reference_l2=7.638109073996e-02
residual.temperature.final_l2=4.843313053330e-12
residual.temperature.scaling=1.000000000000e+00
residual.temperature.final_scaled_l2=4.843313053330e-12
residual.radial.initial_l2=3.429306558486e-09
residual.radial.reference_l2=2.509223154446e-04
residual.radial.final_l2=3.957477612001e-09
residual.radial.scaling=1.000000000000e-02
residual.radial.final_scaled_l2=3.957477612001e-11
residual.axial.initial_l2=5.751810487643e-10
residual.axial.reference_l2=2.680143110087e-06
residual.axial.final_l2=6.133954231398e-10
residual.axial.scaling=1.000000000000e-02
residual.axial.final_scaled_l2=6.133954231398e-12
aggregate_memory.initial_resident_bytes=200949760
aggregate_memory.setup_resident_bytes=200949760
aggregate_memory.solve_resident_bytes=200949760
aggregate_memory.final_resident_bytes=200949760
aggregate_memory.minimum_peak_resident_bytes=200949760
aggregate_memory.maximum_peak_resident_bytes=200949760
aggregate_memory.total_peak_resident_bytes=200949760
failure_category=none
petsc_workspace_setups=1
total_seconds=3.159407477500e+01
contact.fuel_cladding.minimum_gap=-9.969434221986e-08
contact.fuel_cladding.maximum_contact_pressure=9.969434221986e+06
contact.fuel_cladding.total_heat_rate=1.066533006782e+02
contact.fuel_cladding.total_contact_force=6.640566321490e+02
contact.fuel_cladding.total_tangential_force=0.000000000000e+00
contact.fuel_cladding.projected_contact_nodes=65
contact.fuel_cladding.unprojected_contact_nodes=0
contact.fuel_cladding.active_contact_nodes=65
real 32.17
user 30.02
sys 1.73
