input_file=/home/cooper/ai_project/fuelsim/verification/fuelsim/steady_rz_performance_medium_timing.fsi
mesh_file=/home/cooper/ai_project/fuelsim/verification/meshes/rz_performance_medium.e
mpi_ranks=1
problem=steady
completed=true
convergence_reason=CONVERGED_FNORM_ABS
regions=2
contacts=1
load_steps_completed=20
rejected_load_steps=0
load_cutbacks=0
nonlinear_iterations_total=65
linear_iterations_total=65
residual_evaluations_total=85
jacobian_evaluations_total=65
used_small_strain_predictor=false
residual_norm=4.033913708539e-11
nonlinear_attempts=1
linear_iterations=3
used_backtracking_fallback=false
augmented_lagrangian_iterations=0
global_state_dofs=23010
maximum_shadow_state_dofs=23010
total_shadow_state_dofs=23010
total_remote_shadow_state_dofs=0
memory.initial_resident_bytes=195260416
memory.setup_resident_bytes=195260416
memory.solve_resident_bytes=195260416
memory.final_resident_bytes=195260416
memory.minimum_peak_resident_bytes=195260416
memory.maximum_peak_resident_bytes=195260416
memory.total_peak_resident_bytes=195260416
residual.temperature.initial_l2=7.638109073996e-02
residual.temperature.reference_l2=7.638109073996e-02
residual.temperature.final_l2=4.843313053330e-12
residual.temperature.scaling=1.000000000000e+00
residual.temperature.final_scaled_l2=4.843313053330e-12
residual.radial.initial_l2=3.429306558486e-09
residual.radial.reference_l2=2.509223154446e-04
residual.radial.final_l2=3.957477612001e-09
residual.radial.scaling=1.000000000000e-02
residual.radial.final_scaled_l2=3.957477612001e-11
residual.axial.initial_l2=5.751810487643e-10
residual.axial.reference_l2=2.680143110087e-06
residual.axial.final_l2=6.133954231398e-10
residual.axial.scaling=1.000000000000e-02
residual.axial.final_scaled_l2=6.133954231398e-12
aggregate_memory.initial_resident_bytes=195260416
aggregate_memory.setup_resident_bytes=195260416
aggregate_memory.solve_resident_bytes=195260416
aggregate_memory.final_resident_bytes=195260416
aggregate_memory.minimum_peak_resident_bytes=195260416
aggregate_memory.maximum_peak_resident_bytes=195260416
aggregate_memory.total_peak_resident_bytes=195260416
failure_category=none
petsc_workspace_setups=1
total_seconds=3.092223606000e+01
contact.fuel_cladding.minimum_gap=-9.969434221986e-08
contact.fuel_cladding.maximum_contact_pressure=9.969434221986e+06
contact.fuel_cladding.total_heat_rate=1.066533006782e+02
contact.fuel_cladding.total_contact_force=6.640566321490e+02
contact.fuel_cladding.total_tangential_force=0.000000000000e+00
contact.fuel_cladding.projected_contact_nodes=65
contact.fuel_cladding.unprojected_contact_nodes=0
contact.fuel_cladding.active_contact_nodes=65
