b523_temperature_relative_l2=5.298211570849e-06
b523_temperature_relative_absolute_peak=0.000000000000e+00
b523_temperature_maximum_pointwise_relative=3.636576081035e-05
b523_temperature_maximum_pointwise_relative_index=468
b523_temperature_maximum_pointwise_relative_actual=3.011136637233e+02
b523_temperature_maximum_pointwise_relative_reference=3.011027138940e+02
b523_temperature_maximum_absolute_difference_index=468
b523_temperature_maximum_absolute_difference_actual=3.011136637233e+02
b523_temperature_maximum_absolute_difference_reference=3.011027138940e+02
b523_temperature_zero_reference_count=0
b523_temperature_maximum_zero_reference_absolute_difference=0.000000000000e+00
b523_displacement_x_relative_l2=2.234202518590e-04
b523_displacement_x_relative_absolute_peak=1.814312056318e-04
b523_displacement_x_maximum_pointwise_relative=3.509650484560e-02
b523_displacement_x_maximum_pointwise_relative_index=324
b523_displacement_x_maximum_pointwise_relative_actual=3.723964392649e-05
b523_displacement_x_maximum_pointwise_relative_reference=3.859416419725e-05
b523_displacement_x_maximum_absolute_difference_index=478
b523_displacement_x_maximum_absolute_difference_actual=-2.508874000876e-02
b523_displacement_x_maximum_absolute_difference_reference=-2.509468207395e-02
b523_displacement_x_zero_reference_count=80
b523_displacement_x_maximum_zero_reference_absolute_difference=0.000000000000e+00
b523_displacement_y_relative_l2=1.558249130214e-04
b523_displacement_y_relative_absolute_peak=0.000000000000e+00
b523_displacement_y_maximum_pointwise_relative=1.389257835570e-01
b523_displacement_y_maximum_pointwise_relative_index=337
b523_displacement_y_maximum_pointwise_relative_actual=-7.516983981584e-07
b523_displacement_y_maximum_pointwise_relative_reference=-8.729774783683e-07
b523_displacement_y_maximum_absolute_difference_index=468
b523_displacement_y_maximum_absolute_difference_actual=5.659246154213e-04
b523_displacement_y_maximum_absolute_difference_reference=5.606451827130e-04
b523_displacement_y_zero_reference_count=80
b523_displacement_y_maximum_zero_reference_absolute_difference=0.000000000000e+00
b523_displacement_z_relative_l2=2.205030446459e-04
b523_displacement_z_relative_absolute_peak=1.298118663115e-04
b523_displacement_z_maximum_pointwise_relative=3.147639082831e-01
b523_displacement_z_maximum_pointwise_relative_index=423
b523_displacement_z_maximum_pointwise_relative_actual=1.379343643379e-05
b523_displacement_z_maximum_pointwise_relative_reference=1.049118883390e-05
b523_displacement_z_maximum_absolute_difference_index=471
b523_displacement_z_maximum_absolute_difference_actual=-5.780105765681e-04
b523_displacement_z_maximum_absolute_difference_reference=-5.820749192196e-04
b523_displacement_z_zero_reference_count=80
b523_displacement_z_maximum_zero_reference_absolute_difference=0.000000000000e+00
b523_reaction_heat_flux_relative_l2=4.798160307739e-08
b523_reaction_heat_flux_relative_absolute_peak=2.163978273448e-08
b523_reaction_heat_flux_maximum_pointwise_relative=2.267421979849e-03
b523_reaction_heat_flux_maximum_pointwise_relative_index=336
b523_reaction_heat_flux_maximum_pointwise_relative_actual=-8.820729118287e-02
b523_reaction_heat_flux_maximum_pointwise_relative_reference=-8.840774885581e-02
b523_reaction_heat_flux_maximum_absolute_difference_index=456
b523_reaction_heat_flux_maximum_absolute_difference_actual=-2.911143503443e-01
b523_reaction_heat_flux_maximum_absolute_difference_reference=-2.917217826616e-01
b523_reaction_heat_flux_zero_reference_count=320
b523_reaction_heat_flux_maximum_zero_reference_absolute_difference=0.000000000000e+00
b523_reaction_force_x_relative_l2=5.145701932151e-05
b523_reaction_force_x_relative_absolute_peak=6.035667675235e-05
b523_reaction_force_x_maximum_pointwise_relative=1.044763684743e-04
b523_reaction_force_x_maximum_pointwise_relative_index=168
b523_reaction_force_x_maximum_pointwise_relative_actual=2.519672675000e+04
b523_reaction_force_x_maximum_pointwise_relative_reference=2.519935948757e+04
b523_reaction_force_x_maximum_absolute_difference_index=456
b523_reaction_force_x_maximum_absolute_difference_actual=6.953140878851e+04
b523_reaction_force_x_maximum_absolute_difference_reference=6.953843139825e+04
b523_reaction_force_x_zero_reference_count=400
b523_reaction_force_x_maximum_zero_reference_absolute_difference=0.000000000000e+00
b523_reaction_force_y_relative_l2=3.981604712369e-05
b523_reaction_force_y_relative_absolute_peak=7.013162328780e-06
b523_reaction_force_y_maximum_pointwise_relative=1.977154495223e-04
b523_reaction_force_y_maximum_pointwise_relative_index=174
b523_reaction_force_y_maximum_pointwise_relative_actual=2.391789951798e+03
b523_reaction_force_y_maximum_pointwise_relative_reference=2.392262939140e+03
b523_reaction_force_y_maximum_absolute_difference_index=459
b523_reaction_force_y_maximum_absolute_difference_actual=-1.445767839670e+04
b523_reaction_force_y_maximum_absolute_difference_reference=-1.445642901993e+04
b523_reaction_force_y_zero_reference_count=320
b523_reaction_force_y_maximum_zero_reference_absolute_difference=0.000000000000e+00
b523_reaction_force_z_relative_l2=4.565339384838e-05
b523_reaction_force_z_relative_absolute_peak=1.828803303790e-05
b523_reaction_force_z_maximum_pointwise_relative=1.547405031379e-04
b523_reaction_force_z_maximum_pointwise_relative_index=171
b523_reaction_force_z_maximum_pointwise_relative_actual=2.520579050344e+03
b523_reaction_force_z_maximum_pointwise_relative_reference=2.520969146378e+03
b523_reaction_force_z_maximum_absolute_difference_index=462
b523_reaction_force_z_maximum_absolute_difference_actual=-1.459763291305e+04
b523_reaction_force_z_maximum_absolute_difference_reference=-1.459547550979e+04
b523_reaction_force_z_zero_reference_count=320
b523_reaction_force_z_maximum_zero_reference_absolute_difference=0.000000000000e+00
b523_displacement_vector_relative_l2=1.919580007800e-04
b523_displacement_vector_relative_absolute_peak=1.715093299134e-04
b523_displacement_vector_maximum_pointwise_relative=2.900269750617e-03
b523_displacement_vector_maximum_pointwise_relative_index=444
b523_displacement_vector_maximum_pointwise_actual_norm=2.123052659258e-03
b523_displacement_vector_maximum_pointwise_reference_norm=2.122832782745e-03
b523_displacement_vector_maximum_difference_index=477
b523_displacement_vector_maximum_absolute_group_difference=6.784185956245e-06
b523_displacement_vector_zero_reference_count=80
b523_displacement_vector_maximum_zero_reference_absolute_difference=0.000000000000e+00
b523_reaction_force_vector_relative_l2=5.042631728643e-05
b523_reaction_force_vector_relative_absolute_peak=6.592005487923e-05
b523_reaction_force_vector_maximum_pointwise_relative=1.022996822724e-04
b523_reaction_force_vector_maximum_pointwise_relative_index=168
b523_reaction_force_vector_maximum_pointwise_actual_norm=2.593307691366e+04
b523_reaction_force_vector_maximum_pointwise_reference_norm=2.593563824665e+04
b523_reaction_force_vector_maximum_difference_index=456
b523_reaction_force_vector_maximum_absolute_group_difference=7.029482082569e+00
b523_reaction_force_vector_zero_reference_count=320
b523_reaction_force_vector_maximum_zero_reference_absolute_difference=0.000000000000e+00
b523_heat_flux_x_relative_l2=2.444343034269e-05
b523_heat_flux_x_relative_absolute_peak=1.623855314976e-07
b523_heat_flux_x_maximum_pointwise_relative=1.751287302646e-02
b523_heat_flux_x_maximum_pointwise_relative_index=329
b523_heat_flux_x_maximum_pointwise_relative_actual=-2.530241780742e+00
b523_heat_flux_x_maximum_pointwise_relative_reference=-2.575343443467e+00
b523_heat_flux_x_maximum_absolute_difference_index=617
b523_heat_flux_x_maximum_absolute_difference_actual=-1.848317540059e+01
b523_heat_flux_x_maximum_absolute_difference_reference=-1.866353613618e+01
b523_heat_flux_x_zero_reference_count=0
b523_heat_flux_x_maximum_zero_reference_absolute_difference=0.000000000000e+00
b523_heat_flux_y_relative_l2=1.650102081342e-03
b523_heat_flux_y_relative_absolute_peak=2.149752655483e-04
b523_heat_flux_y_maximum_pointwise_relative=2.657153759022e-01
b523_heat_flux_y_maximum_pointwise_relative_index=75
b523_heat_flux_y_maximum_pointwise_relative_actual=-8.200022024880e-04
b523_heat_flux_y_maximum_pointwise_relative_reference=-6.478567125753e-04
b523_heat_flux_y_maximum_absolute_difference_index=619
b523_heat_flux_y_maximum_absolute_difference_actual=-1.060567228348e+00
b523_heat_flux_y_maximum_absolute_difference_reference=-9.166004872390e-01
b523_heat_flux_y_zero_reference_count=0
b523_heat_flux_y_maximum_zero_reference_absolute_difference=0.000000000000e+00
b523_heat_flux_z_relative_l2=1.911144519469e-03
b523_heat_flux_z_relative_absolute_peak=3.800448577612e-04
b523_heat_flux_z_maximum_pointwise_relative=2.781107940980e-01
b523_heat_flux_z_maximum_pointwise_relative_index=333
b523_heat_flux_z_maximum_pointwise_relative_actual=-1.073080881010e-01
b523_heat_flux_z_maximum_pointwise_relative_reference=-8.395836151018e-02
b523_heat_flux_z_maximum_absolute_difference_index=621
b523_heat_flux_z_maximum_absolute_difference_actual=-5.689483874662e-01
b523_heat_flux_z_maximum_absolute_difference_reference=-4.794083508409e-01
b523_heat_flux_z_zero_reference_count=0
b523_heat_flux_z_maximum_zero_reference_absolute_difference=0.000000000000e+00
b523_stress_xx_relative_l2=5.011265174237e-05
b523_stress_xx_relative_absolute_peak=7.923974566893e-05
b523_stress_xx_maximum_pointwise_relative=1.658811106043e-04
b523_stress_xx_maximum_pointwise_relative_index=224
b523_stress_xx_maximum_pointwise_relative_actual=-8.090769332664e+04
b523_stress_xx_maximum_pointwise_relative_reference=-8.092111661133e+04
b523_stress_xx_maximum_absolute_difference_index=623
b523_stress_xx_maximum_absolute_difference_actual=-4.202209047270e+05
b523_stress_xx_maximum_absolute_difference_reference=-4.201672852381e+05
b523_stress_xx_zero_reference_count=0
b523_stress_xx_maximum_zero_reference_absolute_difference=0.000000000000e+00
b523_stress_yy_relative_l2=1.985458894649e-04
b523_stress_yy_relative_absolute_peak=1.805132931660e-04
b523_stress_yy_maximum_pointwise_relative=1.079967443014e-01
b523_stress_yy_maximum_pointwise_relative_index=597
b523_stress_yy_maximum_pointwise_relative_actual=8.493688084914e+01
b523_stress_yy_maximum_pointwise_relative_reference=9.522037089721e+01
b523_stress_yy_maximum_absolute_difference_index=623
b523_stress_yy_maximum_absolute_difference_actual=5.491635449979e+04
b523_stress_yy_maximum_absolute_difference_reference=5.486541306752e+04
b523_stress_yy_zero_reference_count=0
b523_stress_yy_maximum_zero_reference_absolute_difference=0.000000000000e+00
b523_stress_zz_relative_l2=1.300286670942e-04
b523_stress_zz_relative_absolute_peak=1.702323200970e-04
b523_stress_zz_maximum_pointwise_relative=7.857869239139e-02
b523_stress_zz_maximum_pointwise_relative_index=167
b523_stress_zz_maximum_pointwise_relative_actual=-3.318040932584e+01
b523_stress_zz_maximum_pointwise_relative_reference=-3.601003043001e+01
b523_stress_zz_maximum_absolute_difference_index=622
b523_stress_zz_maximum_absolute_difference_actual=4.406164803072e+04
b523_stress_zz_maximum_absolute_difference_reference=4.403070762804e+04
b523_stress_zz_zero_reference_count=0
b523_stress_zz_maximum_zero_reference_absolute_difference=0.000000000000e+00
b523_stress_xy_relative_l2=2.305940433781e-04
b523_stress_xy_relative_absolute_peak=2.309040793702e-04
b523_stress_xy_maximum_pointwise_relative=5.730474190949e-02
b523_stress_xy_maximum_pointwise_relative_index=77
b523_stress_xy_maximum_pointwise_relative_actual=6.003308992038e+00
b523_stress_xy_maximum_pointwise_relative_reference=6.368239301636e+00
b523_stress_xy_maximum_absolute_difference_index=621
b523_stress_xy_maximum_absolute_difference_actual=-9.409817913998e+03
b523_stress_xy_maximum_absolute_difference_reference=-9.379216334565e+03
b523_stress_xy_zero_reference_count=0
b523_stress_xy_maximum_zero_reference_absolute_difference=0.000000000000e+00
b523_stress_yz_relative_l2=5.172155031956e-04
b523_stress_yz_relative_absolute_peak=2.048410046422e-04
b523_stress_yz_maximum_pointwise_relative=2.839829427744e-02
b523_stress_yz_maximum_pointwise_relative_index=346
b523_stress_yz_maximum_pointwise_relative_actual=1.435252060564e+01
b523_stress_yz_maximum_pointwise_relative_reference=1.477202079937e+01
b523_stress_yz_maximum_absolute_difference_index=617
b523_stress_yz_maximum_absolute_difference_actual=1.925750314828e+04
b523_stress_yz_maximum_absolute_difference_reference=1.923717649976e+04
b523_stress_yz_zero_reference_count=0
b523_stress_yz_maximum_zero_reference_absolute_difference=0.000000000000e+00
b523_stress_xz_relative_l2=2.301458511516e-04
b523_stress_xz_relative_absolute_peak=7.413211797776e-05
b523_stress_xz_maximum_pointwise_relative=7.537583073225e-02
b523_stress_xz_maximum_pointwise_relative_index=427
b523_stress_xz_maximum_pointwise_relative_actual=1.266924072973e+02
b523_stress_xz_maximum_pointwise_relative_reference=1.370204365279e+02
b523_stress_xz_maximum_absolute_difference_index=619
b523_stress_xz_maximum_absolute_difference_actual=-2.989366938957e+03
b523_stress_xz_maximum_absolute_difference_reference=-2.960973760034e+03
b523_stress_xz_zero_reference_count=0
b523_stress_xz_maximum_zero_reference_absolute_difference=0.000000000000e+00
b523_logarithmic_strain_xx_relative_l2=4.571004563858e-05
b523_logarithmic_strain_xx_relative_absolute_peak=2.649086514644e-05
b523_logarithmic_strain_xx_maximum_pointwise_relative=3.285621801397e-04
b523_logarithmic_strain_xx_maximum_pointwise_relative_index=224
b523_logarithmic_strain_xx_maximum_pointwise_relative_actual=-4.359484264096e-04
b523_logarithmic_strain_xx_maximum_pointwise_relative_reference=-4.360917096525e-04
b523_logarithmic_strain_xx_maximum_absolute_difference_index=624
b523_logarithmic_strain_xx_maximum_absolute_difference_actual=-1.211492218995e-02
b523_logarithmic_strain_xx_maximum_absolute_difference_reference=-1.211658848535e-02
b523_logarithmic_strain_xx_zero_reference_count=0
b523_logarithmic_strain_xx_maximum_zero_reference_absolute_difference=0.000000000000e+00
b523_logarithmic_strain_yy_relative_l2=6.519281466974e-05
b523_logarithmic_strain_yy_relative_absolute_peak=3.356970667198e-05
b523_logarithmic_strain_yy_maximum_pointwise_relative=4.111130383438e-02
b523_logarithmic_strain_yy_maximum_pointwise_relative_index=481
b523_logarithmic_strain_yy_maximum_pointwise_relative_actual=3.234963110932e-06
b523_logarithmic_strain_yy_maximum_pointwise_relative_reference=3.373658615299e-06
b523_logarithmic_strain_yy_maximum_absolute_difference_index=624
b523_logarithmic_strain_yy_maximum_absolute_difference_actual=5.266579198896e-03
b523_logarithmic_strain_yy_maximum_absolute_difference_reference=5.267715545168e-03
b523_logarithmic_strain_yy_zero_reference_count=0
b523_logarithmic_strain_yy_maximum_zero_reference_absolute_difference=0.000000000000e+00
b523_logarithmic_strain_zz_relative_l2=3.831674595039e-05
b523_logarithmic_strain_zz_relative_absolute_peak=2.690502263856e-05
b523_logarithmic_strain_zz_maximum_pointwise_relative=1.186415209309e-02
b523_logarithmic_strain_zz_maximum_pointwise_relative_index=289
b523_logarithmic_strain_zz_maximum_pointwise_relative_actual=4.538887787358e-06
b523_logarithmic_strain_zz_maximum_pointwise_relative_reference=4.593384398484e-06
b523_logarithmic_strain_zz_maximum_absolute_difference_index=624
b523_logarithmic_strain_zz_maximum_absolute_difference_actual=5.838068636180e-03
b523_logarithmic_strain_zz_maximum_absolute_difference_reference=5.838671539201e-03
b523_logarithmic_strain_zz_zero_reference_count=0
b523_logarithmic_strain_zz_maximum_zero_reference_absolute_difference=0.000000000000e+00
b523_logarithmic_strain_xy_relative_l2=1.523753232300e-04
b523_logarithmic_strain_xy_relative_absolute_peak=3.086121938940e-05
b523_logarithmic_strain_xy_maximum_pointwise_relative=9.237837014649e-02
b523_logarithmic_strain_xy_maximum_pointwise_relative_index=77
b523_logarithmic_strain_xy_maximum_pointwise_relative_actual=3.827101473301e-08
b523_logarithmic_strain_xy_maximum_pointwise_relative_reference=4.216626562677e-08
b523_logarithmic_strain_xy_maximum_absolute_difference_index=630
b523_logarithmic_strain_xy_maximum_absolute_difference_actual=3.735438306223e-03
b523_logarithmic_strain_xy_maximum_absolute_difference_reference=3.734508426154e-03
b523_logarithmic_strain_xy_zero_reference_count=0
b523_logarithmic_strain_xy_maximum_zero_reference_absolute_difference=0.000000000000e+00
b523_logarithmic_strain_yz_relative_l2=2.817214673798e-04
b523_logarithmic_strain_yz_relative_absolute_peak=4.791695749440e-05
b523_logarithmic_strain_yz_maximum_pointwise_relative=1.881001589374e-02
b523_logarithmic_strain_yz_maximum_pointwise_relative_index=346
b523_logarithmic_strain_yz_maximum_pointwise_relative_actual=2.878656921145e-07
b523_logarithmic_strain_yz_maximum_pointwise_relative_reference=2.933842546067e-07
b523_logarithmic_strain_yz_maximum_absolute_difference_index=617
b523_logarithmic_strain_yz_maximum_absolute_difference_actual=2.055129618051e-04
b523_logarithmic_strain_yz_maximum_absolute_difference_reference=2.052978374889e-04
b523_logarithmic_strain_yz_zero_reference_count=0
b523_logarithmic_strain_yz_maximum_zero_reference_absolute_difference=0.000000000000e+00
b523_logarithmic_strain_xz_relative_l2=1.182178312545e-04
b523_logarithmic_strain_xz_relative_absolute_peak=6.336789775629e-05
b523_logarithmic_strain_xz_maximum_pointwise_relative=8.268843940284e-02
b523_logarithmic_strain_xz_maximum_pointwise_relative_index=427
b523_logarithmic_strain_xz_maximum_pointwise_relative_actual=1.222773530529e-06
b523_logarithmic_strain_xz_maximum_pointwise_relative_reference=1.332996969681e-06
b523_logarithmic_strain_xz_maximum_absolute_difference_index=628
b523_logarithmic_strain_xz_maximum_absolute_difference_actual=2.112180985056e-03
b523_logarithmic_strain_xz_maximum_absolute_difference_reference=2.111556493739e-03
b523_logarithmic_strain_xz_zero_reference_count=0
b523_logarithmic_strain_xz_maximum_zero_reference_absolute_difference=0.000000000000e+00
b523_elastic_strain_xx_relative_l2=6.155012785391e-05
b523_elastic_strain_xx_relative_absolute_peak=8.794064299451e-06
b523_elastic_strain_xx_maximum_pointwise_relative=3.285775674892e-04
b523_elastic_strain_xx_maximum_pointwise_relative_index=224
b523_elastic_strain_xx_maximum_pointwise_relative_actual=-4.359477226844e-04
b523_elastic_strain_xx_maximum_pointwise_relative_reference=-4.360910124084e-04
b523_elastic_strain_xx_maximum_absolute_difference_index=623
b523_elastic_strain_xx_maximum_absolute_difference_actual=-3.729410638486e-03
b523_elastic_strain_xx_maximum_absolute_difference_reference=-3.728759731901e-03
b523_elastic_strain_xx_zero_reference_count=0
b523_elastic_strain_xx_maximum_zero_reference_absolute_difference=0.000000000000e+00
b523_elastic_strain_yy_relative_l2=1.521457023058e-04
b523_elastic_strain_yy_relative_absolute_peak=5.000367771125e-05
b523_elastic_strain_yy_maximum_pointwise_relative=4.152707636497e-02
b523_elastic_strain_yy_maximum_pointwise_relative_index=481
b523_elastic_strain_yy_maximum_pointwise_relative_actual=3.198445203565e-06
b523_elastic_strain_yy_maximum_pointwise_relative_reference=3.337021969733e-06
b523_elastic_strain_yy_maximum_absolute_difference_index=623
b523_elastic_strain_yy_maximum_absolute_difference_actual=1.341864319878e-03
b523_elastic_strain_yy_maximum_absolute_difference_reference=1.341380023783e-03
b523_elastic_strain_yy_zero_reference_count=0
b523_elastic_strain_yy_maximum_zero_reference_absolute_difference=0.000000000000e+00
b523_elastic_strain_zz_relative_l2=9.654979149811e-05
b523_elastic_strain_zz_relative_absolute_peak=3.752672401038e-05
b523_elastic_strain_zz_maximum_pointwise_relative=1.186675627768e-02
b523_elastic_strain_zz_maximum_pointwise_relative_index=289
b523_elastic_strain_zz_maximum_pointwise_relative_actual=4.536994370612e-06
b523_elastic_strain_zz_maximum_pointwise_relative_reference=4.591480348866e-06
b523_elastic_strain_zz_maximum_absolute_difference_index=622
b523_elastic_strain_zz_maximum_absolute_difference_actual=1.225732887581e-03
b523_elastic_strain_zz_maximum_absolute_difference_reference=1.225464465880e-03
b523_elastic_strain_zz_zero_reference_count=0
b523_elastic_strain_zz_maximum_zero_reference_absolute_difference=0.000000000000e+00
b523_elastic_strain_xy_relative_l2=2.070925370078e-04
b523_elastic_strain_xy_relative_absolute_peak=4.306435878550e-06
b523_elastic_strain_xy_maximum_pointwise_relative=5.730474458146e-02
b523_elastic_strain_xy_maximum_pointwise_relative_index=77
b523_elastic_strain_xy_maximum_pointwise_relative_actual=6.403535582206e-08
b523_elastic_strain_xy_maximum_pointwise_relative_reference=6.792794962528e-08
b523_elastic_strain_xy_maximum_absolute_difference_index=621
b523_elastic_strain_xy_maximum_absolute_difference_actual=-1.004278402083e-04
b523_elastic_strain_xy_maximum_absolute_difference_reference=-1.001013551479e-04
b523_elastic_strain_xy_zero_reference_count=0
b523_elastic_strain_xy_maximum_zero_reference_absolute_difference=0.000000000000e+00
b523_elastic_strain_yz_relative_l2=5.024738350444e-04
b523_elastic_strain_yz_relative_absolute_peak=2.047056819493e-04
b523_elastic_strain_yz_maximum_pointwise_relative=2.839829417998e-02
b523_elastic_strain_yz_maximum_pointwise_relative_index=346
b523_elastic_strain_yz_maximum_pointwise_relative_actual=1.870622095473e-07
b523_elastic_strain_yz_maximum_pointwise_relative_reference=1.925297253255e-07
b523_elastic_strain_yz_maximum_absolute_difference_index=617
b523_elastic_strain_yz_maximum_absolute_difference_actual=2.055204301419e-04
b523_elastic_strain_yz_maximum_absolute_difference_reference=2.053053152978e-04
b523_elastic_strain_yz_zero_reference_count=0
b523_elastic_strain_yz_maximum_zero_reference_absolute_difference=0.000000000000e+00
b523_elastic_strain_xz_relative_l2=1.985891728030e-04
b523_elastic_strain_xz_relative_absolute_peak=7.413211797778e-05
b523_elastic_strain_xz_maximum_pointwise_relative=7.537441209431e-02
b523_elastic_strain_xz_maximum_pointwise_relative_index=427
b523_elastic_strain_xz_maximum_pointwise_relative_actual=1.351637943139e-06
b523_elastic_strain_xz_maximum_pointwise_relative_reference=1.461821910208e-06
b523_elastic_strain_xz_maximum_absolute_difference_index=619
b523_elastic_strain_xz_maximum_absolute_difference_actual=-3.190554359954e-05
b523_elastic_strain_xz_maximum_absolute_difference_reference=-3.160241894586e-05
b523_elastic_strain_xz_zero_reference_count=0
b523_elastic_strain_xz_maximum_zero_reference_absolute_difference=0.000000000000e+00
b523_plastic_strain_xx_relative_l2=4.808015914412e-05
b523_plastic_strain_xx_relative_absolute_peak=2.938537341742e-05
b523_plastic_strain_xx_maximum_pointwise_relative=3.059568322874e-03
b523_plastic_strain_xx_maximum_pointwise_relative_index=247
b523_plastic_strain_xx_maximum_pointwise_relative_actual=-3.646803805272e-05
b523_plastic_strain_xx_maximum_pointwise_relative_reference=-3.635680193320e-05
b523_plastic_strain_xx_maximum_absolute_difference_index=624
b523_plastic_strain_xx_maximum_absolute_difference_actual=-9.200915415483e-03
b523_plastic_strain_xx_maximum_absolute_difference_reference=-9.202469635994e-03
b523_plastic_strain_xx_zero_reference_count=485
b523_plastic_strain_xx_maximum_zero_reference_absolute_difference=0.000000000000e+00
b523_plastic_strain_yy_relative_l2=6.073872970621e-05
b523_plastic_strain_yy_relative_absolute_peak=3.235588087678e-05
b523_plastic_strain_yy_maximum_pointwise_relative=3.061713255094e-03
b523_plastic_strain_yy_maximum_pointwise_relative_index=247
b523_plastic_strain_yy_maximum_pointwise_relative_actual=1.855622468208e-05
b523_plastic_strain_yy_maximum_pointwise_relative_reference=1.849958425974e-05
b523_plastic_strain_yy_maximum_absolute_difference_index=624
b523_plastic_strain_yy_maximum_absolute_difference_actual=4.372539042633e-03
b523_plastic_strain_yy_maximum_absolute_difference_reference=4.373514461596e-03
b523_plastic_strain_yy_zero_reference_count=485
b523_plastic_strain_yy_maximum_zero_reference_absolute_difference=0.000000000000e+00
b523_plastic_strain_zz_relative_l2=3.819625398644e-05
b523_plastic_strain_zz_relative_absolute_peak=2.634178413333e-05
b523_plastic_strain_zz_maximum_pointwise_relative=3.057346232339e-03
b523_plastic_strain_zz_maximum_pointwise_relative_index=247
b523_plastic_strain_zz_maximum_pointwise_relative_actual=1.791181337064e-05
b523_plastic_strain_zz_maximum_pointwise_relative_reference=1.785721767346e-05
b523_plastic_strain_zz_maximum_absolute_difference_index=624
b523_plastic_strain_zz_maximum_absolute_difference_actual=4.828376372850e-03
b523_plastic_strain_zz_maximum_absolute_difference_reference=4.828955174398e-03
b523_plastic_strain_zz_zero_reference_count=485
b523_plastic_strain_zz_maximum_zero_reference_absolute_difference=0.000000000000e+00
b523_plastic_strain_xy_relative_l2=1.397654700975e-04
b523_plastic_strain_xy_relative_absolute_peak=3.370673206151e-05
b523_plastic_strain_xy_maximum_pointwise_relative=6.071184059874e-03
b523_plastic_strain_xy_maximum_pointwise_relative_index=631
b523_plastic_strain_xy_maximum_pointwise_relative_actual=-1.033347218457e-04
b523_plastic_strain_xy_maximum_pointwise_relative_reference=-1.039659180703e-04
b523_plastic_strain_xy_maximum_absolute_difference_index=630
b523_plastic_strain_xy_maximum_absolute_difference_actual=3.211639092671e-03
b523_plastic_strain_xy_maximum_absolute_difference_reference=3.210923547915e-03
b523_plastic_strain_xy_zero_reference_count=485
b523_plastic_strain_xy_maximum_zero_reference_absolute_difference=0.000000000000e+00
b523_plastic_strain_yz_relative_l2=1.280278425165e-04
b523_plastic_strain_yz_relative_absolute_peak=3.920325831974e-05
b523_plastic_strain_yz_maximum_pointwise_relative=4.401721170946e-02
b523_plastic_strain_yz_maximum_pointwise_relative_index=467
b523_plastic_strain_yz_maximum_pointwise_relative_actual=-4.076937304400e-07
b523_plastic_strain_yz_maximum_pointwise_relative_reference=-4.264655550640e-07
b523_plastic_strain_yz_maximum_absolute_difference_index=627
b523_plastic_strain_yz_maximum_absolute_difference_actual=5.263265029151e-05
b523_plastic_strain_yz_maximum_absolute_difference_reference=5.256022993596e-05
b523_plastic_strain_yz_zero_reference_count=485
b523_plastic_strain_yz_maximum_zero_reference_absolute_difference=0.000000000000e+00
b523_plastic_strain_xz_relative_l2=9.905042668532e-05
b523_plastic_strain_xz_relative_absolute_peak=6.259748675283e-05
b523_plastic_strain_xz_maximum_pointwise_relative=1.173363307108e-02
b523_plastic_strain_xz_maximum_pointwise_relative_index=533
b523_plastic_strain_xz_maximum_pointwise_relative_actual=-1.727203130983e-05
b523_plastic_strain_xz_maximum_pointwise_relative_reference=-1.747710120248e-05
b523_plastic_strain_xz_maximum_absolute_difference_index=626
b523_plastic_strain_xz_maximum_absolute_difference_actual=2.376690192336e-04
b523_plastic_strain_xz_maximum_absolute_difference_reference=2.381233604674e-04
b523_plastic_strain_xz_zero_reference_count=485
b523_plastic_strain_xz_maximum_zero_reference_absolute_difference=0.000000000000e+00
b523_equivalent_plastic_strain_relative_l2=4.381802938323e-05
b523_equivalent_plastic_strain_relative_absolute_peak=2.906766865873e-05
b523_equivalent_plastic_strain_maximum_pointwise_relative=3.059098976262e-03
b523_equivalent_plastic_strain_maximum_pointwise_relative_index=247
b523_equivalent_plastic_strain_maximum_pointwise_relative_actual=3.696429276125e-05
b523_equivalent_plastic_strain_maximum_pointwise_relative_reference=3.685156019119e-05
b523_equivalent_plastic_strain_maximum_absolute_difference_index=624
b523_equivalent_plastic_strain_maximum_absolute_difference_actual=9.442818602062e-03
b523_equivalent_plastic_strain_maximum_absolute_difference_reference=9.444343054002e-03
b523_equivalent_plastic_strain_zero_reference_count=485
b523_equivalent_plastic_strain_maximum_zero_reference_absolute_difference=0.000000000000e+00
b523_creep_strain_xx_relative_l2=3.184993962385e-05
b523_creep_strain_xx_relative_absolute_peak=1.933408536494e-05
b523_creep_strain_xx_maximum_pointwise_relative=1.798424805199e-04
b523_creep_strain_xx_maximum_pointwise_relative_index=246
b523_creep_strain_xx_maximum_pointwise_relative_actual=-3.503893109349e-06
b523_creep_strain_xx_maximum_pointwise_relative_reference=-3.503263073827e-06
b523_creep_strain_xx_maximum_absolute_difference_index=628
b523_creep_strain_xx_maximum_absolute_difference_actual=-5.389631576961e-05
b523_creep_strain_xx_maximum_absolute_difference_reference=-5.390097858815e-05
b523_creep_strain_xx_zero_reference_count=320
b523_creep_strain_xx_maximum_zero_reference_absolute_difference=0.000000000000e+00
b523_creep_strain_yy_relative_l2=4.448675066374e-05
b523_creep_strain_yy_relative_absolute_peak=2.273806464235e-05
b523_creep_strain_yy_maximum_pointwise_relative=1.779913848103e-04
b523_creep_strain_yy_maximum_pointwise_relative_index=246
b523_creep_strain_yy_maximum_pointwise_relative_actual=1.788083930824e-06
b523_creep_strain_yy_maximum_pointwise_relative_reference=1.787765723927e-06
b523_creep_strain_yy_maximum_absolute_difference_index=628
b523_creep_strain_yy_maximum_absolute_difference_actual=2.423255199413e-05
b523_creep_strain_yy_maximum_absolute_difference_reference=2.423570847125e-05
b523_creep_strain_yy_zero_reference_count=320
b523_creep_strain_yy_maximum_zero_reference_absolute_difference=0.000000000000e+00
b523_creep_strain_zz_relative_l2=2.533549956787e-05
b523_creep_strain_zz_relative_absolute_peak=1.583501819639e-05
b523_creep_strain_zz_maximum_pointwise_relative=1.817715569242e-04
b523_creep_strain_zz_maximum_pointwise_relative_index=246
b523_creep_strain_zz_maximum_pointwise_relative_actual=1.715809178525e-06
b523_creep_strain_zz_maximum_pointwise_relative_reference=1.715497349900e-06
b523_creep_strain_zz_maximum_absolute_difference_index=629
b523_creep_strain_zz_maximum_absolute_difference_actual=3.155765444036e-05
b523_creep_strain_zz_maximum_absolute_difference_reference=3.155922575643e-05
b523_creep_strain_zz_zero_reference_count=320
b523_creep_strain_zz_maximum_zero_reference_absolute_difference=0.000000000000e+00
b523_creep_strain_xy_relative_l2=1.563170448135e-04
b523_creep_strain_xy_relative_absolute_peak=2.721796835035e-04
b523_creep_strain_xy_maximum_pointwise_relative=4.719175558744e-02
b523_creep_strain_xy_maximum_pointwise_relative_index=276
b523_creep_strain_xy_maximum_pointwise_relative_actual=-2.556462885171e-09
b523_creep_strain_xy_maximum_pointwise_relative_reference=-2.683082246782e-09
b523_creep_strain_xy_maximum_absolute_difference_index=630
b523_creep_strain_xy_maximum_absolute_difference_actual=1.462395020160e-05
b523_creep_strain_xy_maximum_absolute_difference_reference=1.461997094254e-05
b523_creep_strain_xy_zero_reference_count=320
b523_creep_strain_xy_maximum_zero_reference_absolute_difference=0.000000000000e+00
b523_creep_strain_yz_relative_l2=1.119721892661e-04
b523_creep_strain_yz_relative_absolute_peak=4.944515469199e-05
b523_creep_strain_yz_maximum_pointwise_relative=2.531086783171e-02
b523_creep_strain_yz_maximum_pointwise_relative_index=637
b523_creep_strain_yz_maximum_pointwise_relative_actual=-2.886991100538e-09
b523_creep_strain_yz_maximum_pointwise_relative_reference=-2.815722715047e-09
b523_creep_strain_yz_maximum_absolute_difference_index=627
b523_creep_strain_yz_maximum_absolute_difference_actual=3.259444259041e-07
b523_creep_strain_yz_maximum_absolute_difference_reference=3.256194419397e-07
b523_creep_strain_yz_zero_reference_count=320
b523_creep_strain_yz_maximum_zero_reference_absolute_difference=0.000000000000e+00
b523_creep_strain_xz_relative_l2=9.390503176591e-05
b523_creep_strain_xz_relative_absolute_peak=5.876443772014e-05
b523_creep_strain_xz_maximum_pointwise_relative=2.660571001686e-02
b523_creep_strain_xz_maximum_pointwise_relative_index=626
b523_creep_strain_xz_maximum_pointwise_relative_actual=-7.991516828229e-08
b523_creep_strain_xz_maximum_pointwise_relative_reference=-7.784407148970e-08
b523_creep_strain_xz_maximum_absolute_difference_index=626
b523_creep_strain_xz_maximum_absolute_difference_actual=-7.991516828229e-08
b523_creep_strain_xz_maximum_absolute_difference_reference=-7.784407148970e-08
b523_creep_strain_xz_zero_reference_count=320
b523_creep_strain_xz_maximum_zero_reference_absolute_difference=0.000000000000e+00
b523_equivalent_creep_strain_relative_l2=2.809990779945e-05
b523_equivalent_creep_strain_relative_absolute_peak=1.853058398542e-05
b523_equivalent_creep_strain_maximum_pointwise_relative=1.907192257722e-04
b523_equivalent_creep_strain_maximum_pointwise_relative_index=246
b523_equivalent_creep_strain_maximum_pointwise_relative_actual=3.668036806069e-06
b523_equivalent_creep_strain_maximum_pointwise_relative_reference=3.667337374325e-06
b523_equivalent_creep_strain_maximum_absolute_difference_index=628
b523_equivalent_creep_strain_maximum_absolute_difference_actual=5.509962459123e-05
b523_equivalent_creep_strain_maximum_absolute_difference_reference=5.510375221378e-05
b523_equivalent_creep_strain_zero_reference_count=320
b523_equivalent_creep_strain_maximum_zero_reference_absolute_difference=0.000000000000e+00
b523_material_temperature_relative_l2=4.655070142583e-06
b523_material_temperature_relative_absolute_peak=0.000000000000e+00
b523_material_temperature_maximum_pointwise_relative=3.636576081035e-05
b523_material_temperature_maximum_pointwise_relative_index=624
b523_material_temperature_maximum_pointwise_relative_actual=3.011136637233e+02
b523_material_temperature_maximum_pointwise_relative_reference=3.011027138940e+02
b523_material_temperature_maximum_absolute_difference_index=624
b523_material_temperature_maximum_absolute_difference_actual=3.011136637233e+02
b523_material_temperature_maximum_absolute_difference_reference=3.011027138940e+02
b523_material_temperature_zero_reference_count=0
b523_material_temperature_maximum_zero_reference_absolute_difference=0.000000000000e+00
b523_integration_volume_relative_l2=1.966589078358e-08
b523_integration_volume_relative_absolute_peak=1.740679148207e-09
b523_integration_volume_maximum_pointwise_relative=8.328866942165e-08
b523_integration_volume_maximum_pointwise_relative_index=619
b523_integration_volume_maximum_pointwise_relative_actual=6.242636634291e-02
b523_integration_volume_maximum_pointwise_relative_reference=6.242636114350e-02
b523_integration_volume_maximum_absolute_difference_index=619
b523_integration_volume_maximum_absolute_difference_actual=6.242636634291e-02
b523_integration_volume_maximum_absolute_difference_reference=6.242636114350e-02
b523_integration_volume_zero_reference_count=0
b523_integration_volume_maximum_zero_reference_absolute_difference=0.000000000000e+00
b523_integration_position_relative_l2=9.614742823959e-07
b523_integration_position_relative_absolute_peak=2.619034876437e-06
b523_integration_position_maximum_pointwise_relative=4.384711708874e-06
b523_integration_position_maximum_pointwise_relative_index=624
b523_integration_position_maximum_pointwise_actual_norm=1.143648358230e+00
b523_integration_position_maximum_pointwise_reference_norm=1.143647651109e+00
b523_integration_position_maximum_difference_index=630
b523_integration_position_maximum_absolute_group_difference=5.760798715539e-06
b523_integration_position_zero_reference_count=0
b523_integration_position_maximum_zero_reference_absolute_difference=0.000000000000e+00
b523_stress_tensor_relative_l2=7.303269176556e-05
b523_stress_tensor_relative_absolute_peak=1.829373940042e-04
b523_stress_tensor_maximum_pointwise_relative=1.962753219311e-04
b523_stress_tensor_maximum_pointwise_relative_index=623
b523_stress_tensor_maximum_pointwise_actual_norm=4.267293456762e+05
b523_stress_tensor_maximum_pointwise_reference_norm=4.266662545511e+05
b523_stress_tensor_maximum_difference_index=623
b523_stress_tensor_maximum_absolute_group_difference=8.374405646916e+01
b523_stress_tensor_zero_reference_count=0
b523_stress_tensor_maximum_zero_reference_absolute_difference=0.000000000000e+00
b523_logarithmic_strain_tensor_relative_l2=5.428570272445e-05
b523_logarithmic_strain_tensor_relative_absolute_peak=6.374878809582e-05
b523_logarithmic_strain_tensor_maximum_pointwise_relative=3.906968929902e-04
b523_logarithmic_strain_tensor_maximum_pointwise_relative_index=224
b523_logarithmic_strain_tensor_maximum_pointwise_actual_norm=4.758034065762e-04
b523_logarithmic_strain_tensor_maximum_pointwise_reference_norm=4.758917464768e-04
b523_logarithmic_strain_tensor_maximum_difference_index=624
b523_logarithmic_strain_tensor_maximum_absolute_group_difference=2.107783506552e-06
b523_logarithmic_strain_tensor_zero_reference_count=0
b523_logarithmic_strain_tensor_maximum_zero_reference_absolute_difference=0.000000000000e+00
b523_elastic_strain_tensor_relative_l2=8.388814878838e-05
b523_elastic_strain_tensor_relative_absolute_peak=1.928300844803e-04
b523_elastic_strain_tensor_maximum_pointwise_relative=3.907034649863e-04
b523_elastic_strain_tensor_maximum_pointwise_relative_index=224
b523_elastic_strain_tensor_maximum_pointwise_actual_norm=4.758057483866e-04
b523_elastic_strain_tensor_maximum_pointwise_reference_norm=4.758940919323e-04
b523_elastic_strain_tensor_maximum_difference_index=623
b523_elastic_strain_tensor_maximum_absolute_group_difference=8.939246578175e-07
b523_elastic_strain_tensor_zero_reference_count=0
b523_elastic_strain_tensor_maximum_zero_reference_absolute_difference=0.000000000000e+00
b523_plastic_strain_tensor_relative_l2=5.306040669500e-05
b523_plastic_strain_tensor_relative_absolute_peak=6.793599908095e-05
b523_plastic_strain_tensor_maximum_pointwise_relative=3.059346143892e-03
b523_plastic_strain_tensor_maximum_pointwise_relative_index=247
b523_plastic_strain_tensor_maximum_pointwise_actual_norm=4.497011641691e-05
b523_plastic_strain_tensor_maximum_pointwise_reference_norm=4.483295729940e-05
b523_plastic_strain_tensor_maximum_difference_index=624
b523_plastic_strain_tensor_maximum_absolute_group_difference=1.926154036883e-06
b523_plastic_strain_tensor_zero_reference_count=485
b523_plastic_strain_tensor_maximum_zero_reference_absolute_difference=0.000000000000e+00
b523_creep_strain_tensor_relative_l2=4.086209118158e-05
b523_creep_strain_tensor_relative_absolute_peak=4.752350062516e-05
b523_creep_strain_tensor_maximum_pointwise_relative=1.875521970040e-04
b523_creep_strain_tensor_maximum_pointwise_relative_index=246
b523_creep_strain_tensor_maximum_pointwise_actual_norm=4.393005373972e-06
b523_creep_strain_tensor_maximum_pointwise_reference_norm=4.392190716925e-06
b523_creep_strain_tensor_maximum_difference_index=630
b523_creep_strain_tensor_maximum_absolute_group_difference=6.212527273875e-09
b523_creep_strain_tensor_zero_reference_count=320
b523_creep_strain_tensor_maximum_zero_reference_absolute_difference=0.000000000000e+00
b523_equivalent_plastic_strain_relative_l2=4.381802938323e-05
b523_equivalent_plastic_strain_relative_absolute_peak=2.906766865873e-05
b523_equivalent_plastic_strain_maximum_pointwise_relative=3.059098976262e-03
b523_equivalent_plastic_strain_maximum_pointwise_relative_index=247
b523_equivalent_plastic_strain_maximum_pointwise_relative_actual=3.696429276125e-05
b523_equivalent_plastic_strain_maximum_pointwise_relative_reference=3.685156019119e-05
b523_equivalent_plastic_strain_maximum_absolute_difference_index=624
b523_equivalent_plastic_strain_maximum_absolute_difference_actual=9.442818602062e-03
b523_equivalent_plastic_strain_maximum_absolute_difference_reference=9.444343054002e-03
b523_equivalent_plastic_strain_zero_reference_count=485
b523_equivalent_plastic_strain_maximum_zero_reference_absolute_difference=0.000000000000e+00
b523_equivalent_creep_strain_relative_l2=2.809990779945e-05
b523_equivalent_creep_strain_relative_absolute_peak=1.853058398542e-05
b523_equivalent_creep_strain_maximum_pointwise_relative=1.907192257722e-04
b523_equivalent_creep_strain_maximum_pointwise_relative_index=246
b523_equivalent_creep_strain_maximum_pointwise_relative_actual=3.668036806069e-06
b523_equivalent_creep_strain_maximum_pointwise_relative_reference=3.667337374325e-06
b523_equivalent_creep_strain_maximum_absolute_difference_index=628
b523_equivalent_creep_strain_maximum_absolute_difference_actual=5.509962459123e-05
b523_equivalent_creep_strain_maximum_absolute_difference_reference=5.510375221378e-05
b523_equivalent_creep_strain_zero_reference_count=320
b523_equivalent_creep_strain_maximum_zero_reference_absolute_difference=0.000000000000e+00
b523_material_temperature_relative_l2=4.655070142583e-06
b523_material_temperature_relative_absolute_peak=0.000000000000e+00
b523_material_temperature_maximum_pointwise_relative=3.636576081035e-05
b523_material_temperature_maximum_pointwise_relative_index=624
b523_material_temperature_maximum_pointwise_relative_actual=3.011136637233e+02
b523_material_temperature_maximum_pointwise_relative_reference=3.011027138940e+02
b523_material_temperature_maximum_absolute_difference_index=624
b523_material_temperature_maximum_absolute_difference_actual=3.011136637233e+02
b523_material_temperature_maximum_absolute_difference_reference=3.011027138940e+02
b523_material_temperature_zero_reference_count=0
b523_material_temperature_maximum_zero_reference_absolute_difference=0.000000000000e+00
b523_integration_volume_relative_l2=1.966589078358e-08
b523_integration_volume_relative_absolute_peak=1.740679148207e-09
b523_integration_volume_maximum_pointwise_relative=8.328866942165e-08
b523_integration_volume_maximum_pointwise_relative_index=619
b523_integration_volume_maximum_pointwise_relative_actual=6.242636634291e-02
b523_integration_volume_maximum_pointwise_relative_reference=6.242636114350e-02
b523_integration_volume_maximum_absolute_difference_index=619
b523_integration_volume_maximum_absolute_difference_actual=6.242636634291e-02
b523_integration_volume_maximum_absolute_difference_reference=6.242636114350e-02
b523_integration_volume_zero_reference_count=0
b523_integration_volume_maximum_zero_reference_absolute_difference=0.000000000000e+00
b523_heat_flux_vector_relative_l2=3.471184361572e-05
b523_heat_flux_vector_relative_absolute_peak=5.524853397912e-05
b523_heat_flux_vector_maximum_pointwise_relative=2.463148236093e-02
b523_heat_flux_vector_maximum_pointwise_relative_index=329
b523_heat_flux_vector_maximum_pointwise_actual_norm=2.539975297801e+00
b523_heat_flux_vector_maximum_pointwise_reference_norm=2.581445136163e+00
b523_heat_flux_vector_maximum_difference_index=617
b523_heat_flux_vector_maximum_absolute_group_difference=2.470546828278e-01
b523_heat_flux_vector_zero_reference_count=0
b523_heat_flux_vector_maximum_zero_reference_absolute_difference=0.000000000000e+00
b523_maximum_integration_coordinate_difference=5.760798715539e-06
b523_internal_energy_relative_l2=4.714097729424e-04
b523_internal_energy_relative_absolute_peak=5.187665019507e-04
b523_internal_energy_maximum_pointwise_relative=5.187665019507e-04
b523_internal_energy_maximum_pointwise_relative_index=19
b523_internal_energy_maximum_pointwise_relative_actual=4.626597165779e+03
b523_internal_energy_maximum_pointwise_relative_reference=4.628998535156e+03
b523_internal_energy_maximum_absolute_difference_index=19
b523_internal_energy_maximum_absolute_difference_actual=4.626597165779e+03
b523_internal_energy_maximum_absolute_difference_reference=4.628998535156e+03
b523_internal_energy_zero_reference_count=0
b523_internal_energy_maximum_zero_reference_absolute_difference=0.000000000000e+00
b523_elastic_energy_relative_l2=3.072761592034e-05
b523_elastic_energy_relative_absolute_peak=3.311938843888e-05
b523_elastic_energy_maximum_pointwise_relative=3.874679923719e-05
b523_elastic_energy_maximum_pointwise_relative_index=7
b523_elastic_energy_maximum_pointwise_relative_actual=1.943921600781e+02
b523_elastic_energy_maximum_pointwise_relative_reference=1.943846282959e+02
b523_elastic_energy_maximum_absolute_difference_index=19
b523_elastic_energy_maximum_absolute_difference_actual=1.141040474858e+03
b523_elastic_energy_maximum_absolute_difference_reference=1.141002685547e+03
b523_elastic_energy_zero_reference_count=0
b523_elastic_energy_maximum_zero_reference_absolute_difference=0.000000000000e+00
b523_plastic_dissipation_relative_l2=6.696264017447e-04
b523_plastic_dissipation_relative_absolute_peak=7.023253484435e-04
b523_plastic_dissipation_maximum_pointwise_relative=3.081086318518e-03
b523_plastic_dissipation_maximum_pointwise_relative_index=7
b523_plastic_dissipation_maximum_pointwise_relative_actual=4.337511429623e-01
b523_plastic_dissipation_maximum_pointwise_relative_reference=4.324188232422e-01
b523_plastic_dissipation_maximum_absolute_difference_index=19
b523_plastic_dissipation_maximum_absolute_difference_actual=3.470715988450e+03
b523_plastic_dissipation_maximum_absolute_difference_reference=3.473155273438e+03
b523_plastic_dissipation_zero_reference_count=7
b523_plastic_dissipation_maximum_zero_reference_absolute_difference=0.000000000000e+00
b523_creep_dissipation_relative_l2=2.874843186513e-05
b523_creep_dissipation_relative_absolute_peak=1.255888445457e-05
b523_creep_dissipation_maximum_pointwise_relative=1.102830072860e-04
b523_creep_dissipation_maximum_pointwise_relative_index=11
b523_creep_dissipation_maximum_pointwise_relative_actual=1.355779543126e+00
b523_creep_dissipation_maximum_pointwise_relative_reference=1.355630040169e+00
b523_creep_dissipation_maximum_absolute_difference_index=17
b523_creep_dissipation_maximum_absolute_difference_actual=8.952626501233e+00
b523_creep_dissipation_maximum_absolute_difference_reference=8.952373504639e+00
b523_creep_dissipation_zero_reference_count=0
b523_creep_dissipation_maximum_zero_reference_absolute_difference=0.000000000000e+00
b523_friction_dissipation_relative_l2=6.919769018544e-02
b523_friction_dissipation_relative_absolute_peak=6.919769018544e-02
b523_friction_dissipation_maximum_pointwise_relative=6.919769018544e-02
b523_friction_dissipation_maximum_pointwise_relative_index=8
b523_friction_dissipation_maximum_pointwise_relative_actual=1.945911556477e+00
b523_friction_dissipation_maximum_pointwise_relative_reference=1.819973587990e+00
b523_friction_dissipation_maximum_absolute_difference_index=8
b523_friction_dissipation_maximum_absolute_difference_actual=1.945911556477e+00
b523_friction_dissipation_maximum_absolute_difference_reference=1.819973587990e+00
b523_friction_dissipation_zero_reference_count=8
b523_friction_dissipation_maximum_zero_reference_absolute_difference=0.000000000000e+00
b523_external_work_relative_l2=5.343109965170e-04
b523_external_work_relative_absolute_peak=4.694051636653e-04
b523_external_work_maximum_pointwise_relative=8.406650472512e-04
b523_external_work_maximum_pointwise_relative_index=11
b523_external_work_maximum_pointwise_relative_actual=6.333860832338e+02
b523_external_work_maximum_pointwise_relative_reference=6.328540649414e+02
b523_external_work_maximum_absolute_difference_index=19
b523_external_work_maximum_absolute_difference_actual=4.531610538354e+03
b523_external_work_maximum_absolute_difference_reference=4.529484375000e+03
b523_external_work_zero_reference_count=0
b523_external_work_maximum_zero_reference_absolute_difference=0.000000000000e+00
b523_boundary_heat_rate_relative_l2=3.597753888428e-08
b523_boundary_heat_rate_relative_absolute_peak=8.804180592878e-08
b523_boundary_heat_rate_maximum_pointwise_relative=8.804180592878e-08
b523_boundary_heat_rate_maximum_pointwise_relative_index=19
b523_boundary_heat_rate_maximum_pointwise_relative_actual=1.917747007532e+04
b523_boundary_heat_rate_maximum_pointwise_relative_reference=1.917746838690e+04
b523_boundary_heat_rate_maximum_absolute_difference_index=19
b523_boundary_heat_rate_maximum_absolute_difference_actual=1.917747007532e+04
b523_boundary_heat_rate_maximum_absolute_difference_reference=1.917746838690e+04
b523_boundary_heat_rate_zero_reference_count=0
b523_boundary_heat_rate_maximum_zero_reference_absolute_difference=0.000000000000e+00
b523_mechanical_hourglass_energy_absolute_l2=0.000000000000e+00
b523_mechanical_hourglass_energy_absolute_peak=0.000000000000e+00
b523_mechanical_hourglass_energy_maximum_pointwise_absolute=0.000000000000e+00
b523_abaqus_artificial_energy_maximum_absolute=0.000000000000e+00
b523_abaqus_artificial_energy_maximum_internal_fraction=0.000000000000e+00
b523_compared_nodal_rows=480
b523_compared_integration_rows=640
b523_compared_energy_rows=20
b523_contact_position_relative_l2=2.200164467443e-06
b523_contact_position_relative_absolute_peak=3.907946883014e-06
b523_contact_position_maximum_pointwise_relative=6.768705876130e-06
b523_contact_position_maximum_pointwise_relative_index=76
b523_contact_position_maximum_pointwise_actual_norm=9.996209313856e-01
b523_contact_position_maximum_pointwise_reference_norm=9.996237398915e-01
b523_contact_position_maximum_difference_index=79
b523_contact_position_maximum_absolute_group_difference=6.784185956367e-06
b523_contact_position_zero_reference_count=0
b523_contact_position_maximum_zero_reference_absolute_difference=0.000000000000e+00
b523_contact_slip_vector_relative_l2=2.836532076836e-03
b523_contact_slip_vector_relative_absolute_peak=4.120721117439e-03
b523_contact_slip_vector_maximum_pointwise_relative=4.338683751333e-03
b523_contact_slip_vector_maximum_pointwise_relative_index=79
b523_contact_slip_vector_maximum_pointwise_actual_norm=5.000220205546e-03
b523_contact_slip_vector_maximum_pointwise_reference_norm=4.992867671967e-03
b523_contact_slip_vector_maximum_difference_index=79
b523_contact_slip_vector_maximum_absolute_group_difference=2.166247384092e-05
b523_contact_slip_vector_zero_reference_count=0
b523_contact_slip_vector_maximum_zero_reference_absolute_difference=0.000000000000e+00
b523_contact_normal_force_vector_relative_l2=3.029688208634e-05
b523_contact_normal_force_vector_relative_absolute_peak=3.789220700743e-05
b523_contact_normal_force_vector_maximum_pointwise_relative=5.162771263763e-05
b523_contact_normal_force_vector_maximum_pointwise_relative_index=31
b523_contact_normal_force_vector_maximum_pointwise_actual_norm=3.973755697574e+04
b523_contact_normal_force_vector_maximum_pointwise_reference_norm=3.973550611648e+04
b523_contact_normal_force_vector_maximum_difference_index=76
b523_contact_normal_force_vector_maximum_absolute_group_difference=3.713836886216e+00
b523_contact_normal_force_vector_zero_reference_count=0
b523_contact_normal_force_vector_maximum_zero_reference_absolute_difference=0.000000000000e+00
b523_contact_complete_force_vector_relative_l2=3.117068394434e-05
b523_contact_complete_force_vector_relative_absolute_peak=5.028671985666e-05
b523_contact_complete_force_vector_maximum_pointwise_relative=5.413807887385e-05
b523_contact_complete_force_vector_maximum_pointwise_relative_index=77
b523_contact_complete_force_vector_maximum_pointwise_actual_norm=9.111397270496e+04
b523_contact_complete_force_vector_maximum_pointwise_reference_norm=9.111213504811e+04
b523_contact_complete_force_vector_maximum_difference_index=77
b523_contact_complete_force_vector_maximum_absolute_group_difference=4.932635953599e+00
b523_contact_complete_force_vector_zero_reference_count=0
b523_contact_complete_force_vector_maximum_zero_reference_absolute_difference=0.000000000000e+00
b523_contact_resultant_relative_l2=8.201656991873e-06
b523_contact_resultant_relative_absolute_peak=9.836233759583e-06
b523_contact_resultant_maximum_pointwise_relative=1.110451983661e-05
b523_contact_resultant_maximum_pointwise_relative_index=7
b523_contact_resultant_maximum_pointwise_actual_norm=1.401582877646e+05
b523_contact_resultant_maximum_pointwise_reference_norm=1.401582151522e+05
b523_contact_resultant_maximum_difference_index=19
b523_contact_resultant_maximum_absolute_group_difference=3.443853976367e+00
b523_contact_resultant_zero_reference_count=0
b523_contact_resultant_maximum_zero_reference_absolute_difference=0.000000000000e+00
b523_contact_moment_relative_l2=2.207027444388e-05
b523_contact_moment_relative_absolute_peak=2.686912820630e-05
b523_contact_moment_maximum_pointwise_relative=2.794996638449e-05
b523_contact_moment_maximum_pointwise_relative_index=7
b523_contact_moment_maximum_pointwise_actual_norm=1.129634003350e+05
b523_contact_moment_maximum_pointwise_reference_norm=1.129606405934e+05
b523_contact_moment_maximum_difference_index=19
b523_contact_moment_maximum_absolute_group_difference=7.336346213207e+00
b523_contact_moment_zero_reference_count=0
b523_contact_moment_maximum_zero_reference_absolute_difference=0.000000000000e+00
b523_contact_normal_force_center_relative_l2=1.206457201685e-05
b523_contact_normal_force_center_relative_absolute_peak=1.663722093200e-05
b523_contact_normal_force_center_maximum_pointwise_relative=1.671782346504e-05
b523_contact_normal_force_center_maximum_pointwise_relative_index=19
b523_contact_normal_force_center_maximum_pointwise_actual_norm=1.250462393607e+00
b523_contact_normal_force_center_maximum_pointwise_reference_norm=1.250449399452e+00
b523_contact_normal_force_center_maximum_difference_index=19
b523_contact_normal_force_center_maximum_absolute_group_difference=2.090479231200e-05
b523_contact_normal_force_center_zero_reference_count=0
b523_contact_normal_force_center_maximum_zero_reference_absolute_difference=0.000000000000e+00
b523_contact_shear_force_vector_relative_l2=9.046665524660e-04
b523_contact_shear_force_vector_relative_absolute_peak=1.296340911957e-03
b523_contact_shear_force_vector_maximum_pointwise_relative=2.870816327461e-03
b523_contact_shear_force_vector_maximum_pointwise_relative_index=76
b523_contact_shear_force_vector_maximum_pointwise_actual_norm=1.474464744319e+03
b523_contact_shear_force_vector_maximum_pointwise_reference_norm=1.477848691352e+03
b523_contact_shear_force_vector_maximum_difference_index=79
b523_contact_shear_force_vector_maximum_absolute_group_difference=5.026038984755e+00
b523_contact_shear_force_vector_zero_reference_count=0
b523_contact_shear_force_vector_maximum_zero_reference_absolute_difference=0.000000000000e+00
b523_contact_pressure_relative_l2=3.834571289472e-03
b523_contact_pressure_relative_absolute_peak=6.858516515504e-03
b523_contact_pressure_maximum_pointwise_relative=6.858516515504e-03
b523_contact_pressure_maximum_pointwise_relative_index=79
b523_contact_pressure_maximum_pointwise_relative_actual=3.865321709021e+05
b523_contact_pressure_maximum_pointwise_relative_reference=3.892015159269e+05
b523_contact_pressure_maximum_absolute_difference_index=79
b523_contact_pressure_maximum_absolute_difference_actual=3.865321709021e+05
b523_contact_pressure_maximum_absolute_difference_reference=3.892015159269e+05
b523_contact_pressure_zero_reference_count=0
b523_contact_pressure_maximum_zero_reference_absolute_difference=0.000000000000e+00
b523_contact_normal_force_magnitude_relative_l2=2.969013506321e-05
b523_contact_normal_force_magnitude_relative_absolute_peak=3.164554780708e-05
b523_contact_normal_force_magnitude_maximum_pointwise_relative=5.161276300300e-05
b523_contact_normal_force_magnitude_maximum_pointwise_relative_index=31
b523_contact_normal_force_magnitude_maximum_pointwise_relative_actual=3.973755697574e+04
b523_contact_normal_force_magnitude_maximum_pointwise_relative_reference=3.973550611648e+04
b523_contact_normal_force_magnitude_maximum_absolute_difference_index=76
b523_contact_normal_force_magnitude_maximum_absolute_difference_actual=7.687665567039e+04
b523_contact_normal_force_magnitude_maximum_absolute_difference_reference=7.688033731555e+04
b523_contact_normal_force_magnitude_zero_reference_count=0
b523_contact_normal_force_magnitude_maximum_zero_reference_absolute_difference=0.000000000000e+00
b523_contact_resultant_components_relative_l2=8.201656991873e-06
b523_contact_resultant_components_relative_absolute_peak=5.462539515296e-12
b523_contact_resultant_components_maximum_pointwise_relative=4.108033249480e-04
b523_contact_resultant_components_maximum_pointwise_relative_index=58
b523_contact_resultant_components_maximum_pointwise_relative_actual=-8.172817765492e+03
b523_contact_resultant_components_maximum_pointwise_relative_reference=-8.169461723453e+03
b523_contact_resultant_components_maximum_absolute_difference_index=58
b523_contact_resultant_components_maximum_absolute_difference_actual=-8.172817765492e+03
b523_contact_resultant_components_maximum_absolute_difference_reference=-8.169461723453e+03
b523_contact_resultant_components_zero_reference_count=0
b523_contact_resultant_components_maximum_zero_reference_absolute_difference=0.000000000000e+00
b523_contact_moment_components_relative_l2=2.207027444388e-05
b523_contact_moment_components_relative_absolute_peak=3.273560765166e-05
b523_contact_moment_components_maximum_pointwise_relative=1.504989823477e-03
b523_contact_moment_components_maximum_pointwise_relative_index=57
b523_contact_moment_components_maximum_pointwise_relative_actual=2.039406675154e+03
b523_contact_moment_components_maximum_pointwise_relative_reference=2.036342001166e+03
b523_contact_moment_components_maximum_absolute_difference_index=59
b523_contact_moment_components_maximum_absolute_difference_actual=-1.989651484152e+05
b523_contact_moment_components_maximum_absolute_difference_reference=-1.989586353834e+05
b523_contact_moment_components_zero_reference_count=0
b523_contact_moment_components_maximum_zero_reference_absolute_difference=0.000000000000e+00
b523_contact_normal_force_center_components_relative_l2=1.206457201685e-05
b523_contact_normal_force_center_components_relative_absolute_peak=3.556521330958e-09
b523_contact_normal_force_center_components_maximum_pointwise_relative=3.592279887689e-05
b523_contact_normal_force_center_components_maximum_pointwise_relative_index=58
b523_contact_normal_force_center_components_maximum_pointwise_relative_actual=5.451992738184e-01
b523_contact_normal_force_center_components_maximum_pointwise_relative_reference=5.451796894380e-01
b523_contact_normal_force_center_components_maximum_absolute_difference_index=58
b523_contact_normal_force_center_components_maximum_absolute_difference_actual=5.451992738184e-01
b523_contact_normal_force_center_components_maximum_absolute_difference_reference=5.451796894380e-01
b523_contact_normal_force_center_components_zero_reference_count=0
b523_contact_normal_force_center_components_maximum_zero_reference_absolute_difference=0.000000000000e+00
b523_contact_state_match_fraction=9.875000000000e-01
b523_contact_transition_verified=1
b523_maximum_tangent_basis_error=0.000000000000e+00
b523_stored_heat_relative_l2=1.290915816202e-08
b523_stored_heat_relative_absolute_peak=2.159802936218e-08
b523_stored_heat_maximum_pointwise_relative=2.159802936218e-08
b523_stored_heat_maximum_pointwise_relative_index=19
b523_stored_heat_maximum_pointwise_relative_actual=6.385125414268e+03
b523_stored_heat_maximum_pointwise_relative_reference=6.385125276362e+03
b523_stored_heat_maximum_absolute_difference_index=19
b523_stored_heat_maximum_absolute_difference_actual=6.385125414268e+03
b523_stored_heat_maximum_absolute_difference_reference=6.385125276362e+03
b523_stored_heat_zero_reference_count=0
b523_stored_heat_maximum_zero_reference_absolute_difference=0.000000000000e+00
[PASS] b523 Abaqus full-field comparison
[PASS] production-executable result comparison hex8-contact-path
