[FAIL] b523_reaction_heat_flux sample time_s=0.34 node=24 relative_error=0.00525395 absolute_error_W=23.8324 relative_tolerance=0.005 absolute_tolerance_W=0.05
[FAIL] b523_reaction_heat_flux sample time_s=0.36 node=24 relative_error=0.00609907 absolute_error_W=28.1942 relative_tolerance=0.005 absolute_tolerance_W=0.05
[FAIL] b523_reaction_heat_flux sample time_s=0.38 node=18 relative_error=0.00529864 absolute_error_W=24.9474 relative_tolerance=0.005 absolute_tolerance_W=0.05
[FAIL] b523_reaction_heat_flux sample time_s=0.38 node=24 relative_error=0.00694384 absolute_error_W=32.7038 relative_tolerance=0.005 absolute_tolerance_W=0.05
[FAIL] b523_reaction_heat_flux sample time_s=0.4 node=18 relative_error=0.0059206 absolute_error_W=28.3921 relative_tolerance=0.005 absolute_tolerance_W=0.05
[FAIL] b523_reaction_heat_flux sample time_s=0.4 node=24 relative_error=0.00778796 absolute_error_W=37.3609 relative_tolerance=0.005 absolute_tolerance_W=0.05
b523_temperature_relative_l2=2.199946615851e-05
b523_temperature_relative_absolute_peak=0.000000000000e+00
b523_temperature_maximum_pointwise_relative=2.471215165774e-04
b523_temperature_maximum_pointwise_relative_index=469
b523_temperature_maximum_pointwise_relative_actual=3.159911984842e+02
b523_temperature_maximum_pointwise_relative_reference=3.160693060104e+02
b523_temperature_maximum_absolute_difference_index=469
b523_temperature_maximum_absolute_difference_actual=3.159911984842e+02
b523_temperature_maximum_absolute_difference_reference=3.160693060104e+02
b523_temperature_zero_reference_count=0
b523_temperature_maximum_zero_reference_absolute_difference=0.000000000000e+00
b523_displacement_x_relative_l2=2.212118517384e-04
b523_displacement_x_relative_absolute_peak=1.730358167119e-04
b523_displacement_x_maximum_pointwise_relative=3.512368988253e-02
b523_displacement_x_maximum_pointwise_relative_index=324
b523_displacement_x_maximum_pointwise_relative_actual=3.723859474271e-05
b523_displacement_x_maximum_pointwise_relative_reference=3.859416419725e-05
b523_displacement_x_maximum_absolute_difference_index=478
b523_displacement_x_maximum_absolute_difference_actual=-2.508877844671e-02
b523_displacement_x_maximum_absolute_difference_reference=-2.509468207395e-02
b523_displacement_x_zero_reference_count=80
b523_displacement_x_maximum_zero_reference_absolute_difference=0.000000000000e+00
b523_displacement_y_relative_l2=1.540554122241e-04
b523_displacement_y_relative_absolute_peak=0.000000000000e+00
b523_displacement_y_maximum_pointwise_relative=1.372912149765e-01
b523_displacement_y_maximum_pointwise_relative_index=337
b523_displacement_y_maximum_pointwise_relative_actual=-7.531253397160e-07
b523_displacement_y_maximum_pointwise_relative_reference=-8.729774783683e-07
b523_displacement_y_maximum_absolute_difference_index=468
b523_displacement_y_maximum_absolute_difference_actual=5.659384197119e-04
b523_displacement_y_maximum_absolute_difference_reference=5.606451827130e-04
b523_displacement_y_zero_reference_count=80
b523_displacement_y_maximum_zero_reference_absolute_difference=0.000000000000e+00
b523_displacement_z_relative_l2=2.188119726243e-04
b523_displacement_z_relative_absolute_peak=1.028454284933e-04
b523_displacement_z_maximum_pointwise_relative=3.178616927628e-01
b523_displacement_z_maximum_pointwise_relative_index=423
b523_displacement_z_maximum_pointwise_relative_actual=1.382593587573e-05
b523_displacement_z_maximum_pointwise_relative_reference=1.049118883390e-05
b523_displacement_z_maximum_absolute_difference_index=471
b523_displacement_z_maximum_absolute_difference_actual=-5.779561857661e-04
b523_displacement_z_maximum_absolute_difference_reference=-5.820749192196e-04
b523_displacement_z_zero_reference_count=80
b523_displacement_z_maximum_zero_reference_absolute_difference=0.000000000000e+00
b523_reaction_heat_flux_relative_l2=2.692397687991e-03
b523_reaction_heat_flux_relative_absolute_peak=3.428112627141e-03
b523_reaction_heat_flux_maximum_pointwise_relative=7.787955607432e-03
b523_reaction_heat_flux_maximum_pointwise_relative_index=479
b523_reaction_heat_flux_maximum_pointwise_relative_actual=4.759909001995e+03
b523_reaction_heat_flux_maximum_pointwise_relative_reference=4.797269927226e+03
b523_reaction_heat_flux_maximum_absolute_difference_index=479
b523_reaction_heat_flux_maximum_absolute_difference_actual=4.759909001995e+03
b523_reaction_heat_flux_maximum_absolute_difference_reference=4.797269927226e+03
b523_reaction_heat_flux_zero_reference_count=320
b523_reaction_heat_flux_maximum_zero_reference_absolute_difference=0.000000000000e+00
[FAIL] b523_reaction_heat_flux exceeds its full-field gate
b523_reaction_force_x_relative_l2=5.028519502671e-05
b523_reaction_force_x_relative_absolute_peak=5.731233015707e-05
b523_reaction_force_x_maximum_pointwise_relative=1.044760122859e-04
b523_reaction_force_x_maximum_pointwise_relative_index=168
b523_reaction_force_x_maximum_pointwise_relative_actual=2.519672675898e+04
b523_reaction_force_x_maximum_pointwise_relative_reference=2.519935948757e+04
b523_reaction_force_x_maximum_absolute_difference_index=456
b523_reaction_force_x_maximum_absolute_difference_actual=6.953173639619e+04
b523_reaction_force_x_maximum_absolute_difference_reference=6.953843139825e+04
b523_reaction_force_x_zero_reference_count=400
b523_reaction_force_x_maximum_zero_reference_absolute_difference=0.000000000000e+00
b523_reaction_force_y_relative_l2=3.891586285578e-05
b523_reaction_force_y_relative_absolute_peak=9.255759920302e-06
b523_reaction_force_y_maximum_pointwise_relative=1.977256645336e-04
b523_reaction_force_y_maximum_pointwise_relative_index=174
b523_reaction_force_y_maximum_pointwise_relative_actual=2.391789927361e+03
b523_reaction_force_y_maximum_pointwise_relative_reference=2.392262939140e+03
b523_reaction_force_y_maximum_absolute_difference_index=479
b523_reaction_force_y_maximum_absolute_difference_actual=-1.590204869031e+04
b523_reaction_force_y_maximum_absolute_difference_reference=-1.590323817729e+04
b523_reaction_force_y_zero_reference_count=320
b523_reaction_force_y_maximum_zero_reference_absolute_difference=0.000000000000e+00
b523_reaction_force_z_relative_l2=4.637349116696e-05
b523_reaction_force_z_relative_absolute_peak=3.462743687670e-06
b523_reaction_force_z_maximum_pointwise_relative=1.547469533484e-04
b523_reaction_force_z_maximum_pointwise_relative_index=171
b523_reaction_force_z_maximum_pointwise_relative_actual=2.520579034084e+03
b523_reaction_force_z_maximum_pointwise_relative_reference=2.520969146378e+03
b523_reaction_force_z_maximum_absolute_difference_index=462
b523_reaction_force_z_maximum_absolute_difference_actual=-1.459756184377e+04
b523_reaction_force_z_maximum_absolute_difference_reference=-1.459547550979e+04
b523_reaction_force_z_zero_reference_count=320
b523_reaction_force_z_maximum_zero_reference_absolute_difference=0.000000000000e+00
b523_displacement_vector_relative_l2=1.900458749710e-04
b523_displacement_vector_relative_absolute_peak=1.724957191856e-04
b523_displacement_vector_maximum_pointwise_relative=2.920864793559e-03
b523_displacement_vector_maximum_pointwise_relative_index=444
b523_displacement_vector_maximum_pointwise_actual_norm=2.123016298446e-03
b523_displacement_vector_maximum_pointwise_reference_norm=2.122832782745e-03
b523_displacement_vector_maximum_difference_index=468
b523_displacement_vector_maximum_absolute_group_difference=6.823203356938e-06
b523_displacement_vector_zero_reference_count=80
b523_displacement_vector_maximum_zero_reference_absolute_difference=0.000000000000e+00
b523_reaction_force_vector_relative_l2=4.938291941228e-05
b523_reaction_force_vector_relative_absolute_peak=6.284006911882e-05
b523_reaction_force_vector_maximum_pointwise_relative=1.022993022304e-04
b523_reaction_force_vector_maximum_pointwise_relative_index=168
b523_reaction_force_vector_maximum_pointwise_actual_norm=2.593307689611e+04
b523_reaction_force_vector_maximum_pointwise_reference_norm=2.593563824665e+04
b523_reaction_force_vector_maximum_difference_index=456
b523_reaction_force_vector_maximum_absolute_group_difference=6.701043267446e+00
b523_reaction_force_vector_zero_reference_count=320
b523_reaction_force_vector_maximum_zero_reference_absolute_difference=0.000000000000e+00
b523_heat_flux_x_relative_l2=1.611782107809e-04
b523_heat_flux_x_relative_absolute_peak=1.456476143998e-05
b523_heat_flux_x_maximum_pointwise_relative=1.808241881056e-02
b523_heat_flux_x_maximum_pointwise_relative_index=329
b523_heat_flux_x_maximum_pointwise_relative_actual=-2.528775004741e+00
b523_heat_flux_x_maximum_pointwise_relative_reference=-2.575343443467e+00
b523_heat_flux_x_maximum_absolute_difference_index=633
b523_heat_flux_x_maximum_absolute_difference_actual=-4.447995620840e+03
b523_heat_flux_x_maximum_absolute_difference_reference=-4.446594867047e+03
b523_heat_flux_x_zero_reference_count=0
b523_heat_flux_x_maximum_zero_reference_absolute_difference=0.000000000000e+00
b523_heat_flux_y_relative_l2=5.923858594563e-03
b523_heat_flux_y_relative_absolute_peak=1.786592220686e-03
b523_heat_flux_y_maximum_pointwise_relative=2.697563087700e-01
b523_heat_flux_y_maximum_pointwise_relative_index=75
b523_heat_flux_y_maximum_pointwise_relative_actual=-8.226201479715e-04
b523_heat_flux_y_maximum_pointwise_relative_reference=-6.478567125753e-04
b523_heat_flux_y_maximum_absolute_difference_index=636
b523_heat_flux_y_maximum_absolute_difference_actual=-6.402318649943e+01
b523_heat_flux_y_maximum_absolute_difference_reference=-6.351261692510e+01
b523_heat_flux_y_zero_reference_count=0
b523_heat_flux_y_maximum_zero_reference_absolute_difference=0.000000000000e+00
b523_heat_flux_z_relative_l2=5.882619430724e-03
b523_heat_flux_z_relative_absolute_peak=1.631488073855e-03
b523_heat_flux_z_maximum_pointwise_relative=2.859108947586e-01
b523_heat_flux_z_maximum_pointwise_relative_index=333
b523_heat_flux_z_maximum_pointwise_relative_actual=-1.079629717720e-01
b523_heat_flux_z_maximum_pointwise_relative_reference=-8.395836151018e-02
b523_heat_flux_z_maximum_absolute_difference_index=631
b523_heat_flux_z_maximum_absolute_difference_actual=-2.481972277689e+00
b523_heat_flux_z_maximum_absolute_difference_reference=-2.229510146971e+00
b523_heat_flux_z_zero_reference_count=0
b523_heat_flux_z_maximum_zero_reference_absolute_difference=0.000000000000e+00
b523_stress_xx_relative_l2=4.938895062023e-05
b523_stress_xx_relative_absolute_peak=7.571946649441e-05
b523_stress_xx_maximum_pointwise_relative=1.658750331052e-04
b523_stress_xx_maximum_pointwise_relative_index=224
b523_stress_xx_maximum_pointwise_relative_actual=-8.090769381844e+04
b523_stress_xx_maximum_pointwise_relative_reference=-8.092111661133e+04
b523_stress_xx_maximum_absolute_difference_index=623
b523_stress_xx_maximum_absolute_difference_actual=-4.202193408183e+05
b523_stress_xx_maximum_absolute_difference_reference=-4.201672852381e+05
b523_stress_xx_zero_reference_count=0
b523_stress_xx_maximum_zero_reference_absolute_difference=0.000000000000e+00
b523_stress_yy_relative_l2=1.969975967805e-04
b523_stress_yy_relative_absolute_peak=1.731946239980e-04
b523_stress_yy_maximum_pointwise_relative=1.049011993326e-01
b523_stress_yy_maximum_pointwise_relative_index=597
b523_stress_yy_maximum_pointwise_relative_actual=8.523163978919e+01
b523_stress_yy_maximum_pointwise_relative_reference=9.522037089721e+01
b523_stress_yy_maximum_absolute_difference_index=623
b523_stress_yy_maximum_absolute_difference_actual=5.491545960238e+04
b523_stress_yy_maximum_absolute_difference_reference=5.486541306752e+04
b523_stress_yy_zero_reference_count=0
b523_stress_yy_maximum_zero_reference_absolute_difference=0.000000000000e+00
b523_stress_zz_relative_l2=1.297998068847e-04
b523_stress_zz_relative_absolute_peak=1.631615602186e-04
b523_stress_zz_maximum_pointwise_relative=7.857486933627e-02
b523_stress_zz_maximum_pointwise_relative_index=167
b523_stress_zz_maximum_pointwise_relative_actual=-3.318054699417e+01
b523_stress_zz_maximum_pointwise_relative_reference=-3.601003043001e+01
b523_stress_zz_maximum_absolute_difference_index=622
b523_stress_zz_maximum_absolute_difference_actual=4.406106832512e+04
b523_stress_zz_maximum_absolute_difference_reference=4.403070762804e+04
b523_stress_zz_zero_reference_count=0
b523_stress_zz_maximum_zero_reference_absolute_difference=0.000000000000e+00
b523_stress_xy_relative_l2=2.274499376003e-04
b523_stress_xy_relative_absolute_peak=2.188396732481e-04
b523_stress_xy_maximum_pointwise_relative=5.730229085858e-02
b523_stress_xy_maximum_pointwise_relative_index=77
b523_stress_xy_maximum_pointwise_relative_actual=6.003324600917e+00
b523_stress_xy_maximum_pointwise_relative_reference=6.368239301636e+00
b523_stress_xy_maximum_absolute_difference_index=621
b523_stress_xy_maximum_absolute_difference_actual=-9.409427614589e+03
b523_stress_xy_maximum_absolute_difference_reference=-9.379216334565e+03
b523_stress_xy_zero_reference_count=0
b523_stress_xy_maximum_zero_reference_absolute_difference=0.000000000000e+00
b523_stress_yz_relative_l2=5.107291403711e-04
b523_stress_yz_relative_absolute_peak=1.904193601046e-04
b523_stress_yz_maximum_pointwise_relative=2.950091419946e-02
b523_stress_yz_maximum_pointwise_relative_index=346
b523_stress_yz_maximum_pointwise_relative_actual=1.433623268121e+01
b523_stress_yz_maximum_pointwise_relative_reference=1.477202079937e+01
b523_stress_yz_maximum_absolute_difference_index=617
b523_stress_yz_maximum_absolute_difference_actual=1.925704734489e+04
b523_stress_yz_maximum_absolute_difference_reference=1.923717649976e+04
b523_stress_yz_zero_reference_count=0
b523_stress_yz_maximum_zero_reference_absolute_difference=0.000000000000e+00
b523_stress_xz_relative_l2=2.270543884448e-04
b523_stress_xz_relative_absolute_peak=4.018705795459e-05
b523_stress_xz_maximum_pointwise_relative=7.496644437855e-02
b523_stress_xz_maximum_pointwise_relative_index=427
b523_stress_xz_maximum_pointwise_relative_actual=1.267485015942e+02
b523_stress_xz_maximum_pointwise_relative_reference=1.370204365279e+02
b523_stress_xz_maximum_absolute_difference_index=619
b523_stress_xz_maximum_absolute_difference_actual=-2.989011141696e+03
b523_stress_xz_maximum_absolute_difference_reference=-2.960973760034e+03
b523_stress_xz_zero_reference_count=0
b523_stress_xz_maximum_zero_reference_absolute_difference=0.000000000000e+00
b523_logarithmic_strain_xx_relative_l2=4.951331244263e-05
b523_logarithmic_strain_xx_relative_absolute_peak=2.702597831974e-05
b523_logarithmic_strain_xx_maximum_pointwise_relative=3.285453432893e-04
b523_logarithmic_strain_xx_maximum_pointwise_relative_index=224
b523_logarithmic_strain_xx_maximum_pointwise_relative_actual=-4.359484337520e-04
b523_logarithmic_strain_xx_maximum_pointwise_relative_reference=-4.360917096525e-04
b523_logarithmic_strain_xx_maximum_absolute_difference_index=624
b523_logarithmic_strain_xx_maximum_absolute_difference_actual=-1.211469475981e-02
b523_logarithmic_strain_xx_maximum_absolute_difference_reference=-1.211658848535e-02
b523_logarithmic_strain_xx_zero_reference_count=0
b523_logarithmic_strain_xx_maximum_zero_reference_absolute_difference=0.000000000000e+00
b523_logarithmic_strain_yy_relative_l2=8.199754131091e-05
b523_logarithmic_strain_yy_relative_absolute_peak=5.284446625449e-05
b523_logarithmic_strain_yy_maximum_pointwise_relative=4.047803136683e-02
b523_logarithmic_strain_yy_maximum_pointwise_relative_index=481
b523_logarithmic_strain_yy_maximum_pointwise_relative_actual=3.237099556048e-06
b523_logarithmic_strain_yy_maximum_pointwise_relative_reference=3.373658615299e-06
b523_logarithmic_strain_yy_maximum_absolute_difference_index=624
b523_logarithmic_strain_yy_maximum_absolute_difference_actual=5.266242876513e-03
b523_logarithmic_strain_yy_maximum_absolute_difference_reference=5.267715545168e-03
b523_logarithmic_strain_yy_zero_reference_count=0
b523_logarithmic_strain_yy_maximum_zero_reference_absolute_difference=0.000000000000e+00
b523_logarithmic_strain_zz_relative_l2=5.548793342830e-05
b523_logarithmic_strain_zz_relative_absolute_peak=4.402306302366e-05
b523_logarithmic_strain_zz_maximum_pointwise_relative=1.186614561992e-02
b523_logarithmic_strain_zz_maximum_pointwise_relative_index=289
b523_logarithmic_strain_zz_maximum_pointwise_relative_actual=4.538878630323e-06
b523_logarithmic_strain_zz_maximum_pointwise_relative_reference=4.593384398484e-06
b523_logarithmic_strain_zz_maximum_absolute_difference_index=624
b523_logarithmic_strain_zz_maximum_absolute_difference_actual=5.837713039947e-03
b523_logarithmic_strain_zz_maximum_absolute_difference_reference=5.838671539201e-03
b523_logarithmic_strain_zz_zero_reference_count=0
b523_logarithmic_strain_zz_maximum_zero_reference_absolute_difference=0.000000000000e+00
b523_logarithmic_strain_xy_relative_l2=1.441401874799e-04
b523_logarithmic_strain_xy_relative_absolute_peak=6.399928607236e-06
b523_logarithmic_strain_xy_maximum_pointwise_relative=9.237441974490e-02
b523_logarithmic_strain_xy_maximum_pointwise_relative_index=77
b523_logarithmic_strain_xy_maximum_pointwise_relative_actual=3.827118130669e-08
b523_logarithmic_strain_xy_maximum_pointwise_relative_reference=4.216626562677e-08
b523_logarithmic_strain_xy_maximum_absolute_difference_index=630
b523_logarithmic_strain_xy_maximum_absolute_difference_actual=3.735420815059e-03
b523_logarithmic_strain_xy_maximum_absolute_difference_reference=3.734508426154e-03
b523_logarithmic_strain_xy_zero_reference_count=0
b523_logarithmic_strain_xy_maximum_zero_reference_absolute_difference=0.000000000000e+00
b523_logarithmic_strain_yz_relative_l2=2.818462099614e-04
b523_logarithmic_strain_yz_relative_absolute_peak=6.807451689547e-05
b523_logarithmic_strain_yz_maximum_pointwise_relative=1.953680996243e-02
b523_logarithmic_strain_yz_maximum_pointwise_relative_index=346
b523_logarithmic_strain_yz_maximum_pointwise_relative_actual=2.876524621784e-07
b523_logarithmic_strain_yz_maximum_pointwise_relative_reference=2.933842546067e-07
b523_logarithmic_strain_yz_maximum_absolute_difference_index=617
b523_logarithmic_strain_yz_maximum_absolute_difference_actual=2.055078969169e-04
b523_logarithmic_strain_yz_maximum_absolute_difference_reference=2.052978374889e-04
b523_logarithmic_strain_yz_zero_reference_count=0
b523_logarithmic_strain_yz_maximum_zero_reference_absolute_difference=0.000000000000e+00
b523_logarithmic_strain_xz_relative_l2=1.119157942995e-04
b523_logarithmic_strain_xz_relative_absolute_peak=2.259008440790e-05
b523_logarithmic_strain_xz_maximum_pointwise_relative=8.223927115344e-02
b523_logarithmic_strain_xz_maximum_pointwise_relative_index=427
b523_logarithmic_strain_xz_maximum_pointwise_relative_actual=1.223372270444e-06
b523_logarithmic_strain_xz_maximum_pointwise_relative_reference=1.332996969681e-06
b523_logarithmic_strain_xz_maximum_absolute_difference_index=626
b523_logarithmic_strain_xz_maximum_absolute_difference_actual=1.520854508858e-04
b523_logarithmic_strain_xz_maximum_absolute_difference_reference=1.526483940337e-04
b523_logarithmic_strain_xz_zero_reference_count=0
b523_logarithmic_strain_xz_maximum_zero_reference_absolute_difference=0.000000000000e+00
b523_elastic_strain_xx_relative_l2=6.085219885008e-05
b523_elastic_strain_xx_relative_absolute_peak=1.215225559506e-05
b523_elastic_strain_xx_maximum_pointwise_relative=3.285615088253e-04
b523_elastic_strain_xx_maximum_pointwise_relative_index=224
b523_elastic_strain_xx_maximum_pointwise_relative_actual=-4.359477296874e-04
b523_elastic_strain_xx_maximum_pointwise_relative_reference=-4.360910124084e-04
b523_elastic_strain_xx_maximum_absolute_difference_index=623
b523_elastic_strain_xx_maximum_absolute_difference_actual=-3.729395491492e-03
b523_elastic_strain_xx_maximum_absolute_difference_reference=-3.728759731901e-03
b523_elastic_strain_xx_zero_reference_count=0
b523_elastic_strain_xx_maximum_zero_reference_absolute_difference=0.000000000000e+00
b523_elastic_strain_yy_relative_l2=1.508412569325e-04
b523_elastic_strain_yy_relative_absolute_peak=5.571310634040e-05
b523_elastic_strain_yy_maximum_pointwise_relative=4.087992477430e-02
b523_elastic_strain_yy_maximum_pointwise_relative_index=481
b523_elastic_strain_yy_maximum_pointwise_relative_actual=3.200604762641e-06
b523_elastic_strain_yy_maximum_pointwise_relative_reference=3.337021969733e-06
b523_elastic_strain_yy_maximum_absolute_difference_index=623
b523_elastic_strain_yy_maximum_absolute_difference_actual=1.341855335234e-03
b523_elastic_strain_yy_maximum_absolute_difference_reference=1.341380023783e-03
b523_elastic_strain_yy_zero_reference_count=0
b523_elastic_strain_yy_maximum_zero_reference_absolute_difference=0.000000000000e+00
b523_elastic_strain_zz_relative_l2=9.598007018395e-05
b523_elastic_strain_zz_relative_absolute_peak=3.724707626959e-05
b523_elastic_strain_zz_maximum_pointwise_relative=1.186848855579e-02
b523_elastic_strain_zz_maximum_pointwise_relative_index=289
b523_elastic_strain_zz_maximum_pointwise_relative_actual=4.536986416891e-06
b523_elastic_strain_zz_maximum_pointwise_relative_reference=4.591480348866e-06
b523_elastic_strain_zz_maximum_absolute_difference_index=622
b523_elastic_strain_zz_maximum_absolute_difference_actual=1.225727031322e-03
b523_elastic_strain_zz_maximum_absolute_difference_reference=1.225464465880e-03
b523_elastic_strain_zz_zero_reference_count=0
b523_elastic_strain_zz_maximum_zero_reference_absolute_difference=0.000000000000e+00
b523_elastic_strain_xy_relative_l2=2.029896404571e-04
b523_elastic_strain_xy_relative_absolute_peak=5.689460644295e-05
b523_elastic_strain_xy_maximum_pointwise_relative=5.730229356876e-02
b523_elastic_strain_xy_maximum_pointwise_relative_index=77
b523_elastic_strain_xy_maximum_pointwise_relative_actual=6.403552231433e-08
b523_elastic_strain_xy_maximum_pointwise_relative_reference=6.792794962528e-08
b523_elastic_strain_xy_maximum_absolute_difference_index=621
b523_elastic_strain_xy_maximum_absolute_difference_actual=-1.004236217027e-04
b523_elastic_strain_xy_maximum_absolute_difference_reference=-1.001013551479e-04
b523_elastic_strain_xy_zero_reference_count=0
b523_elastic_strain_xy_maximum_zero_reference_absolute_difference=0.000000000000e+00
b523_elastic_strain_yz_relative_l2=4.961141729638e-04
b523_elastic_strain_yz_relative_absolute_peak=1.902356349012e-04
b523_elastic_strain_yz_maximum_pointwise_relative=2.950151985484e-02
b523_elastic_strain_yz_maximum_pointwise_relative_index=346
b523_elastic_strain_yz_maximum_pointwise_relative_actual=1.868498058111e-07
b523_elastic_strain_yz_maximum_pointwise_relative_reference=1.925297253255e-07
b523_elastic_strain_yz_maximum_absolute_difference_index=617
b523_elastic_strain_yz_maximum_absolute_difference_actual=2.055153652306e-04
b523_elastic_strain_yz_maximum_absolute_difference_reference=2.053053152978e-04
b523_elastic_strain_yz_zero_reference_count=0
b523_elastic_strain_yz_maximum_zero_reference_absolute_difference=0.000000000000e+00
b523_elastic_strain_xz_relative_l2=1.953086580558e-04
b523_elastic_strain_xz_relative_absolute_peak=4.018705795421e-05
b523_elastic_strain_xz_maximum_pointwise_relative=7.496499167686e-02
b523_elastic_strain_xz_maximum_pointwise_relative_index=427
b523_elastic_strain_xz_maximum_pointwise_relative_actual=1.352236442876e-06
b523_elastic_strain_xz_maximum_pointwise_relative_reference=1.461821910208e-06
b523_elastic_strain_xz_maximum_absolute_difference_index=619
b523_elastic_strain_xz_maximum_absolute_difference_actual=-3.190174421473e-05
b523_elastic_strain_xz_maximum_absolute_difference_reference=-3.160241894586e-05
b523_elastic_strain_xz_zero_reference_count=0
b523_elastic_strain_xz_maximum_zero_reference_absolute_difference=0.000000000000e+00
b523_plastic_strain_xx_relative_l2=5.822761488162e-05
b523_plastic_strain_xx_relative_absolute_peak=3.618085820876e-05
b523_plastic_strain_xx_maximum_pointwise_relative=3.029204144481e-03
b523_plastic_strain_xx_maximum_pointwise_relative_index=247
b523_plastic_strain_xx_maximum_pointwise_relative_actual=-3.646693410830e-05
b523_plastic_strain_xx_maximum_pointwise_relative_reference=-3.635680193320e-05
b523_plastic_strain_xx_maximum_absolute_difference_index=624
b523_plastic_strain_xx_maximum_absolute_difference_actual=-9.200566025794e-03
b523_plastic_strain_xx_maximum_absolute_difference_reference=-9.202469635994e-03
b523_plastic_strain_xx_zero_reference_count=485
b523_plastic_strain_xx_maximum_zero_reference_absolute_difference=0.000000000000e+00
b523_plastic_strain_yy_relative_l2=7.002493792079e-05
b523_plastic_strain_yy_relative_absolute_peak=4.016408630995e-05
b523_plastic_strain_yy_maximum_pointwise_relative=3.031343980647e-03
b523_plastic_strain_yy_maximum_pointwise_relative_index=247
b523_plastic_strain_yy_maximum_pointwise_relative_actual=1.855566286313e-05
b523_plastic_strain_yy_maximum_pointwise_relative_reference=1.849958425974e-05
b523_plastic_strain_yy_maximum_absolute_difference_index=624
b523_plastic_strain_yy_maximum_absolute_difference_actual=4.372373172512e-03
b523_plastic_strain_yy_maximum_absolute_difference_reference=4.373514461596e-03
b523_plastic_strain_yy_zero_reference_count=485
b523_plastic_strain_yy_maximum_zero_reference_absolute_difference=0.000000000000e+00
b523_plastic_strain_zz_relative_l2=4.890171769512e-05
b523_plastic_strain_zz_relative_absolute_peak=3.209963284945e-05
b523_plastic_strain_zz_maximum_pointwise_relative=3.026987333318e-03
b523_plastic_strain_zz_maximum_pointwise_relative_index=247
b523_plastic_strain_zz_maximum_pointwise_relative_actual=1.791127124517e-05
b523_plastic_strain_zz_maximum_pointwise_relative_reference=1.785721767346e-05
b523_plastic_strain_zz_maximum_absolute_difference_index=624
b523_plastic_strain_zz_maximum_absolute_difference_actual=4.828192853282e-03
b523_plastic_strain_zz_maximum_absolute_difference_reference=4.828955174398e-03
b523_plastic_strain_zz_zero_reference_count=485
b523_plastic_strain_zz_maximum_zero_reference_absolute_difference=0.000000000000e+00
b523_plastic_strain_xy_relative_l2=1.301591543685e-04
b523_plastic_strain_xy_relative_absolute_peak=8.446826234174e-06
b523_plastic_strain_xy_maximum_pointwise_relative=5.513231883238e-03
b523_plastic_strain_xy_maximum_pointwise_relative_index=631
b523_plastic_strain_xy_maximum_pointwise_relative_actual=-1.033927298560e-04
b523_plastic_strain_xy_maximum_pointwise_relative_reference=-1.039659180703e-04
b523_plastic_strain_xy_maximum_absolute_difference_index=630
b523_plastic_strain_xy_maximum_absolute_difference_actual=3.211622986262e-03
b523_plastic_strain_xy_maximum_absolute_difference_reference=3.210923547915e-03
b523_plastic_strain_xy_zero_reference_count=485
b523_plastic_strain_xy_maximum_zero_reference_absolute_difference=0.000000000000e+00
b523_plastic_strain_yz_relative_l2=1.374374067829e-04
b523_plastic_strain_yz_relative_absolute_peak=5.768101824331e-05
b523_plastic_strain_yz_maximum_pointwise_relative=3.723434977946e-02
b523_plastic_strain_yz_maximum_pointwise_relative_index=467
b523_plastic_strain_yz_maximum_pointwise_relative_actual=-4.105863874179e-07
b523_plastic_strain_yz_maximum_pointwise_relative_reference=-4.264655550640e-07
b523_plastic_strain_yz_maximum_absolute_difference_index=631
b523_plastic_strain_yz_maximum_absolute_difference_actual=-4.673185237613e-04
b523_plastic_strain_yz_maximum_absolute_difference_reference=-4.674175329734e-04
b523_plastic_strain_yz_zero_reference_count=485
b523_plastic_strain_yz_maximum_zero_reference_absolute_difference=0.000000000000e+00
b523_plastic_strain_xz_relative_l2=9.211543134615e-05
b523_plastic_strain_xz_relative_absolute_peak=1.738901169679e-05
b523_plastic_strain_xz_maximum_pointwise_relative=1.037757224660e-02
b523_plastic_strain_xz_maximum_pointwise_relative_index=533
b523_plastic_strain_xz_maximum_pointwise_relative_actual=-1.729573132209e-05
b523_plastic_strain_xz_maximum_pointwise_relative_reference=-1.747710120248e-05
b523_plastic_strain_xz_maximum_absolute_difference_index=626
b523_plastic_strain_xz_maximum_absolute_difference_actual=2.376999867086e-04
b523_plastic_strain_xz_maximum_absolute_difference_reference=2.381233604674e-04
b523_plastic_strain_xz_zero_reference_count=485
b523_plastic_strain_xz_maximum_zero_reference_absolute_difference=0.000000000000e+00
b523_equivalent_plastic_strain_relative_l2=5.320267527681e-05
b523_equivalent_plastic_strain_relative_absolute_peak=3.599345838157e-05
b523_equivalent_plastic_strain_maximum_pointwise_relative=3.028693782949e-03
b523_equivalent_plastic_strain_maximum_pointwise_relative_index=247
b523_equivalent_plastic_strain_maximum_pointwise_relative_actual=3.696317228244e-05
b523_equivalent_plastic_strain_maximum_pointwise_relative_reference=3.685156019119e-05
b523_equivalent_plastic_strain_maximum_absolute_difference_index=624
b523_equivalent_plastic_strain_maximum_absolute_difference_actual=9.442481233583e-03
b523_equivalent_plastic_strain_maximum_absolute_difference_reference=9.444343054002e-03
b523_equivalent_plastic_strain_zero_reference_count=485
b523_equivalent_plastic_strain_maximum_zero_reference_absolute_difference=0.000000000000e+00
b523_creep_strain_xx_relative_l2=3.864969949112e-05
b523_creep_strain_xx_relative_absolute_peak=2.024323727527e-05
b523_creep_strain_xx_maximum_pointwise_relative=1.790659297656e-04
b523_creep_strain_xx_maximum_pointwise_relative_index=246
b523_creep_strain_xx_maximum_pointwise_relative_actual=-3.503890388887e-06
b523_creep_strain_xx_maximum_pointwise_relative_reference=-3.503263073827e-06
b523_creep_strain_xx_maximum_absolute_difference_index=628
b523_creep_strain_xx_maximum_absolute_difference_actual=-5.389564914970e-05
b523_creep_strain_xx_maximum_absolute_difference_reference=-5.390097858815e-05
b523_creep_strain_xx_zero_reference_count=320
b523_creep_strain_xx_maximum_zero_reference_absolute_difference=0.000000000000e+00
b523_creep_strain_yy_relative_l2=5.050960525937e-05
b523_creep_strain_yy_relative_absolute_peak=2.490373351549e-05
b523_creep_strain_yy_maximum_pointwise_relative=1.772168876950e-04
b523_creep_strain_yy_maximum_pointwise_relative_index=246
b523_creep_strain_yy_maximum_pointwise_relative_actual=1.788082546205e-06
b523_creep_strain_yy_maximum_pointwise_relative_reference=1.787765723927e-06
b523_creep_strain_yy_maximum_absolute_difference_index=628
b523_creep_strain_yy_maximum_absolute_difference_actual=2.423227467786e-05
b523_creep_strain_yy_maximum_absolute_difference_reference=2.423570847125e-05
b523_creep_strain_yy_zero_reference_count=320
b523_creep_strain_yy_maximum_zero_reference_absolute_difference=0.000000000000e+00
b523_creep_strain_zz_relative_l2=3.210999033504e-05
b523_creep_strain_zz_relative_absolute_peak=1.545255317832e-05
b523_creep_strain_zz_maximum_pointwise_relative=1.809928660182e-04
b523_creep_strain_zz_maximum_pointwise_relative_index=246
b523_creep_strain_zz_maximum_pointwise_relative_actual=1.715807842682e-06
b523_creep_strain_zz_maximum_pointwise_relative_reference=1.715497349900e-06
b523_creep_strain_zz_maximum_absolute_difference_index=629
b523_creep_strain_zz_maximum_absolute_difference_actual=3.155673782788e-05
b523_creep_strain_zz_maximum_absolute_difference_reference=3.155922575643e-05
b523_creep_strain_zz_zero_reference_count=320
b523_creep_strain_zz_maximum_zero_reference_absolute_difference=0.000000000000e+00
b523_creep_strain_xy_relative_l2=1.482001866884e-04
b523_creep_strain_xy_relative_absolute_peak=2.681048104341e-04
b523_creep_strain_xy_maximum_pointwise_relative=4.736382859430e-02
b523_creep_strain_xy_maximum_pointwise_relative_index=276
b523_creep_strain_xy_maximum_pointwise_relative_actual=-2.556001199141e-09
b523_creep_strain_xy_maximum_pointwise_relative_reference=-2.683082246782e-09
b523_creep_strain_xy_maximum_absolute_difference_index=630
b523_creep_strain_xy_maximum_absolute_difference_actual=1.462389062707e-05
b523_creep_strain_xy_maximum_absolute_difference_reference=1.461997094254e-05
b523_creep_strain_xy_zero_reference_count=320
b523_creep_strain_xy_maximum_zero_reference_absolute_difference=0.000000000000e+00
b523_creep_strain_yz_relative_l2=1.201097283195e-04
b523_creep_strain_yz_relative_absolute_peak=6.985243496087e-05
b523_creep_strain_yz_maximum_pointwise_relative=2.023447709667e-02
b523_creep_strain_yz_maximum_pointwise_relative_index=637
b523_creep_strain_yz_maximum_pointwise_relative_actual=-2.872697391835e-09
b523_creep_strain_yz_maximum_pointwise_relative_reference=-2.815722715047e-09
b523_creep_strain_yz_maximum_absolute_difference_index=631
b523_creep_strain_yz_maximum_absolute_difference_actual=-2.332907311700e-06
b523_creep_strain_yz_maximum_absolute_difference_reference=-2.333395991539e-06
b523_creep_strain_yz_zero_reference_count=320
b523_creep_strain_yz_maximum_zero_reference_absolute_difference=0.000000000000e+00
b523_creep_strain_xz_relative_l2=8.718704372129e-05
b523_creep_strain_xz_relative_absolute_peak=1.623429285417e-05
b523_creep_strain_xz_maximum_pointwise_relative=2.458191870658e-02
b523_creep_strain_xz_maximum_pointwise_relative_index=626
b523_creep_strain_xz_maximum_pointwise_relative_actual=-7.975762812685e-08
b523_creep_strain_xz_maximum_pointwise_relative_reference=-7.784407148970e-08
b523_creep_strain_xz_maximum_absolute_difference_index=626
b523_creep_strain_xz_maximum_absolute_difference_actual=-7.975762812685e-08
b523_creep_strain_xz_maximum_absolute_difference_reference=-7.784407148970e-08
b523_creep_strain_xz_zero_reference_count=320
b523_creep_strain_xz_maximum_zero_reference_absolute_difference=0.000000000000e+00
b523_equivalent_creep_strain_relative_l2=3.396547372601e-05
b523_equivalent_creep_strain_relative_absolute_peak=1.964747640604e-05
b523_equivalent_creep_strain_maximum_pointwise_relative=1.898556548434e-04
b523_equivalent_creep_strain_maximum_pointwise_relative_index=246
b523_equivalent_creep_strain_maximum_pointwise_relative_actual=3.668033639063e-06
b523_equivalent_creep_strain_maximum_pointwise_relative_reference=3.667337374325e-06
b523_equivalent_creep_strain_maximum_absolute_difference_index=629
b523_equivalent_creep_strain_maximum_absolute_difference_actual=6.025962214297e-05
b523_equivalent_creep_strain_maximum_absolute_difference_reference=6.026445330487e-05
b523_equivalent_creep_strain_zero_reference_count=320
b523_equivalent_creep_strain_maximum_zero_reference_absolute_difference=0.000000000000e+00
b523_material_temperature_relative_l2=2.692545315098e-05
b523_material_temperature_relative_absolute_peak=0.000000000000e+00
b523_material_temperature_maximum_pointwise_relative=2.471215165774e-04
b523_material_temperature_maximum_pointwise_relative_index=625
b523_material_temperature_maximum_pointwise_relative_actual=3.159911984842e+02
b523_material_temperature_maximum_pointwise_relative_reference=3.160693060104e+02
b523_material_temperature_maximum_absolute_difference_index=625
b523_material_temperature_maximum_absolute_difference_actual=3.159911984842e+02
b523_material_temperature_maximum_absolute_difference_reference=3.160693060104e+02
b523_material_temperature_zero_reference_count=0
b523_material_temperature_maximum_zero_reference_absolute_difference=0.000000000000e+00
b523_integration_volume_relative_l2=1.195931525149e-07
b523_integration_volume_relative_absolute_peak=4.218267375062e-07
b523_integration_volume_maximum_pointwise_relative=5.374422243263e-07
b523_integration_volume_maximum_pointwise_relative_index=624
b523_integration_volume_maximum_pointwise_relative_actual=6.243686073632e-02
b523_integration_volume_maximum_pointwise_relative_reference=6.243689429254e-02
b523_integration_volume_maximum_absolute_difference_index=624
b523_integration_volume_maximum_absolute_difference_actual=6.243686073632e-02
b523_integration_volume_maximum_absolute_difference_reference=6.243689429254e-02
b523_integration_volume_zero_reference_count=0
b523_integration_volume_maximum_zero_reference_absolute_difference=0.000000000000e+00
b523_integration_position_relative_l2=9.536654883635e-07
b523_integration_position_relative_absolute_peak=2.565579296850e-06
b523_integration_position_maximum_pointwise_relative=4.392537718264e-06
b523_integration_position_maximum_pointwise_relative_index=624
b523_integration_position_maximum_pointwise_actual_norm=1.143648372416e+00
b523_integration_position_maximum_pointwise_reference_norm=1.143647651109e+00
b523_integration_position_maximum_difference_index=630
b523_integration_position_maximum_absolute_group_difference=5.643218443128e-06
b523_integration_position_zero_reference_count=0
b523_integration_position_maximum_zero_reference_absolute_difference=0.000000000000e+00
b523_stress_tensor_relative_l2=7.219753436986e-05
b523_stress_tensor_relative_absolute_peak=1.789112142838e-04
b523_stress_tensor_maximum_pointwise_relative=1.919555942720e-04
b523_stress_tensor_maximum_pointwise_relative_index=623
b523_stress_tensor_maximum_pointwise_actual_norm=4.267276099202e+05
b523_stress_tensor_maximum_pointwise_reference_norm=4.266662545511e+05
b523_stress_tensor_maximum_difference_index=623
b523_stress_tensor_maximum_absolute_group_difference=8.190097444816e+01
b523_stress_tensor_zero_reference_count=0
b523_stress_tensor_maximum_zero_reference_absolute_difference=0.000000000000e+00
b523_logarithmic_strain_tensor_relative_l2=6.114922493489e-05
b523_logarithmic_strain_tensor_relative_absolute_peak=7.822279217547e-05
b523_logarithmic_strain_tensor_maximum_pointwise_relative=3.906783335861e-04
b523_logarithmic_strain_tensor_maximum_pointwise_relative_index=224
b523_logarithmic_strain_tensor_maximum_pointwise_actual_norm=4.758034104322e-04
b523_logarithmic_strain_tensor_maximum_pointwise_reference_norm=4.758917464768e-04
b523_logarithmic_strain_tensor_maximum_difference_index=624
b523_logarithmic_strain_tensor_maximum_absolute_group_difference=2.586350519105e-06
b523_logarithmic_strain_tensor_zero_reference_count=0
b523_logarithmic_strain_tensor_maximum_zero_reference_absolute_difference=0.000000000000e+00
b523_elastic_strain_tensor_relative_l2=8.288531893513e-05
b523_elastic_strain_tensor_relative_absolute_peak=1.888532329587e-04
b523_elastic_strain_tensor_maximum_pointwise_relative=3.906849049824e-04
b523_elastic_strain_tensor_maximum_pointwise_relative_index=224
b523_elastic_strain_tensor_maximum_pointwise_actual_norm=4.758057517639e-04
b523_elastic_strain_tensor_maximum_pointwise_reference_norm=4.758940919323e-04
b523_elastic_strain_tensor_maximum_difference_index=623
b523_elastic_strain_tensor_maximum_absolute_group_difference=8.754887086488e-07
b523_elastic_strain_tensor_zero_reference_count=0
b523_elastic_strain_tensor_maximum_zero_reference_absolute_difference=0.000000000000e+00
b523_plastic_strain_tensor_relative_l2=6.161539333465e-05
b523_plastic_strain_tensor_relative_absolute_peak=8.285542219272e-05
b523_plastic_strain_tensor_maximum_pointwise_relative=3.028961456202e-03
b523_plastic_strain_tensor_maximum_pointwise_relative_index=247
b523_plastic_strain_tensor_maximum_pointwise_actual_norm=4.496875416853e-05
b523_plastic_strain_tensor_maximum_pointwise_reference_norm=4.483295729940e-05
b523_plastic_strain_tensor_maximum_difference_index=624
b523_plastic_strain_tensor_maximum_absolute_group_difference=2.349156678243e-06
b523_plastic_strain_tensor_zero_reference_count=485
b523_plastic_strain_tensor_maximum_zero_reference_absolute_difference=0.000000000000e+00
b523_creep_strain_tensor_relative_l2=4.550984645035e-05
b523_creep_strain_tensor_relative_absolute_peak=5.241195037417e-05
b523_creep_strain_tensor_maximum_pointwise_relative=1.867109366508e-04
b523_creep_strain_tensor_maximum_pointwise_relative_index=246
b523_creep_strain_tensor_maximum_pointwise_actual_norm=4.393001765371e-06
b523_creep_strain_tensor_maximum_pointwise_reference_norm=4.392190716925e-06
b523_creep_strain_tensor_maximum_difference_index=628
b523_creep_strain_tensor_maximum_absolute_group_difference=6.851571683340e-09
b523_creep_strain_tensor_zero_reference_count=320
b523_creep_strain_tensor_maximum_zero_reference_absolute_difference=0.000000000000e+00
b523_equivalent_plastic_strain_relative_l2=5.320267527681e-05
b523_equivalent_plastic_strain_relative_absolute_peak=3.599345838157e-05
b523_equivalent_plastic_strain_maximum_pointwise_relative=3.028693782949e-03
b523_equivalent_plastic_strain_maximum_pointwise_relative_index=247
b523_equivalent_plastic_strain_maximum_pointwise_relative_actual=3.696317228244e-05
b523_equivalent_plastic_strain_maximum_pointwise_relative_reference=3.685156019119e-05
b523_equivalent_plastic_strain_maximum_absolute_difference_index=624
b523_equivalent_plastic_strain_maximum_absolute_difference_actual=9.442481233583e-03
b523_equivalent_plastic_strain_maximum_absolute_difference_reference=9.444343054002e-03
b523_equivalent_plastic_strain_zero_reference_count=485
b523_equivalent_plastic_strain_maximum_zero_reference_absolute_difference=0.000000000000e+00
b523_equivalent_creep_strain_relative_l2=3.396547372601e-05
b523_equivalent_creep_strain_relative_absolute_peak=1.964747640604e-05
b523_equivalent_creep_strain_maximum_pointwise_relative=1.898556548434e-04
b523_equivalent_creep_strain_maximum_pointwise_relative_index=246
b523_equivalent_creep_strain_maximum_pointwise_relative_actual=3.668033639063e-06
b523_equivalent_creep_strain_maximum_pointwise_relative_reference=3.667337374325e-06
b523_equivalent_creep_strain_maximum_absolute_difference_index=629
b523_equivalent_creep_strain_maximum_absolute_difference_actual=6.025962214297e-05
b523_equivalent_creep_strain_maximum_absolute_difference_reference=6.026445330487e-05
b523_equivalent_creep_strain_zero_reference_count=320
b523_equivalent_creep_strain_maximum_zero_reference_absolute_difference=0.000000000000e+00
b523_material_temperature_relative_l2=2.692545315098e-05
b523_material_temperature_relative_absolute_peak=0.000000000000e+00
b523_material_temperature_maximum_pointwise_relative=2.471215165774e-04
b523_material_temperature_maximum_pointwise_relative_index=625
b523_material_temperature_maximum_pointwise_relative_actual=3.159911984842e+02
b523_material_temperature_maximum_pointwise_relative_reference=3.160693060104e+02
b523_material_temperature_maximum_absolute_difference_index=625
b523_material_temperature_maximum_absolute_difference_actual=3.159911984842e+02
b523_material_temperature_maximum_absolute_difference_reference=3.160693060104e+02
b523_material_temperature_zero_reference_count=0
b523_material_temperature_maximum_zero_reference_absolute_difference=0.000000000000e+00
b523_integration_volume_relative_l2=1.195931525149e-07
b523_integration_volume_relative_absolute_peak=4.218267375062e-07
b523_integration_volume_maximum_pointwise_relative=5.374422243263e-07
b523_integration_volume_maximum_pointwise_relative_index=624
b523_integration_volume_maximum_pointwise_relative_actual=6.243686073632e-02
b523_integration_volume_maximum_pointwise_relative_reference=6.243689429254e-02
b523_integration_volume_maximum_absolute_difference_index=624
b523_integration_volume_maximum_absolute_difference_actual=6.243686073632e-02
b523_integration_volume_maximum_absolute_difference_reference=6.243689429254e-02
b523_integration_volume_zero_reference_count=0
b523_integration_volume_maximum_zero_reference_absolute_difference=0.000000000000e+00
b523_heat_flux_vector_relative_l2=1.824405388801e-04
b523_heat_flux_vector_relative_absolute_peak=3.186712324216e-04
b523_heat_flux_vector_maximum_pointwise_relative=2.544091893114e-02
b523_heat_flux_vector_maximum_pointwise_relative_index=329
b523_heat_flux_vector_maximum_pointwise_actual_norm=2.538645223510e+00
b523_heat_flux_vector_maximum_pointwise_reference_norm=2.581445136163e+00
b523_heat_flux_vector_maximum_difference_index=625
b523_heat_flux_vector_maximum_absolute_group_difference=1.425001073911e+00
b523_heat_flux_vector_zero_reference_count=0
b523_heat_flux_vector_maximum_zero_reference_absolute_difference=0.000000000000e+00
b523_maximum_integration_coordinate_difference=5.643218443128e-06
b523_internal_energy_relative_l2=4.824824523080e-04
b523_internal_energy_relative_absolute_peak=5.336317810181e-04
b523_internal_energy_maximum_pointwise_relative=5.336317810181e-04
b523_internal_energy_maximum_pointwise_relative_index=19
b523_internal_energy_maximum_pointwise_relative_actual=4.626528354424e+03
b523_internal_energy_maximum_pointwise_relative_reference=4.628998535156e+03
b523_internal_energy_maximum_absolute_difference_index=19
b523_internal_energy_maximum_absolute_difference_actual=4.626528354424e+03
b523_internal_energy_maximum_absolute_difference_reference=4.628998535156e+03
b523_internal_energy_zero_reference_count=0
b523_internal_energy_maximum_zero_reference_absolute_difference=0.000000000000e+00
b523_elastic_energy_relative_l2=2.712658513583e-05
b523_elastic_energy_relative_absolute_peak=2.682287477298e-05
b523_elastic_energy_maximum_pointwise_relative=3.820423217061e-05
b523_elastic_energy_maximum_pointwise_relative_index=7
b523_elastic_energy_maximum_pointwise_relative_actual=1.943920546114e+02
b523_elastic_energy_maximum_pointwise_relative_reference=1.943846282959e+02
b523_elastic_energy_maximum_absolute_difference_index=19
b523_elastic_energy_maximum_absolute_difference_actual=1.141033290519e+03
b523_elastic_energy_maximum_absolute_difference_reference=1.141002685547e+03
b523_elastic_energy_zero_reference_count=0
b523_elastic_energy_maximum_zero_reference_absolute_difference=0.000000000000e+00
b523_plastic_dissipation_relative_l2=6.833857823243e-04
b523_plastic_dissipation_relative_absolute_peak=7.200131942651e-04
b523_plastic_dissipation_maximum_pointwise_relative=3.050616582339e-03
b523_plastic_dissipation_maximum_pointwise_relative_index=7
b523_plastic_dissipation_maximum_pointwise_relative_actual=4.337379672749e-01
b523_plastic_dissipation_maximum_pointwise_relative_reference=4.324188232422e-01
b523_plastic_dissipation_maximum_absolute_difference_index=19
b523_plastic_dissipation_maximum_absolute_difference_actual=3.470654555815e+03
b523_plastic_dissipation_maximum_absolute_difference_reference=3.473155273438e+03
b523_plastic_dissipation_zero_reference_count=7
b523_plastic_dissipation_maximum_zero_reference_absolute_difference=0.000000000000e+00
b523_creep_dissipation_relative_l2=2.347997856090e-05
b523_creep_dissipation_relative_absolute_peak=5.391124633273e-07
b523_creep_dissipation_maximum_pointwise_relative=1.081111360625e-04
b523_creep_dissipation_maximum_pointwise_relative_index=11
b523_creep_dissipation_maximum_pointwise_relative_actual=1.355776598872e+00
b523_creep_dissipation_maximum_pointwise_relative_reference=1.355630040169e+00
b523_creep_dissipation_maximum_absolute_difference_index=15
b523_creep_dissipation_maximum_absolute_difference_actual=5.125296798156e+00
b523_creep_dissipation_maximum_absolute_difference_reference=5.125076770782e+00
b523_creep_dissipation_zero_reference_count=0
b523_creep_dissipation_maximum_zero_reference_absolute_difference=0.000000000000e+00
b523_friction_dissipation_relative_l2=6.920438042150e-02
b523_friction_dissipation_relative_absolute_peak=6.920438042150e-02
b523_friction_dissipation_maximum_pointwise_relative=6.920438042150e-02
b523_friction_dissipation_maximum_pointwise_relative_index=8
b523_friction_dissipation_maximum_pointwise_relative_actual=1.945923732530e+00
b523_friction_dissipation_maximum_pointwise_relative_reference=1.819973587990e+00
b523_friction_dissipation_maximum_absolute_difference_index=8
b523_friction_dissipation_maximum_absolute_difference_actual=1.945923732530e+00
b523_friction_dissipation_maximum_absolute_difference_reference=1.819973587990e+00
b523_friction_dissipation_zero_reference_count=8
b523_friction_dissipation_maximum_zero_reference_absolute_difference=0.000000000000e+00
b523_external_work_relative_l2=5.325115873137e-04
b523_external_work_relative_absolute_peak=4.655848301871e-04
b523_external_work_maximum_pointwise_relative=8.420271249399e-04
b523_external_work_maximum_pointwise_relative_index=11
b523_external_work_maximum_pointwise_relative_actual=6.333869452302e+02
b523_external_work_maximum_pointwise_relative_reference=6.328540649414e+02
b523_external_work_maximum_absolute_difference_index=19
b523_external_work_maximum_absolute_difference_actual=4.531593234214e+03
b523_external_work_maximum_absolute_difference_reference=4.529484375000e+03
b523_external_work_zero_reference_count=0
b523_external_work_maximum_zero_reference_absolute_difference=0.000000000000e+00
b523_boundary_heat_rate_relative_l2=2.508191436121e-03
b523_boundary_heat_rate_relative_absolute_peak=5.046989648818e-03
b523_boundary_heat_rate_maximum_pointwise_relative=5.046989648818e-03
b523_boundary_heat_rate_maximum_pointwise_relative_index=19
b523_boundary_heat_rate_maximum_pointwise_relative_actual=1.908067990247e+04
b523_boundary_heat_rate_maximum_pointwise_relative_reference=1.917746838690e+04
b523_boundary_heat_rate_maximum_absolute_difference_index=19
b523_boundary_heat_rate_maximum_absolute_difference_actual=1.908067990247e+04
b523_boundary_heat_rate_maximum_absolute_difference_reference=1.917746838690e+04
b523_boundary_heat_rate_zero_reference_count=0
b523_boundary_heat_rate_maximum_zero_reference_absolute_difference=0.000000000000e+00
b523_mechanical_hourglass_energy_absolute_l2=0.000000000000e+00
b523_mechanical_hourglass_energy_absolute_peak=0.000000000000e+00
b523_mechanical_hourglass_energy_maximum_pointwise_absolute=0.000000000000e+00
b523_abaqus_artificial_energy_maximum_absolute=0.000000000000e+00
b523_abaqus_artificial_energy_maximum_internal_fraction=0.000000000000e+00
b523_compared_nodal_rows=480
b523_compared_integration_rows=640
b523_compared_energy_rows=20
b523_contact_position_relative_l2=2.190531456601e-06
b523_contact_position_relative_absolute_peak=3.930422376762e-06
b523_contact_position_maximum_pointwise_relative=6.825771622536e-06
b523_contact_position_maximum_pointwise_relative_index=76
b523_contact_position_maximum_pointwise_actual_norm=9.996208968018e-01
b523_contact_position_maximum_pointwise_reference_norm=9.996237398915e-01
b523_contact_position_maximum_difference_index=76
b523_contact_position_maximum_absolute_group_difference=6.823203356965e-06
b523_contact_position_zero_reference_count=0
b523_contact_position_maximum_zero_reference_absolute_difference=0.000000000000e+00
b523_contact_slip_vector_relative_l2=2.834893784979e-03
b523_contact_slip_vector_relative_absolute_peak=4.112260640472e-03
b523_contact_slip_vector_maximum_pointwise_relative=4.329775763411e-03
b523_contact_slip_vector_maximum_pointwise_relative_index=79
b523_contact_slip_vector_maximum_pointwise_actual_norm=5.000090035530e-03
b523_contact_slip_vector_maximum_pointwise_reference_norm=4.992867671967e-03
b523_contact_slip_vector_maximum_difference_index=79
b523_contact_slip_vector_maximum_absolute_group_difference=2.161799743600e-05
b523_contact_slip_vector_zero_reference_count=0
b523_contact_slip_vector_maximum_zero_reference_absolute_difference=0.000000000000e+00
b523_contact_normal_force_vector_relative_l2=2.986472180445e-05
b523_contact_normal_force_vector_relative_absolute_peak=3.697043687637e-05
b523_contact_normal_force_vector_maximum_pointwise_relative=5.163226318441e-05
b523_contact_normal_force_vector_maximum_pointwise_relative_index=31
b523_contact_normal_force_vector_maximum_pointwise_actual_norm=3.973755715666e+04
b523_contact_normal_force_vector_maximum_pointwise_reference_norm=3.973550611648e+04
b523_contact_normal_force_vector_maximum_difference_index=76
b523_contact_normal_force_vector_maximum_absolute_group_difference=3.623493668343e+00
b523_contact_normal_force_vector_zero_reference_count=0
b523_contact_normal_force_vector_maximum_zero_reference_absolute_difference=0.000000000000e+00
b523_contact_complete_force_vector_relative_l2=3.085635254569e-05
b523_contact_complete_force_vector_relative_absolute_peak=4.963062720661e-05
b523_contact_complete_force_vector_maximum_pointwise_relative=5.343173740360e-05
b523_contact_complete_force_vector_maximum_pointwise_relative_index=77
b523_contact_complete_force_vector_maximum_pointwise_actual_norm=9.111396691785e+04
b523_contact_complete_force_vector_maximum_pointwise_reference_norm=9.111213504811e+04
b523_contact_complete_force_vector_maximum_difference_index=77
b523_contact_complete_force_vector_maximum_absolute_group_difference=4.868279674172e+00
b523_contact_complete_force_vector_zero_reference_count=0
b523_contact_complete_force_vector_maximum_zero_reference_absolute_difference=0.000000000000e+00
b523_contact_resultant_relative_l2=7.908779732085e-06
b523_contact_resultant_relative_absolute_peak=9.155581053873e-06
b523_contact_resultant_maximum_pointwise_relative=1.110503031909e-05
b523_contact_resultant_maximum_pointwise_relative_index=7
b523_contact_resultant_maximum_pointwise_actual_norm=1.401582877688e+05
b523_contact_resultant_maximum_pointwise_reference_norm=1.401582151522e+05
b523_contact_resultant_maximum_difference_index=19
b523_contact_resultant_maximum_absolute_group_difference=3.205544417609e+00
b523_contact_resultant_zero_reference_count=0
b523_contact_resultant_maximum_zero_reference_absolute_difference=0.000000000000e+00
b523_contact_moment_relative_l2=2.136053269804e-05
b523_contact_moment_relative_absolute_peak=2.522795668866e-05
b523_contact_moment_maximum_pointwise_relative=2.794874178715e-05
b523_contact_moment_maximum_pointwise_relative_index=7
b523_contact_moment_maximum_pointwise_actual_norm=1.129634002756e+05
b523_contact_moment_maximum_pointwise_reference_norm=1.129606405934e+05
b523_contact_moment_maximum_difference_index=19
b523_contact_moment_maximum_absolute_group_difference=6.888240775761e+00
b523_contact_moment_zero_reference_count=0
b523_contact_moment_maximum_zero_reference_absolute_difference=0.000000000000e+00
b523_contact_normal_force_center_relative_l2=1.194252485514e-05
b523_contact_normal_force_center_relative_absolute_peak=1.609750302693e-05
b523_contact_normal_force_center_maximum_pointwise_relative=1.617549078251e-05
b523_contact_normal_force_center_maximum_pointwise_relative_index=19
b523_contact_normal_force_center_maximum_pointwise_actual_norm=1.250462003078e+00
b523_contact_normal_force_center_maximum_pointwise_reference_norm=1.250449399452e+00
b523_contact_normal_force_center_maximum_difference_index=19
b523_contact_normal_force_center_maximum_absolute_group_difference=2.022663273483e-05
b523_contact_normal_force_center_zero_reference_count=0
b523_contact_normal_force_center_maximum_zero_reference_absolute_difference=0.000000000000e+00
b523_contact_shear_force_vector_relative_l2=8.999837849237e-04
b523_contact_shear_force_vector_relative_absolute_peak=1.275328818577e-03
b523_contact_shear_force_vector_maximum_pointwise_relative=2.887384426642e-03
b523_contact_shear_force_vector_maximum_pointwise_relative_index=76
b523_contact_shear_force_vector_maximum_pointwise_actual_norm=1.474433463407e+03
b523_contact_shear_force_vector_maximum_pointwise_reference_norm=1.477848691352e+03
b523_contact_shear_force_vector_maximum_difference_index=79
b523_contact_shear_force_vector_maximum_absolute_group_difference=4.944573068263e+00
b523_contact_shear_force_vector_zero_reference_count=0
b523_contact_shear_force_vector_maximum_zero_reference_absolute_difference=0.000000000000e+00
b523_contact_pressure_relative_l2=3.834668350061e-03
b523_contact_pressure_relative_absolute_peak=6.859891053434e-03
b523_contact_pressure_maximum_pointwise_relative=6.859891053434e-03
b523_contact_pressure_maximum_pointwise_relative_index=79
b523_contact_pressure_maximum_pointwise_relative_actual=3.865316359298e+05
b523_contact_pressure_maximum_pointwise_relative_reference=3.892015159269e+05
b523_contact_pressure_maximum_absolute_difference_index=79
b523_contact_pressure_maximum_absolute_difference_actual=3.865316359298e+05
b523_contact_pressure_maximum_absolute_difference_reference=3.892015159269e+05
b523_contact_pressure_zero_reference_count=0
b523_contact_pressure_maximum_zero_reference_absolute_difference=0.000000000000e+00
b523_contact_normal_force_magnitude_relative_l2=2.924419572729e-05
b523_contact_normal_force_magnitude_relative_absolute_peak=2.985214161397e-05
b523_contact_normal_force_magnitude_maximum_pointwise_relative=5.161731594997e-05
b523_contact_normal_force_magnitude_maximum_pointwise_relative_index=31
b523_contact_normal_force_magnitude_maximum_pointwise_relative_actual=3.973755715666e+04
b523_contact_normal_force_magnitude_maximum_pointwise_relative_reference=3.973550611648e+04
b523_contact_normal_force_magnitude_maximum_absolute_difference_index=76
b523_contact_normal_force_magnitude_maximum_absolute_difference_actual=7.687674742313e+04
b523_contact_normal_force_magnitude_maximum_absolute_difference_reference=7.688033731555e+04
b523_contact_normal_force_magnitude_zero_reference_count=0
b523_contact_normal_force_magnitude_maximum_zero_reference_absolute_difference=0.000000000000e+00
b523_contact_resultant_components_relative_l2=7.908779732085e-06
b523_contact_resultant_components_relative_absolute_peak=5.037457283027e-12
b523_contact_resultant_components_maximum_pointwise_relative=3.838605843816e-04
b523_contact_resultant_components_maximum_pointwise_relative_index=58
b523_contact_resultant_components_maximum_pointwise_relative_actual=-8.172597657804e+03
b523_contact_resultant_components_maximum_pointwise_relative_reference=-8.169461723453e+03
b523_contact_resultant_components_maximum_absolute_difference_index=58
b523_contact_resultant_components_maximum_absolute_difference_actual=-8.172597657804e+03
b523_contact_resultant_components_maximum_absolute_difference_reference=-8.169461723453e+03
b523_contact_resultant_components_zero_reference_count=0
b523_contact_resultant_components_maximum_zero_reference_absolute_difference=0.000000000000e+00
b523_contact_moment_components_relative_l2=2.136053269804e-05
b523_contact_moment_components_relative_absolute_peak=3.055017002063e-05
b523_contact_moment_components_maximum_pointwise_relative=1.477592680889e-03
b523_contact_moment_components_maximum_pointwise_relative_index=57
b523_contact_moment_components_maximum_pointwise_relative_actual=2.039350885202e+03
b523_contact_moment_components_maximum_pointwise_relative_reference=2.036342001166e+03
b523_contact_moment_components_maximum_absolute_difference_index=59
b523_contact_moment_components_maximum_absolute_difference_actual=-1.989647136035e+05
b523_contact_moment_components_maximum_absolute_difference_reference=-1.989586353834e+05
b523_contact_moment_components_zero_reference_count=0
b523_contact_moment_components_maximum_zero_reference_absolute_difference=0.000000000000e+00
b523_contact_normal_force_center_components_relative_l2=1.194252485514e-05
b523_contact_normal_force_center_components_relative_absolute_peak=3.556521664077e-09
b523_contact_normal_force_center_components_maximum_pointwise_relative=3.479357432680e-05
b523_contact_normal_force_center_components_maximum_pointwise_relative_index=58
b523_contact_normal_force_center_components_maximum_pointwise_relative_actual=5.451986581881e-01
b523_contact_normal_force_center_components_maximum_pointwise_relative_reference=5.451796894380e-01
b523_contact_normal_force_center_components_maximum_absolute_difference_index=58
b523_contact_normal_force_center_components_maximum_absolute_difference_actual=5.451986581881e-01
b523_contact_normal_force_center_components_maximum_absolute_difference_reference=5.451796894380e-01
b523_contact_normal_force_center_components_zero_reference_count=0
b523_contact_normal_force_center_components_maximum_zero_reference_absolute_difference=0.000000000000e+00
b523_contact_state_match_fraction=9.875000000000e-01
b523_contact_transition_verified=1
b523_maximum_tangent_basis_error=0.000000000000e+00
b523_stored_heat_relative_l2=1.105543906283e-03
b523_stored_heat_relative_absolute_peak=1.688156806791e-03
b523_stored_heat_maximum_pointwise_relative=1.688156806791e-03
b523_stored_heat_maximum_pointwise_relative_index=19
b523_stored_heat_maximum_pointwise_relative_actual=6.374346183665e+03
b523_stored_heat_maximum_pointwise_relative_reference=6.385125276362e+03
b523_stored_heat_maximum_absolute_difference_index=19
b523_stored_heat_maximum_absolute_difference_actual=6.374346183665e+03
b523_stored_heat_maximum_absolute_difference_reference=6.385125276362e+03
b523_stored_heat_zero_reference_count=0
b523_stored_heat_maximum_zero_reference_absolute_difference=0.000000000000e+00
