Analysis initiated from SIMULIA established products
Abaqus JOB gps_two_slice_chain
Abaqus 3DEXPERIENCE R2018x
abaqus.bat : Abaqus License Manager checked out the following licenses:
所在位置 \\wsl.localhost\Ubuntu\home\cooper\ai_project\fuelsim\verification\abaqus\gps_1d\run.ps1:21 字符: 9
+         & C:\SIMULIA\Commands\abaqus.bat job=$Case input="$Case.inp"  ...
+         ~~~~~~~~~~~~~~~~~~~~~~~~~~~~~~~~~~~~~~~~~~~~~~~~~~~~~~~~~~~~~
    + CategoryInfo          : NotSpecified: (Abaqus License ...owing licenses::String) [], RemoteException
    + FullyQualifiedErrorId : NativeCommandError
 
Abaqus/Standard checked out 5 tokens from Flexnet server localhost.
<1019 out of 1024 licenses remain available>.
Begin Analysis Input File Processor
9/12/2026 9:46:03 PM
Run pre.exe
9/12/2026 9:46:05 PM
End Analysis Input File Processor
Begin Abaqus/Standard Analysis
9/12/2026 9:46:05 PM
Run standard.exe
9/12/2026 9:46:07 PM
End Abaqus/Standard Analysis
Begin Convert MFS to SFS
9/12/2026 9:46:07 PM
Run SMASimUtility.exe
9/12/2026 9:46:08 PM
End Convert MFS to SFS
Abaqus JOB gps_two_slice_chain COMPLETED
