Analysis initiated from SIMULIA established products
Abaqus JOB gps_thermal_small
Abaqus 3DEXPERIENCE R2018x
abaqus.bat : Abaqus License Manager checked out the following licenses:
所在位置 \\wsl.localhost\Ubuntu\home\cooper\ai_project\fuelsim\verification\abaqus\gps_1d\run.ps1:21 字符: 9
+         & C:\SIMULIA\Commands\abaqus.bat job=$Case input="$Case.inp"  ...
+         ~~~~~~~~~~~~~~~~~~~~~~~~~~~~~~~~~~~~~~~~~~~~~~~~~~~~~~~~~~~~~
    + CategoryInfo          : NotSpecified: (Abaqus License ...owing licenses::String) [], RemoteException
    + FullyQualifiedErrorId : NativeCommandError
 
Abaqus/Standard checked out 5 tokens from Flexnet server localhost.
<1019 out of 1024 licenses remain available>.
Begin Analysis Input File Processor
9/13/2026 11:45:20 AM
Run pre.exe
9/13/2026 11:45:21 AM
End Analysis Input File Processor
Begin Abaqus/Standard Analysis
9/13/2026 11:45:21 AM
Run standard.exe
9/13/2026 11:45:21 AM
End Abaqus/Standard Analysis
Begin Convert MFS to SFS
9/13/2026 11:45:22 AM
Run SMASimUtility.exe
9/13/2026 11:45:22 AM
End Convert MFS to SFS
Abaqus JOB gps_thermal_small COMPLETED
