 Abaqus/Standard 2025                  DATE 13-9ÔÂ-2026 TIME 23:09:41
 SUMMARY OF JOB INFORMATION:
 STEP  INC ATT SEVERE EQUIL TOTAL  TOTAL      STEP       INC OF       DOF    IF
               DISCON ITERS ITERS  TIME/    TIME/LPF    TIME/LPF    MONITOR RIKS
               ITERS               FREQ
   1     1   1     1     1     2  0.100      0.100      0.1000    
   1     2   1     0     1     1  0.200      0.200      0.1000    
   1     3   1     0     1     1  0.300      0.300      0.1000    
   1     4   1     1     0     1  0.400      0.400      0.1000    
   1     5   1     1     0     1  0.500      0.500      0.1000    
   1     6   1     1     0     1  0.600      0.600      0.1000    
   1     7   1     1     1     2  0.700      0.700      0.1000    
   1     8   1     1     1     2  0.800      0.800      0.1000    
   1     9   1     1     1     2  0.900      0.900      0.1000    
   1    10   1     1     1     2  1.00       1.00       0.1000    
   1    11   1     1     1     2  1.10       1.10       0.1000    
   1    12   1     1     1     2  1.20       1.20       0.1000    
   1    13   1     1     1     2  1.30       1.30       0.1000    
   1    14   1     1     0     1  1.40       1.40       0.1000    
                          
 THE ANALYSIS HAS COMPLETED SUCCESSFULLY
