job=b14_cax4t_bulk1e3 work_directory=C:\Users\TcroM\AppData\Local\Temp\fuelsim_thermal_probe_61df608dce934e789e9b7d5f0afb9a51
Analysis initiated from SIMULIA established products
Abaqus JOB b14_cax4t_bulk1e3
Abaqus 2025
Abaqus License Manager checked out the following licenses:
Abaqus/Standard checked out 5 tokens from Flexnet server MSI.
<9984 out of 9999 licenses remain available>.
Begin Analysis Input File Processor
9/14/2026 7:51:03 AM
Run pre.exe
9/14/2026 7:51:05 AM
End Analysis Input File Processor
Begin Abaqus/Standard Analysis
9/14/2026 7:51:05 AM
Run standard.exe
9/14/2026 7:51:06 AM
End Abaqus/Standard Analysis
Begin SIM Wrap-up
9/14/2026 7:51:08 AM
Run SMASimUtility.exe
9/14/2026 7:51:08 AM
End SIM Wrap-up
Abaqus JOB b14_cax4t_bulk1e3 COMPLETED
