 Abaqus/Standard 3DEXPERIENCE R2018x                  DATE 13-9ÔÂ-2026 TIME 15:46:21
 SUMMARY OF JOB INFORMATION:
 STEP  INC ATT SEVERE EQUIL TOTAL  TOTAL      STEP       INC OF       DOF    IF
               DISCON ITERS ITERS  TIME/    TIME/LPF    TIME/LPF    MONITOR RIKS
               ITERS               FREQ
   1     1   1     0     3     3  0.0200     0.0200     0.02000   
   1     2   1     0     3     3  0.0400     0.0400     0.02000   
   1     3   1     0     3     3  0.0600     0.0600     0.02000   
   1     4   1     0     3     3  0.0800     0.0800     0.02000   
   1     5   1     0     3     3  0.100      0.100      0.02000   
   1     6   1     0     3     3  0.120      0.120      0.02000   
   1     7   1     0     3     3  0.140      0.140      0.02000   
   1     8   1     0     3     3  0.160      0.160      0.02000   
   1     9   1     0     3     3  0.180      0.180      0.02000   
   1    10   1     0     3     3  0.200      0.200      0.02000   
   1    11   1     1     3     4  0.220      0.220      0.02000   
   1    12   1     0     3     3  0.240      0.240      0.02000   
   1    13   1     0     3     3  0.260      0.260      0.02000   
   1    14   1     0     3     3  0.280      0.280      0.02000   
   1    15   1     0     3     3  0.300      0.300      0.02000   
   1    16   1     1     2     3  0.320      0.320      0.02000   
   1    17   1     0     3     3  0.340      0.340      0.02000   
   1    18   1     0     3     3  0.360      0.360      0.02000   
   1    19   1     0     3     3  0.380      0.380      0.02000   
   1    20   1     0     3     3  0.400      0.400      0.02000   
                          
 THE ANALYSIS HAS COMPLETED SUCCESSFULLY
