b526_friction_reversal_temperature_relative_l2=3.222473488986e-06
b526_friction_reversal_temperature_relative_absolute_peak=2.842170943040e-16
b526_friction_reversal_temperature_maximum_pointwise_relative=1.360668325347e-05
b526_friction_reversal_temperature_maximum_pointwise_relative_index=469
b526_friction_reversal_temperature_maximum_pointwise_relative_actual=3.129927153400e+02
b526_friction_reversal_temperature_maximum_pointwise_relative_reference=3.129969741907e+02
b526_friction_reversal_temperature_maximum_absolute_difference_index=469
b526_friction_reversal_temperature_maximum_absolute_difference_actual=3.129927153400e+02
b526_friction_reversal_temperature_maximum_absolute_difference_reference=3.129969741907e+02
b526_friction_reversal_temperature_zero_reference_count=0
b526_friction_reversal_temperature_maximum_zero_reference_absolute_difference=0.000000000000e+00
b526_friction_reversal_displacement_x_relative_l2=2.506845456455e-04
b526_friction_reversal_displacement_x_relative_absolute_peak=6.321539053655e-05
b526_friction_reversal_displacement_x_maximum_pointwise_relative=2.072779868603e-03
b526_friction_reversal_displacement_x_maximum_pointwise_relative_index=217
b526_friction_reversal_displacement_x_maximum_pointwise_relative_actual=-1.340514785414e-04
b526_friction_reversal_displacement_x_maximum_pointwise_relative_reference=-1.343299148847e-04
b526_friction_reversal_displacement_x_maximum_absolute_difference_index=231
b526_friction_reversal_displacement_x_maximum_absolute_difference_actual=-8.810104168399e-04
b526_friction_reversal_displacement_x_maximum_absolute_difference_reference=-8.819330711006e-04
b526_friction_reversal_displacement_x_zero_reference_count=80
b526_friction_reversal_displacement_x_maximum_zero_reference_absolute_difference=0.000000000000e+00
b526_friction_reversal_displacement_y_relative_l2=4.116112511554e-05
b526_friction_reversal_displacement_y_relative_absolute_peak=1.526323169555e-05
b526_friction_reversal_displacement_y_maximum_pointwise_relative=5.169867323060e-01
b526_friction_reversal_displacement_y_maximum_pointwise_relative_index=340
b526_friction_reversal_displacement_y_maximum_pointwise_relative_actual=-8.564919535247e-08
b526_friction_reversal_displacement_y_maximum_pointwise_relative_reference=-5.646008203530e-08
b526_friction_reversal_displacement_y_maximum_absolute_difference_index=221
b526_friction_reversal_displacement_y_maximum_absolute_difference_actual=4.092975526670e-04
b526_friction_reversal_displacement_y_maximum_absolute_difference_reference=4.085216564175e-04
b526_friction_reversal_displacement_y_zero_reference_count=80
b526_friction_reversal_displacement_y_maximum_zero_reference_absolute_difference=0.000000000000e+00
b526_friction_reversal_displacement_z_relative_l2=2.164670510020e-04
b526_friction_reversal_displacement_z_relative_absolute_peak=6.161549784501e-05
b526_friction_reversal_displacement_z_maximum_pointwise_relative=7.038141255764e-03
b526_friction_reversal_displacement_z_maximum_pointwise_relative_index=228
b526_friction_reversal_displacement_z_maximum_pointwise_relative_actual=-1.892760761437e-05
b526_friction_reversal_displacement_z_maximum_pointwise_relative_reference=-1.879532347282e-05
b526_friction_reversal_displacement_z_maximum_absolute_difference_index=229
b526_friction_reversal_displacement_z_maximum_absolute_difference_actual=-3.126440351236e-04
b526_friction_reversal_displacement_z_maximum_absolute_difference_reference=-3.125064904832e-04
b526_friction_reversal_displacement_z_zero_reference_count=160
b526_friction_reversal_displacement_z_maximum_zero_reference_absolute_difference=0.000000000000e+00
b526_friction_reversal_reaction_heat_flux_relative_l2=2.452078418564e-04
b526_friction_reversal_reaction_heat_flux_relative_absolute_peak=3.558938169071e-04
b526_friction_reversal_reaction_heat_flux_maximum_pointwise_relative=7.171034751808e-04
b526_friction_reversal_reaction_heat_flux_maximum_pointwise_relative_index=273
b526_friction_reversal_reaction_heat_flux_maximum_pointwise_relative_actual=-4.587911909426e-02
b526_friction_reversal_reaction_heat_flux_maximum_pointwise_relative_reference=-4.584624259438e-02
b526_friction_reversal_reaction_heat_flux_maximum_absolute_difference_index=110
b526_friction_reversal_reaction_heat_flux_maximum_absolute_difference_actual=7.391018678703e+03
b526_friction_reversal_reaction_heat_flux_maximum_absolute_difference_reference=7.393657762503e+03
b526_friction_reversal_reaction_heat_flux_zero_reference_count=320
b526_friction_reversal_reaction_heat_flux_maximum_zero_reference_absolute_difference=0.000000000000e+00
b526_friction_reversal_reaction_force_x_relative_l2=1.328531469673e-04
b526_friction_reversal_reaction_force_x_relative_absolute_peak=6.662978805450e-05
b526_friction_reversal_reaction_force_x_maximum_pointwise_relative=5.099161542950e-04
b526_friction_reversal_reaction_force_x_maximum_pointwise_relative_index=233
b526_friction_reversal_reaction_force_x_maximum_pointwise_relative_actual=-1.634249954716e+04
b526_friction_reversal_reaction_force_x_maximum_pointwise_relative_reference=-1.633417048976e+04
b526_friction_reversal_reaction_force_x_maximum_absolute_difference_index=225
b526_friction_reversal_reaction_force_x_maximum_absolute_difference_actual=2.039596015327e+04
b526_friction_reversal_reaction_force_x_maximum_absolute_difference_reference=2.038619026602e+04
b526_friction_reversal_reaction_force_x_zero_reference_count=320
b526_friction_reversal_reaction_force_x_maximum_zero_reference_absolute_difference=0.000000000000e+00
b526_friction_reversal_reaction_force_y_relative_l2=3.750428389548e-05
b526_friction_reversal_reaction_force_y_relative_absolute_peak=9.152463113702e-06
b526_friction_reversal_reaction_force_y_maximum_pointwise_relative=3.070506242931e-04
b526_friction_reversal_reaction_force_y_maximum_pointwise_relative_index=219
b526_friction_reversal_reaction_force_y_maximum_pointwise_relative_actual=-3.241526379739e+03
b526_friction_reversal_reaction_force_y_maximum_pointwise_relative_reference=-3.240531372558e+03
b526_friction_reversal_reaction_force_y_maximum_absolute_difference_index=219
b526_friction_reversal_reaction_force_y_maximum_absolute_difference_actual=-3.241526379739e+03
b526_friction_reversal_reaction_force_y_maximum_absolute_difference_reference=-3.240531372558e+03
b526_friction_reversal_reaction_force_y_zero_reference_count=320
b526_friction_reversal_reaction_force_y_maximum_zero_reference_absolute_difference=0.000000000000e+00
b526_friction_reversal_reaction_force_z_relative_l2=5.435709628296e-05
b526_friction_reversal_reaction_force_z_relative_absolute_peak=2.287347556082e-05
b526_friction_reversal_reaction_force_z_maximum_pointwise_relative=5.916702586148e-04
b526_friction_reversal_reaction_force_z_maximum_pointwise_relative_index=222
b526_friction_reversal_reaction_force_z_maximum_pointwise_relative_actual=-2.697927856980e+03
b526_friction_reversal_reaction_force_z_maximum_pointwise_relative_reference=-2.696332517222e+03
b526_friction_reversal_reaction_force_z_maximum_absolute_difference_index=222
b526_friction_reversal_reaction_force_z_maximum_absolute_difference_actual=-2.697927856980e+03
b526_friction_reversal_reaction_force_z_maximum_absolute_difference_reference=-2.696332517222e+03
b526_friction_reversal_reaction_force_z_zero_reference_count=320
b526_friction_reversal_reaction_force_z_maximum_zero_reference_absolute_difference=0.000000000000e+00
b526_friction_reversal_displacement_vector_relative_l2=6.174860873194e-05
b526_friction_reversal_displacement_vector_relative_absolute_peak=9.649778899890e-05
b526_friction_reversal_displacement_vector_maximum_pointwise_relative=1.986889163995e-03
b526_friction_reversal_displacement_vector_maximum_pointwise_relative_index=218
b526_friction_reversal_displacement_vector_maximum_pointwise_actual_norm=4.561441805119e-04
b526_friction_reversal_displacement_vector_maximum_pointwise_reference_norm=4.561612329324e-04
b526_friction_reversal_displacement_vector_maximum_difference_index=227
b526_friction_reversal_displacement_vector_maximum_absolute_group_difference=1.185475094639e-06
b526_friction_reversal_displacement_vector_zero_reference_count=80
b526_friction_reversal_displacement_vector_maximum_zero_reference_absolute_difference=0.000000000000e+00
b526_friction_reversal_reaction_force_vector_relative_l2=1.188163488335e-04
b526_friction_reversal_reaction_force_vector_relative_absolute_peak=3.871213469852e-04
b526_friction_reversal_reaction_force_vector_maximum_pointwise_relative=4.736735205306e-04
b526_friction_reversal_reaction_force_vector_maximum_pointwise_relative_index=225
b526_friction_reversal_reaction_force_vector_maximum_pointwise_actual_norm=2.074628304626e+04
b526_friction_reversal_reaction_force_vector_maximum_pointwise_reference_norm=2.073654123425e+04
b526_friction_reversal_reaction_force_vector_maximum_difference_index=225
b526_friction_reversal_reaction_force_vector_maximum_absolute_group_difference=9.822350490056e+00
b526_friction_reversal_reaction_force_vector_zero_reference_count=320
b526_friction_reversal_reaction_force_vector_maximum_zero_reference_absolute_difference=0.000000000000e+00
b526_friction_reversal_heat_flux_x_relative_l2=3.854183369683e-05
b526_friction_reversal_heat_flux_x_relative_absolute_peak=6.663190291222e-06
b526_friction_reversal_heat_flux_x_maximum_pointwise_relative=1.451096126174e-03
b526_friction_reversal_heat_flux_x_maximum_pointwise_relative_index=302
b526_friction_reversal_heat_flux_x_maximum_pointwise_relative_actual=-2.649898968801e+00
b526_friction_reversal_heat_flux_x_maximum_pointwise_relative_reference=-2.646059282426e+00
b526_friction_reversal_heat_flux_x_maximum_absolute_difference_index=633
b526_friction_reversal_heat_flux_x_maximum_absolute_difference_actual=-1.913537737943e+03
b526_friction_reversal_heat_flux_x_maximum_absolute_difference_reference=-1.913443977902e+03
b526_friction_reversal_heat_flux_x_zero_reference_count=0
b526_friction_reversal_heat_flux_x_maximum_zero_reference_absolute_difference=0.000000000000e+00
b526_friction_reversal_heat_flux_y_relative_l2=1.066384059546e-02
b526_friction_reversal_heat_flux_y_relative_absolute_peak=6.209188698729e-03
b526_friction_reversal_heat_flux_y_maximum_pointwise_relative=6.057242997432e+00
b526_friction_reversal_heat_flux_y_maximum_pointwise_relative_index=612
b526_friction_reversal_heat_flux_y_maximum_pointwise_relative_actual=2.890951191148e-05
b526_friction_reversal_heat_flux_y_maximum_pointwise_relative_reference=4.096431414080e-06
b526_friction_reversal_heat_flux_y_maximum_absolute_difference_index=617
b526_friction_reversal_heat_flux_y_maximum_absolute_difference_actual=4.347496689743e-02
b526_friction_reversal_heat_flux_y_maximum_absolute_difference_reference=3.735434425066e-02
b526_friction_reversal_heat_flux_y_zero_reference_count=0
b526_friction_reversal_heat_flux_y_maximum_zero_reference_absolute_difference=0.000000000000e+00
b526_friction_reversal_heat_flux_z_relative_l2=2.415319364359e+01
b526_friction_reversal_heat_flux_z_relative_absolute_peak=2.714033960371e+01
b526_friction_reversal_heat_flux_z_maximum_pointwise_relative=1.523938260357e+04
b526_friction_reversal_heat_flux_z_maximum_pointwise_relative_index=553
b526_friction_reversal_heat_flux_z_maximum_pointwise_relative_actual=-5.122728907736e-10
b526_friction_reversal_heat_flux_z_maximum_pointwise_relative_reference=3.361727449037e-14
b526_friction_reversal_heat_flux_z_maximum_absolute_difference_index=309
b526_friction_reversal_heat_flux_z_maximum_absolute_difference_actual=-2.413713673377e-09
b526_friction_reversal_heat_flux_z_maximum_absolute_difference_reference=-7.893978838324e-11
b526_friction_reversal_heat_flux_z_zero_reference_count=1
b526_friction_reversal_heat_flux_z_maximum_zero_reference_absolute_difference=2.341948857065e-11
b526_friction_reversal_stress_xx_relative_l2=1.521888855666e-04
b526_friction_reversal_stress_xx_relative_absolute_peak=2.097174549643e-06
b526_friction_reversal_stress_xx_maximum_pointwise_relative=7.221645807067e-04
b526_friction_reversal_stress_xx_maximum_pointwise_relative_index=315
b526_friction_reversal_stress_xx_maximum_pointwise_relative_actual=-5.277640033227e+04
b526_friction_reversal_stress_xx_maximum_pointwise_relative_reference=-5.273831458942e+04
b526_friction_reversal_stress_xx_maximum_absolute_difference_index=294
b526_friction_reversal_stress_xx_maximum_absolute_difference_actual=-7.938042265322e+04
b526_friction_reversal_stress_xx_maximum_absolute_difference_reference=-7.933457199944e+04
b526_friction_reversal_stress_xx_zero_reference_count=0
b526_friction_reversal_stress_xx_maximum_zero_reference_absolute_difference=0.000000000000e+00
b526_friction_reversal_stress_yy_relative_l2=1.776307532063e-04
b526_friction_reversal_stress_yy_relative_absolute_peak=3.492318408746e-05
b526_friction_reversal_stress_yy_maximum_pointwise_relative=2.901356355618e-02
b526_friction_reversal_stress_yy_maximum_pointwise_relative_index=328
b526_friction_reversal_stress_yy_maximum_pointwise_relative_actual=3.310798610324e+02
b526_friction_reversal_stress_yy_maximum_pointwise_relative_reference=3.409726939595e+02
b526_friction_reversal_stress_yy_maximum_absolute_difference_index=289
b526_friction_reversal_stress_yy_maximum_absolute_difference_actual=-1.543117277505e+04
b526_friction_reversal_stress_yy_maximum_absolute_difference_reference=-1.541226416092e+04
b526_friction_reversal_stress_yy_zero_reference_count=0
b526_friction_reversal_stress_yy_maximum_zero_reference_absolute_difference=0.000000000000e+00
b526_friction_reversal_stress_zz_relative_l2=8.841121820645e-05
b526_friction_reversal_stress_zz_relative_absolute_peak=3.088372164649e-05
b526_friction_reversal_stress_zz_maximum_pointwise_relative=1.494874757044e-02
b526_friction_reversal_stress_zz_maximum_pointwise_relative_index=297
b526_friction_reversal_stress_zz_maximum_pointwise_relative_actual=3.408563592918e+02
b526_friction_reversal_stress_zz_maximum_pointwise_relative_reference=3.460290603673e+02
b526_friction_reversal_stress_zz_maximum_absolute_difference_index=288
b526_friction_reversal_stress_zz_maximum_absolute_difference_actual=-1.773866627147e+04
b526_friction_reversal_stress_zz_maximum_absolute_difference_reference=-1.772329090417e+04
b526_friction_reversal_stress_zz_zero_reference_count=0
b526_friction_reversal_stress_zz_maximum_zero_reference_absolute_difference=0.000000000000e+00
b526_friction_reversal_stress_xy_relative_l2=3.004830506521e-04
b526_friction_reversal_stress_xy_relative_absolute_peak=6.004989549318e-05
b526_friction_reversal_stress_xy_maximum_pointwise_relative=2.951331837399e-02
b526_friction_reversal_stress_xy_maximum_pointwise_relative_index=303
b526_friction_reversal_stress_xy_maximum_pointwise_relative_actual=2.787624701306e+02
b526_friction_reversal_stress_xy_maximum_pointwise_relative_reference=2.872398719203e+02
b526_friction_reversal_stress_xy_maximum_absolute_difference_index=290
b526_friction_reversal_stress_xy_maximum_absolute_difference_actual=1.309541200131e+04
b526_friction_reversal_stress_xy_maximum_absolute_difference_reference=1.308284222315e+04
b526_friction_reversal_stress_xy_zero_reference_count=0
b526_friction_reversal_stress_xy_maximum_zero_reference_absolute_difference=0.000000000000e+00
b526_friction_reversal_stress_yz_relative_l2=1.952711051713e-03
b526_friction_reversal_stress_yz_relative_absolute_peak=3.513165552750e-03
b526_friction_reversal_stress_yz_maximum_pointwise_relative=2.329250886933e-01
b526_friction_reversal_stress_yz_maximum_pointwise_relative_index=362
b526_friction_reversal_stress_yz_maximum_pointwise_relative_actual=-5.973186922506e+00
b526_friction_reversal_stress_yz_maximum_pointwise_relative_reference=-7.786966871764e+00
b526_friction_reversal_stress_yz_maximum_absolute_difference_index=296
b526_friction_reversal_stress_yz_maximum_absolute_difference_actual=1.617847898206e+03
b526_friction_reversal_stress_yz_maximum_absolute_difference_reference=1.612184028811e+03
b526_friction_reversal_stress_yz_zero_reference_count=0
b526_friction_reversal_stress_yz_maximum_zero_reference_absolute_difference=0.000000000000e+00
b526_friction_reversal_stress_xz_relative_l2=8.436668556602e-05
b526_friction_reversal_stress_xz_relative_absolute_peak=4.390875202702e-05
b526_friction_reversal_stress_xz_maximum_pointwise_relative=7.466468562991e-04
b526_friction_reversal_stress_xz_maximum_pointwise_relative_index=289
b526_friction_reversal_stress_xz_maximum_pointwise_relative_actual=-6.594255556699e+03
b526_friction_reversal_stress_xz_maximum_pointwise_relative_reference=-6.589335649951e+03
b526_friction_reversal_stress_xz_maximum_absolute_difference_index=292
b526_friction_reversal_stress_xz_maximum_absolute_difference_actual=6.594981867939e+03
b526_friction_reversal_stress_xz_maximum_absolute_difference_reference=6.590061634234e+03
b526_friction_reversal_stress_xz_zero_reference_count=0
b526_friction_reversal_stress_xz_maximum_zero_reference_absolute_difference=0.000000000000e+00
b526_friction_reversal_logarithmic_strain_xx_relative_l2=2.017850439137e-04
b526_friction_reversal_logarithmic_strain_xx_relative_absolute_peak=1.380657534553e-05
b526_friction_reversal_logarithmic_strain_xx_maximum_pointwise_relative=6.306676685822e-02
b526_friction_reversal_logarithmic_strain_xx_maximum_pointwise_relative_index=378
b526_friction_reversal_logarithmic_strain_xx_maximum_pointwise_relative_actual=-2.962641353099e-06
b526_friction_reversal_logarithmic_strain_xx_maximum_pointwise_relative_reference=-2.786881732607e-06
b526_friction_reversal_logarithmic_strain_xx_maximum_absolute_difference_index=307
b526_friction_reversal_logarithmic_strain_xx_maximum_absolute_difference_actual=-8.897833699143e-04
b526_friction_reversal_logarithmic_strain_xx_maximum_absolute_difference_reference=-8.893036154306e-04
b526_friction_reversal_logarithmic_strain_xx_zero_reference_count=0
b526_friction_reversal_logarithmic_strain_xx_maximum_zero_reference_absolute_difference=0.000000000000e+00
b526_friction_reversal_logarithmic_strain_yy_relative_l2=2.276437878733e-04
b526_friction_reversal_logarithmic_strain_yy_relative_absolute_peak=8.688543858251e-05
b526_friction_reversal_logarithmic_strain_yy_maximum_pointwise_relative=4.841172011001e-03
b526_friction_reversal_logarithmic_strain_yy_maximum_pointwise_relative_index=288
b526_friction_reversal_logarithmic_strain_yy_maximum_pointwise_relative_actual=2.532411294387e-05
b526_friction_reversal_logarithmic_strain_yy_maximum_pointwise_relative_reference=2.544730773784e-05
b526_friction_reversal_logarithmic_strain_yy_maximum_absolute_difference_index=303
b526_friction_reversal_logarithmic_strain_yy_maximum_absolute_difference_actual=2.153176143585e-04
b526_friction_reversal_logarithmic_strain_yy_maximum_absolute_difference_reference=2.150780379100e-04
b526_friction_reversal_logarithmic_strain_yy_zero_reference_count=0
b526_friction_reversal_logarithmic_strain_yy_maximum_zero_reference_absolute_difference=0.000000000000e+00
b526_friction_reversal_logarithmic_strain_zz_relative_l2=1.211741734562e-04
b526_friction_reversal_logarithmic_strain_zz_relative_absolute_peak=1.284736970277e-05
b526_friction_reversal_logarithmic_strain_zz_maximum_pointwise_relative=2.925435143576e-03
b526_friction_reversal_logarithmic_strain_zz_maximum_pointwise_relative_index=288
b526_friction_reversal_logarithmic_strain_zz_maximum_pointwise_relative_actual=3.321849576570e-05
b526_friction_reversal_logarithmic_strain_zz_maximum_pointwise_relative_reference=3.331595944430e-05
b526_friction_reversal_logarithmic_strain_zz_maximum_absolute_difference_index=294
b526_friction_reversal_logarithmic_strain_zz_maximum_absolute_difference_actual=1.334562312152e-04
b526_friction_reversal_logarithmic_strain_zz_maximum_absolute_difference_reference=1.333101083095e-04
b526_friction_reversal_logarithmic_strain_zz_zero_reference_count=0
b526_friction_reversal_logarithmic_strain_zz_maximum_zero_reference_absolute_difference=0.000000000000e+00
b526_friction_reversal_logarithmic_strain_xy_relative_l2=2.721510295188e-04
b526_friction_reversal_logarithmic_strain_xy_relative_absolute_peak=5.990722282254e-05
b526_friction_reversal_logarithmic_strain_xy_maximum_pointwise_relative=2.957041890284e-02
b526_friction_reversal_logarithmic_strain_xy_maximum_pointwise_relative_index=303
b526_friction_reversal_logarithmic_strain_xy_maximum_pointwise_relative_actual=2.968720488461e-06
b526_friction_reversal_logarithmic_strain_xy_maximum_pointwise_relative_reference=3.059181775049e-06
b526_friction_reversal_logarithmic_strain_xy_maximum_absolute_difference_index=290
b526_friction_reversal_logarithmic_strain_xy_maximum_absolute_difference_actual=1.396768296364e-04
b526_friction_reversal_logarithmic_strain_xy_maximum_absolute_difference_reference=1.395427614574e-04
b526_friction_reversal_logarithmic_strain_xy_zero_reference_count=0
b526_friction_reversal_logarithmic_strain_xy_maximum_zero_reference_absolute_difference=0.000000000000e+00
b526_friction_reversal_logarithmic_strain_yz_relative_l2=1.960632804800e-03
b526_friction_reversal_logarithmic_strain_yz_relative_absolute_peak=3.513124064753e-03
b526_friction_reversal_logarithmic_strain_yz_maximum_pointwise_relative=2.324641485186e-01
b526_friction_reversal_logarithmic_strain_yz_maximum_pointwise_relative_index=364
b526_friction_reversal_logarithmic_strain_yz_maximum_pointwise_relative_actual=6.387902444869e-08
b526_friction_reversal_logarithmic_strain_yz_maximum_pointwise_relative_reference=8.322611162124e-08
b526_friction_reversal_logarithmic_strain_yz_maximum_absolute_difference_index=308
b526_friction_reversal_logarithmic_strain_yz_maximum_absolute_difference_actual=1.190059530410e-05
b526_friction_reversal_logarithmic_strain_yz_maximum_absolute_difference_reference=1.196196808742e-05
b526_friction_reversal_logarithmic_strain_yz_zero_reference_count=0
b526_friction_reversal_logarithmic_strain_yz_maximum_zero_reference_absolute_difference=0.000000000000e+00
b526_friction_reversal_logarithmic_strain_xz_relative_l2=7.649671603281e-05
b526_friction_reversal_logarithmic_strain_xz_relative_absolute_peak=4.610840780406e-05
b526_friction_reversal_logarithmic_strain_xz_maximum_pointwise_relative=7.467120899526e-04
b526_friction_reversal_logarithmic_strain_xz_maximum_pointwise_relative_index=289
b526_friction_reversal_logarithmic_strain_xz_maximum_pointwise_relative_actual=-7.033550691691e-05
b526_friction_reversal_logarithmic_strain_xz_maximum_pointwise_relative_reference=-7.028302573188e-05
b526_friction_reversal_logarithmic_strain_xz_maximum_absolute_difference_index=313
b526_friction_reversal_logarithmic_strain_xz_maximum_absolute_difference_actual=1.883339877085e-04
b526_friction_reversal_logarithmic_strain_xz_maximum_absolute_difference_reference=1.882797386548e-04
b526_friction_reversal_logarithmic_strain_xz_zero_reference_count=0
b526_friction_reversal_logarithmic_strain_xz_maximum_zero_reference_absolute_difference=0.000000000000e+00
b526_friction_reversal_elastic_strain_xx_relative_l2=1.839027828304e-04
b526_friction_reversal_elastic_strain_xx_relative_absolute_peak=1.424172057419e-05
b526_friction_reversal_elastic_strain_xx_maximum_pointwise_relative=2.981860753964e-03
b526_friction_reversal_elastic_strain_xx_maximum_pointwise_relative_index=315
b526_friction_reversal_elastic_strain_xx_maximum_pointwise_relative_actual=-1.465459490122e-04
b526_friction_reversal_elastic_strain_xx_maximum_pointwise_relative_reference=-1.461102685367e-04
b526_friction_reversal_elastic_strain_xx_maximum_absolute_difference_index=307
b526_friction_reversal_elastic_strain_xx_maximum_absolute_difference_actual=-9.225541594442e-04
b526_friction_reversal_elastic_strain_xx_maximum_absolute_difference_reference=-9.220850523404e-04
b526_friction_reversal_elastic_strain_xx_zero_reference_count=0
b526_friction_reversal_elastic_strain_xx_maximum_zero_reference_absolute_difference=0.000000000000e+00
b526_friction_reversal_elastic_strain_yy_relative_l2=2.854474651030e-04
b526_friction_reversal_elastic_strain_yy_relative_absolute_peak=5.040001501279e-05
b526_friction_reversal_elastic_strain_yy_maximum_pointwise_relative=4.844898241836e-03
b526_friction_reversal_elastic_strain_yy_maximum_pointwise_relative_index=288
b526_friction_reversal_elastic_strain_yy_maximum_pointwise_relative_actual=2.530697803818e-05
b526_friction_reversal_elastic_strain_yy_maximum_pointwise_relative_reference=2.543018469530e-05
b526_friction_reversal_elastic_strain_yy_maximum_absolute_difference_index=311
b526_friction_reversal_elastic_strain_yy_maximum_absolute_difference_actual=3.723800026028e-04
b526_friction_reversal_elastic_strain_yy_maximum_absolute_difference_reference=3.721306303445e-04
b526_friction_reversal_elastic_strain_yy_zero_reference_count=0
b526_friction_reversal_elastic_strain_yy_maximum_zero_reference_absolute_difference=0.000000000000e+00
b526_friction_reversal_elastic_strain_zz_relative_l2=1.565354393038e-04
b526_friction_reversal_elastic_strain_zz_relative_absolute_peak=3.870266154941e-05
b526_friction_reversal_elastic_strain_zz_maximum_pointwise_relative=2.926826180084e-03
b526_friction_reversal_elastic_strain_zz_maximum_pointwise_relative_index=288
b526_friction_reversal_elastic_strain_zz_maximum_pointwise_relative_actual=3.320518855770e-05
b526_friction_reversal_elastic_strain_zz_maximum_pointwise_relative_reference=3.330265965384e-05
b526_friction_reversal_elastic_strain_zz_maximum_absolute_difference_index=315
b526_friction_reversal_elastic_strain_zz_maximum_absolute_difference_actual=-3.065425488737e-04
b526_friction_reversal_elastic_strain_zz_maximum_absolute_difference_reference=-3.066907810207e-04
b526_friction_reversal_elastic_strain_zz_zero_reference_count=0
b526_friction_reversal_elastic_strain_zz_maximum_zero_reference_absolute_difference=0.000000000000e+00
b526_friction_reversal_elastic_strain_xy_relative_l2=2.721372271422e-04
b526_friction_reversal_elastic_strain_xy_relative_absolute_peak=6.004989549319e-05
b526_friction_reversal_elastic_strain_xy_maximum_pointwise_relative=2.951319137406e-02
b526_friction_reversal_elastic_strain_xy_maximum_pointwise_relative_index=303
b526_friction_reversal_elastic_strain_xy_maximum_pointwise_relative_actual=2.973694029314e-06
b526_friction_reversal_elastic_strain_xy_maximum_pointwise_relative_reference=3.064126171405e-06
b526_friction_reversal_elastic_strain_xy_maximum_absolute_difference_index=290
b526_friction_reversal_elastic_strain_xy_maximum_absolute_difference_actual=1.396843946806e-04
b526_friction_reversal_elastic_strain_xy_maximum_absolute_difference_reference=1.395503170470e-04
b526_friction_reversal_elastic_strain_xy_zero_reference_count=0
b526_friction_reversal_elastic_strain_xy_maximum_zero_reference_absolute_difference=0.000000000000e+00
b526_friction_reversal_elastic_strain_yz_relative_l2=1.960630137433e-03
b526_friction_reversal_elastic_strain_yz_relative_absolute_peak=3.513166642092e-03
b526_friction_reversal_elastic_strain_yz_maximum_pointwise_relative=2.329250855145e-01
b526_friction_reversal_elastic_strain_yz_maximum_pointwise_relative_index=362
b526_friction_reversal_elastic_strain_yz_maximum_pointwise_relative_actual=-6.371431887687e-08
b526_friction_reversal_elastic_strain_yz_maximum_pointwise_relative_reference=-8.306140335668e-08
b526_friction_reversal_elastic_strain_yz_maximum_absolute_difference_index=308
b526_friction_reversal_elastic_strain_yz_maximum_absolute_difference_actual=1.190706959208e-05
b526_friction_reversal_elastic_strain_yz_maximum_absolute_difference_reference=1.196844244070e-05
b526_friction_reversal_elastic_strain_yz_zero_reference_count=0
b526_friction_reversal_elastic_strain_yz_maximum_zero_reference_absolute_difference=0.000000000000e+00
b526_friction_reversal_elastic_strain_xz_relative_l2=7.649024166281e-05
b526_friction_reversal_elastic_strain_xz_relative_absolute_peak=4.609018237830e-05
b526_friction_reversal_elastic_strain_xz_maximum_pointwise_relative=7.466479426377e-04
b526_friction_reversal_elastic_strain_xz_maximum_pointwise_relative_index=289
b526_friction_reversal_elastic_strain_xz_maximum_pointwise_relative_actual=-7.033890983544e-05
b526_friction_reversal_elastic_strain_xz_maximum_pointwise_relative_reference=-7.028643061662e-05
b526_friction_reversal_elastic_strain_xz_maximum_absolute_difference_index=313
b526_friction_reversal_elastic_strain_xz_maximum_absolute_difference_actual=1.883341925904e-04
b526_friction_reversal_elastic_strain_xz_maximum_absolute_difference_reference=1.882799428532e-04
b526_friction_reversal_elastic_strain_xz_zero_reference_count=0
b526_friction_reversal_elastic_strain_xz_maximum_zero_reference_absolute_difference=0.000000000000e+00
b526_friction_reversal_plastic_strain_xx_absolute_l2=0.000000000000e+00
b526_friction_reversal_plastic_strain_xx_absolute_peak=0.000000000000e+00
b526_friction_reversal_plastic_strain_xx_maximum_pointwise_absolute=0.000000000000e+00
b526_friction_reversal_plastic_strain_yy_absolute_l2=0.000000000000e+00
b526_friction_reversal_plastic_strain_yy_absolute_peak=0.000000000000e+00
b526_friction_reversal_plastic_strain_yy_maximum_pointwise_absolute=0.000000000000e+00
b526_friction_reversal_plastic_strain_zz_absolute_l2=0.000000000000e+00
b526_friction_reversal_plastic_strain_zz_absolute_peak=0.000000000000e+00
b526_friction_reversal_plastic_strain_zz_maximum_pointwise_absolute=0.000000000000e+00
b526_friction_reversal_plastic_strain_xy_absolute_l2=0.000000000000e+00
b526_friction_reversal_plastic_strain_xy_absolute_peak=0.000000000000e+00
b526_friction_reversal_plastic_strain_xy_maximum_pointwise_absolute=0.000000000000e+00
b526_friction_reversal_plastic_strain_yz_absolute_l2=0.000000000000e+00
b526_friction_reversal_plastic_strain_yz_absolute_peak=0.000000000000e+00
b526_friction_reversal_plastic_strain_yz_maximum_pointwise_absolute=0.000000000000e+00
b526_friction_reversal_plastic_strain_xz_absolute_l2=0.000000000000e+00
b526_friction_reversal_plastic_strain_xz_absolute_peak=0.000000000000e+00
b526_friction_reversal_plastic_strain_xz_maximum_pointwise_absolute=0.000000000000e+00
b526_friction_reversal_equivalent_plastic_strain_absolute_l2=0.000000000000e+00
b526_friction_reversal_equivalent_plastic_strain_absolute_peak=0.000000000000e+00
b526_friction_reversal_equivalent_plastic_strain_maximum_pointwise_absolute=0.000000000000e+00
b526_friction_reversal_creep_strain_xx_absolute_l2=0.000000000000e+00
b526_friction_reversal_creep_strain_xx_absolute_peak=0.000000000000e+00
b526_friction_reversal_creep_strain_xx_maximum_pointwise_absolute=0.000000000000e+00
b526_friction_reversal_creep_strain_yy_absolute_l2=0.000000000000e+00
b526_friction_reversal_creep_strain_yy_absolute_peak=0.000000000000e+00
b526_friction_reversal_creep_strain_yy_maximum_pointwise_absolute=0.000000000000e+00
b526_friction_reversal_creep_strain_zz_absolute_l2=0.000000000000e+00
b526_friction_reversal_creep_strain_zz_absolute_peak=0.000000000000e+00
b526_friction_reversal_creep_strain_zz_maximum_pointwise_absolute=0.000000000000e+00
b526_friction_reversal_creep_strain_xy_absolute_l2=0.000000000000e+00
b526_friction_reversal_creep_strain_xy_absolute_peak=0.000000000000e+00
b526_friction_reversal_creep_strain_xy_maximum_pointwise_absolute=0.000000000000e+00
b526_friction_reversal_creep_strain_yz_absolute_l2=0.000000000000e+00
b526_friction_reversal_creep_strain_yz_absolute_peak=0.000000000000e+00
b526_friction_reversal_creep_strain_yz_maximum_pointwise_absolute=0.000000000000e+00
b526_friction_reversal_creep_strain_xz_absolute_l2=0.000000000000e+00
b526_friction_reversal_creep_strain_xz_absolute_peak=0.000000000000e+00
b526_friction_reversal_creep_strain_xz_maximum_pointwise_absolute=0.000000000000e+00
b526_friction_reversal_equivalent_creep_strain_absolute_l2=0.000000000000e+00
b526_friction_reversal_equivalent_creep_strain_absolute_peak=0.000000000000e+00
b526_friction_reversal_equivalent_creep_strain_maximum_pointwise_absolute=0.000000000000e+00
b526_friction_reversal_material_temperature_relative_l2=3.985437122069e-06
b526_friction_reversal_material_temperature_relative_absolute_peak=2.842170943040e-16
b526_friction_reversal_material_temperature_maximum_pointwise_relative=1.360668325347e-05
b526_friction_reversal_material_temperature_maximum_pointwise_relative_index=625
b526_friction_reversal_material_temperature_maximum_pointwise_relative_actual=3.129927153400e+02
b526_friction_reversal_material_temperature_maximum_pointwise_relative_reference=3.129969741907e+02
b526_friction_reversal_material_temperature_maximum_absolute_difference_index=625
b526_friction_reversal_material_temperature_maximum_absolute_difference_actual=3.129927153400e+02
b526_friction_reversal_material_temperature_maximum_absolute_difference_reference=3.129969741907e+02
b526_friction_reversal_material_temperature_zero_reference_count=0
b526_friction_reversal_material_temperature_maximum_zero_reference_absolute_difference=0.000000000000e+00
b526_friction_reversal_integration_volume_relative_l2=4.943075561871e-08
b526_friction_reversal_integration_volume_relative_absolute_peak=6.824534040369e-08
b526_friction_reversal_integration_volume_maximum_pointwise_relative=1.442937562462e-07
b526_friction_reversal_integration_volume_maximum_pointwise_relative_index=314
b526_friction_reversal_integration_volume_maximum_pointwise_relative_actual=6.255162032316e-02
b526_friction_reversal_integration_volume_maximum_pointwise_relative_reference=6.255162934897e-02
b526_friction_reversal_integration_volume_maximum_absolute_difference_index=314
b526_friction_reversal_integration_volume_maximum_absolute_difference_actual=6.255162032316e-02
b526_friction_reversal_integration_volume_maximum_absolute_difference_reference=6.255162934897e-02
b526_friction_reversal_integration_volume_zero_reference_count=0
b526_friction_reversal_integration_volume_maximum_zero_reference_absolute_difference=0.000000000000e+00
b526_friction_reversal_integration_position_relative_l2=1.061290727190e-07
b526_friction_reversal_integration_position_relative_absolute_peak=3.786180278914e-07
b526_friction_reversal_integration_position_maximum_pointwise_relative=6.894057668347e-07
b526_friction_reversal_integration_position_maximum_pointwise_relative_index=297
b526_friction_reversal_integration_position_maximum_pointwise_actual_norm=9.426080303962e-01
b526_friction_reversal_integration_position_maximum_pointwise_reference_norm=9.426076996131e-01
b526_friction_reversal_integration_position_maximum_difference_index=303
b526_friction_reversal_integration_position_maximum_absolute_group_difference=8.336292890593e-07
b526_friction_reversal_integration_position_zero_reference_count=0
b526_friction_reversal_integration_position_maximum_zero_reference_absolute_difference=0.000000000000e+00
b526_friction_reversal_stress_tensor_relative_l2=1.533097326342e-04
b526_friction_reversal_stress_tensor_relative_absolute_peak=4.045065275103e-04
b526_friction_reversal_stress_tensor_maximum_pointwise_relative=6.622747823331e-04
b526_friction_reversal_stress_tensor_maximum_pointwise_relative_index=306
b526_friction_reversal_stress_tensor_maximum_pointwise_actual_norm=6.672448619337e+04
b526_friction_reversal_stress_tensor_maximum_pointwise_reference_norm=6.668206161312e+04
b526_friction_reversal_stress_tensor_maximum_difference_index=302
b526_friction_reversal_stress_tensor_maximum_absolute_group_difference=4.929127459882e+01
b526_friction_reversal_stress_tensor_zero_reference_count=0
b526_friction_reversal_stress_tensor_maximum_zero_reference_absolute_difference=0.000000000000e+00
b526_friction_reversal_logarithmic_strain_tensor_relative_l2=1.980139504010e-04
b526_friction_reversal_logarithmic_strain_tensor_relative_absolute_peak=4.644455254155e-04
b526_friction_reversal_logarithmic_strain_tensor_maximum_pointwise_relative=9.217874734124e-04
b526_friction_reversal_logarithmic_strain_tensor_maximum_pointwise_relative_index=315
b526_friction_reversal_logarithmic_strain_tensor_maximum_pointwise_actual_norm=5.479301393601e-04
b526_friction_reversal_logarithmic_strain_tensor_maximum_pointwise_reference_norm=5.481079835471e-04
b526_friction_reversal_logarithmic_strain_tensor_maximum_difference_index=307
b526_friction_reversal_logarithmic_strain_tensor_maximum_absolute_group_difference=5.591760675842e-07
b526_friction_reversal_logarithmic_strain_tensor_zero_reference_count=0
b526_friction_reversal_logarithmic_strain_tensor_maximum_zero_reference_absolute_difference=0.000000000000e+00
b526_friction_reversal_elastic_strain_tensor_relative_l2=1.968882497076e-04
b526_friction_reversal_elastic_strain_tensor_relative_absolute_peak=4.618346400808e-04
b526_friction_reversal_elastic_strain_tensor_maximum_pointwise_relative=9.683104257216e-04
b526_friction_reversal_elastic_strain_tensor_maximum_pointwise_relative_index=315
b526_friction_reversal_elastic_strain_tensor_maximum_pointwise_actual_norm=5.190497040560e-04
b526_friction_reversal_elastic_strain_tensor_maximum_pointwise_reference_norm=5.191048022927e-04
b526_friction_reversal_elastic_strain_tensor_maximum_difference_index=307
b526_friction_reversal_elastic_strain_tensor_maximum_absolute_group_difference=5.572471667419e-07
b526_friction_reversal_elastic_strain_tensor_zero_reference_count=0
b526_friction_reversal_elastic_strain_tensor_maximum_zero_reference_absolute_difference=0.000000000000e+00
b526_friction_reversal_plastic_strain_tensor_zero_reference_count=640
b526_friction_reversal_plastic_strain_tensor_maximum_zero_reference_absolute_difference=0.000000000000e+00
b526_friction_reversal_plastic_strain_tensor_maximum_difference_index=0
b526_friction_reversal_creep_strain_tensor_zero_reference_count=640
b526_friction_reversal_creep_strain_tensor_maximum_zero_reference_absolute_difference=0.000000000000e+00
b526_friction_reversal_creep_strain_tensor_maximum_difference_index=0
b526_friction_reversal_equivalent_plastic_strain_absolute_l2=0.000000000000e+00
b526_friction_reversal_equivalent_plastic_strain_absolute_peak=0.000000000000e+00
b526_friction_reversal_equivalent_plastic_strain_maximum_pointwise_absolute=0.000000000000e+00
b526_friction_reversal_equivalent_creep_strain_absolute_l2=0.000000000000e+00
b526_friction_reversal_equivalent_creep_strain_absolute_peak=0.000000000000e+00
b526_friction_reversal_equivalent_creep_strain_maximum_pointwise_absolute=0.000000000000e+00
b526_friction_reversal_material_temperature_relative_l2=3.985437122069e-06
b526_friction_reversal_material_temperature_relative_absolute_peak=2.842170943040e-16
b526_friction_reversal_material_temperature_maximum_pointwise_relative=1.360668325347e-05
b526_friction_reversal_material_temperature_maximum_pointwise_relative_index=625
b526_friction_reversal_material_temperature_maximum_pointwise_relative_actual=3.129927153400e+02
b526_friction_reversal_material_temperature_maximum_pointwise_relative_reference=3.129969741907e+02
b526_friction_reversal_material_temperature_maximum_absolute_difference_index=625
b526_friction_reversal_material_temperature_maximum_absolute_difference_actual=3.129927153400e+02
b526_friction_reversal_material_temperature_maximum_absolute_difference_reference=3.129969741907e+02
b526_friction_reversal_material_temperature_zero_reference_count=0
b526_friction_reversal_material_temperature_maximum_zero_reference_absolute_difference=0.000000000000e+00
b526_friction_reversal_integration_volume_relative_l2=4.943075561871e-08
b526_friction_reversal_integration_volume_relative_absolute_peak=6.824534040369e-08
b526_friction_reversal_integration_volume_maximum_pointwise_relative=1.442937562462e-07
b526_friction_reversal_integration_volume_maximum_pointwise_relative_index=314
b526_friction_reversal_integration_volume_maximum_pointwise_relative_actual=6.255162032316e-02
b526_friction_reversal_integration_volume_maximum_pointwise_relative_reference=6.255162934897e-02
b526_friction_reversal_integration_volume_maximum_absolute_difference_index=314
b526_friction_reversal_integration_volume_maximum_absolute_difference_actual=6.255162032316e-02
b526_friction_reversal_integration_volume_maximum_absolute_difference_reference=6.255162934897e-02
b526_friction_reversal_integration_volume_zero_reference_count=0
b526_friction_reversal_integration_volume_maximum_zero_reference_absolute_difference=0.000000000000e+00
b526_friction_reversal_heat_flux_vector_relative_l2=3.856723980620e-05
b526_friction_reversal_heat_flux_vector_relative_absolute_peak=4.366986334235e-05
b526_friction_reversal_heat_flux_vector_maximum_pointwise_relative=1.561041724822e-03
b526_friction_reversal_heat_flux_vector_maximum_pointwise_relative_index=303
b526_friction_reversal_heat_flux_vector_maximum_pointwise_actual_norm=2.650265117136e+00
b526_friction_reversal_heat_flux_vector_maximum_pointwise_reference_norm=2.646410172562e+00
b526_friction_reversal_heat_flux_vector_maximum_difference_index=633
b526_friction_reversal_heat_flux_vector_maximum_absolute_group_difference=9.376008843250e-02
b526_friction_reversal_heat_flux_vector_zero_reference_count=0
b526_friction_reversal_heat_flux_vector_maximum_zero_reference_absolute_difference=0.000000000000e+00
b526_friction_reversal_maximum_integration_coordinate_difference=8.336292890593e-07
b526_friction_reversal_internal_energy_relative_l2=1.769459661463e-04
b526_friction_reversal_internal_energy_relative_absolute_peak=4.672461501485e-05
b526_friction_reversal_internal_energy_maximum_pointwise_relative=4.784332968704e-04
b526_friction_reversal_internal_energy_maximum_pointwise_relative_index=9
b526_friction_reversal_internal_energy_maximum_pointwise_relative_actual=6.018975179115e+01
b526_friction_reversal_internal_energy_maximum_pointwise_relative_reference=6.016096878052e+01
b526_friction_reversal_internal_energy_maximum_absolute_difference_index=9
b526_friction_reversal_internal_energy_maximum_absolute_difference_actual=6.018975179115e+01
b526_friction_reversal_internal_energy_maximum_absolute_difference_reference=6.016096878052e+01
b526_friction_reversal_internal_energy_zero_reference_count=0
b526_friction_reversal_internal_energy_maximum_zero_reference_absolute_difference=0.000000000000e+00
b526_friction_reversal_elastic_energy_relative_l2=1.769459661463e-04
b526_friction_reversal_elastic_energy_relative_absolute_peak=4.672461501485e-05
b526_friction_reversal_elastic_energy_maximum_pointwise_relative=4.784332968704e-04
b526_friction_reversal_elastic_energy_maximum_pointwise_relative_index=9
b526_friction_reversal_elastic_energy_maximum_pointwise_relative_actual=6.018975179115e+01
b526_friction_reversal_elastic_energy_maximum_pointwise_relative_reference=6.016096878052e+01
b526_friction_reversal_elastic_energy_maximum_absolute_difference_index=9
b526_friction_reversal_elastic_energy_maximum_absolute_difference_actual=6.018975179115e+01
b526_friction_reversal_elastic_energy_maximum_absolute_difference_reference=6.016096878052e+01
b526_friction_reversal_elastic_energy_zero_reference_count=0
b526_friction_reversal_elastic_energy_maximum_zero_reference_absolute_difference=0.000000000000e+00
b526_friction_reversal_plastic_dissipation_absolute_l2=0.000000000000e+00
b526_friction_reversal_plastic_dissipation_absolute_peak=0.000000000000e+00
b526_friction_reversal_plastic_dissipation_maximum_pointwise_absolute=0.000000000000e+00
b526_friction_reversal_creep_dissipation_absolute_l2=0.000000000000e+00
b526_friction_reversal_creep_dissipation_absolute_peak=0.000000000000e+00
b526_friction_reversal_creep_dissipation_maximum_pointwise_absolute=0.000000000000e+00
b526_friction_reversal_friction_dissipation_relative_l2=3.303121251806e-02
b526_friction_reversal_friction_dissipation_relative_absolute_peak=3.362678770552e-02
b526_friction_reversal_friction_dissipation_maximum_pointwise_relative=8.110224679644e-02
b526_friction_reversal_friction_dissipation_maximum_pointwise_relative_index=7
b526_friction_reversal_friction_dissipation_maximum_pointwise_relative_actual=5.648473544023e+00
b526_friction_reversal_friction_dissipation_maximum_pointwise_relative_reference=5.224735736847e+00
b526_friction_reversal_friction_dissipation_maximum_absolute_difference_index=14
b526_friction_reversal_friction_dissipation_maximum_absolute_difference_actual=4.029831461949e+01
b526_friction_reversal_friction_dissipation_maximum_absolute_difference_reference=3.898729705811e+01
b526_friction_reversal_friction_dissipation_zero_reference_count=7
b526_friction_reversal_friction_dissipation_maximum_zero_reference_absolute_difference=0.000000000000e+00
b526_friction_reversal_external_work_relative_l2=3.129808904471e-05
b526_friction_reversal_external_work_relative_absolute_peak=2.157776759274e-05
b526_friction_reversal_external_work_maximum_pointwise_relative=7.691177175490e-05
b526_friction_reversal_external_work_maximum_pointwise_relative_index=9
b526_friction_reversal_external_work_maximum_pointwise_relative_actual=6.865403020219e+01
b526_friction_reversal_external_work_maximum_pointwise_relative_reference=6.864875030518e+01
b526_friction_reversal_external_work_maximum_absolute_difference_index=9
b526_friction_reversal_external_work_maximum_absolute_difference_actual=6.865403020219e+01
b526_friction_reversal_external_work_maximum_absolute_difference_reference=6.864875030518e+01
b526_friction_reversal_external_work_zero_reference_count=0
b526_friction_reversal_external_work_maximum_zero_reference_absolute_difference=0.000000000000e+00
b526_friction_reversal_boundary_heat_rate_relative_l2=2.449563911908e-04
b526_friction_reversal_boundary_heat_rate_relative_absolute_peak=3.563514609485e-04
b526_friction_reversal_boundary_heat_rate_maximum_pointwise_relative=3.563514609485e-04
b526_friction_reversal_boundary_heat_rate_maximum_pointwise_relative_index=4
b526_friction_reversal_boundary_heat_rate_maximum_pointwise_relative_actual=2.956408336355e+04
b526_friction_reversal_boundary_heat_rate_maximum_pointwise_relative_reference=2.957462232342e+04
b526_friction_reversal_boundary_heat_rate_maximum_absolute_difference_index=4
b526_friction_reversal_boundary_heat_rate_maximum_absolute_difference_actual=2.956408336355e+04
b526_friction_reversal_boundary_heat_rate_maximum_absolute_difference_reference=2.957462232342e+04
b526_friction_reversal_boundary_heat_rate_zero_reference_count=0
b526_friction_reversal_boundary_heat_rate_maximum_zero_reference_absolute_difference=0.000000000000e+00
b526_friction_reversal_mechanical_hourglass_energy_absolute_l2=0.000000000000e+00
b526_friction_reversal_mechanical_hourglass_energy_absolute_peak=0.000000000000e+00
b526_friction_reversal_mechanical_hourglass_energy_maximum_pointwise_absolute=0.000000000000e+00
b526_friction_reversal_abaqus_artificial_energy_maximum_absolute=0.000000000000e+00
b526_friction_reversal_abaqus_artificial_energy_maximum_internal_fraction=0.000000000000e+00
b526_friction_reversal_compared_nodal_rows=480
b526_friction_reversal_compared_integration_rows=640
b526_friction_reversal_compared_energy_rows=20
b526_friction_reversal_contact_position_relative_l2=2.498593271081e-07
b526_friction_reversal_contact_position_relative_absolute_peak=6.574955485934e-07
b526_friction_reversal_contact_position_maximum_pointwise_relative=8.100504983009e-07
b526_friction_reversal_contact_position_maximum_pointwise_relative_index=36
b526_friction_reversal_contact_position_maximum_pointwise_actual_norm=9.996206847317e-01
b526_friction_reversal_contact_position_maximum_pointwise_reference_norm=9.996211591851e-01
b526_friction_reversal_contact_position_maximum_difference_index=37
b526_friction_reversal_contact_position_maximum_absolute_group_difference=1.142952369271e-06
b526_friction_reversal_contact_position_zero_reference_count=0
b526_friction_reversal_contact_position_maximum_zero_reference_absolute_difference=0.000000000000e+00
b526_friction_reversal_contact_slip_vector_relative_l2=1.188989908184e-05
b526_friction_reversal_contact_slip_vector_relative_absolute_peak=9.019111294150e-06
b526_friction_reversal_contact_slip_vector_maximum_pointwise_relative=4.339486399065e-04
b526_friction_reversal_contact_slip_vector_maximum_pointwise_relative_index=54
b526_friction_reversal_contact_slip_vector_maximum_pointwise_actual_norm=1.618508021740e-04
b526_friction_reversal_contact_slip_vector_maximum_pointwise_reference_norm=1.618774188627e-04
b526_friction_reversal_contact_slip_vector_maximum_difference_index=38
b526_friction_reversal_contact_slip_vector_maximum_absolute_group_difference=1.022019812250e-07
b526_friction_reversal_contact_slip_vector_zero_reference_count=0
b526_friction_reversal_contact_slip_vector_maximum_zero_reference_absolute_difference=0.000000000000e+00
b526_friction_reversal_contact_normal_force_vector_relative_l2=1.329207548196e-04
b526_friction_reversal_contact_normal_force_vector_relative_absolute_peak=4.784673858810e-04
b526_friction_reversal_contact_normal_force_vector_maximum_pointwise_relative=4.975339379456e-04
b526_friction_reversal_contact_normal_force_vector_maximum_pointwise_relative_index=37
b526_friction_reversal_contact_normal_force_vector_maximum_pointwise_actual_norm=1.816323604325e+04
b526_friction_reversal_contact_normal_force_vector_maximum_pointwise_reference_norm=1.815420374678e+04
b526_friction_reversal_contact_normal_force_vector_maximum_difference_index=37
b526_friction_reversal_contact_normal_force_vector_maximum_absolute_group_difference=9.032332480400e+00
b526_friction_reversal_contact_normal_force_vector_zero_reference_count=0
b526_friction_reversal_contact_normal_force_vector_maximum_zero_reference_absolute_difference=0.000000000000e+00
b526_friction_reversal_contact_complete_force_vector_relative_l2=1.307406190398e-04
b526_friction_reversal_contact_complete_force_vector_relative_absolute_peak=4.713990031304e-04
b526_friction_reversal_contact_complete_force_vector_maximum_pointwise_relative=4.901781491983e-04
b526_friction_reversal_contact_complete_force_vector_maximum_pointwise_relative_index=37
b526_friction_reversal_contact_complete_force_vector_maximum_pointwise_actual_norm=1.818592588910e+04
b526_friction_reversal_contact_complete_force_vector_maximum_pointwise_reference_norm=1.817701597180e+04
b526_friction_reversal_contact_complete_force_vector_maximum_difference_index=37
b526_friction_reversal_contact_complete_force_vector_maximum_absolute_group_difference=8.909976047007e+00
b526_friction_reversal_contact_complete_force_vector_zero_reference_count=0
b526_friction_reversal_contact_complete_force_vector_maximum_zero_reference_absolute_difference=0.000000000000e+00
b526_friction_reversal_contact_resultant_relative_l2=1.096243309163e-04
b526_friction_reversal_contact_resultant_relative_absolute_peak=2.880919445724e-04
b526_friction_reversal_contact_resultant_maximum_pointwise_relative=2.974631088617e-04
b526_friction_reversal_contact_resultant_maximum_pointwise_relative_index=9
b526_friction_reversal_contact_resultant_maximum_pointwise_actual_norm=7.307021322111e+04
b526_friction_reversal_contact_resultant_maximum_pointwise_reference_norm=7.304848423395e+04
b526_friction_reversal_contact_resultant_maximum_difference_index=9
b526_friction_reversal_contact_resultant_maximum_absolute_group_difference=2.172922921787e+01
b526_friction_reversal_contact_resultant_zero_reference_count=0
b526_friction_reversal_contact_resultant_maximum_zero_reference_absolute_difference=0.000000000000e+00
b526_friction_reversal_contact_moment_relative_l2=1.558214994594e-04
b526_friction_reversal_contact_moment_relative_absolute_peak=4.041838924981e-04
b526_friction_reversal_contact_moment_maximum_pointwise_relative=4.041838924981e-04
b526_friction_reversal_contact_moment_maximum_pointwise_relative_index=9
b526_friction_reversal_contact_moment_maximum_pointwise_actual_norm=5.476105415522e+04
b526_friction_reversal_contact_moment_maximum_pointwise_reference_norm=5.473944899677e+04
b526_friction_reversal_contact_moment_maximum_difference_index=9
b526_friction_reversal_contact_moment_maximum_absolute_group_difference=2.212480356871e+01
b526_friction_reversal_contact_moment_zero_reference_count=0
b526_friction_reversal_contact_moment_maximum_zero_reference_absolute_difference=0.000000000000e+00
b526_friction_reversal_contact_normal_force_center_relative_l2=2.898716343984e-05
b526_friction_reversal_contact_normal_force_center_relative_absolute_peak=8.159407077451e-05
b526_friction_reversal_contact_normal_force_center_maximum_pointwise_relative=8.159407077451e-05
b526_friction_reversal_contact_normal_force_center_maximum_pointwise_relative_index=9
b526_friction_reversal_contact_normal_force_center_maximum_pointwise_actual_norm=1.228075571101e+00
b526_friction_reversal_contact_normal_force_center_maximum_pointwise_reference_norm=1.228033869923e+00
b526_friction_reversal_contact_normal_force_center_maximum_difference_index=9
b526_friction_reversal_contact_normal_force_center_maximum_absolute_group_difference=1.002002824960e-04
b526_friction_reversal_contact_normal_force_center_zero_reference_count=0
b526_friction_reversal_contact_normal_force_center_maximum_zero_reference_absolute_difference=0.000000000000e+00
b526_friction_reversal_contact_shear_force_vector_relative_l2=2.077909294682e-04
b526_friction_reversal_contact_shear_force_vector_relative_absolute_peak=5.018043526622e-04
b526_friction_reversal_contact_shear_force_vector_maximum_pointwise_relative=5.193234233011e-04
b526_friction_reversal_contact_shear_force_vector_maximum_pointwise_relative_index=37
b526_friction_reversal_contact_shear_force_vector_maximum_pointwise_actual_norm=9.081612637741e+02
b526_friction_reversal_contact_shear_force_vector_maximum_pointwise_reference_norm=9.077096646290e+02
b526_friction_reversal_contact_shear_force_vector_maximum_difference_index=37
b526_friction_reversal_contact_shear_force_vector_maximum_absolute_group_difference=4.713948903987e-01
b526_friction_reversal_contact_shear_force_vector_zero_reference_count=0
b526_friction_reversal_contact_shear_force_vector_maximum_zero_reference_absolute_difference=0.000000000000e+00
b526_friction_reversal_contact_pressure_relative_l2=2.798435009802e-03
b526_friction_reversal_contact_pressure_relative_absolute_peak=1.692344055186e-03
b526_friction_reversal_contact_pressure_maximum_pointwise_relative=1.043273032689e-02
b526_friction_reversal_contact_pressure_maximum_pointwise_relative_index=39
b526_friction_reversal_contact_pressure_maximum_pointwise_relative_actual=7.264172429410e+04
b526_friction_reversal_contact_pressure_maximum_pointwise_relative_reference=7.340756563027e+04
b526_friction_reversal_contact_pressure_maximum_absolute_difference_index=39
b526_friction_reversal_contact_pressure_maximum_absolute_difference_actual=7.264172429410e+04
b526_friction_reversal_contact_pressure_maximum_absolute_difference_reference=7.340756563027e+04
b526_friction_reversal_contact_pressure_zero_reference_count=0
b526_friction_reversal_contact_pressure_maximum_zero_reference_absolute_difference=0.000000000000e+00
b526_friction_reversal_contact_normal_force_magnitude_relative_l2=1.329196840465e-04
b526_friction_reversal_contact_normal_force_magnitude_relative_absolute_peak=6.940242641453e-05
b526_friction_reversal_contact_normal_force_magnitude_maximum_pointwise_relative=4.975319546971e-04
b526_friction_reversal_contact_normal_force_magnitude_maximum_pointwise_relative_index=37
b526_friction_reversal_contact_normal_force_magnitude_maximum_pointwise_relative_actual=1.816323604325e+04
b526_friction_reversal_contact_normal_force_magnitude_maximum_pointwise_relative_reference=1.815420374678e+04
b526_friction_reversal_contact_normal_force_magnitude_maximum_absolute_difference_index=37
b526_friction_reversal_contact_normal_force_magnitude_maximum_absolute_difference_actual=1.816323604325e+04
b526_friction_reversal_contact_normal_force_magnitude_maximum_absolute_difference_reference=1.815420374678e+04
b526_friction_reversal_contact_normal_force_magnitude_zero_reference_count=0
b526_friction_reversal_contact_normal_force_magnitude_maximum_zero_reference_absolute_difference=0.000000000000e+00
b526_friction_reversal_contact_state_match_fraction=1.000000000000e+00
b526_friction_reversal_contact_transition_verified=1
b526_friction_reversal_maximum_tangent_basis_error=4.440892098501e-16
[PASS] b526_friction_reversal Abaqus full-field comparison
[PASS] production-executable result comparison hex8-contact-path
