rz_reaction_heat_relative_tolerance=1.000000000000e-03
rz_reaction_heat_absolute_tolerance=2.000000000000e-11
rz_temperature_maximum_absolute_difference=0.000000000000e+00
rz_displacement_maximum_absolute_difference=6.776263578034e-21
rz_support_reaction_maximum_absolute_difference=7.980816208660e-11
rz_reaction_heat_maximum_absolute_difference=1.430674239991e-11
rz_bottom_axial_reaction_maximum_absolute_difference=5.315747841905e-13
rz_stress_tensor_maximum_absolute_difference=1.558205927710e-07
rz_elastic_tensor_maximum_absolute_difference=9.760132242940e-17
rz_plastic_tensor_maximum_absolute_difference=0.000000000000e+00
rz_creep_tensor_maximum_absolute_difference=0.000000000000e+00
rz_equivalent_plastic_strain_maximum_absolute_difference=0.000000000000e+00
rz_equivalent_creep_strain_maximum_absolute_difference=0.000000000000e+00
rz_accepted_frames=14
rz_abaqus_qualification=passed
rz8_recovered_pressure_relative_l2=1.100395786080e-13
rz8_recovered_pressure_relative_absolute_peak=2.750983605018e-14
rz8_recovered_pressure_maximum_pointwise_relative=6.016343832021e-13
rz8_recovered_pressure_maximum_pointwise_relative_index=6
rz8_recovered_pressure_maximum_pointwise_relative_actual=9.999999999997e+06
rz8_recovered_pressure_maximum_pointwise_relative_reference=9.999999999991e+06
rz8_recovered_pressure_maximum_absolute_difference_index=6
rz8_recovered_pressure_maximum_absolute_difference_actual=9.999999999997e+06
rz8_recovered_pressure_maximum_absolute_difference_reference=9.999999999991e+06
rz8_recovered_pressure_zero_reference_count=0
rz8_recovered_pressure_maximum_zero_reference_absolute_difference=0.000000000000e+00
rz8_recovered_shear_relative_l2=7.322510356277e-14
rz8_recovered_shear_relative_absolute_peak=1.001974632000e-14
rz8_recovered_shear_maximum_pointwise_relative=4.428228647968e-13
rz8_recovered_shear_maximum_pointwise_relative_index=3
rz8_recovered_shear_maximum_pointwise_relative_actual=-3.599999999999e+04
rz8_recovered_shear_maximum_pointwise_relative_reference=-3.599999999998e+04
rz8_recovered_shear_maximum_absolute_difference_index=0
rz8_recovered_shear_maximum_absolute_difference_actual=2.666666666666e+06
rz8_recovered_shear_maximum_absolute_difference_reference=2.666666666667e+06
rz8_recovered_shear_zero_reference_count=0
rz8_recovered_shear_maximum_zero_reference_absolute_difference=0.000000000000e+00
rz8_recovery_gap_relative_l2=1.047438810035e-13
rz8_recovery_gap_relative_absolute_peak=0.000000000000e+00
rz8_recovery_gap_maximum_pointwise_relative=4.336808689945e-13
rz8_recovery_gap_maximum_pointwise_relative_index=3
rz8_recovery_gap_maximum_pointwise_relative_actual=-9.999999999997e-07
rz8_recovery_gap_maximum_pointwise_relative_reference=-9.999999999993e-07
rz8_recovery_gap_maximum_absolute_difference_index=3
rz8_recovery_gap_maximum_absolute_difference_actual=-9.999999999997e-07
rz8_recovery_gap_maximum_absolute_difference_reference=-9.999999999993e-07
rz8_recovery_gap_zero_reference_count=0
rz8_recovery_gap_maximum_zero_reference_absolute_difference=0.000000000000e+00
rz8_recovery_normal_force_relative_l2=9.324975540353e-14
rz8_recovery_normal_force_relative_absolute_peak=1.245221960747e-14
rz8_recovery_normal_force_maximum_pointwise_relative=5.946776443821e-13
rz8_recovery_normal_force_maximum_pointwise_relative_index=8
rz8_recovery_normal_force_maximum_pointwise_relative_actual=8.387754360973e+01
rz8_recovery_normal_force_maximum_pointwise_relative_reference=8.387754360968e+01
rz8_recovery_normal_force_maximum_absolute_difference_index=8
rz8_recovery_normal_force_maximum_absolute_difference_actual=8.387754360973e+01
rz8_recovery_normal_force_maximum_absolute_difference_reference=8.387754360968e+01
rz8_recovery_normal_force_zero_reference_count=25
rz8_recovery_normal_force_maximum_zero_reference_absolute_difference=0.000000000000e+00
rz8_recovery_tangent_force_maximum_absolute_difference=3.097966327914e-12
rz8_recovery_near_zero_stress_count=75
rz8_recovery_near_zero_stress_maximum_absolute_difference=8.906024621483e-09
rz8_recovery_open_frames=1
rz8_recovery_partial_frames=5
[PASS] production-executable result comparison rz8-recovery-abaqus
