Analysis initiated from SIMULIA established products
Abaqus JOB b41_hex8_finite_sliding_small
Abaqus 2025
Abaqus License Manager checked out the following licenses:
Abaqus/Standard checked out 5 tokens from Flexnet server MSI.
<9974 out of 9999 licenses remain available>.
Begin Analysis Input File Processor
9/13/2026 11:14:18 PM
Run pre.exe
9/13/2026 11:14:19 PM
End Analysis Input File Processor
Begin Abaqus/Standard Analysis
9/13/2026 11:14:19 PM
Run standard.exe
9/13/2026 11:14:20 PM
End Abaqus/Standard Analysis
Begin SIM Wrap-up
9/13/2026 11:14:22 PM
Run SMASimUtility.exe
9/13/2026 11:14:22 PM
End SIM Wrap-up
Abaqus JOB b41_hex8_finite_sliding_small COMPLETED
Analysis initiated from SIMULIA established products
Abaqus JOB b41_hex8_finite_sliding_finite
Abaqus 2025
Abaqus License Manager checked out the following licenses:
Abaqus/Standard checked out 5 tokens from Flexnet server MSI.
<9984 out of 9999 licenses remain available>.
Begin Analysis Input File Processor
9/13/2026 11:14:23 PM
Run pre.exe
9/13/2026 11:14:24 PM
End Analysis Input File Processor
Begin Abaqus/Standard Analysis
9/13/2026 11:14:24 PM
Run standard.exe
9/13/2026 11:14:26 PM
End Abaqus/Standard Analysis
Begin SIM Wrap-up
9/13/2026 11:14:28 PM
Run SMASimUtility.exe
9/13/2026 11:14:28 PM
End SIM Wrap-up
Abaqus JOB b41_hex8_finite_sliding_finite COMPLETED
Abaqus B4.1 work directory: C:\Users\TcroM\AppData\Local\Temp\fuelsim_b41_20260913_231417
