Analysis initiated from SIMULIA established products
Abaqus JOB b43_hex8_finite_strain_contact
Abaqus 2025
Abaqus License Manager checked out the following licenses:
Abaqus/Standard checked out 5 tokens from Flexnet server MSI.
<9979 out of 9999 licenses remain available>.
Begin Analysis Input File Processor
9/13/2026 11:14:24 PM
Run pre.exe
9/13/2026 11:14:25 PM
End Analysis Input File Processor
Begin Abaqus/Standard Analysis
9/13/2026 11:14:25 PM
Run standard.exe
9/13/2026 11:14:26 PM
End Abaqus/Standard Analysis
Begin SIM Wrap-up
9/13/2026 11:14:28 PM
Run SMASimUtility.exe
9/13/2026 11:14:28 PM
End SIM Wrap-up
Abaqus JOB b43_hex8_finite_strain_contact COMPLETED
Abaqus B4.3 work directory: C:\Users\TcroM\AppData\Local\Temp\fuelsim_b43_20260913_231423
