Analysis initiated from SIMULIA established products
Abaqus JOB b44_hex8_nonmatching_partial_contact
Abaqus 2025
Abaqus License Manager checked out the following licenses:
Abaqus/Standard checked out 5 tokens from Flexnet server MSI.
<9974 out of 9999 licenses remain available>.
Begin Analysis Input File Processor
9/13/2026 11:14:25 PM
Run pre.exe
9/13/2026 11:14:26 PM
End Analysis Input File Processor
Begin Abaqus/Standard Analysis
9/13/2026 11:14:26 PM
Run standard.exe
9/13/2026 11:14:28 PM
End Abaqus/Standard Analysis
Begin SIM Wrap-up
9/13/2026 11:14:29 PM
Run SMASimUtility.exe
9/13/2026 11:14:29 PM
End SIM Wrap-up
Abaqus JOB b44_hex8_nonmatching_partial_contact COMPLETED
Analysis initiated from SIMULIA established products
Abaqus JOB b44_hex8_nonmatching_partial_contact_swapped
Abaqus 2025
Abaqus License Manager checked out the following licenses:
Abaqus/Standard checked out 5 tokens from Flexnet server MSI.
<9979 out of 9999 licenses remain available>.
Begin Analysis Input File Processor
9/13/2026 11:14:31 PM
Run pre.exe
9/13/2026 11:14:32 PM
End Analysis Input File Processor
Begin Abaqus/Standard Analysis
9/13/2026 11:14:32 PM
Run standard.exe
9/13/2026 11:14:33 PM
End Abaqus/Standard Analysis
Begin SIM Wrap-up
9/13/2026 11:14:33 PM
Run SMASimUtility.exe
9/13/2026 11:14:33 PM
End SIM Wrap-up
Abaqus JOB b44_hex8_nonmatching_partial_contact_swapped COMPLETED
Abaqus B4.4 work directory: C:\Users\TcroM\AppData\Local\Temp\fuelsim_b44_20260913_231424
