Analysis initiated from SIMULIA established products
Abaqus JOB b45_hex8_faceted_cylinder
Abaqus 2025
Abaqus License Manager checked out the following licenses:
Abaqus/Standard checked out 5 tokens from Flexnet server MSI.
<9989 out of 9999 licenses remain available>.
Begin Analysis Input File Processor
9/13/2026 11:14:30 PM
Run pre.exe
9/13/2026 11:14:31 PM
End Analysis Input File Processor
Begin Abaqus/Standard Analysis
9/13/2026 11:14:31 PM
Run standard.exe
9/13/2026 11:14:32 PM
End Abaqus/Standard Analysis
Begin SIM Wrap-up
9/13/2026 11:14:32 PM
Run SMASimUtility.exe
9/13/2026 11:14:32 PM
End SIM Wrap-up
Abaqus JOB b45_hex8_faceted_cylinder COMPLETED
Analysis initiated from SIMULIA established products
Abaqus JOB b45_hex8_warped_bilinear
Abaqus 2025
Abaqus License Manager checked out the following licenses:
Abaqus/Standard checked out 5 tokens from Flexnet server MSI.
<9984 out of 9999 licenses remain available>.
Begin Analysis Input File Processor
9/13/2026 11:14:33 PM
Run pre.exe
9/13/2026 11:14:34 PM
End Analysis Input File Processor
Begin Abaqus/Standard Analysis
9/13/2026 11:14:34 PM
Run standard.exe
9/13/2026 11:14:35 PM
End Abaqus/Standard Analysis
Begin SIM Wrap-up
9/13/2026 11:14:35 PM
Run SMASimUtility.exe
9/13/2026 11:14:35 PM
End SIM Wrap-up
Abaqus JOB b45_hex8_warped_bilinear COMPLETED
Analysis initiated from SIMULIA established products
Abaqus JOB b45_hex8_warped_bilinear_linear
Abaqus 2025
Abaqus License Manager checked out the following licenses:
Abaqus/Standard checked out 5 tokens from Flexnet server MSI.
<9979 out of 9999 licenses remain available>.
Begin Analysis Input File Processor
9/13/2026 11:14:37 PM
Run pre.exe
9/13/2026 11:14:38 PM
End Analysis Input File Processor
Begin Abaqus/Standard Analysis
9/13/2026 11:14:38 PM
Run standard.exe
9/13/2026 11:14:39 PM
End Abaqus/Standard Analysis
Begin SIM Wrap-up
9/13/2026 11:14:39 PM
Run SMASimUtility.exe
9/13/2026 11:14:39 PM
End SIM Wrap-up
Abaqus JOB b45_hex8_warped_bilinear_linear COMPLETED
Analysis initiated from SIMULIA established products
Abaqus JOB b45_hex8_warped_bilinear_quadratic
Abaqus 2025
Abaqus License Manager checked out the following licenses:
Abaqus/Standard checked out 5 tokens from Flexnet server MSI.
<9984 out of 9999 licenses remain available>.
Begin Analysis Input File Processor
9/13/2026 11:14:40 PM
Run pre.exe
9/13/2026 11:14:41 PM
End Analysis Input File Processor
Begin Abaqus/Standard Analysis
9/13/2026 11:14:41 PM
Run standard.exe
9/13/2026 11:14:42 PM
End Abaqus/Standard Analysis
Begin SIM Wrap-up
9/13/2026 11:14:43 PM
Run SMASimUtility.exe
9/13/2026 11:14:43 PM
End SIM Wrap-up
Abaqus JOB b45_hex8_warped_bilinear_quadratic COMPLETED
Abaqus B4.5 work directory: C:\Users\TcroM\AppData\Local\Temp\fuelsim_b45_20260913_231429
