Analysis initiated from SIMULIA established products
Abaqus JOB b46_hex8_release_recontact
Abaqus 2025
Abaqus License Manager checked out the following licenses:
Abaqus/Standard checked out 5 tokens from Flexnet server MSI.
<9984 out of 9999 licenses remain available>.
Begin Analysis Input File Processor
9/13/2026 11:14:30 PM
Run pre.exe
9/13/2026 11:14:31 PM
End Analysis Input File Processor
Begin Abaqus/Standard Analysis
9/13/2026 11:14:31 PM
Run standard.exe
9/13/2026 11:14:33 PM
End Abaqus/Standard Analysis
Begin SIM Wrap-up
9/13/2026 11:14:34 PM
Run SMASimUtility.exe
9/13/2026 11:14:34 PM
End SIM Wrap-up
Abaqus JOB b46_hex8_release_recontact COMPLETED
Abaqus B4.6 work directory: C:\Users\TcroM\AppData\Local\Temp\fuelsim_b46_20260913_231429
