Analysis initiated from SIMULIA established products
Abaqus JOB b47_hex8_scale_unit
Abaqus 2025
Abaqus License Manager checked out the following licenses:
Abaqus/Standard checked out 5 tokens from Flexnet server MSI.
<9979 out of 9999 licenses remain available>.
Begin Analysis Input File Processor
9/13/2026 11:14:31 PM
Run pre.exe
9/13/2026 11:14:32 PM
End Analysis Input File Processor
Begin Abaqus/Standard Analysis
9/13/2026 11:14:32 PM
Run standard.exe
9/13/2026 11:14:33 PM
End Abaqus/Standard Analysis
Begin SIM Wrap-up
9/13/2026 11:14:33 PM
Run SMASimUtility.exe
9/13/2026 11:14:34 PM
End SIM Wrap-up
Abaqus JOB b47_hex8_scale_unit COMPLETED
Analysis initiated from SIMULIA established products
Abaqus JOB b47_hex8_scale_aspect16
Abaqus 2025
Abaqus License Manager checked out the following licenses:
Abaqus/Standard checked out 5 tokens from Flexnet server MSI.
<9984 out of 9999 licenses remain available>.
Begin Analysis Input File Processor
9/13/2026 11:14:35 PM
Run pre.exe
9/13/2026 11:14:36 PM
End Analysis Input File Processor
Begin Abaqus/Standard Analysis
9/13/2026 11:14:36 PM
Run standard.exe
9/13/2026 11:14:37 PM
End Abaqus/Standard Analysis
Begin SIM Wrap-up
9/13/2026 11:14:37 PM
Run SMASimUtility.exe
9/13/2026 11:14:37 PM
End SIM Wrap-up
Abaqus JOB b47_hex8_scale_aspect16 COMPLETED
Analysis initiated from SIMULIA established products
Abaqus JOB b47_hex8_scale_area4
Abaqus 2025
Abaqus License Manager checked out the following licenses:
Abaqus/Standard checked out 5 tokens from Flexnet server MSI.
<9979 out of 9999 licenses remain available>.
Begin Analysis Input File Processor
9/13/2026 11:14:39 PM
Run pre.exe
9/13/2026 11:14:40 PM
End Analysis Input File Processor
Begin Abaqus/Standard Analysis
9/13/2026 11:14:40 PM
Run standard.exe
9/13/2026 11:14:41 PM
End Abaqus/Standard Analysis
Begin SIM Wrap-up
9/13/2026 11:14:41 PM
Run SMASimUtility.exe
9/13/2026 11:14:41 PM
End SIM Wrap-up
Abaqus JOB b47_hex8_scale_area4 COMPLETED
Analysis initiated from SIMULIA established products
Abaqus JOB b47_hex8_scale_area_quarter
Abaqus 2025
Abaqus License Manager checked out the following licenses:
Abaqus/Standard checked out 5 tokens from Flexnet server MSI.
<9984 out of 9999 licenses remain available>.
Begin Analysis Input File Processor
9/13/2026 11:14:42 PM
Run pre.exe
9/13/2026 11:14:43 PM
End Analysis Input File Processor
Begin Abaqus/Standard Analysis
9/13/2026 11:14:43 PM
Run standard.exe
9/13/2026 11:14:44 PM
End Abaqus/Standard Analysis
Begin SIM Wrap-up
9/13/2026 11:14:45 PM
Run SMASimUtility.exe
9/13/2026 11:14:45 PM
End SIM Wrap-up
Abaqus JOB b47_hex8_scale_area_quarter COMPLETED
Abaqus B4.7 work directory: C:\Users\TcroM\AppData\Local\Temp\fuelsim_b47_20260913_231430
