Analysis initiated from SIMULIA established products
Abaqus JOB b49_hex8_c3d8t_operator_probe
Abaqus 2025
Abaqus License Manager checked out the following licenses:
Abaqus/Standard checked out 5 tokens from Flexnet server MSI.
<9984 out of 9999 licenses remain available>.
Begin Analysis Input File Processor
9/13/2026 11:14:36 PM
Run pre.exe
9/13/2026 11:14:38 PM
End Analysis Input File Processor
Begin Abaqus/Standard Analysis
9/13/2026 11:14:38 PM
Run standard.exe
9/13/2026 11:14:41 PM
End Abaqus/Standard Analysis
Begin SIM Wrap-up
9/13/2026 11:14:42 PM
Run SMASimUtility.exe
9/13/2026 11:14:42 PM
End SIM Wrap-up
Abaqus JOB b49_hex8_c3d8t_operator_probe COMPLETED
Abaqus B4.9 work directory: C:\Users\TcroM\AppData\Local\Temp\fuelsim_b49_20260913_231435
