Analysis initiated from SIMULIA established products
Abaqus JOB b51_hex8_c3d8t_finite_heat_probe
Abaqus 2025
Abaqus License Manager checked out the following licenses:
Abaqus/Standard checked out 5 tokens from Flexnet server MSI.
<9984 out of 9999 licenses remain available>.
Begin Analysis Input File Processor
9/13/2026 11:14:42 PM
Run pre.exe
9/13/2026 11:14:43 PM
End Analysis Input File Processor
Begin Abaqus/Standard Analysis
9/13/2026 11:14:43 PM
Run standard.exe
9/13/2026 11:14:44 PM
End Abaqus/Standard Analysis
Begin SIM Wrap-up
9/13/2026 11:14:44 PM
Run SMASimUtility.exe
9/13/2026 11:14:44 PM
End SIM Wrap-up
Abaqus JOB b51_hex8_c3d8t_finite_heat_probe COMPLETED
