Analysis initiated from SIMULIA established products
Abaqus JOB b515_hex8_c3d8t_finite_j2
Abaqus 2025
Abaqus License Manager checked out the following licenses:
Abaqus/Standard checked out 5 tokens from Flexnet server MSI.
<9979 out of 9999 licenses remain available>.
Begin Analysis Input File Processor
9/13/2026 11:15:05 PM
Run pre.exe
9/13/2026 11:15:06 PM
End Analysis Input File Processor
Begin Abaqus/Standard Analysis
9/13/2026 11:15:06 PM
Run standard.exe
9/13/2026 11:15:08 PM
End Abaqus/Standard Analysis
Begin SIM Wrap-up
9/13/2026 11:15:10 PM
Run SMASimUtility.exe
9/13/2026 11:15:10 PM
End SIM Wrap-up
Abaqus JOB b515_hex8_c3d8t_finite_j2 COMPLETED
