Analysis initiated from SIMULIA established products
Abaqus JOB b518_hex8_c3d8t_finite_noncoaxial
Abaqus 2025
Abaqus License Manager checked out the following licenses:
Abaqus/Standard checked out 5 tokens from Flexnet server MSI.
<9989 out of 9999 licenses remain available>.
Begin Analysis Input File Processor
9/13/2026 11:15:11 PM
Run pre.exe
9/13/2026 11:15:12 PM
End Analysis Input File Processor
Begin Abaqus/Standard Analysis
9/13/2026 11:15:12 PM
Run standard.exe
9/13/2026 11:15:15 PM
End Abaqus/Standard Analysis
Begin SIM Wrap-up
9/13/2026 11:15:15 PM
Run SMASimUtility.exe
9/13/2026 11:15:15 PM
End SIM Wrap-up
Abaqus JOB b518_hex8_c3d8t_finite_noncoaxial COMPLETED
