Analysis initiated from SIMULIA established products
Abaqus JOB b530_hex8_c3d8rt_thermal_load_probe
Abaqus 2025
Abaqus License Manager checked out the following licenses:
Abaqus/Standard checked out 5 tokens from Flexnet server MSI.
<9979 out of 9999 licenses remain available>.
Begin Analysis Input File Processor
9/13/2026 11:15:13 PM
Run pre.exe
9/13/2026 11:15:14 PM
End Analysis Input File Processor
Begin Abaqus/Standard Analysis
9/13/2026 11:15:14 PM
Run standard.exe
9/13/2026 11:15:15 PM
End Abaqus/Standard Analysis
Begin SIM Wrap-up
9/13/2026 11:15:15 PM
Run SMASimUtility.exe
9/13/2026 11:15:15 PM
End SIM Wrap-up
Abaqus JOB b530_hex8_c3d8rt_thermal_load_probe COMPLETED
Abaqus B5.30 work directory: C:\Users\TcroM\AppData\Local\Temp\fuelsim_b530_20260913_231512
