Analysis initiated from SIMULIA established products
Abaqus JOB b535_hex8_c3d8rt_finite_j2
Abaqus 2025
Abaqus License Manager checked out the following licenses:
Abaqus/Standard checked out 5 tokens from Flexnet server MSI.
<9994 out of 9999 licenses remain available>.
Begin Analysis Input File Processor
9/13/2026 11:15:16 PM
Run pre.exe
9/13/2026 11:15:17 PM
End Analysis Input File Processor
Begin Abaqus/Standard Analysis
9/13/2026 11:15:17 PM
Run standard.exe
9/13/2026 11:15:18 PM
End Abaqus/Standard Analysis
Begin SIM Wrap-up
9/13/2026 11:15:20 PM
Run SMASimUtility.exe
9/13/2026 11:15:20 PM
End SIM Wrap-up
Abaqus JOB b535_hex8_c3d8rt_finite_j2 COMPLETED
Completed Abaqus material case: b535_hex8_c3d8rt_finite_j2
Analysis initiated from SIMULIA established products
Abaqus JOB b536_hex8_c3d8rt_finite_norton
Abaqus 2025
Abaqus License Manager checked out the following licenses:
Abaqus/Standard checked out 5 tokens from Flexnet server MSI.
<9989 out of 9999 licenses remain available>.
Begin Analysis Input File Processor
9/13/2026 11:15:22 PM
Run pre.exe
9/13/2026 11:15:23 PM
End Analysis Input File Processor
Begin Abaqus/Standard Analysis
9/13/2026 11:15:23 PM
Run standard.exe
9/13/2026 11:15:24 PM
End Abaqus/Standard Analysis
Begin SIM Wrap-up
9/13/2026 11:15:26 PM
Run SMASimUtility.exe
9/13/2026 11:15:26 PM
End SIM Wrap-up
Abaqus JOB b536_hex8_c3d8rt_finite_norton COMPLETED
Completed Abaqus material case: b536_hex8_c3d8rt_finite_norton
Analysis initiated from SIMULIA established products
Abaqus JOB b537_hex8_c3d8rt_finite_coupled
Abaqus 2025
Abaqus License Manager checked out the following licenses:
Abaqus/Standard checked out 5 tokens from Flexnet server MSI.
<9984 out of 9999 licenses remain available>.
Begin Analysis Input File Processor
9/13/2026 11:15:28 PM
Run pre.exe
9/13/2026 11:15:29 PM
End Analysis Input File Processor
Begin Abaqus/Standard Analysis
9/13/2026 11:15:29 PM
Run standard.exe
9/13/2026 11:15:30 PM
End Abaqus/Standard Analysis
Begin SIM Wrap-up
9/13/2026 11:15:32 PM
Run SMASimUtility.exe
9/13/2026 11:15:32 PM
End SIM Wrap-up
Abaqus JOB b537_hex8_c3d8rt_finite_coupled COMPLETED
Completed Abaqus material case: b537_hex8_c3d8rt_finite_coupled
Abaqus B5.35-B5.37 work directory: C:\Users\TcroM\AppData\Local\Temp\fuelsim_b535_b537_e185e836dc7a43bca62b718595faf023
