Analysis initiated from SIMULIA established products
Abaqus JOB b540_nonmatching_contact_cycle
Abaqus 2025
Abaqus License Manager checked out the following licenses:
Abaqus/Standard checked out 5 tokens from Flexnet server MSI.
<9984 out of 9999 licenses remain available>.
Begin Analysis Input File Processor
9/13/2026 11:15:18 PM
Run pre.exe
9/13/2026 11:15:19 PM
End Analysis Input File Processor
Begin Abaqus/Standard Analysis
9/13/2026 11:15:19 PM
Run standard.exe
9/13/2026 11:15:21 PM
End Abaqus/Standard Analysis
Begin SIM Wrap-up
9/13/2026 11:15:22 PM
Run SMASimUtility.exe
9/13/2026 11:15:22 PM
End SIM Wrap-up
Abaqus JOB b540_nonmatching_contact_cycle COMPLETED
Abaqus B5.40 work directory: C:\Users\TcroM\AppData\Local\Temp\fuelsim_b540_319d8c03bb524d358ffe833622ef35ea
