Analysis initiated from SIMULIA established products
Abaqus JOB b541_hex8_c3d8rt_small_j2
Abaqus 2025
Abaqus License Manager checked out the following licenses:
Abaqus/Standard checked out 5 tokens from Flexnet server MSI.
<9979 out of 9999 licenses remain available>.
Begin Analysis Input File Processor
9/13/2026 11:15:18 PM
Run pre.exe
9/13/2026 11:15:19 PM
End Analysis Input File Processor
Begin Abaqus/Standard Analysis
9/13/2026 11:15:19 PM
Run standard.exe
9/13/2026 11:15:20 PM
End Abaqus/Standard Analysis
Begin SIM Wrap-up
9/13/2026 11:15:22 PM
Run SMASimUtility.exe
9/13/2026 11:15:22 PM
End SIM Wrap-up
Abaqus JOB b541_hex8_c3d8rt_small_j2 COMPLETED
Completed Abaqus small-strain C3D8RT material case: b541_hex8_c3d8rt_small_j2
Analysis initiated from SIMULIA established products
Abaqus JOB b542_hex8_c3d8rt_small_norton
Abaqus 2025
Abaqus License Manager checked out the following licenses:
Abaqus/Standard checked out 5 tokens from Flexnet server MSI.
<9984 out of 9999 licenses remain available>.
Begin Analysis Input File Processor
9/13/2026 11:15:24 PM
Run pre.exe
9/13/2026 11:15:25 PM
End Analysis Input File Processor
Begin Abaqus/Standard Analysis
9/13/2026 11:15:25 PM
Run standard.exe
9/13/2026 11:15:26 PM
End Abaqus/Standard Analysis
Begin SIM Wrap-up
9/13/2026 11:15:28 PM
Run SMASimUtility.exe
9/13/2026 11:15:28 PM
End SIM Wrap-up
Abaqus JOB b542_hex8_c3d8rt_small_norton COMPLETED
Completed Abaqus small-strain C3D8RT material case: b542_hex8_c3d8rt_small_norton
Analysis initiated from SIMULIA established products
Abaqus JOB b543_hex8_c3d8rt_small_coupled
Abaqus 2025
Abaqus License Manager checked out the following licenses:
Abaqus/Standard checked out 5 tokens from Flexnet server MSI.
<9984 out of 9999 licenses remain available>.
Begin Analysis Input File Processor
9/13/2026 11:15:30 PM
Run pre.exe
9/13/2026 11:15:31 PM
End Analysis Input File Processor
Begin Abaqus/Standard Analysis
9/13/2026 11:15:31 PM
Run standard.exe
9/13/2026 11:15:32 PM
End Abaqus/Standard Analysis
Begin SIM Wrap-up
9/13/2026 11:15:34 PM
Run SMASimUtility.exe
9/13/2026 11:15:34 PM
End SIM Wrap-up
Abaqus JOB b543_hex8_c3d8rt_small_coupled COMPLETED
Completed Abaqus small-strain C3D8RT material case: b543_hex8_c3d8rt_small_coupled
Abaqus B5.41-B5.43 work directory: C:\Users\TcroM\AppData\Local\Temp\fuelsim_b541_b543_a83dd026e3924c70b1e9f5f2abff0a94
