Analysis initiated from SIMULIA established products
Abaqus JOB b552_hex8_sts_cross_face
Abaqus 2025
Abaqus License Manager checked out the following licenses:
Abaqus/Standard checked out 5 tokens from Flexnet server MSI.
<9979 out of 9999 licenses remain available>.
Begin Analysis Input File Processor
9/13/2026 11:08:25 PM
Run pre.exe
9/13/2026 11:08:26 PM
End Analysis Input File Processor
Begin Abaqus/Standard Analysis
9/13/2026 11:08:26 PM
Run standard.exe
9/13/2026 11:08:27 PM
End Abaqus/Standard Analysis
Begin SIM Wrap-up
9/13/2026 11:08:27 PM
Run SMASimUtility.exe
9/13/2026 11:08:27 PM
End SIM Wrap-up
Abaqus JOB b552_hex8_sts_cross_face COMPLETED
Completed Abaqus operator case: b552_hex8_sts_cross_face
Abaqus B5.52 work directory: C:\Users\TcroM\AppData\Local\Temp\fuelsim_b552_942214d748e4401a83fc9f3cd77c3963
