Analysis initiated from SIMULIA established products
Abaqus JOB b60_fuel_plate_c3d8rt_finite_steady_bending
Abaqus 2025
Abaqus License Manager checked out the following licenses:
Abaqus/Standard checked out 5 tokens from Flexnet server MSI.
<9974 out of 9999 licenses remain available>.
Begin Analysis Input File Processor
9/13/2026 11:08:27 PM
Run pre.exe
9/13/2026 11:08:28 PM
End Analysis Input File Processor
Begin Abaqus/Standard Analysis
9/13/2026 11:08:28 PM
Run standard.exe
9/13/2026 11:08:30 PM
End Abaqus/Standard Analysis
Begin SIM Wrap-up
9/13/2026 11:08:31 PM
Run SMASimUtility.exe
9/13/2026 11:08:31 PM
End SIM Wrap-up
Abaqus JOB b60_fuel_plate_c3d8rt_finite_steady_bending COMPLETED
Abaqus B6.0 steady finite-strain wall time: 5.2329428 seconds
Abaqus B6.0 steady finite-strain work directory: C:\Users\TcroM\AppData\Local\Temp\fuelsim_b60_steady_20260913_230826
