Analysis initiated from SIMULIA established products
Abaqus JOB h20_24_hex20_nonmatching_surface_contact
Abaqus 2025
Abaqus License Manager checked out the following licenses:
Abaqus/Standard checked out 5 tokens from Flexnet server MSI.
<9974 out of 9999 licenses remain available>.
Begin Analysis Input File Processor
9/13/2026 11:08:29 PM
Run pre.exe
9/13/2026 11:08:30 PM
End Analysis Input File Processor
Begin Abaqus/Standard Analysis
9/13/2026 11:08:30 PM
Run standard.exe
9/13/2026 11:08:31 PM
End Abaqus/Standard Analysis
Begin SIM Wrap-up
9/13/2026 11:08:33 PM
Run SMASimUtility.exe
9/13/2026 11:08:34 PM
End SIM Wrap-up
Abaqus JOB h20_24_hex20_nonmatching_surface_contact COMPLETED
Abaqus H20.24 work directory: C:\Users\TcroM\AppData\Local\Temp\fuelsim_h20_24_20260913_230828
