Analysis initiated from SIMULIA established products
Abaqus JOB h20_29_hex20_sts_biaxial
Abaqus 2025
Abaqus License Manager checked out the following licenses:
Abaqus/Standard checked out 5 tokens from Flexnet server MSI.
<9969 out of 9999 licenses remain available>.
Begin Analysis Input File Processor
9/13/2026 11:08:30 PM
Run pre.exe
9/13/2026 11:08:31 PM
End Analysis Input File Processor
Begin Abaqus/Standard Analysis
9/13/2026 11:08:31 PM
Run standard.exe
9/13/2026 11:08:32 PM
End Abaqus/Standard Analysis
Begin SIM Wrap-up
9/13/2026 11:08:34 PM
Run SMASimUtility.exe
9/13/2026 11:08:34 PM
End SIM Wrap-up
Abaqus JOB h20_29_hex20_sts_biaxial COMPLETED
Analysis initiated from SIMULIA established products
Abaqus JOB h20_29_hex20_sts_tilted
Abaqus 2025
Abaqus License Manager checked out the following licenses:
Abaqus/Standard checked out 5 tokens from Flexnet server MSI.
<9979 out of 9999 licenses remain available>.
Begin Analysis Input File Processor
9/13/2026 11:08:35 PM
Run pre.exe
9/13/2026 11:08:36 PM
End Analysis Input File Processor
Begin Abaqus/Standard Analysis
9/13/2026 11:08:36 PM
Run standard.exe
9/13/2026 11:08:37 PM
End Abaqus/Standard Analysis
Begin SIM Wrap-up
9/13/2026 11:08:39 PM
Run SMASimUtility.exe
9/13/2026 11:08:40 PM
End SIM Wrap-up
Abaqus JOB h20_29_hex20_sts_tilted COMPLETED
Analysis initiated from SIMULIA established products
Abaqus JOB h20_29_hex20_sts_graded
Abaqus 2025
Abaqus License Manager checked out the following licenses:
Abaqus/Standard checked out 5 tokens from Flexnet server MSI.
<9974 out of 9999 licenses remain available>.
Begin Analysis Input File Processor
9/13/2026 11:08:41 PM
Run pre.exe
9/13/2026 11:08:42 PM
End Analysis Input File Processor
Begin Abaqus/Standard Analysis
9/13/2026 11:08:42 PM
Run standard.exe
9/13/2026 11:08:43 PM
End Abaqus/Standard Analysis
Begin SIM Wrap-up
9/13/2026 11:08:45 PM
Run SMASimUtility.exe
9/13/2026 11:08:45 PM
End SIM Wrap-up
Abaqus JOB h20_29_hex20_sts_graded COMPLETED
Analysis initiated from SIMULIA established products
Abaqus JOB h20_29_hex20_sts_soft_penalty
Abaqus 2025
Abaqus License Manager checked out the following licenses:
Abaqus/Standard checked out 5 tokens from Flexnet server MSI.
<9974 out of 9999 licenses remain available>.
Begin Analysis Input File Processor
9/13/2026 11:08:47 PM
Run pre.exe
9/13/2026 11:08:48 PM
End Analysis Input File Processor
Begin Abaqus/Standard Analysis
9/13/2026 11:08:48 PM
Run standard.exe
9/13/2026 11:08:49 PM
End Abaqus/Standard Analysis
Begin SIM Wrap-up
9/13/2026 11:08:51 PM
Run SMASimUtility.exe
9/13/2026 11:08:51 PM
End SIM Wrap-up
Abaqus JOB h20_29_hex20_sts_soft_penalty COMPLETED
Analysis initiated from SIMULIA established products
Abaqus JOB h20_29_hex20_sts_initial_gap
Abaqus 2025
Abaqus License Manager checked out the following licenses:
Abaqus/Standard checked out 5 tokens from Flexnet server MSI.
<9964 out of 9999 licenses remain available>.
Begin Analysis Input File Processor
9/13/2026 11:08:53 PM
Run pre.exe
9/13/2026 11:08:54 PM
End Analysis Input File Processor
Begin Abaqus/Standard Analysis
9/13/2026 11:08:54 PM
Run standard.exe
9/13/2026 11:08:55 PM
End Abaqus/Standard Analysis
Begin SIM Wrap-up
9/13/2026 11:08:57 PM
Run SMASimUtility.exe
9/13/2026 11:08:57 PM
End SIM Wrap-up
Abaqus JOB h20_29_hex20_sts_initial_gap COMPLETED
Abaqus H20.29 work directory: C:\Users\TcroM\AppData\Local\Temp\fuelsim_h20_29_20260913_230829
