Analysis initiated from SIMULIA established products
Abaqus JOB h20_30_hex20_sts_faceted_cylinder
Abaqus 2025
Abaqus License Manager checked out the following licenses:
Abaqus/Standard checked out 5 tokens from Flexnet server MSI.
<9969 out of 9999 licenses remain available>.
Begin Analysis Input File Processor
9/13/2026 11:08:31 PM
Run pre.exe
9/13/2026 11:08:32 PM
End Analysis Input File Processor
Begin Abaqus/Standard Analysis
9/13/2026 11:08:32 PM
Run standard.exe
9/13/2026 11:08:33 PM
End Abaqus/Standard Analysis
Begin SIM Wrap-up
9/13/2026 11:08:35 PM
Run SMASimUtility.exe
9/13/2026 11:08:35 PM
End SIM Wrap-up
Abaqus JOB h20_30_hex20_sts_faceted_cylinder COMPLETED
Analysis initiated from SIMULIA established products
Abaqus JOB h20_30_hex20_sts_quadratic_cylinder
Abaqus 2025
Abaqus License Manager checked out the following licenses:
Abaqus/Standard checked out 5 tokens from Flexnet server MSI.
<9974 out of 9999 licenses remain available>.
Begin Analysis Input File Processor
9/13/2026 11:08:36 PM
Run pre.exe
9/13/2026 11:08:37 PM
End Analysis Input File Processor
Begin Abaqus/Standard Analysis
9/13/2026 11:08:37 PM
Run standard.exe
9/13/2026 11:08:39 PM
End Abaqus/Standard Analysis
Begin SIM Wrap-up
9/13/2026 11:08:41 PM
Run SMASimUtility.exe
9/13/2026 11:08:41 PM
End SIM Wrap-up
Abaqus JOB h20_30_hex20_sts_quadratic_cylinder COMPLETED
Abaqus H20.30 work directory: C:\Users\TcroM\AppData\Local\Temp\fuelsim_h20_30_20260913_230830
