Analysis initiated from SIMULIA established products
Abaqus JOB h20_31_hex20_curved_sts_operator
Abaqus 2025
Abaqus License Manager checked out the following licenses:
Abaqus/Standard checked out 5 tokens from Flexnet server MSI.
<9969 out of 9999 licenses remain available>.
Begin Analysis Input File Processor
9/13/2026 11:08:33 PM
Run pre.exe
9/13/2026 11:08:34 PM
End Analysis Input File Processor
Begin Abaqus/Standard Analysis
9/13/2026 11:08:34 PM
Run standard.exe
9/13/2026 11:08:57 PM
End Abaqus/Standard Analysis
Begin SIM Wrap-up
9/13/2026 11:08:57 PM
Run SMASimUtility.exe
9/13/2026 11:08:57 PM
End SIM Wrap-up
Abaqus JOB h20_31_hex20_curved_sts_operator COMPLETED
Abaqus H20.31 work directory: C:\Users\TcroM\AppData\Local\Temp\fuelsim_h20_31_20260913_230832
