Analysis initiated from SIMULIA established products
Abaqus JOB h20_35_hex20_sts_quadratic_cylinder_friction
Abaqus 2025
Abaqus License Manager checked out the following licenses:
Abaqus/Standard checked out 5 tokens from Flexnet server MSI.
<9979 out of 9999 licenses remain available>.
Begin Analysis Input File Processor
9/13/2026 11:08:35 PM
Run pre.exe
9/13/2026 11:08:35 PM
End Analysis Input File Processor
Begin Abaqus/Standard Analysis
9/13/2026 11:08:35 PM
Run standard.exe
9/13/2026 11:08:37 PM
End Abaqus/Standard Analysis
Begin SIM Wrap-up
9/13/2026 11:08:39 PM
Run SMASimUtility.exe
9/13/2026 11:08:39 PM
End SIM Wrap-up
Abaqus JOB h20_35_hex20_sts_quadratic_cylinder_friction COMPLETED
Abaqus H20.35 work directory: C:\Users\TcroM\AppData\Local\Temp\fuelsim_h20_35_20260913_230834
