Analysis initiated from SIMULIA established products
Abaqus JOB h20_36_hex20_sts_quadratic_cylinder_friction_path
Abaqus 2025
Abaqus License Manager checked out the following licenses:
Abaqus/Standard checked out 5 tokens from Flexnet server MSI.
<9969 out of 9999 licenses remain available>.
Begin Analysis Input File Processor
9/13/2026 11:08:37 PM
Run pre.exe
9/13/2026 11:08:37 PM
End Analysis Input File Processor
Begin Abaqus/Standard Analysis
9/13/2026 11:08:37 PM
Run standard.exe
9/13/2026 11:08:43 PM
End Abaqus/Standard Analysis
Begin SIM Wrap-up
9/13/2026 11:08:45 PM
Run SMASimUtility.exe
9/13/2026 11:08:45 PM
End SIM Wrap-up
Abaqus JOB h20_36_hex20_sts_quadratic_cylinder_friction_path COMPLETED
H20.36 available final-frame fields: CNORMF   SECONDARY_CONTACT/PRIMARY_CONTACT, COORD, COPEN    SECONDARY_CONTACT/PRIMARY_CONTACT, CPRESS   SECONDARY_CONTACT/PRIMARY_CONTACT, CSHEAR1  SECONDARY_CONTACT/PRIMARY_CONTACT, CSHEAR2  SECONDARY_CONTACT/PRIMARY_CONTACT, CSHEARF  SECONDARY_CONTACT/PRIMARY_CONTACT, CSLIP1   SECONDARY_CONTACT/PRIMARY_CONTACT, CSLIP2   SECONDARY_CONTACT/PRIMARY_CONTACT, CTANDIR1 SECONDARY_CONTACT/PRIMARY_CONTACT, CTANDIR2 SECONDARY_CONTACT/PRIMARY_CONTACT, RF, U
Abaqus H20.36 work directory: C:\Users\TcroM\AppData\Local\Temp\fuelsim_h20_36_20260913_230836
