Analysis initiated from SIMULIA established products
Abaqus JOB h20_39_hex20_finite_sliding_small
Abaqus 2025
Abaqus License Manager checked out the following licenses:
Abaqus/Standard checked out 5 tokens from Flexnet server MSI.
<9974 out of 9999 licenses remain available>.
Begin Analysis Input File Processor
9/13/2026 11:08:39 PM
Run pre.exe
9/13/2026 11:08:40 PM
End Analysis Input File Processor
Begin Abaqus/Standard Analysis
9/13/2026 11:08:40 PM
Run standard.exe
9/13/2026 11:08:43 PM
End Abaqus/Standard Analysis
Begin SIM Wrap-up
9/13/2026 11:08:44 PM
Run SMASimUtility.exe
9/13/2026 11:08:44 PM
End SIM Wrap-up
Abaqus JOB h20_39_hex20_finite_sliding_small COMPLETED
Analysis initiated from SIMULIA established products
Abaqus JOB h20_39_hex20_finite_sliding_finite
Abaqus 2025
Abaqus License Manager checked out the following licenses:
Abaqus/Standard checked out 5 tokens from Flexnet server MSI.
<9969 out of 9999 licenses remain available>.
Begin Analysis Input File Processor
9/13/2026 11:08:45 PM
Run pre.exe
9/13/2026 11:08:46 PM
End Analysis Input File Processor
Begin Abaqus/Standard Analysis
9/13/2026 11:08:46 PM
Run standard.exe
9/13/2026 11:08:49 PM
End Abaqus/Standard Analysis
Begin SIM Wrap-up
9/13/2026 11:08:49 PM
Run SMASimUtility.exe
9/13/2026 11:08:49 PM
End SIM Wrap-up
Abaqus JOB h20_39_hex20_finite_sliding_finite COMPLETED
Abaqus H20.39 work directory: C:\Users\TcroM\AppData\Local\Temp\fuelsim_h20_39_20260913_230839
