Analysis initiated from SIMULIA established products
Abaqus JOB h20_40_hex20_curved_finite_sliding_small
Abaqus 2025
Abaqus License Manager checked out the following licenses:
Abaqus/Standard checked out 5 tokens from Flexnet server MSI.
<9969 out of 9999 licenses remain available>.
Begin Analysis Input File Processor
9/13/2026 11:08:42 PM
Run pre.exe
9/13/2026 11:08:43 PM
End Analysis Input File Processor
Begin Abaqus/Standard Analysis
9/13/2026 11:08:43 PM
Run standard.exe
9/13/2026 11:09:23 PM
End Abaqus/Standard Analysis
Begin SIM Wrap-up
9/13/2026 11:09:24 PM
Run SMASimUtility.exe
9/13/2026 11:09:24 PM
End SIM Wrap-up
Abaqus JOB h20_40_hex20_curved_finite_sliding_small COMPLETED
Analysis initiated from SIMULIA established products
Abaqus JOB h20_40_hex20_curved_finite_sliding_finite
Abaqus 2025
Abaqus License Manager checked out the following licenses:
Abaqus/Standard checked out 5 tokens from Flexnet server MSI.
<9969 out of 9999 licenses remain available>.
Begin Analysis Input File Processor
9/13/2026 11:09:26 PM
Run pre.exe
9/13/2026 11:09:27 PM
End Analysis Input File Processor
Begin Abaqus/Standard Analysis
9/13/2026 11:09:27 PM
Run standard.exe
9/13/2026 11:10:07 PM
End Abaqus/Standard Analysis
Begin SIM Wrap-up
9/13/2026 11:10:08 PM
Run SMASimUtility.exe
9/13/2026 11:10:08 PM
End SIM Wrap-up
Abaqus JOB h20_40_hex20_curved_finite_sliding_finite COMPLETED
Abaqus H20.40 work directory: C:\Users\TcroM\AppData\Local\Temp\fuelsim_h20_40_20260913_230841
