Analysis initiated from SIMULIA established products
Abaqus JOB b526_contact_cycle
Abaqus 2025
Abaqus License Manager checked out the following licenses:
Abaqus/Standard checked out 5 tokens from Flexnet server MSI.
<9969 out of 9999 licenses remain available>.
Begin Analysis Input File Processor
9/13/2026 11:08:45 PM
Run pre.exe
9/13/2026 11:08:46 PM
End Analysis Input File Processor
Begin Abaqus/Standard Analysis
9/13/2026 11:08:46 PM
Run standard.exe
9/13/2026 11:08:48 PM
End Abaqus/Standard Analysis
Begin SIM Wrap-up
9/13/2026 11:08:49 PM
Run SMASimUtility.exe
9/13/2026 11:08:49 PM
End SIM Wrap-up
Abaqus JOB b526_contact_cycle COMPLETED
Completed Abaqus full-field case: b526_contact_cycle
Abaqus B5.26 work directory: C:\Users\TcroM\AppData\Local\Temp\fuelsim_b526_465454bb08ed4203a38e553c2d303c7d
