Analysis initiated from SIMULIA established products
Abaqus JOB b527_medium
Abaqus 2025
Abaqus License Manager checked out the following licenses:
Abaqus/Standard checked out 5 tokens from Flexnet server MSI.
<9969 out of 9999 licenses remain available>.
Begin Analysis Input File Processor
9/13/2026 11:08:48 PM
Run pre.exe
9/13/2026 11:08:49 PM
End Analysis Input File Processor
Begin Abaqus/Standard Analysis
9/13/2026 11:08:49 PM
Run standard.exe
9/13/2026 11:08:51 PM
End Abaqus/Standard Analysis
Begin SIM Wrap-up
9/13/2026 11:08:52 PM
Run SMASimUtility.exe
9/13/2026 11:08:52 PM
End SIM Wrap-up
Abaqus JOB b527_medium COMPLETED
Completed Abaqus full-field case: b527_medium
Abaqus B5.27 work directory: C:\Users\TcroM\AppData\Local\Temp\fuelsim_b527_90bd9cda9f7046cd9a5c46356c4309a2
