Analysis initiated from SIMULIA established products
Abaqus JOB b528_hex8_c3d8rt_warped_operator_probe
Abaqus 2025
Abaqus License Manager checked out the following licenses:
Abaqus/Standard checked out 5 tokens from Flexnet server MSI.
<9969 out of 9999 licenses remain available>.
Begin Analysis Input File Processor
9/13/2026 11:08:50 PM
Run pre.exe
9/13/2026 11:08:51 PM
End Analysis Input File Processor
Begin Abaqus/Standard Analysis
9/13/2026 11:08:51 PM
Run standard.exe
9/13/2026 11:08:55 PM
End Abaqus/Standard Analysis
Begin SIM Wrap-up
9/13/2026 11:08:56 PM
Run SMASimUtility.exe
9/13/2026 11:08:56 PM
End SIM Wrap-up
Abaqus JOB b528_hex8_c3d8rt_warped_operator_probe COMPLETED
Abaqus B5.28 work directory: C:\Users\TcroM\AppData\Local\Temp\fuelsim_b528_warped_20260913_230849
