Analysis initiated from SIMULIA established products
Abaqus JOB b532_hex8_c3d8rt_finite_warped_operator_probe
Abaqus 2025
Abaqus License Manager checked out the following licenses:
Abaqus/Standard checked out 5 tokens from Flexnet server MSI.
<9984 out of 9999 licenses remain available>.
Begin Analysis Input File Processor
9/13/2026 11:08:59 PM
Run pre.exe
9/13/2026 11:09:00 PM
End Analysis Input File Processor
Begin Abaqus/Standard Analysis
9/13/2026 11:09:00 PM
Run standard.exe
9/13/2026 11:09:01 PM
End Abaqus/Standard Analysis
Begin SIM Wrap-up
9/13/2026 11:09:01 PM
Run SMASimUtility.exe
9/13/2026 11:09:01 PM
End SIM Wrap-up
Abaqus JOB b532_hex8_c3d8rt_finite_warped_operator_probe COMPLETED
Abaqus B5.32 work directory: C:\Users\TcroM\AppData\Local\Temp\fuelsim_b532_warped_20260913_230858
