abaqus_work_directory=C:\Users\TcroM\AppData\Local\Temp\c3d20rt_finite_coupled_20260913_231621
Analysis initiated from SIMULIA established products
Abaqus JOB c3d20rt_finite_coupled
Abaqus 2025
Abaqus License Manager checked out the following licenses:
Abaqus/Standard checked out 5 tokens from Flexnet server MSI.
<9994 out of 9999 licenses remain available>.
Begin Analysis Input File Processor
9/13/2026 11:16:22 PM
Run pre.exe
9/13/2026 11:16:23 PM
End Analysis Input File Processor
Begin Abaqus/Standard Analysis
9/13/2026 11:16:23 PM
Run standard.exe
9/13/2026 11:16:24 PM
End Abaqus/Standard Analysis
Begin SIM Wrap-up
9/13/2026 11:16:26 PM
Run SMASimUtility.exe
9/13/2026 11:16:26 PM
End SIM Wrap-up
Abaqus JOB c3d20rt_finite_coupled COMPLETED
