abaqus_work_directory=C:\Users\TcroM\AppData\Local\Temp\c3d20rt_contact_friction_20260913_230904
Analysis initiated from SIMULIA established products
Abaqus JOB c3d20rt_contact_friction
Abaqus 2025
Abaqus License Manager checked out the following licenses:
Abaqus/Standard checked out 5 tokens from Flexnet server MSI.
<9979 out of 9999 licenses remain available>.
Begin Analysis Input File Processor
9/13/2026 11:09:07 PM
Run pre.exe
9/13/2026 11:09:09 PM
End Analysis Input File Processor
Begin Abaqus/Standard Analysis
9/13/2026 11:09:09 PM
Run standard.exe
9/13/2026 11:09:13 PM
End Abaqus/Standard Analysis
Begin SIM Wrap-up
9/13/2026 11:09:14 PM
Run SMASimUtility.exe
9/13/2026 11:09:14 PM
End SIM Wrap-up
Abaqus JOB c3d20rt_contact_friction COMPLETED
