case=b80_rz_small_friction work_directory=C:\Users\TcroM\AppData\Local\Temp\fuelsim_rz_sliding_e01df81d8fdc478593d650d595c28eff
Analysis initiated from SIMULIA established products
Abaqus JOB b80_rz_small_friction
Abaqus 2025
Abaqus License Manager checked out the following licenses:
Abaqus/Standard checked out 5 tokens from Flexnet server MSI.
<9979 out of 9999 licenses remain available>.
Begin Analysis Input File Processor
9/13/2026 11:09:11 PM
Run pre.exe
9/13/2026 11:09:12 PM
End Analysis Input File Processor
Begin Abaqus/Standard Analysis
9/13/2026 11:09:12 PM
Run standard.exe
9/13/2026 11:09:14 PM
End Abaqus/Standard Analysis
Begin SIM Wrap-up
9/13/2026 11:09:15 PM
Run SMASimUtility.exe
9/13/2026 11:09:15 PM
End SIM Wrap-up
Abaqus JOB b80_rz_small_friction COMPLETED
