case=b81_rz_finite_sliding work_directory=C:\Users\TcroM\AppData\Local\Temp\fuelsim_rz_sliding_2e8b1a20e546418b869877e176c74d0d
Analysis initiated from SIMULIA established products
Abaqus JOB b81_rz_finite_sliding
Abaqus 2025
Abaqus License Manager checked out the following licenses:
Abaqus/Standard checked out 5 tokens from Flexnet server MSI.
<9974 out of 9999 licenses remain available>.
Begin Analysis Input File Processor
9/13/2026 11:09:11 PM
Run pre.exe
9/13/2026 11:09:12 PM
End Analysis Input File Processor
Begin Abaqus/Standard Analysis
9/13/2026 11:09:12 PM
Run standard.exe
9/13/2026 11:09:14 PM
End Abaqus/Standard Analysis
Begin SIM Wrap-up
9/13/2026 11:09:15 PM
Run SMASimUtility.exe
9/13/2026 11:09:15 PM
End SIM Wrap-up
Abaqus JOB b81_rz_finite_sliding COMPLETED
