case=b151_cax4t_small_conductivity work_directory=C:\Users\TcroM\AppData\Local\Temp\fuelsim_cax4rt_88fefc574bc44148bedb0439b7b8012a
Analysis initiated from SIMULIA established products
Abaqus JOB b151_cax4t_small_conductivity
Abaqus 2025
Abaqus License Manager checked out the following licenses:
Abaqus/Standard checked out 5 tokens from Flexnet server MSI.
<9969 out of 9999 licenses remain available>.
Begin Analysis Input File Processor
9/13/2026 11:09:11 PM
Run pre.exe
9/13/2026 11:09:12 PM
End Analysis Input File Processor
Begin Abaqus/Standard Analysis
9/13/2026 11:09:12 PM
Run standard.exe
9/13/2026 11:09:13 PM
End Abaqus/Standard Analysis
Begin SIM Wrap-up
9/13/2026 11:09:16 PM
Run SMASimUtility.exe
9/13/2026 11:09:16 PM
End SIM Wrap-up
Abaqus JOB b151_cax4t_small_conductivity COMPLETED
