case=b94_cax4rt_finite_coupled work_directory=C:\Users\TcroM\AppData\Local\Temp\fuelsim_cax4rt_e8d985b79d1c48d9a1579d3143dae143
Analysis initiated from SIMULIA established products
Abaqus JOB b94_cax4rt_finite_coupled
Abaqus 2025
Abaqus License Manager checked out the following licenses:
Abaqus/Standard checked out 5 tokens from Flexnet server MSI.
<9984 out of 9999 licenses remain available>.
Begin Analysis Input File Processor
9/13/2026 11:09:17 PM
Run pre.exe
9/13/2026 11:09:18 PM
End Analysis Input File Processor
Begin Abaqus/Standard Analysis
9/13/2026 11:09:18 PM
Run standard.exe
9/13/2026 11:09:19 PM
End Abaqus/Standard Analysis
Begin SIM Wrap-up
9/13/2026 11:09:19 PM
Run SMASimUtility.exe
9/13/2026 11:09:19 PM
End SIM Wrap-up
Abaqus JOB b94_cax4rt_finite_coupled COMPLETED
