case=b95_cax4rt_small_creep work_directory=C:\Users\TcroM\AppData\Local\Temp\fuelsim_cax4rt_194e64721b33454fb1087ba2d6986bb0
Analysis initiated from SIMULIA established products
Abaqus JOB b95_cax4rt_small_creep
Abaqus 2025
Abaqus License Manager checked out the following licenses:
Abaqus/Standard checked out 5 tokens from Flexnet server MSI.
<9979 out of 9999 licenses remain available>.
Begin Analysis Input File Processor
9/13/2026 11:09:17 PM
Run pre.exe
9/13/2026 11:09:18 PM
End Analysis Input File Processor
Begin Abaqus/Standard Analysis
9/13/2026 11:09:18 PM
Run standard.exe
9/13/2026 11:09:19 PM
End Abaqus/Standard Analysis
Begin SIM Wrap-up
9/13/2026 11:09:20 PM
Run SMASimUtility.exe
9/13/2026 11:09:20 PM
End SIM Wrap-up
Abaqus JOB b95_cax4rt_small_creep COMPLETED
