case=b96_cax4rt_finite_creep work_directory=C:\Users\TcroM\AppData\Local\Temp\fuelsim_cax4rt_55428e4d080049c2ab67a72e69a3a385
Analysis initiated from SIMULIA established products
Abaqus JOB b96_cax4rt_finite_creep
Abaqus 2025
Abaqus License Manager checked out the following licenses:
Abaqus/Standard checked out 5 tokens from Flexnet server MSI.
<9974 out of 9999 licenses remain available>.
Begin Analysis Input File Processor
9/13/2026 11:09:18 PM
Run pre.exe
9/13/2026 11:09:19 PM
End Analysis Input File Processor
Begin Abaqus/Standard Analysis
9/13/2026 11:09:19 PM
Run standard.exe
9/13/2026 11:09:20 PM
End Abaqus/Standard Analysis
Begin SIM Wrap-up
9/13/2026 11:09:22 PM
Run SMASimUtility.exe
9/13/2026 11:09:22 PM
End SIM Wrap-up
Abaqus JOB b96_cax4rt_finite_creep COMPLETED
