case=b98_cax4rt_finite_plastic work_directory=C:\Users\TcroM\AppData\Local\Temp\fuelsim_cax4rt_477a3a9a897549d3869a4565b53d10d5
Analysis initiated from SIMULIA established products
Abaqus JOB b98_cax4rt_finite_plastic
Abaqus 2025
Abaqus License Manager checked out the following licenses:
Abaqus/Standard checked out 5 tokens from Flexnet server MSI.
<9964 out of 9999 licenses remain available>.
Begin Analysis Input File Processor
9/13/2026 11:09:18 PM
Run pre.exe
9/13/2026 11:09:19 PM
End Analysis Input File Processor
Begin Abaqus/Standard Analysis
9/13/2026 11:09:19 PM
Run standard.exe
9/13/2026 11:09:20 PM
End Abaqus/Standard Analysis
Begin SIM Wrap-up
9/13/2026 11:09:22 PM
Run SMASimUtility.exe
9/13/2026 11:09:23 PM
End SIM Wrap-up
Abaqus JOB b98_cax4rt_finite_plastic COMPLETED
