case=b911_cax4rt_small_contact work_directory=C:\Users\TcroM\AppData\Local\Temp\fuelsim_cax4rt_e38401d0c07a4210b59750dd1d81898e
Analysis initiated from SIMULIA established products
Abaqus JOB b911_cax4rt_small_contact
Abaqus 2025
Abaqus License Manager checked out the following licenses:
Abaqus/Standard checked out 5 tokens from Flexnet server MSI.
<9974 out of 9999 licenses remain available>.
Begin Analysis Input File Processor
9/13/2026 11:09:22 PM
Run pre.exe
9/13/2026 11:09:23 PM
End Analysis Input File Processor
Begin Abaqus/Standard Analysis
9/13/2026 11:09:23 PM
Run standard.exe
9/13/2026 11:09:24 PM
End Abaqus/Standard Analysis
Begin SIM Wrap-up
9/13/2026 11:09:24 PM
Run SMASimUtility.exe
9/13/2026 11:09:24 PM
End SIM Wrap-up
Abaqus JOB b911_cax4rt_small_contact COMPLETED
