case=b912_cax4rt_finite_contact work_directory=C:\Users\TcroM\AppData\Local\Temp\fuelsim_cax4rt_400c3e5787714023a5e05478c6dbd84f
Analysis initiated from SIMULIA established products
Abaqus JOB b912_cax4rt_finite_contact
Abaqus 2025
Abaqus License Manager checked out the following licenses:
Abaqus/Standard checked out 5 tokens from Flexnet server MSI.
<9979 out of 9999 licenses remain available>.
Begin Analysis Input File Processor
9/13/2026 11:09:23 PM
Run pre.exe
9/13/2026 11:09:24 PM
End Analysis Input File Processor
Begin Abaqus/Standard Analysis
9/13/2026 11:09:24 PM
Run standard.exe
9/13/2026 11:09:25 PM
End Abaqus/Standard Analysis
Begin SIM Wrap-up
9/13/2026 11:09:25 PM
Run SMASimUtility.exe
9/13/2026 11:09:25 PM
End SIM Wrap-up
Abaqus JOB b912_cax4rt_finite_contact COMPLETED
