case=b913_cax4rt_small_friction work_directory=C:\Users\TcroM\AppData\Local\Temp\fuelsim_cax4rt_c6aa4a2a866d45dfb0a7c691c8e89ad9
Analysis initiated from SIMULIA established products
Abaqus JOB b913_cax4rt_small_friction
Abaqus 2025
Abaqus License Manager checked out the following licenses:
Abaqus/Standard checked out 5 tokens from Flexnet server MSI.
<9984 out of 9999 licenses remain available>.
Begin Analysis Input File Processor
9/13/2026 11:09:24 PM
Run pre.exe
9/13/2026 11:09:25 PM
End Analysis Input File Processor
Begin Abaqus/Standard Analysis
9/13/2026 11:09:25 PM
Run standard.exe
9/13/2026 11:09:26 PM
End Abaqus/Standard Analysis
Begin SIM Wrap-up
9/13/2026 11:09:28 PM
Run SMASimUtility.exe
9/13/2026 11:09:28 PM
End SIM Wrap-up
Abaqus JOB b913_cax4rt_small_friction COMPLETED
