case=b914_cax4rt_finite_sliding work_directory=C:\Users\TcroM\AppData\Local\Temp\fuelsim_cax4rt_36811593a23842658e2f6ead7f3804bc
Analysis initiated from SIMULIA established products
Abaqus JOB b914_cax4rt_finite_sliding
Abaqus 2025
Abaqus License Manager checked out the following licenses:
Abaqus/Standard checked out 5 tokens from Flexnet server MSI.
<9979 out of 9999 licenses remain available>.
Begin Analysis Input File Processor
9/13/2026 11:09:24 PM
Run pre.exe
9/13/2026 11:09:25 PM
End Analysis Input File Processor
Begin Abaqus/Standard Analysis
9/13/2026 11:09:25 PM
Run standard.exe
9/13/2026 11:09:27 PM
End Abaqus/Standard Analysis
Begin SIM Wrap-up
9/13/2026 11:09:28 PM
Run SMASimUtility.exe
9/13/2026 11:09:29 PM
End SIM Wrap-up
Abaqus JOB b914_cax4rt_finite_sliding COMPLETED
