case=b915_cax4rt_thermal_identification work_directory=C:\Users\TcroM\AppData\Local\Temp\fuelsim_cax4rt_e8f803e300634583bd1b1880fe08525e
Analysis initiated from SIMULIA established products
Abaqus JOB b915_cax4rt_thermal_identification
Abaqus 2025
Abaqus License Manager checked out the following licenses:
Abaqus/Standard checked out 5 tokens from Flexnet server MSI.
<9974 out of 9999 licenses remain available>.
Begin Analysis Input File Processor
9/13/2026 11:09:25 PM
Run pre.exe
9/13/2026 11:09:25 PM
End Analysis Input File Processor
Begin Abaqus/Standard Analysis
9/13/2026 11:09:25 PM
Run standard.exe
9/13/2026 11:09:26 PM
End Abaqus/Standard Analysis
Begin SIM Wrap-up
9/13/2026 11:09:27 PM
Run SMASimUtility.exe
9/13/2026 11:09:27 PM
End SIM Wrap-up
Abaqus JOB b915_cax4rt_thermal_identification COMPLETED
