case=b100_cax8t_small_probe work_directory=C:\Users\TcroM\AppData\Local\Temp\fuelsim_cax8t_45e4b2d8a5d2431da8ffea25667f1e79
Analysis initiated from SIMULIA established products
Abaqus JOB b100_cax8t_small_probe
Abaqus 2025
Abaqus License Manager checked out the following licenses:
Abaqus/Standard checked out 5 tokens from Flexnet server MSI.
<9969 out of 9999 licenses remain available>.
Begin Analysis Input File Processor
9/13/2026 11:09:27 PM
Run pre.exe
9/13/2026 11:09:28 PM
End Analysis Input File Processor
Begin Abaqus/Standard Analysis
9/13/2026 11:09:28 PM
Run standard.exe
9/13/2026 11:09:29 PM
End Abaqus/Standard Analysis
Begin SIM Wrap-up
9/13/2026 11:09:29 PM
Run SMASimUtility.exe
9/13/2026 11:09:29 PM
End SIM Wrap-up
Abaqus JOB b100_cax8t_small_probe COMPLETED
