case=b103_cax8t_finite_contact work_directory=C:\Users\TcroM\AppData\Local\Temp\fuelsim_cax8t_3944b90120e54b01b4399c1c7d4de64d
Analysis initiated from SIMULIA established products
Abaqus JOB b103_cax8t_finite_contact
Abaqus 2025
Abaqus License Manager checked out the following licenses:
Abaqus/Standard checked out 5 tokens from Flexnet server MSI.
<9979 out of 9999 licenses remain available>.
Begin Analysis Input File Processor
9/13/2026 11:09:30 PM
Run pre.exe
9/13/2026 11:09:31 PM
End Analysis Input File Processor
Begin Abaqus/Standard Analysis
9/13/2026 11:09:31 PM
Run standard.exe
9/13/2026 11:09:32 PM
End Abaqus/Standard Analysis
Begin SIM Wrap-up
9/13/2026 11:09:34 PM
Run SMASimUtility.exe
9/13/2026 11:09:34 PM
End SIM Wrap-up
Abaqus JOB b103_cax8t_finite_contact COMPLETED
