case=b105_cax8t_finite_coupled work_directory=C:\Users\TcroM\AppData\Local\Temp\fuelsim_cax8t_b8a2f965aa404281bbe28e9e5479d29c
Analysis initiated from SIMULIA established products
Abaqus JOB b105_cax8t_finite_coupled
Abaqus 2025
Abaqus License Manager checked out the following licenses:
Abaqus/Standard checked out 5 tokens from Flexnet server MSI.
<9974 out of 9999 licenses remain available>.
Begin Analysis Input File Processor
9/13/2026 11:09:31 PM
Run pre.exe
9/13/2026 11:09:32 PM
End Analysis Input File Processor
Begin Abaqus/Standard Analysis
9/13/2026 11:09:32 PM
Run standard.exe
9/13/2026 11:09:33 PM
End Abaqus/Standard Analysis
Begin SIM Wrap-up
9/13/2026 11:09:33 PM
Run SMASimUtility.exe
9/13/2026 11:09:33 PM
End SIM Wrap-up
Abaqus JOB b105_cax8t_finite_coupled COMPLETED
