case=b106_cax8t_small_creep work_directory=C:\Users\TcroM\AppData\Local\Temp\fuelsim_cax8t_84e24d2ab8a147719327a7e4a3ba9f31
Analysis initiated from SIMULIA established products
Abaqus JOB b106_cax8t_small_creep
Abaqus 2025
Abaqus License Manager checked out the following licenses:
Abaqus/Standard checked out 5 tokens from Flexnet server MSI.
<9969 out of 9999 licenses remain available>.
Begin Analysis Input File Processor
9/13/2026 11:09:32 PM
Run pre.exe
9/13/2026 11:09:33 PM
End Analysis Input File Processor
Begin Abaqus/Standard Analysis
9/13/2026 11:09:33 PM
Run standard.exe
9/13/2026 11:09:34 PM
End Abaqus/Standard Analysis
Begin SIM Wrap-up
9/13/2026 11:09:36 PM
Run SMASimUtility.exe
9/13/2026 11:09:36 PM
End SIM Wrap-up
Abaqus JOB b106_cax8t_small_creep COMPLETED
