case=b107_cax8t_finite_creep work_directory=C:\Users\TcroM\AppData\Local\Temp\fuelsim_cax8t_46e1b8296c2f4ce688321c1e274f21c9
Analysis initiated from SIMULIA established products
Abaqus JOB b107_cax8t_finite_creep
Abaqus 2025
Abaqus License Manager checked out the following licenses:
Abaqus/Standard checked out 5 tokens from Flexnet server MSI.
<9964 out of 9999 licenses remain available>.
Begin Analysis Input File Processor
9/13/2026 11:09:33 PM
Run pre.exe
9/13/2026 11:09:33 PM
End Analysis Input File Processor
Begin Abaqus/Standard Analysis
9/13/2026 11:09:33 PM
Run standard.exe
9/13/2026 11:09:35 PM
End Abaqus/Standard Analysis
Begin SIM Wrap-up
9/13/2026 11:09:37 PM
Run SMASimUtility.exe
9/13/2026 11:09:37 PM
End SIM Wrap-up
Abaqus JOB b107_cax8t_finite_creep COMPLETED
