case=b108_cax8t_small_plastic work_directory=C:\Users\TcroM\AppData\Local\Temp\fuelsim_cax8t_5e3291d8b8ff4658a75965c989d26fd9
Analysis initiated from SIMULIA established products
Abaqus JOB b108_cax8t_small_plastic
Abaqus 2025
Abaqus License Manager checked out the following licenses:
Abaqus/Standard checked out 5 tokens from Flexnet server MSI.
<9964 out of 9999 licenses remain available>.
Begin Analysis Input File Processor
9/13/2026 11:09:34 PM
Run pre.exe
9/13/2026 11:09:35 PM
End Analysis Input File Processor
Begin Abaqus/Standard Analysis
9/13/2026 11:09:35 PM
Run standard.exe
9/13/2026 11:09:35 PM
End Abaqus/Standard Analysis
Begin SIM Wrap-up
9/13/2026 11:09:36 PM
Run SMASimUtility.exe
9/13/2026 11:09:36 PM
End SIM Wrap-up
Abaqus JOB b108_cax8t_small_plastic COMPLETED
