case=b109_cax8t_finite_plastic work_directory=C:\Users\TcroM\AppData\Local\Temp\fuelsim_cax8t_8644edb5241e446c931e27e520308607
Analysis initiated from SIMULIA established products
Abaqus JOB b109_cax8t_finite_plastic
Abaqus 2025
Abaqus License Manager checked out the following licenses:
Abaqus/Standard checked out 5 tokens from Flexnet server MSI.
<9979 out of 9999 licenses remain available>.
Begin Analysis Input File Processor
9/13/2026 11:09:36 PM
Run pre.exe
9/13/2026 11:09:37 PM
End Analysis Input File Processor
Begin Abaqus/Standard Analysis
9/13/2026 11:09:37 PM
Run standard.exe
9/13/2026 11:09:38 PM
End Abaqus/Standard Analysis
Begin SIM Wrap-up
9/13/2026 11:09:38 PM
Run SMASimUtility.exe
9/13/2026 11:09:38 PM
End SIM Wrap-up
Abaqus JOB b109_cax8t_finite_plastic COMPLETED
