case=b110_cax8t_small_thermal work_directory=C:\Users\TcroM\AppData\Local\Temp\fuelsim_cax8t_2b38cc6dfec94f9f8cf3cbeb8648ca2a
Analysis initiated from SIMULIA established products
Abaqus JOB b110_cax8t_small_thermal
Abaqus 2025
Abaqus License Manager checked out the following licenses:
Abaqus/Standard checked out 5 tokens from Flexnet server MSI.
<9979 out of 9999 licenses remain available>.
Begin Analysis Input File Processor
9/13/2026 11:09:37 PM
Run pre.exe
9/13/2026 11:09:38 PM
End Analysis Input File Processor
Begin Abaqus/Standard Analysis
9/13/2026 11:09:38 PM
Run standard.exe
9/13/2026 11:09:39 PM
End Abaqus/Standard Analysis
Begin SIM Wrap-up
9/13/2026 11:09:39 PM
Run SMASimUtility.exe
9/13/2026 11:09:39 PM
End SIM Wrap-up
Abaqus JOB b110_cax8t_small_thermal COMPLETED
