case=b113_cax8t_finite_sliding work_directory=C:\Users\TcroM\AppData\Local\Temp\fuelsim_cax8t_ff138ba3a5fd4e98a29f1e550f8c5b48
Analysis initiated from SIMULIA established products
Abaqus JOB b113_cax8t_finite_sliding
Abaqus 2025
Abaqus License Manager checked out the following licenses:
Abaqus/Standard checked out 5 tokens from Flexnet server MSI.
<9974 out of 9999 licenses remain available>.
Begin Analysis Input File Processor
9/13/2026 11:09:39 PM
Run pre.exe
9/13/2026 11:09:40 PM
End Analysis Input File Processor
Begin Abaqus/Standard Analysis
9/13/2026 11:09:40 PM
Run standard.exe
9/13/2026 11:09:41 PM
End Abaqus/Standard Analysis
Begin SIM Wrap-up
9/13/2026 11:09:43 PM
Run SMASimUtility.exe
9/13/2026 11:09:43 PM
End SIM Wrap-up
Abaqus JOB b113_cax8t_finite_sliding COMPLETED
