case=b114_cax8t_recovery work_directory=C:\Users\TcroM\AppData\Local\Temp\fuelsim_cax8t_9251797b7ce942719efbe81ee5a30fc5
Analysis initiated from SIMULIA established products
Abaqus JOB b114_cax8t_recovery
Abaqus 2025
Abaqus License Manager checked out the following licenses:
Abaqus/Standard checked out 5 tokens from Flexnet server MSI.
<9974 out of 9999 licenses remain available>.
Begin Analysis Input File Processor
9/13/2026 11:09:39 PM
Run pre.exe
9/13/2026 11:09:40 PM
End Analysis Input File Processor
Begin Abaqus/Standard Analysis
9/13/2026 11:09:40 PM
Run standard.exe
9/13/2026 11:09:41 PM
End Abaqus/Standard Analysis
Begin SIM Wrap-up
9/13/2026 11:09:43 PM
Run SMASimUtility.exe
9/13/2026 11:09:43 PM
End SIM Wrap-up
Abaqus JOB b114_cax8t_recovery COMPLETED
