case=b120_cax8rt_small_probe work_directory=C:\Users\TcroM\AppData\Local\Temp\fuelsim_cax8rt_bc401f59c28448c1b23d6e938401a341
Analysis initiated from SIMULIA established products
Abaqus JOB b120_cax8rt_small_probe
Abaqus 2025
Abaqus License Manager checked out the following licenses:
Abaqus/Standard checked out 5 tokens from Flexnet server MSI.
<9969 out of 9999 licenses remain available>.
Begin Analysis Input File Processor
9/13/2026 11:09:40 PM
Run pre.exe
9/13/2026 11:09:41 PM
End Analysis Input File Processor
Begin Abaqus/Standard Analysis
9/13/2026 11:09:41 PM
Run standard.exe
9/13/2026 11:09:42 PM
End Abaqus/Standard Analysis
Begin SIM Wrap-up
9/13/2026 11:09:42 PM
Run SMASimUtility.exe
9/13/2026 11:09:42 PM
End SIM Wrap-up
Abaqus JOB b120_cax8rt_small_probe COMPLETED
