case=b122_cax8rt_small_contact work_directory=C:\Users\TcroM\AppData\Local\Temp\fuelsim_cax8rt_8be7eefcb70e419eb0d3958106cd7ee7
Analysis initiated from SIMULIA established products
Abaqus JOB b122_cax8rt_small_contact
Abaqus 2025
Abaqus License Manager checked out the following licenses:
Abaqus/Standard checked out 5 tokens from Flexnet server MSI.
<9964 out of 9999 licenses remain available>.
Begin Analysis Input File Processor
9/13/2026 11:09:41 PM
Run pre.exe
9/13/2026 11:09:42 PM
End Analysis Input File Processor
Begin Abaqus/Standard Analysis
9/13/2026 11:09:42 PM
Run standard.exe
9/13/2026 11:09:43 PM
End Abaqus/Standard Analysis
Begin SIM Wrap-up
9/13/2026 11:09:43 PM
Run SMASimUtility.exe
9/13/2026 11:09:43 PM
End SIM Wrap-up
Abaqus JOB b122_cax8rt_small_contact COMPLETED
