case=b124_cax8rt_small_coupled work_directory=C:\Users\TcroM\AppData\Local\Temp\fuelsim_cax8rt_8c284a017a9e4f75a413a66360124072
Analysis initiated from SIMULIA established products
Abaqus JOB b124_cax8rt_small_coupled
Abaqus 2025
Abaqus License Manager checked out the following licenses:
Abaqus/Standard checked out 5 tokens from Flexnet server MSI.
<9984 out of 9999 licenses remain available>.
Begin Analysis Input File Processor
9/13/2026 11:09:44 PM
Run pre.exe
9/13/2026 11:09:45 PM
End Analysis Input File Processor
Begin Abaqus/Standard Analysis
9/13/2026 11:09:45 PM
Run standard.exe
9/13/2026 11:09:46 PM
End Abaqus/Standard Analysis
Begin SIM Wrap-up
9/13/2026 11:09:47 PM
Run SMASimUtility.exe
9/13/2026 11:09:47 PM
End SIM Wrap-up
Abaqus JOB b124_cax8rt_small_coupled COMPLETED
