case=b125_cax8rt_finite_coupled work_directory=C:\Users\TcroM\AppData\Local\Temp\fuelsim_cax8rt_8e6fc975857a44c1bc34e84267a3ea01
Analysis initiated from SIMULIA established products
Abaqus JOB b125_cax8rt_finite_coupled
Abaqus 2025
Abaqus License Manager checked out the following licenses:
Abaqus/Standard checked out 5 tokens from Flexnet server MSI.
<9979 out of 9999 licenses remain available>.
Begin Analysis Input File Processor
9/13/2026 11:09:45 PM
Run pre.exe
9/13/2026 11:09:46 PM
End Analysis Input File Processor
Begin Abaqus/Standard Analysis
9/13/2026 11:09:46 PM
Run standard.exe
9/13/2026 11:09:47 PM
End Abaqus/Standard Analysis
Begin SIM Wrap-up
9/13/2026 11:09:49 PM
Run SMASimUtility.exe
9/13/2026 11:09:50 PM
End SIM Wrap-up
Abaqus JOB b125_cax8rt_finite_coupled COMPLETED
