case=b126_cax8rt_small_creep work_directory=C:\Users\TcroM\AppData\Local\Temp\fuelsim_cax8rt_4fe7e82ce77d4d9994b260c5742b63ae
Analysis initiated from SIMULIA established products
Abaqus JOB b126_cax8rt_small_creep
Abaqus 2025
Abaqus License Manager checked out the following licenses:
Abaqus/Standard checked out 5 tokens from Flexnet server MSI.
<9974 out of 9999 licenses remain available>.
Begin Analysis Input File Processor
9/13/2026 11:09:45 PM
Run pre.exe
9/13/2026 11:09:46 PM
End Analysis Input File Processor
Begin Abaqus/Standard Analysis
9/13/2026 11:09:46 PM
Run standard.exe
9/13/2026 11:09:48 PM
End Abaqus/Standard Analysis
Begin SIM Wrap-up
9/13/2026 11:09:50 PM
Run SMASimUtility.exe
9/13/2026 11:09:50 PM
End SIM Wrap-up
Abaqus JOB b126_cax8rt_small_creep COMPLETED
