case=b128_cax8rt_small_plastic work_directory=C:\Users\TcroM\AppData\Local\Temp\fuelsim_cax8rt_938da855f3c94933aeb2d6f3c55417e6
Analysis initiated from SIMULIA established products
Abaqus JOB b128_cax8rt_small_plastic
Abaqus 2025
Abaqus License Manager checked out the following licenses:
Abaqus/Standard checked out 5 tokens from Flexnet server MSI.
<9969 out of 9999 licenses remain available>.
Begin Analysis Input File Processor
9/13/2026 11:09:46 PM
Run pre.exe
9/13/2026 11:09:48 PM
End Analysis Input File Processor
Begin Abaqus/Standard Analysis
9/13/2026 11:09:48 PM
Run standard.exe
9/13/2026 11:09:48 PM
End Abaqus/Standard Analysis
Begin SIM Wrap-up
9/13/2026 11:09:51 PM
Run SMASimUtility.exe
9/13/2026 11:09:51 PM
End SIM Wrap-up
Abaqus JOB b128_cax8rt_small_plastic COMPLETED
