case=b129_cax8rt_finite_plastic work_directory=C:\Users\TcroM\AppData\Local\Temp\fuelsim_cax8rt_3ad0e502dfae4dcca8b19e1c829ba3b7
Analysis initiated from SIMULIA established products
Abaqus JOB b129_cax8rt_finite_plastic
Abaqus 2025
Abaqus License Manager checked out the following licenses:
Abaqus/Standard checked out 5 tokens from Flexnet server MSI.
<9964 out of 9999 licenses remain available>.
Begin Analysis Input File Processor
9/13/2026 11:09:48 PM
Run pre.exe
9/13/2026 11:09:49 PM
End Analysis Input File Processor
Begin Abaqus/Standard Analysis
9/13/2026 11:09:49 PM
Run standard.exe
9/13/2026 11:09:50 PM
End Abaqus/Standard Analysis
Begin SIM Wrap-up
9/13/2026 11:09:52 PM
Run SMASimUtility.exe
9/13/2026 11:09:52 PM
End SIM Wrap-up
Abaqus JOB b129_cax8rt_finite_plastic COMPLETED
