case=b1210_cax8rt_small_thermal work_directory=C:\Users\TcroM\AppData\Local\Temp\fuelsim_cax8rt_dc2b5bd7b329488aa8c83e6d206b6074
Analysis initiated from SIMULIA established products
Abaqus JOB b1210_cax8rt_small_thermal
Abaqus 2025
Abaqus License Manager checked out the following licenses:
Abaqus/Standard checked out 5 tokens from Flexnet server MSI.
<9974 out of 9999 licenses remain available>.
Begin Analysis Input File Processor
9/13/2026 11:09:50 PM
Run pre.exe
9/13/2026 11:09:51 PM
End Analysis Input File Processor
Begin Abaqus/Standard Analysis
9/13/2026 11:09:51 PM
Run standard.exe
9/13/2026 11:09:52 PM
End Abaqus/Standard Analysis
Begin SIM Wrap-up
9/13/2026 11:09:52 PM
Run SMASimUtility.exe
9/13/2026 11:09:52 PM
End SIM Wrap-up
Abaqus JOB b1210_cax8rt_small_thermal COMPLETED
