case=b1212_cax8rt_small_friction work_directory=C:\Users\TcroM\AppData\Local\Temp\fuelsim_cax8rt_318b86eb27a84b498db5d9179968cb5c
Analysis initiated from SIMULIA established products
Abaqus JOB b1212_cax8rt_small_friction
Abaqus 2025
Abaqus License Manager checked out the following licenses:
Abaqus/Standard checked out 5 tokens from Flexnet server MSI.
<9974 out of 9999 licenses remain available>.
Begin Analysis Input File Processor
9/13/2026 11:09:52 PM
Run pre.exe
9/13/2026 11:09:53 PM
End Analysis Input File Processor
Begin Abaqus/Standard Analysis
9/13/2026 11:09:53 PM
Run standard.exe
9/13/2026 11:09:54 PM
End Abaqus/Standard Analysis
Begin SIM Wrap-up
9/13/2026 11:09:56 PM
Run SMASimUtility.exe
9/13/2026 11:09:56 PM
End SIM Wrap-up
Abaqus JOB b1212_cax8rt_small_friction COMPLETED
