case=b1213_cax8rt_finite_sliding work_directory=C:\Users\TcroM\AppData\Local\Temp\fuelsim_cax8rt_b0ac9f78d9b245c78223a0c4570000d9
Analysis initiated from SIMULIA established products
Abaqus JOB b1213_cax8rt_finite_sliding
Abaqus 2025
Abaqus License Manager checked out the following licenses:
Abaqus/Standard checked out 5 tokens from Flexnet server MSI.
<9979 out of 9999 licenses remain available>.
Begin Analysis Input File Processor
9/13/2026 11:09:53 PM
Run pre.exe
9/13/2026 11:09:54 PM
End Analysis Input File Processor
Begin Abaqus/Standard Analysis
9/13/2026 11:09:54 PM
Run standard.exe
9/13/2026 11:09:55 PM
End Abaqus/Standard Analysis
Begin SIM Wrap-up
9/13/2026 11:09:57 PM
Run SMASimUtility.exe
9/13/2026 11:09:57 PM
End SIM Wrap-up
Abaqus JOB b1213_cax8rt_finite_sliding COMPLETED
