case=b13_small_cax4rt work_directory=C:\Users\TcroM\AppData\Local\Temp\fuelsim_pcmi_ef92d4f962ec46fbae7f24fdfde7641f
Analysis initiated from SIMULIA established products
Abaqus JOB b13_small_cax4rt
Abaqus 2025
Abaqus License Manager checked out the following licenses:
Abaqus/Standard checked out 5 tokens from Flexnet server MSI.
<9974 out of 9999 licenses remain available>.
Begin Analysis Input File Processor
9/13/2026 11:09:54 PM
Run pre.exe
9/13/2026 11:09:55 PM
End Analysis Input File Processor
Begin Abaqus/Standard Analysis
9/13/2026 11:09:55 PM
Run standard.exe
9/13/2026 11:09:57 PM
End Abaqus/Standard Analysis
Begin SIM Wrap-up
9/13/2026 11:09:58 PM
Run SMASimUtility.exe
9/13/2026 11:09:58 PM
End SIM Wrap-up
Abaqus JOB b13_small_cax4rt COMPLETED
