case=b13_small_cax8rt work_directory=C:\Users\TcroM\AppData\Local\Temp\fuelsim_pcmi_abb822ff64834d4f9144542ed6db00b4
Analysis initiated from SIMULIA established products
Abaqus JOB b13_small_cax8rt
Abaqus 2025
Abaqus License Manager checked out the following licenses:
Abaqus/Standard checked out 5 tokens from Flexnet server MSI.
<9964 out of 9999 licenses remain available>.
Begin Analysis Input File Processor
9/13/2026 11:09:55 PM
Run pre.exe
9/13/2026 11:09:56 PM
End Analysis Input File Processor
Begin Abaqus/Standard Analysis
9/13/2026 11:09:56 PM
Run standard.exe
9/13/2026 11:09:58 PM
End Abaqus/Standard Analysis
Begin SIM Wrap-up
9/13/2026 11:10:00 PM
Run SMASimUtility.exe
9/13/2026 11:10:00 PM
End SIM Wrap-up
Abaqus JOB b13_small_cax8rt COMPLETED
