case=b14_nts_cax4t work_directory=C:\Users\TcroM\AppData\Local\Temp\fuelsim_pcmi_4a8e4cfe709249b2a1cf3c1233570d2a
Analysis initiated from SIMULIA established products
Abaqus JOB b14_nts_cax4t
Abaqus 2025
Abaqus License Manager checked out the following licenses:
Abaqus/Standard checked out 5 tokens from Flexnet server MSI.
<9984 out of 9999 licenses remain available>.
Begin Analysis Input File Processor
9/13/2026 11:09:59 PM
Run pre.exe
9/13/2026 11:10:00 PM
End Analysis Input File Processor
Begin Abaqus/Standard Analysis
9/13/2026 11:10:00 PM
Run standard.exe
9/13/2026 11:10:01 PM
End Abaqus/Standard Analysis
Begin SIM Wrap-up
9/13/2026 11:10:03 PM
Run SMASimUtility.exe
9/13/2026 11:10:03 PM
End SIM Wrap-up
Abaqus JOB b14_nts_cax4t COMPLETED
