case=b14_nts_cax8t work_directory=C:\Users\TcroM\AppData\Local\Temp\fuelsim_pcmi_96e0c304f7ce4382addccc571002495c
Analysis initiated from SIMULIA established products
Abaqus JOB b14_nts_cax8t
Abaqus 2025
Abaqus License Manager checked out the following licenses:
Abaqus/Standard checked out 5 tokens from Flexnet server MSI.
<9984 out of 9999 licenses remain available>.
Begin Analysis Input File Processor
9/13/2026 11:10:00 PM
Run pre.exe
9/13/2026 11:10:01 PM
End Analysis Input File Processor
Begin Abaqus/Standard Analysis
9/13/2026 11:10:01 PM
Run standard.exe
9/13/2026 11:10:02 PM
End Abaqus/Standard Analysis
Begin SIM Wrap-up
9/13/2026 11:10:02 PM
Run SMASimUtility.exe
9/13/2026 11:10:02 PM
End SIM Wrap-up
Abaqus JOB b14_nts_cax8t COMPLETED
