gap_relative_l2=6.399236441380e-13
gap_relative_absolute_peak=0.000000000000e+00
gap_maximum_pointwise_relative=2.040951938030e-12
gap_maximum_pointwise_relative_index=11
gap_maximum_pointwise_relative_actual=-8.498542691852e-07
gap_maximum_pointwise_relative_reference=-8.498542691869e-07
gap_maximum_absolute_difference_index=11
gap_maximum_absolute_difference_actual=-8.498542691852e-07
gap_maximum_absolute_difference_reference=-8.498542691869e-07
gap_zero_reference_count=0
gap_maximum_zero_reference_absolute_difference=0.000000000000e+00
nodal_heat_reaction_relative_l2=6.294434433025e+05
nodal_heat_reaction_relative_absolute_peak=6.294434430216e+05
nodal_heat_reaction_maximum_pointwise_relative=6.294434542464e+05
nodal_heat_reaction_maximum_pointwise_relative_index=33
nodal_heat_reaction_maximum_pointwise_relative_actual=4.214298332677e+00
nodal_heat_reaction_maximum_pointwise_relative_reference=6.695266443682e-06
nodal_heat_reaction_maximum_absolute_difference_index=36
nodal_heat_reaction_maximum_absolute_difference_actual=1.289559006133e+01
nodal_heat_reaction_maximum_absolute_difference_reference=2.048725698399e-05
nodal_heat_reaction_zero_reference_count=0
nodal_heat_reaction_maximum_zero_reference_absolute_difference=0.000000000000e+00
normal_force_relative_l2=1.294984296225e-04
normal_force_relative_absolute_peak=1.682815317521e-04
normal_force_maximum_pointwise_relative=2.001401105303e-04
normal_force_maximum_pointwise_relative_index=13
normal_force_maximum_pointwise_relative_actual=1.104030030208e+01
normal_force_maximum_pointwise_relative_reference=1.104251035132e+01
normal_force_maximum_absolute_difference_index=26
normal_force_maximum_absolute_difference_actual=6.525785013034e+01
normal_force_maximum_absolute_difference_reference=6.526883366964e+01
normal_force_zero_reference_count=0
normal_force_maximum_zero_reference_absolute_difference=0.000000000000e+00
pressure_relative_l2=1.294702155450e-04
pressure_relative_absolute_peak=1.665126882281e-04
pressure_maximum_pointwise_relative=1.999981213346e-04
pressure_maximum_pointwise_relative_index=13
pressure_maximum_pointwise_relative_actual=7.997900115038e+05
pressure_maximum_pointwise_relative_reference=7.999500000009e+05
pressure_maximum_absolute_difference_index=18
pressure_maximum_absolute_difference_actual=1.099895464554e+06
pressure_maximum_absolute_difference_reference=1.100095414984e+06
pressure_zero_reference_count=0
pressure_maximum_zero_reference_absolute_difference=0.000000000000e+00
shear_relative_l2=1.294687266431e-04
shear_relative_absolute_peak=1.665126882228e-04
shear_maximum_pointwise_relative=1.999984801901e-04
shear_maximum_pointwise_relative_index=13
shear_maximum_pointwise_relative_actual=1.279151416271e+05
shear_maximum_pointwise_relative_reference=1.279407295786e+05
shear_maximum_absolute_difference_index=18
shear_maximum_absolute_difference_actual=-1.759833518888e+05
shear_maximum_absolute_difference_reference=-1.760153439716e+05
shear_zero_reference_count=0
shear_maximum_zero_reference_absolute_difference=0.000000000000e+00
slip_relative_l2=1.956292072929e-16
slip_relative_absolute_peak=3.388127115255e-16
slip_maximum_pointwise_relative=5.082194560491e-16
slip_maximum_pointwise_relative_index=19
slip_maximum_pointwise_relative_actual=1.000000614505e-05
slip_maximum_pointwise_relative_reference=1.000000614505e-05
slip_maximum_absolute_difference_index=19
slip_maximum_absolute_difference_actual=1.000000614505e-05
slip_maximum_absolute_difference_reference=1.000000614505e-05
slip_zero_reference_count=0
slip_maximum_zero_reference_absolute_difference=0.000000000000e+00
tangential_force_relative_l2=1.294977572981e-04
tangential_force_relative_absolute_peak=1.682815317472e-04
tangential_force_maximum_pointwise_relative=2.001401105255e-04
tangential_force_maximum_pointwise_relative_index=13
tangential_force_maximum_pointwise_relative_actual=1.765739948571e+00
tangential_force_maximum_pointwise_relative_reference=1.766093414703e+00
tangential_force_maximum_absolute_difference_index=26
tangential_force_maximum_absolute_difference_actual=1.044126878376e+01
tangential_force_maximum_absolute_difference_reference=1.044302615220e+01
tangential_force_zero_reference_count=0
tangential_force_maximum_zero_reference_absolute_difference=0.000000000000e+00
prescribed_temperature_maximum_absolute_error=5.684341886081e-14
noninterface_heat_maximum_absolute_value=2.355684245897e-13
prescribed_displacement_maximum_absolute_error=1.084202172486e-19
