Analysis initiated from SIMULIA established products
Abaqus JOB c3d8t_nonaffine_capacity_probe
Abaqus 2025
Abaqus License Manager checked out the following licenses:
Abaqus/Standard checked out 5 tokens from Flexnet server MSI.
<9994 out of 9999 licenses remain available>.
Begin Analysis Input File Processor
9/13/2026 9:31:35 PM
Run pre.exe
9/13/2026 9:31:36 PM
End Analysis Input File Processor
Begin Abaqus/Standard Analysis
9/13/2026 9:31:36 PM
Run standard.exe
9/13/2026 9:31:37 PM
End Abaqus/Standard Analysis
Begin SIM Wrap-up
9/13/2026 9:31:37 PM
Run SMASimUtility.exe
9/13/2026 9:31:37 PM
End SIM Wrap-up
Abaqus JOB c3d8t_nonaffine_capacity_probe COMPLETED
Completed c3d8t_nonaffine_capacity_probe in C:\Users\TcroM\AppData\Local\Temp\fuelsim_c3d8t_nonaffine_capacity_92a435f89a8f413b9c422a0cc00211d7
