Analysis initiated from SIMULIA established products
Abaqus JOB b61_fuel_plate_c3d8rt_finite_inelastic_bending
Abaqus 2025
Abaqus License Manager checked out the following licenses:
Abaqus/Standard checked out 5 tokens from Flexnet server MSI.
<9994 out of 9999 licenses remain available>.
Begin Analysis Input File Processor
9/13/2026 9:37:04 PM
Run pre.exe
9/13/2026 9:37:05 PM
End Analysis Input File Processor
Begin Abaqus/Standard Analysis
9/13/2026 9:37:05 PM
Run standard.exe
9/13/2026 9:37:08 PM
End Abaqus/Standard Analysis
Begin SIM Wrap-up
9/13/2026 9:37:09 PM
Run SMASimUtility.exe
9/13/2026 9:37:09 PM
End SIM Wrap-up
Abaqus JOB b61_fuel_plate_c3d8rt_finite_inelastic_bending COMPLETED
Abaqus B6.1 wall time: 5.2556 seconds
Abaqus B6.1 work directory: C:\Users\TcroM\AppData\Local\Temp\fuelsim_b61_20260913_213704
Analysis initiated from SIMULIA established products
Abaqus JOB b526_friction_reversal
Abaqus 2025
Abaqus License Manager checked out the following licenses:
Abaqus/Standard checked out 5 tokens from Flexnet server MSI.
<9994 out of 9999 licenses remain available>.
Begin Analysis Input File Processor
9/13/2026 9:37:12 PM
Run pre.exe
9/13/2026 9:37:13 PM
End Analysis Input File Processor
Begin Abaqus/Standard Analysis
9/13/2026 9:37:13 PM
Run standard.exe
9/13/2026 9:37:15 PM
End Abaqus/Standard Analysis
Begin SIM Wrap-up
9/13/2026 9:37:16 PM
Run SMASimUtility.exe
9/13/2026 9:37:16 PM
End SIM Wrap-up
Abaqus JOB b526_friction_reversal COMPLETED
Completed Abaqus full-field case: b526_friction_reversal
Abaqus B5.26 work directory: C:\Users\TcroM\AppData\Local\Temp\fuelsim_b526_71c674460b344e589f5674a6eb404e19
