 Abaqus/Standard 2025                  DATE 13-9ÔÂ-2026 TIME 21:32:58
 SUMMARY OF JOB INFORMATION:
 STEP  INC ATT SEVERE EQUIL TOTAL  TOTAL      STEP       INC OF       DOF    IF
               DISCON ITERS ITERS  TIME/    TIME/LPF    TIME/LPF    MONITOR RIKS
               ITERS               FREQ
   1     1   1     0     3     3  1.00       1.00       1.000     
   1     2   1     0     3     3  2.00       2.00       1.000     
   1     3   1     0     3     3  3.00       3.00       1.000     
   1     4   1     0     3     3  4.00       4.00       1.000     
   1     5   1     0     3     3  5.00       5.00       1.000     
   1     6   1     0     2     2  6.00       6.00       1.000     
   1     7   1     1     2     3  7.00       7.00       1.000     
   1     8   1     0     3     3  8.00       8.00       1.000     
   1     9   1     1     3     4  9.00       9.00       1.000     
   1    10   1     0     3     3  10.0       10.0       1.000     
   1    11   1     0     3     3  11.0       11.0       1.000     
   1    12   1     0     3     3  12.0       12.0       1.000     
   1    13   1     0     2     2  13.0       13.0       1.000     
   1    14   1     0     2     2  14.0       14.0       1.000     
   1    15   1     0     2     2  15.0       15.0       1.000     
   1    16   1     0     2     2  16.0       16.0       1.000     
   1    17   1     0     2     2  17.0       17.0       1.000     
   1    18   1     0     2     2  18.0       18.0       1.000     
   1    19   1     0     2     2  19.0       19.0       1.000     
   1    20   1     0     2     2  20.0       20.0       1.000     
                          
 THE ANALYSIS HAS COMPLETED SUCCESSFULLY
