 Abaqus/Standard 2025                  DATE 13-9ÔÂ-2026 TIME 21:33:11
 SUMMARY OF JOB INFORMATION:
 STEP  INC ATT SEVERE EQUIL TOTAL  TOTAL      STEP       INC OF       DOF    IF
               DISCON ITERS ITERS  TIME/    TIME/LPF    TIME/LPF    MONITOR RIKS
               ITERS               FREQ
   1     1   1     0     4     4  0.0625     0.0625     0.06250   
   1     2   1     0     3     3  0.125      0.125      0.06250   
   1     3   1     1     3     4  0.188      0.188      0.06250   
   1     4   1     0     4     4  0.250      0.250      0.06250   
   1     5   1     0     3     3  0.312      0.312      0.06250   
   1     6   1     0     3     3  0.375      0.375      0.06250   
   1     7   1     0     3     3  0.438      0.438      0.06250   
   1     8   1     0     3     3  0.500      0.500      0.06250   
   1     9   1     0     4     4  0.562      0.562      0.06250   
   1    10   1     0     3     3  0.625      0.625      0.06250   
   1    11   1     0     3     3  0.688      0.688      0.06250   
   1    12   1     0     3     3  0.750      0.750      0.06250   
   1    13   1     0     3     3  0.812      0.812      0.06250   
   1    14   1     0     3     3  0.875      0.875      0.06250   
   1    15   1     0     3     3  0.938      0.938      0.06250   
   1    16   1     0     3     3  1.00       1.00       0.06250   
   1    17   1     0     3     3  1.06       1.06       0.06250   
   1    18   1     0     3     3  1.12       1.12       0.06250   
   1    19   1     0     3     3  1.19       1.19       0.06250   
   1    20   1     0     3     3  1.25       1.25       0.06250   
   1    21   1     0     3     3  1.31       1.31       0.06250   
   1    22   1     0     3     3  1.38       1.38       0.06250   
   1    23   1     0     3     3  1.44       1.44       0.06250   
   1    24   1     0     3     3  1.50       1.50       0.06250   
   1    25   1     0     4     4  1.56       1.56       0.06250   
   1    26   1     0     2     2  1.62       1.62       0.06250   
   1    27   1     0     3     3  1.69       1.69       0.06250   
   1    28   1     0     2     2  1.75       1.75       0.06250   
   1    29   1     0     3     3  1.81       1.81       0.06250   
   1    30   1     0     3     3  1.88       1.88       0.06250   
   1    31   1     0     3     3  1.94       1.94       0.06250   
   1    32   1     0     3     3  2.00       2.00       0.06250   
   1    33   1     0     3     3  2.06       2.06       0.06250   
   1    34   1     0     3     3  2.12       2.12       0.06250   
   1    35   1     0     2     2  2.19       2.19       0.06250   
   1    36   1     0     2     2  2.25       2.25       0.06250   
   1    37   1     0     2     2  2.31       2.31       0.06250   
   1    38   1     0     2     2  2.38       2.38       0.06250   
   1    39   1     0     2     2  2.44       2.44       0.06250   
   1    40   1     0     2     2  2.50       2.50       0.06250   
   1    41   1     0     2     2  2.56       2.56       0.06250   
   1    42   1     0     2     2  2.62       2.62       0.06250   
   1    43   1     0     2     2  2.69       2.69       0.06250   
   1    44   1     0     2     2  2.75       2.75       0.06250   
   1    45   1     0     2     2  2.81       2.81       0.06250   
   1    46   1     0     2     2  2.88       2.88       0.06250   
   1    47   1     0     2     2  2.94       2.94       0.06250   
   1    48   1     0     2     2  3.00       3.00       0.06250   
   1    49   1     0     4     4  3.06       3.06       0.06250   
   1    50   1     0     2     2  3.12       3.12       0.06250   
   1    51   1     0     2     2  3.19       3.19       0.06250   
   1    52   1     0     3     3  3.25       3.25       0.06250   
   1    53   1     0     2     2  3.31       3.31       0.06250   
   1    54   1     0     2     2  3.38       3.38       0.06250   
   1    55   1     0     2     2  3.44       3.44       0.06250   
   1    56   1     0     2     2  3.50       3.50       0.06250   
   1    57   1     0     2     2  3.56       3.56       0.06250   
   1    58   1     0     2     2  3.62       3.62       0.06250   
   1    59   1     0     2     2  3.69       3.69       0.06250   
   1    60   1     0     2     2  3.75       3.75       0.06250   
   1    61   1     0     2     2  3.81       3.81       0.06250   
   1    62   1     0     2     2  3.88       3.88       0.06250   
   1    63   1     0     2     2  3.94       3.94       0.06250   
   1    64   1     0     2     2  4.00       4.00       0.06250   
   1    65   1     0     2     2  4.06       4.06       0.06250   
   1    66   1     0     2     2  4.12       4.12       0.06250   
   1    67   1     0     2     2  4.19       4.19       0.06250   
   1    68   1     0     2     2  4.25       4.25       0.06250   
   1    69   1     0     2     2  4.31       4.31       0.06250   
   1    70   1     0     2     2  4.38       4.38       0.06250   
   1    71   1     0     2     2  4.44       4.44       0.06250   
   1    72   1     0     2     2  4.50       4.50       0.06250   
   1    73   1     0     3     3  4.56       4.56       0.06250   
   1    74   1     0     2     2  4.62       4.62       0.06250   
   1    75   1     0     2     2  4.69       4.69       0.06250   
   1    76   1     0     2     2  4.75       4.75       0.06250   
   1    77   1     0     3     3  4.81       4.81       0.06250   
   1    78   1     0     2     2  4.88       4.88       0.06250   
   1    79   1     0     2     2  4.94       4.94       0.06250   
   1    80   1     0     2     2  5.00       5.00       0.06250   
   1    81   1     0     2     2  5.06       5.06       0.06250   
   1    82   1     0     2     2  5.12       5.12       0.06250   
   1    83   1     0     2     2  5.19       5.19       0.06250   
   1    84   1     0     2     2  5.25       5.25       0.06250   
   1    85   1     0     2     2  5.31       5.31       0.06250   
   1    86   1     0     2     2  5.38       5.38       0.06250   
   1    87   1     0     2     2  5.44       5.44       0.06250   
   1    88   1     0     2     2  5.50       5.50       0.06250   
   1    89   1     0     2     2  5.56       5.56       0.06250   
   1    90   1     0     2     2  5.62       5.62       0.06250   
   1    91   1     0     2     2  5.69       5.69       0.06250   
   1    92   1     0     2     2  5.75       5.75       0.06250   
   1    93   1     0     2     2  5.81       5.81       0.06250   
   1    94   1     0     2     2  5.88       5.88       0.06250   
   1    95   1     0     2     2  5.94       5.94       0.06250   
   1    96   1     0     2     2  6.00       6.00       0.06250   
                          
 THE ANALYSIS HAS COMPLETED SUCCESSFULLY
