Internal ctest changing into directory: /home/cooper/ai_project/fuelsim/build
Test project /home/cooper/ai_project/fuelsim/build
        Start 124: fuelsim_b40_hex8_sts_friction_abaqus_tests
        Start  60: fuelsim_m52_transient_reference
        Start 153: fuelsim_b33_frictionless_baseline
        Start 150: fuelsim_b36_plate_meat_clad_moose_tests
        Start 209: fuelsim_section_modal_nonuniform
        Start 179: fuelsim_b555_c3d20t_friction_abaqus_tests
        Start 134: fuelsim_b48_hex8_multi_contact_path_abaqus_tests
        Start 178: fuelsim_b550_c3d20t_contact_abaqus_tests
  1/331 Test #153: fuelsim_b33_frictionless_baseline ..............................   Passed    2.92 sec
        Start 177: fuelsim_b549_c3d20t_abaqus_tests
  2/331 Test  #60: fuelsim_m52_transient_reference ................................   Passed    3.80 sec
        Start 145: fuelsim_h20_inelastic_coupled_moose_tests
  3/331 Test #124: fuelsim_b40_hex8_sts_friction_abaqus_tests .....................   Passed    6.63 sec
        Start 125: fuelsim_b40_production_restart
  4/331 Test #145: fuelsim_h20_inelastic_coupled_moose_tests ......................   Passed    3.35 sec
        Start 299: fuelsim_b1213_cax8rt_finite_sliding_abaqus_tests
  5/331 Test #177: fuelsim_b549_c3d20t_abaqus_tests ...............................   Passed    4.43 sec
        Start 156: fuelsim_b34_transient_sliding_checkpoint
  6/331 Test #209: fuelsim_section_modal_nonuniform ...............................   Passed    7.37 sec
        Start  61: fuelsim_m52_large_sliding_restart_tests
  7/331 Test #156: fuelsim_b34_transient_sliding_checkpoint .......................   Passed    2.31 sec
        Start 190: fuelsim_b32_hex8_creep_moose_tests
  8/331 Test #299: fuelsim_b1213_cax8rt_finite_sliding_abaqus_tests ...............   Passed    2.54 sec
        Start 188: fuelsim_b3_hex8_coupled_moose_tests
  9/331 Test  #61: fuelsim_m52_large_sliding_restart_tests ........................   Passed    2.56 sec
        Start 192: fuelsim_b32_hex8_coupled_moose_tests
 10/331 Test #125: fuelsim_b40_production_restart .................................   Passed    3.51 sec
        Start 307: fuelsim_b914_cax4rt_finite_sliding_abaqus_tests
 11/331 Test #178: fuelsim_b550_c3d20t_contact_abaqus_tests .......................   Passed   11.15 sec
        Start 186: fuelsim_b3_hex8_creep_moose_tests
 12/331 Test #190: fuelsim_b32_hex8_creep_moose_tests .............................   Passed    2.04 sec
        Start 255: fuelsim_b81_rz_finite_sliding_abaqus_tests
 13/331 Test #188: fuelsim_b3_hex8_coupled_moose_tests ............................   Passed    2.10 sec
        Start  38: fuelsim_gps_contact_abaqus
 14/331 Test #307: fuelsim_b914_cax4rt_finite_sliding_abaqus_tests ................   Passed    1.89 sec
        Start  42: fuelsim_gps_chain_finite
 15/331 Test #192: fuelsim_b32_hex8_coupled_moose_tests ...........................   Passed    2.15 sec
        Start  40: fuelsim_gps_chain_small
 16/331 Test #179: fuelsim_b555_c3d20t_friction_abaqus_tests ......................   Passed   12.11 sec
        Start 222: fuelsim_c3d8rt_contact_one_rank_reference
 17/331 Test #186: fuelsim_b3_hex8_creep_moose_tests ..............................   Passed    1.53 sec
        Start 163: fuelsim_h20_30_faceted_cylinder_abaqus_tests
 18/331 Test #134: fuelsim_b48_hex8_multi_contact_path_abaqus_tests ...............   Passed   12.79 sec
        Start 165: fuelsim_h20_30_quadratic_cylinder_abaqus_tests
 19/331 Test #255: fuelsim_b81_rz_finite_sliding_abaqus_tests .....................   Passed    1.72 sec
        Start 101: fuelsim_b510_hex8_c3d8t_small_j2_abaqus_tests
 20/331 Test  #38: fuelsim_gps_contact_abaqus .....................................   Passed    1.74 sec
        Start 105: fuelsim_b515_hex8_c3d8t_finite_j2_abaqus_tests
 21/331 Test #222: fuelsim_c3d8rt_contact_one_rank_reference ......................   Passed    1.78 sec
        Start 289: fuelsim_b125_cax8rt_finite_coupled_abaqus_tests
 22/331 Test  #42: fuelsim_gps_chain_finite .......................................   Passed    2.11 sec
        Start 274: fuelsim_b105_cax8t_finite_coupled_abaqus_tests
 23/331 Test  #40: fuelsim_gps_chain_small ........................................   Passed    2.14 sec
        Start 168: fuelsim_h20_35_curved_friction_abaqus_tests
 24/331 Test #163: fuelsim_h20_30_faceted_cylinder_abaqus_tests ...................   Passed    2.26 sec
        Start 228: fuelsim_rz_contact_mpi_reference
 25/331 Test #165: fuelsim_h20_30_quadratic_cylinder_abaqus_tests .................   Passed    2.36 sec
        Start 122: fuelsim_b39_hex8_sts_tilted_gap_abaqus_tests
 26/331 Test #150: fuelsim_b36_plate_meat_clad_moose_tests ........................   Passed   15.18 sec
        Start 120: fuelsim_b39_hex8_sts_nonmatching_abaqus_tests
 27/331 Test #289: fuelsim_b125_cax8rt_finite_coupled_abaqus_tests ................   Passed    2.24 sec
        Start 199: fuelsim_b531_hex8_c3d8rt_transient_abaqus_tests
 28/331 Test #101: fuelsim_b510_hex8_c3d8t_small_j2_abaqus_tests ..................   Passed    2.79 sec
        Start 200: fuelsim_b534_hex8_c3d8rt_finite_transient_abaqus_tests
 29/331 Test #105: fuelsim_b515_hex8_c3d8t_finite_j2_abaqus_tests .................   Passed    2.75 sec
        Start 118: fuelsim_b39_hex8_sts_matching_abaqus_tests
 30/331 Test #274: fuelsim_b105_cax8t_finite_coupled_abaqus_tests .................   Passed    2.27 sec
        Start 184: fuelsim_h20_24_hex20_nonmatching_abaqus_tests
 31/331 Test #168: fuelsim_h20_35_curved_friction_abaqus_tests ....................   Passed    2.49 sec
        Start 154: fuelsim_b33_hex8_contact_moose_tests
 32/331 Test #228: fuelsim_rz_contact_mpi_reference ...............................   Passed    1.79 sec
        Start 240: fuelsim_transient_mpi_reference
 33/331 Test #122: fuelsim_b39_hex8_sts_tilted_gap_abaqus_tests ...................   Passed    1.95 sec
        Start 149: fuelsim_b35_hex8_shared_nodes_moose_tests
 34/331 Test #120: fuelsim_b39_hex8_sts_nonmatching_abaqus_tests ..................   Passed    1.97 sec
        Start 231: fuelsim_b521_thermal_contact_mpi_reference
 35/331 Test #118: fuelsim_b39_hex8_sts_matching_abaqus_tests .....................   Passed    2.57 sec
        Start 234: fuelsim_b41_hex8_finite_sliding_mpi_reference
 36/331 Test #199: fuelsim_b531_hex8_c3d8rt_transient_abaqus_tests ................   Passed    2.78 sec
        Start  66: fuelsim_c3d20rt_finite_frictionless_abaqus_tests
 37/331 Test #200: fuelsim_b534_hex8_c3d8rt_finite_transient_abaqus_tests .........   Passed    2.79 sec
        Start  65: fuelsim_c3d20rt_contact_friction_abaqus_tests
 38/331 Test #240: fuelsim_transient_mpi_reference ................................   Passed    2.42 sec
        Start 319: fuelsim_b13_integrated_cax8t_abaqus_tests
 39/331 Test #184: fuelsim_h20_24_hex20_nonmatching_abaqus_tests ..................   Passed    2.77 sec
        Start 320: fuelsim_b13_integrated_cax8rt_abaqus_tests
 40/331 Test #154: fuelsim_b33_hex8_contact_moose_tests ...........................   Passed    2.51 sec
        Start 317: fuelsim_b13_integrated_cax4t_abaqus_tests
 41/331 Test #231: fuelsim_b521_thermal_contact_mpi_reference .....................   Passed    2.18 sec
        Start 172: fuelsim_h20_36_friction_transaction_contract
 42/331 Test #149: fuelsim_b35_hex8_shared_nodes_moose_tests ......................   Passed    2.28 sec
        Start  59: fuelsim_b61_fuel_plate_c3d8rt_finite_inelastic_abaqus_tests
 43/331 Test #234: fuelsim_b41_hex8_finite_sliding_mpi_reference ..................   Passed    2.21 sec
        Start 175: fuelsim_h20_40_curved_finite_sliding_finite_abaqus_tests
 44/331 Test #317: fuelsim_b13_integrated_cax4t_abaqus_tests ......................   Passed   10.17 sec
        Start  58: fuelsim_b60_c3d8rt_finite_transient_bending_tests
 45/331 Test #172: fuelsim_h20_36_friction_transaction_contract ...................   Passed   10.20 sec
        Start 170: fuelsim_h20_36_curved_friction_path_abaqus_tests
 46/331 Test  #59: fuelsim_b61_fuel_plate_c3d8rt_finite_inelastic_abaqus_tests ....   Passed   12.12 sec
        Start  90: fuelsim_b540_c3d8rt_nonmatching_contact_abaqus_tests
 47/331 Test #170: fuelsim_h20_36_curved_friction_path_abaqus_tests ...............   Passed    7.03 sec
        Start 318: fuelsim_b13_integrated_cax4rt_abaqus_tests
 48/331 Test  #58: fuelsim_b60_c3d8rt_finite_transient_bending_tests ..............   Passed    7.36 sec
        Start  49: fuelsim_m3_load_boundary_tests
 49/331 Test #320: fuelsim_b13_integrated_cax8rt_abaqus_tests .....................   Passed   18.14 sec
        Start 111: fuelsim_b545_hex8_c3d8rt_finite_noncoaxial_abaqus_tests
 50/331 Test #175: fuelsim_h20_40_curved_finite_sliding_finite_abaqus_tests .......   Passed   16.98 sec
        Start 207: fuelsim_section_modal_bending
 51/331 Test #207: fuelsim_section_modal_bending ..................................   Passed    2.20 sec
        Start 206: fuelsim_section_modal_axial
 52/331 Test #319: fuelsim_b13_integrated_cax8t_abaqus_tests ......................   Passed   21.52 sec
        Start 208: fuelsim_section_modal_transverse
 53/331 Test  #90: fuelsim_b540_c3d8rt_nonmatching_contact_abaqus_tests ...........   Passed    9.38 sec
        Start 167: fuelsim_h20_friction_path_abaqus_tests
 54/331 Test  #49: fuelsim_m3_load_boundary_tests .................................   Passed    4.45 sec
        Start  92: fuelsim_b527_medium_abaqus_tests
 55/331 Test #318: fuelsim_b13_integrated_cax4rt_abaqus_tests .....................   Passed    5.53 sec
        Start 100: fuelsim_b59_hex8_c3d8t_multimaterial_abaqus_tests
 56/331 Test #206: fuelsim_section_modal_axial ....................................   Passed    3.39 sec
        Start 171: fuelsim_h20_33_friction_transaction_contract
 57/331 Test #208: fuelsim_section_modal_transverse ...............................   Passed    3.22 sec
        Start 219: fuelsim_production_hex20_restart
 58/331 Test #111: fuelsim_b545_hex8_c3d8rt_finite_noncoaxial_abaqus_tests ........   Passed    7.14 sec
        Start 143: fuelsim_h20_inelastic_plastic_moose_tests
 59/331 Test #167: fuelsim_h20_friction_path_abaqus_tests .........................   Passed    4.67 sec
        Start  70: fuelsim_c3d20rt_finite_plastic_abaqus_tests
 60/331 Test  #92: fuelsim_b527_medium_abaqus_tests ...............................   Passed    5.42 sec
        Start 144: fuelsim_h20_inelastic_creep_moose_tests
 61/331 Test #171: fuelsim_h20_33_friction_transaction_contract ...................   Passed    3.51 sec
        Start  67: fuelsim_c3d20rt_small_coupled_abaqus_tests
 62/331 Test #219: fuelsim_production_hex20_restart ...............................   Passed    3.55 sec
        Start  72: fuelsim_c3d20rt_small_creep_hold_abaqus_tests
 63/331 Test #143: fuelsim_h20_inelastic_plastic_moose_tests ......................   Passed    3.22 sec
        Start  68: fuelsim_c3d20rt_finite_coupled_abaqus_tests
 64/331 Test  #70: fuelsim_c3d20rt_finite_plastic_abaqus_tests ....................   Passed    3.03 sec
        Start  71: fuelsim_c3d20rt_finite_creep_abaqus_tests
 65/331 Test #100: fuelsim_b59_hex8_c3d8t_multimaterial_abaqus_tests ..............   Passed    6.55 sec
        Start  69: fuelsim_c3d20rt_small_plastic_abaqus_tests
 66/331 Test #144: fuelsim_h20_inelastic_creep_moose_tests ........................   Passed    3.01 sec
        Start 315: fuelsim_b13_finite_cax8t_abaqus_tests
 67/331 Test  #67: fuelsim_c3d20rt_small_coupled_abaqus_tests .....................   Passed    3.04 sec
        Start  89: fuelsim_b539_friction_reversal_c3d8rt_abaqus_tests
 68/331 Test  #72: fuelsim_c3d20rt_small_creep_hold_abaqus_tests ..................   Passed    3.09 sec
        Start  87: fuelsim_b526_hex8_c3d8t_friction_reversal_abaqus_tests
 69/331 Test  #68: fuelsim_c3d20rt_finite_coupled_abaqus_tests ....................   Passed    3.34 sec
        Start 316: fuelsim_b13_finite_cax8rt_abaqus_tests
 70/331 Test  #71: fuelsim_c3d20rt_finite_creep_abaqus_tests ......................   Passed    3.24 sec
        Start  85: fuelsim_b523_hex8_c3d8t_integrated_abaqus_tests
 71/331 Test  #69: fuelsim_c3d20rt_small_plastic_abaqus_tests .....................   Passed    3.21 sec
        Start 302: fuelsim_b1213_cax8rt_finite_sliding_restart_tests
 72/331 Test #315: fuelsim_b13_finite_cax8t_abaqus_tests ..........................   Passed    2.86 sec
        Start  88: fuelsim_b538_contact_cycle_c3d8rt_abaqus_tests
 73/331 Test #316: fuelsim_b13_finite_cax8rt_abaqus_tests .........................   Passed    2.57 sec
        Start 181: fuelsim_b550_output_contract
 74/331 Test #302: fuelsim_b1213_cax8rt_finite_sliding_restart_tests ..............   Passed    2.55 sec
        Start 182: fuelsim_b555_output_contract
 75/331 Test  #89: fuelsim_b539_friction_reversal_c3d8rt_abaqus_tests .............   Passed    4.58 sec
        Start  86: fuelsim_b526_hex8_c3d8t_contact_cycle_abaqus_tests
 76/331 Test  #87: fuelsim_b526_hex8_c3d8t_friction_reversal_abaqus_tests .........   Passed    4.60 sec
        Start 311: fuelsim_b13_small_cax8t_abaqus_tests
 77/331 Test #181: fuelsim_b550_output_contract ...................................   Passed    2.60 sec
        Start  75: fuelsim_c3d20rt_small_probe_abaqus_tests
 78/331 Test  #88: fuelsim_b538_contact_cycle_c3d8rt_abaqus_tests .................   Passed    3.92 sec
        Start  74: fuelsim_c3d20rt_nonaffine_probe_abaqus_tests
 79/331 Test  #85: fuelsim_b523_hex8_c3d8t_integrated_abaqus_tests ................   Passed    4.96 sec
        Start  73: fuelsim_c3d20rt_thermal_probe_abaqus_tests
 80/331 Test #182: fuelsim_b555_output_contract ...................................   Passed    2.47 sec
        Start 312: fuelsim_b13_small_cax8rt_abaqus_tests
 81/331 Test #311: fuelsim_b13_small_cax8t_abaqus_tests ...........................   Passed    2.04 sec
        Start 180: fuelsim_b549_output_contract
 82/331 Test  #75: fuelsim_c3d20rt_small_probe_abaqus_tests .......................   Passed    2.29 sec
        Start 129: fuelsim_b43_hex8_finite_strain_contact_abaqus_tests
 83/331 Test  #86: fuelsim_b526_hex8_c3d8t_contact_cycle_abaqus_tests .............   Passed    3.88 sec
        Start  44: fuelsim_gps_contact_restart
 84/331 Test  #74: fuelsim_c3d20rt_nonaffine_probe_abaqus_tests ...................   Passed    2.27 sec
        Start 284: fuelsim_b113_cax8t_finite_sliding_abaqus_tests
 85/331 Test #312: fuelsim_b13_small_cax8rt_abaqus_tests ..........................   Passed    2.32 sec
        Start 285: fuelsim_b114_cax8t_recovery_abaqus_tests
 86/331 Test  #73: fuelsim_c3d20rt_thermal_probe_abaqus_tests .....................   Passed    2.51 sec
        Start  63: fuelsim_m54_transient_augmented_contact_tests
 87/331 Test #180: fuelsim_b549_output_contract ...................................   Passed    2.38 sec
        Start 176: fuelsim_h20_41_hex20_partial_contact_abaqus_tests
 88/331 Test #284: fuelsim_b113_cax8t_finite_sliding_abaqus_tests .................   Passed    2.60 sec
        Start 300: fuelsim_b105_cax8t_finite_coupled_restart_tests
 89/331 Test  #44: fuelsim_gps_contact_restart ....................................   Passed    2.69 sec
        Start 283: fuelsim_b112_cax8t_small_friction_abaqus_tests
 90/331 Test #129: fuelsim_b43_hex8_finite_strain_contact_abaqus_tests ............   Passed    3.39 sec
        Start 298: fuelsim_b1212_cax8rt_small_friction_abaqus_tests
 91/331 Test #285: fuelsim_b114_cax8t_recovery_abaqus_tests .......................   Passed    2.75 sec
        Start 301: fuelsim_b125_cax8rt_finite_coupled_restart_tests
 92/331 Test  #63: fuelsim_m54_transient_augmented_contact_tests ..................   Passed    3.02 sec
        Start   2: fuelsim_section_distortion_tests
 93/331 Test #176: fuelsim_h20_41_hex20_partial_contact_abaqus_tests ..............   Passed    2.89 sec
        Start  57: fuelsim_b60_c3d8rt_finite_steady_bending_tests
 94/331 Test #283: fuelsim_b112_cax8t_small_friction_abaqus_tests .................   Passed    2.11 sec
        Start 313: fuelsim_b13_finite_cax4t_abaqus_tests
 95/331 Test #300: fuelsim_b105_cax8t_finite_coupled_restart_tests ................   Passed    2.52 sec
        Start 141: fuelsim_h20_06_transient_moose_tests
 96/331 Test #298: fuelsim_b1212_cax8rt_small_friction_abaqus_tests ...............   Passed    2.47 sec
        Start  48: fuelsim_checkpoint_results_tests
 97/331 Test   #2: fuelsim_section_distortion_tests ...............................   Passed    2.11 sec
        Start 314: fuelsim_b13_finite_cax4rt_abaqus_tests
 98/331 Test #301: fuelsim_b125_cax8rt_finite_coupled_restart_tests ...............   Passed    2.72 sec
        Start 322: fuelsim_b14_nts_cax8t_abaqus_tests
 99/331 Test  #57: fuelsim_b60_c3d8rt_finite_steady_bending_tests .................   Passed    2.69 sec
        Start 309: fuelsim_b13_small_cax4t_abaqus_tests
100/331 Test #313: fuelsim_b13_finite_cax4t_abaqus_tests ..........................   Passed    2.13 sec
        Start 112: fuelsim_b518_hex8_c3d8t_finite_noncoaxial_abaqus_tests
101/331 Test  #48: fuelsim_checkpoint_results_tests ...............................   Passed    2.01 sec
        Start  54: fuelsim_gravity_gps
102/331 Test #314: fuelsim_b13_finite_cax4rt_abaqus_tests .........................   Passed    2.03 sec
        Start  53: fuelsim_gravity_hex20
103/331 Test #141: fuelsim_h20_06_transient_moose_tests ...........................   Passed    2.80 sec
        Start 103: fuelsim_b513_hex8_c3d8t_small_noncoaxial_abaqus_tests
104/331 Test #322: fuelsim_b14_nts_cax8t_abaqus_tests .............................   Passed    1.96 sec
        Start  34: fuelsim_gps_nonuniform_finite_abaqus
105/331 Test #309: fuelsim_b13_small_cax4t_abaqus_tests ...........................   Passed    1.63 sec
        Start  26: fuelsim_cax4t_material_plastic_yield_abaqus
106/331 Test  #65: fuelsim_c3d20rt_contact_friction_abaqus_tests ..................   Passed   48.31 sec
        Start  33: fuelsim_gps_uniform_finite_abaqus
107/331 Test  #54: fuelsim_gravity_gps ............................................   Passed    1.10 sec
        Start  30: fuelsim_cax4t_material_creep_coefficient_finite_abaqus
108/331 Test #112: fuelsim_b518_hex8_c3d8t_finite_noncoaxial_abaqus_tests .........   Passed    2.17 sec
        Start  52: fuelsim_gravity_hex8
109/331 Test  #53: fuelsim_gravity_hex20 ..........................................   Passed    1.62 sec
        Start  29: fuelsim_cax4t_material_plastic_hardening_finite_abaqus
110/331 Test  #34: fuelsim_gps_nonuniform_finite_abaqus ...........................   Passed    2.05 sec
        Start  27: fuelsim_cax4t_material_plastic_yield_finite_abaqus
111/331 Test  #26: fuelsim_cax4t_material_plastic_yield_abaqus ....................   Passed    2.16 sec
        Start  37: fuelsim_gps_thermal_finite_abaqus
112/331 Test  #33: fuelsim_gps_uniform_finite_abaqus ..............................   Passed    2.07 sec
        Start  55: fuelsim_gravity_quad4
113/331 Test  #30: fuelsim_cax4t_material_creep_coefficient_finite_abaqus .........   Passed    2.15 sec
        Start  35: fuelsim_gps_material_temperature_finite_abaqus
114/331 Test  #52: fuelsim_gravity_hex8 ...........................................   Passed    1.92 sec
        Start  28: fuelsim_cax4t_material_plastic_hardening_abaqus
115/331 Test #103: fuelsim_b513_hex8_c3d8t_small_noncoaxial_abaqus_tests ..........   Passed    3.28 sec
        Start  36: fuelsim_gps_thermal_small_abaqus
116/331 Test  #29: fuelsim_cax4t_material_plastic_hardening_finite_abaqus .........   Passed    1.92 sec
        Start  24: fuelsim_cax4t_material_elastic_moduli_abaqus
117/331 Test  #27: fuelsim_cax4t_material_plastic_yield_finite_abaqus .............   Passed    1.95 sec
        Start  25: fuelsim_cax4t_material_elastic_moduli_finite_abaqus
118/331 Test  #37: fuelsim_gps_thermal_finite_abaqus ..............................   Passed    1.93 sec
        Start  31: fuelsim_cax4t_material_creep_exponent_finite_abaqus
119/331 Test  #55: fuelsim_gravity_quad4 ..........................................   Passed    2.01 sec
        Start 310: fuelsim_b13_small_cax4rt_abaqus_tests
120/331 Test  #35: fuelsim_gps_material_temperature_finite_abaqus .................   Passed    2.27 sec
        Start  32: fuelsim_gps_uniform_small_abaqus
121/331 Test  #28: fuelsim_cax4t_material_plastic_hardening_abaqus ................   Passed    2.32 sec
        Start   3: fuelsim_section_warping_tests
122/331 Test  #36: fuelsim_gps_thermal_small_abaqus ...............................   Passed    2.26 sec
        Start 117: fuelsim_b542_hex8_c3d8rt_small_norton_abaqus_tests
123/331 Test  #24: fuelsim_cax4t_material_elastic_moduli_abaqus ...................   Passed    2.28 sec
        Start 109: fuelsim_b541_hex8_c3d8rt_small_j2_abaqus_tests
124/331 Test  #25: fuelsim_cax4t_material_elastic_moduli_finite_abaqus ............   Passed    2.13 sec
        Start 210: fuelsim_section_modal_prescribed
125/331 Test  #31: fuelsim_cax4t_material_creep_exponent_finite_abaqus ............   Passed    2.24 sec
        Start 254: fuelsim_b80_rz_small_friction_abaqus_tests
126/331 Test #310: fuelsim_b13_small_cax4rt_abaqus_tests ..........................   Passed    2.55 sec
        Start 306: fuelsim_b913_cax4rt_small_friction_abaqus_tests
127/331 Test   #3: fuelsim_section_warping_tests ..................................   Passed    2.00 sec
        Start 110: fuelsim_b543_hex8_c3d8rt_small_coupled_abaqus_tests
128/331 Test  #32: fuelsim_gps_uniform_small_abaqus ...............................   Passed    2.20 sec
        Start  91: fuelsim_b544_hex8_c3d8rt_distorted_bending_abaqus_tests
129/331 Test #210: fuelsim_section_modal_prescribed ...............................   Passed    2.01 sec
        Start 108: fuelsim_b537_hex8_c3d8rt_finite_coupled_abaqus_tests
130/331 Test #117: fuelsim_b542_hex8_c3d8rt_small_norton_abaqus_tests .............   Passed    2.99 sec
        Start 107: fuelsim_b535_hex8_c3d8rt_finite_j2_abaqus_tests
131/331 Test #109: fuelsim_b541_hex8_c3d8rt_small_j2_abaqus_tests .................   Passed    2.89 sec
        Start 116: fuelsim_b536_hex8_c3d8rt_finite_norton_abaqus_tests
132/331 Test #254: fuelsim_b80_rz_small_friction_abaqus_tests .....................   Passed    2.38 sec
        Start  39: fuelsim_gps_steady_finite
133/331 Test #306: fuelsim_b913_cax4rt_small_friction_abaqus_tests ................   Passed    2.20 sec
        Start  56: fuelsim_gravity_quad8
134/331 Test #110: fuelsim_b543_hex8_c3d8rt_small_coupled_abaqus_tests ............   Passed    2.56 sec
        Start 275: fuelsim_b106_cax8t_small_creep_abaqus_tests
135/331 Test  #91: fuelsim_b544_hex8_c3d8rt_distorted_bending_abaqus_tests ........   Passed    2.59 sec
        Start 290: fuelsim_b126_cax8rt_small_creep_abaqus_tests
136/331 Test  #39: fuelsim_gps_steady_finite ......................................   Passed    1.46 sec
        Start  43: fuelsim_gps_inelastic_finite
137/331 Test #108: fuelsim_b537_hex8_c3d8rt_finite_coupled_abaqus_tests ...........   Passed    2.50 sec
        Start 106: fuelsim_b517_hex8_c3d8t_finite_coupled_abaqus_tests
138/331 Test  #56: fuelsim_gravity_quad8 ..........................................   Passed    1.44 sec
        Start 114: fuelsim_b511_hex8_c3d8t_small_norton_abaqus_tests
139/331 Test #107: fuelsim_b535_hex8_c3d8rt_finite_j2_abaqus_tests ................   Passed    2.55 sec
        Start 115: fuelsim_b516_hex8_c3d8t_finite_norton_abaqus_tests
140/331 Test #116: fuelsim_b536_hex8_c3d8rt_finite_norton_abaqus_tests ............   Passed    2.62 sec
        Start 160: fuelsim_h20_29_hex20_sts_tilted_abaqus_tests
141/331 Test #275: fuelsim_b106_cax8t_small_creep_abaqus_tests ....................   Passed    1.77 sec
        Start 292: fuelsim_b128_cax8rt_small_plastic_abaqus_tests
142/331 Test #290: fuelsim_b126_cax8rt_small_creep_abaqus_tests ...................   Passed    1.95 sec
        Start 288: fuelsim_b124_cax8rt_small_coupled_abaqus_tests
143/331 Test  #43: fuelsim_gps_inelastic_finite ...................................   Passed    1.82 sec
        Start 102: fuelsim_b512_hex8_c3d8t_small_coupled_abaqus_tests
144/331 Test #106: fuelsim_b517_hex8_c3d8t_finite_coupled_abaqus_tests ............   Passed    2.71 sec
        Start 277: fuelsim_b108_cax8t_small_plastic_abaqus_tests
145/331 Test #160: fuelsim_h20_29_hex20_sts_tilted_abaqus_tests ...................   Passed    2.52 sec
        Start 291: fuelsim_b127_cax8rt_finite_creep_abaqus_tests
146/331 Test #292: fuelsim_b128_cax8rt_small_plastic_abaqus_tests .................   Passed    2.04 sec
        Start 295: fuelsim_b1211_cax8rt_finite_thermal_abaqus_tests
147/331 Test #288: fuelsim_b124_cax8rt_small_coupled_abaqus_tests .................   Passed    1.85 sec
        Start 273: fuelsim_b104_cax8t_small_coupled_abaqus_tests
148/331 Test #114: fuelsim_b511_hex8_c3d8t_small_norton_abaqus_tests ..............   Passed    2.93 sec
        Start 278: fuelsim_b109_cax8t_finite_plastic_abaqus_tests
149/331 Test #115: fuelsim_b516_hex8_c3d8t_finite_norton_abaqus_tests .............   Passed    2.99 sec
        Start 279: fuelsim_b110_cax8t_small_thermal_abaqus_tests
150/331 Test #277: fuelsim_b108_cax8t_small_plastic_abaqus_tests ..................   Passed    0.90 sec
        Start 276: fuelsim_b107_cax8t_finite_creep_abaqus_tests
151/331 Test #102: fuelsim_b512_hex8_c3d8t_small_coupled_abaqus_tests .............   Passed    2.39 sec
        Start 321: fuelsim_b14_nts_cax4t_abaqus_tests
152/331 Test #291: fuelsim_b127_cax8rt_finite_creep_abaqus_tests ..................   Passed    1.76 sec
        Start 293: fuelsim_b129_cax8rt_finite_plastic_abaqus_tests
153/331 Test #295: fuelsim_b1211_cax8rt_finite_thermal_abaqus_tests ...............   Passed    2.05 sec
        Start 294: fuelsim_b1210_cax8rt_small_thermal_abaqus_tests
154/331 Test #273: fuelsim_b104_cax8t_small_coupled_abaqus_tests ..................   Passed    2.23 sec
        Start 280: fuelsim_b111_cax8t_finite_thermal_abaqus_tests
155/331 Test #278: fuelsim_b109_cax8t_finite_plastic_abaqus_tests .................   Passed    2.30 sec
        Start 162: fuelsim_h20_29_hex20_sts_initial_gap_abaqus_tests
156/331 Test #279: fuelsim_b110_cax8t_small_thermal_abaqus_tests ..................   Passed    2.36 sec
        Start 272: fuelsim_b101_cax8t_finite_probe_abaqus_tests
157/331 Test #276: fuelsim_b107_cax8t_finite_creep_abaqus_tests ...................   Passed    2.28 sec
        Start 262: fuelsim_b94_cax4rt_finite_coupled_abaqus_tests
158/331 Test #321: fuelsim_b14_nts_cax4t_abaqus_tests .............................   Passed    2.26 sec
        Start 263: fuelsim_b95_cax4rt_small_creep_abaqus_tests
159/331 Test #293: fuelsim_b129_cax8rt_finite_plastic_abaqus_tests ................   Passed    1.99 sec
        Start 286: fuelsim_b120_cax8rt_small_probe_abaqus_tests
160/331 Test #294: fuelsim_b1210_cax8rt_small_thermal_abaqus_tests ................   Passed    2.07 sec
        Start 250: fuelsim_b76_rz_small_thermal_abaqus_tests
161/331 Test #280: fuelsim_b111_cax8t_finite_thermal_abaqus_tests .................   Passed    2.22 sec
        Start 271: fuelsim_b100_cax8t_small_probe_abaqus_tests
162/331 Test #272: fuelsim_b101_cax8t_finite_probe_abaqus_tests ...................   Passed    2.23 sec
        Start 246: fuelsim_b72_rz_small_creep_abaqus_tests
163/331 Test #262: fuelsim_b94_cax4rt_finite_coupled_abaqus_tests .................   Passed    2.17 sec
        Start 248: fuelsim_b74_rz_small_plastic_abaqus_tests
164/331 Test #162: fuelsim_h20_29_hex20_sts_initial_gap_abaqus_tests ..............   Passed    2.52 sec
        Start 297: fuelsim_b123_cax8rt_finite_contact_abaqus_tests
165/331 Test #263: fuelsim_b95_cax4rt_small_creep_abaqus_tests ....................   Passed    2.13 sec
        Start 268: fuelsim_b910_cax4rt_finite_thermal_abaqus_tests
166/331 Test #286: fuelsim_b120_cax8rt_small_probe_abaqus_tests ...................   Passed    1.83 sec
        Start 161: fuelsim_h20_29_hex20_sts_graded_abaqus_tests
167/331 Test #250: fuelsim_b76_rz_small_thermal_abaqus_tests ......................   Passed    1.95 sec
        Start 261: fuelsim_b93_cax4rt_small_coupled_abaqus_tests
168/331 Test #271: fuelsim_b100_cax8t_small_probe_abaqus_tests ....................   Passed    2.02 sec
        Start 251: fuelsim_b77_rz_finite_thermal_abaqus_tests
169/331 Test #246: fuelsim_b72_rz_small_creep_abaqus_tests ........................   Passed    2.39 sec
        Start 287: fuelsim_b121_cax8rt_finite_probe_abaqus_tests
170/331 Test #248: fuelsim_b74_rz_small_plastic_abaqus_tests ......................   Passed    2.37 sec
        Start 267: fuelsim_b99_cax4rt_small_thermal_abaqus_tests
171/331 Test #297: fuelsim_b123_cax8rt_finite_contact_abaqus_tests ................   Passed    2.34 sec
        Start 265: fuelsim_b97_cax4rt_small_plastic_abaqus_tests
172/331 Test #268: fuelsim_b910_cax4rt_finite_thermal_abaqus_tests ................   Passed    2.32 sec
        Start 266: fuelsim_b98_cax4rt_finite_plastic_abaqus_tests
173/331 Test #161: fuelsim_h20_29_hex20_sts_graded_abaqus_tests ...................   Passed    2.51 sec
        Start 245: fuelsim_b71_rz_finite_coupled_abaqus_tests
174/331 Test #261: fuelsim_b93_cax4rt_small_coupled_abaqus_tests ..................   Passed    1.97 sec
        Start 264: fuelsim_b96_cax4rt_finite_creep_abaqus_tests
175/331 Test #251: fuelsim_b77_rz_finite_thermal_abaqus_tests .....................   Passed    1.88 sec
        Start 296: fuelsim_b122_cax8rt_small_contact_abaqus_tests
176/331 Test #287: fuelsim_b121_cax8rt_finite_probe_abaqus_tests ..................   Passed    2.27 sec
        Start 247: fuelsim_b73_rz_finite_creep_abaqus_tests
177/331 Test #267: fuelsim_b99_cax4rt_small_thermal_abaqus_tests ..................   Passed    2.25 sec
        Start 281: fuelsim_b102_cax8t_small_contact_abaqus_tests
178/331 Test #265: fuelsim_b97_cax4rt_small_plastic_abaqus_tests ..................   Passed    2.28 sec
        Start 249: fuelsim_b75_rz_finite_plastic_abaqus_tests
179/331 Test #266: fuelsim_b98_cax4rt_finite_plastic_abaqus_tests .................   Passed    2.24 sec
        Start 257: fuelsim_b150_cax4t_finite_thermal_operator_abaqus_tests
180/331 Test #245: fuelsim_b71_rz_finite_coupled_abaqus_tests .....................   Passed    2.06 sec
        Start 258: fuelsim_b151_cax4t_small_conductivity_abaqus_tests
181/331 Test #264: fuelsim_b96_cax4rt_finite_creep_abaqus_tests ...................   Passed    2.09 sec
        Start 305: fuelsim_b917_cax4rt_finite_thermal_operators_abaqus_tests
182/331 Test #296: fuelsim_b122_cax8rt_small_contact_abaqus_tests .................   Passed    2.02 sec
        Start   4: fuelsim_classic_section_tests
183/331 Test #281: fuelsim_b102_cax8t_small_contact_abaqus_tests ..................   Passed    2.29 sec
        Start 304: fuelsim_b916_cax4rt_variable_conductivity_abaqus_tests
184/331 Test #247: fuelsim_b73_rz_finite_creep_abaqus_tests .......................   Passed    2.31 sec
        Start 158: fuelsim_h20_hex20_thermal_contact_reference_tests
185/331 Test #249: fuelsim_b75_rz_finite_plastic_abaqus_tests .....................   Passed    2.31 sec
        Start 282: fuelsim_b103_cax8t_finite_contact_abaqus_tests
186/331 Test #257: fuelsim_b150_cax4t_finite_thermal_operator_abaqus_tests ........   Passed    2.26 sec
        Start 303: fuelsim_b915_cax4rt_thermal_identification_abaqus_tests
187/331 Test #258: fuelsim_b151_cax4t_small_conductivity_abaqus_tests .............   Passed    2.12 sec
        Start 244: fuelsim_b70_rz_small_coupled_abaqus_tests
188/331 Test #305: fuelsim_b917_cax4rt_finite_thermal_operators_abaqus_tests ......   Passed    2.12 sec
        Start 260: fuelsim_b92_cax4rt_rectangle_probe_abaqus_tests
189/331 Test   #4: fuelsim_classic_section_tests ..................................   Passed    1.85 sec
        Start   1: fuelsim_modal_beam_tests
190/331 Test #304: fuelsim_b916_cax4rt_variable_conductivity_abaqus_tests .........   Passed    2.30 sec
        Start 259: fuelsim_b91_cax4rt_finite_probe_abaqus_tests
191/331 Test #282: fuelsim_b103_cax8t_finite_contact_abaqus_tests .................   Passed    2.31 sec
        Start 269: fuelsim_b911_cax4rt_small_contact_abaqus_tests
192/331 Test #303: fuelsim_b915_cax4rt_thermal_identification_abaqus_tests ........   Passed    2.33 sec
        Start 159: fuelsim_h20_29_hex20_sts_biaxial_abaqus_tests
193/331 Test #158: fuelsim_h20_hex20_thermal_contact_reference_tests ..............   Passed    2.51 sec
        Start 270: fuelsim_b912_cax4rt_finite_contact_abaqus_tests
194/331 Test #260: fuelsim_b92_cax4rt_rectangle_probe_abaqus_tests ................   Passed    2.22 sec
        Start 252: fuelsim_b78_rz_small_contact_abaqus_tests
195/331 Test #244: fuelsim_b70_rz_small_coupled_abaqus_tests ......................   Passed    2.30 sec
        Start  99: fuelsim_b58_hex8_c3d8t_multistep_abaqus_tests
196/331 Test   #1: fuelsim_modal_beam_tests .......................................   Passed    2.62 sec
        Start 253: fuelsim_b79_rz_finite_contact_abaqus_tests
197/331 Test #259: fuelsim_b91_cax4rt_finite_probe_abaqus_tests ...................   Passed    1.66 sec
        Start  50: fuelsim_pressure_cylinder_analytic_tests
198/331 Test #269: fuelsim_b911_cax4rt_small_contact_abaqus_tests .................   Passed    1.90 sec
        Start 135: fuelsim_hex20_solver_tests
199/331 Test #270: fuelsim_b912_cax4rt_finite_contact_abaqus_tests ................   Passed    2.21 sec
        Start 185: fuelsim_b37_hex8_multi_contact_moose_tests
200/331 Test #252: fuelsim_b78_rz_small_contact_abaqus_tests ......................   Passed    2.25 sec
        Start 243: fuelsim_m21_manufactured_heat_tests
201/331 Test #159: fuelsim_h20_29_hex20_sts_biaxial_abaqus_tests ..................   Passed    2.52 sec
        Start  96: fuelsim_b55_hex8_c3d8t_transient_abaqus_tests
202/331 Test #253: fuelsim_b79_rz_finite_contact_abaqus_tests .....................   Passed    2.06 sec
        Start  76: fuelsim_hex8_solver_tests
203/331 Test  #50: fuelsim_pressure_cylinder_analytic_tests .......................   Passed    1.83 sec
        Start 139: fuelsim_h20_04_traction_moose_tests
204/331 Test  #99: fuelsim_b58_hex8_c3d8t_multistep_abaqus_tests ..................   Passed    3.18 sec
        Start 138: fuelsim_h20_03_pressure_moose_tests
205/331 Test #185: fuelsim_b37_hex8_multi_contact_moose_tests .....................   Passed    2.09 sec
        Start 140: fuelsim_h20_05_thermo_mechanical_moose_tests
206/331 Test #243: fuelsim_m21_manufactured_heat_tests ............................   Passed    1.95 sec
        Start 155: fuelsim_b34_hex8_sliding_contact_abaqus_tests
207/331 Test  #76: fuelsim_hex8_solver_tests ......................................   Passed    2.04 sec
        Start 136: fuelsim_b6_hex20_moose_tests
208/331 Test  #96: fuelsim_b55_hex8_c3d8t_transient_abaqus_tests ..................   Passed    2.27 sec
        Start 137: fuelsim_h20_02_convection_moose_tests
209/331 Test #135: fuelsim_hex20_solver_tests .....................................   Passed    3.06 sec
        Start 148: fuelsim_b3_hex8_moose_tests
210/331 Test #139: fuelsim_h20_04_traction_moose_tests ............................   Passed    1.78 sec
        Start 146: fuelsim_h20_10_finite_strain_moose_tests
211/331 Test #138: fuelsim_h20_03_pressure_moose_tests ............................   Passed    1.76 sec
        Start  77: fuelsim_b38_hex8_sts_identification_tests
212/331 Test #140: fuelsim_h20_05_thermo_mechanical_moose_tests ...................   Passed    2.04 sec
        Start 104: fuelsim_b514_hex8_c3d8t_finite_elastic_abaqus_tests
213/331 Test #155: fuelsim_b34_hex8_sliding_contact_abaqus_tests ..................   Passed    2.04 sec
        Start 203: fuelsim_multi_region_tests
214/331 Test #136: fuelsim_b6_hex20_moose_tests ...................................   Passed    2.24 sec
        Start 205: fuelsim_solver_tests
215/331 Test #137: fuelsim_h20_02_convection_moose_tests ..........................   Passed    2.22 sec
        Start 323: fuelsim_transient_jacobian_check
216/331 Test #148: fuelsim_b3_hex8_moose_tests ....................................   Passed    2.21 sec
        Start 157: fuelsim_b34_friction_checkpoint_contract
217/331 Test  #77: fuelsim_b38_hex8_sts_identification_tests ......................   Passed    2.05 sec
        Start 152: fuelsim_b36_shared_nodes_contract
218/331 Test #146: fuelsim_h20_10_finite_strain_moose_tests .......................   Passed    2.23 sec
        Start 147: fuelsim_h20_24_hex20_nonmatching_contact_tests
219/331 Test #147: fuelsim_h20_24_hex20_nonmatching_contact_tests .................   Passed    0.28 sec
        Start 201: fuelsim_b531_history_contract
220/331 Test #157: fuelsim_b34_friction_checkpoint_contract .......................   Passed    0.72 sec
        Start 202: fuelsim_b534_history_contract
221/331 Test #201: fuelsim_b531_history_contract ..................................   Passed    0.24 sec
        Start 193: fuelsim_b32_coupled_history_contract
222/331 Test #152: fuelsim_b36_shared_nodes_contract ..............................   Passed    0.70 sec
        Start 194: fuelsim_b510_history_contract
223/331 Test #104: fuelsim_b514_hex8_c3d8t_finite_elastic_abaqus_tests ............   Passed    1.58 sec
        Start 189: fuelsim_b3_coupled_history_contract
224/331 Test #203: fuelsim_multi_region_tests .....................................   Passed    1.58 sec
        Start 191: fuelsim_b32_creep_history_contract
225/331 Test #202: fuelsim_b534_history_contract ..................................   Passed    0.24 sec
        Start 187: fuelsim_b3_creep_history_contract
226/331 Test #193: fuelsim_b32_coupled_history_contract ...........................   Passed    0.25 sec
        Start 195: fuelsim_b515_history_contract
227/331 Test #194: fuelsim_b510_history_contract ..................................   Passed    0.24 sec
        Start 166: fuelsim_h20_30_quadratic_cylinder_contract
228/331 Test #189: fuelsim_b3_coupled_history_contract ............................   Passed    0.24 sec
        Start 169: fuelsim_h20_35_curved_friction_contract
229/331 Test #323: fuelsim_transient_jacobian_check ...............................   Passed    1.21 sec
        Start 164: fuelsim_h20_30_faceted_cylinder_contract
230/331 Test #191: fuelsim_b32_creep_history_contract .............................   Passed    0.24 sec
        Start 329: fuelsim_element_library_boundaries
231/331 Test #205: fuelsim_solver_tests ...........................................   Passed    1.26 sec
        Start 328: fuelsim_abaqus_reference_sha256
232/331 Test #187: fuelsim_b3_creep_history_contract ..............................   Passed    0.25 sec
        Start  41: fuelsim_gps_chain_abaqus
233/331 Test #195: fuelsim_b515_history_contract ..................................   Passed    0.24 sec
        Start 256: fuelsim_b81_rz_friction_history_contract
234/331 Test #166: fuelsim_h20_30_quadratic_cylinder_contract .....................   Passed    0.24 sec
        Start 308: fuelsim_b914_cax4rt_friction_history_contract
235/331 Test  #41: fuelsim_gps_chain_abaqus .......................................   Passed    0.14 sec
        Start   8: fuelsim_bar2_io_tests
236/331 Test #169: fuelsim_h20_35_curved_friction_contract ........................   Passed    0.24 sec
        Start 123: fuelsim_b39_tilted_gap_contact_contract
237/331 Test #164: fuelsim_h20_30_faceted_cylinder_contract .......................   Passed    0.24 sec
        Start 121: fuelsim_b39_nonmatching_contact_contract
238/331 Test #256: fuelsim_b81_rz_friction_history_contract .......................   Passed    0.13 sec
        Start  46: fuelsim_input_tests
239/331 Test #308: fuelsim_b914_cax4rt_friction_history_contract ..................   Passed    0.13 sec
        Start  84: fuelsim_b522_hex8_c3d8t_faceted_thermal_contact_abaqus_tests
240/331 Test #329: fuelsim_element_library_boundaries .............................   Passed    0.26 sec
        Start 119: fuelsim_b39_matching_contact_contract
241/331 Test   #8: fuelsim_bar2_io_tests ..........................................   Passed    0.11 sec
        Start 151: fuelsim_b35_shared_nodes_contract
242/331 Test #123: fuelsim_b39_tilted_gap_contact_contract ........................   Passed    0.11 sec
        Start 324: fuelsim_reproducible_build_tests
243/331 Test #121: fuelsim_b39_nonmatching_contact_contract .......................   Passed    0.11 sec
        Start 174: fuelsim_h20_39_finite_sliding_abaqus_tests
244/331 Test #151: fuelsim_b35_shared_nodes_contract ..............................   Passed    0.09 sec
        Start  62: fuelsim_m52_restart_step_contract
245/331 Test #119: fuelsim_b39_matching_contact_contract ..........................   Passed    0.11 sec
        Start 126: fuelsim_b40_friction_history_contract
246/331 Test  #84: fuelsim_b522_hex8_c3d8t_faceted_thermal_contact_abaqus_tests ...   Passed    0.12 sec
        Start  51: fuelsim_rz_contact_projection_contract
247/331 Test  #62: fuelsim_m52_restart_step_contract ..............................   Passed    0.07 sec
        Start 142: fuelsim_hex20_history_contract_tests
248/331 Test #174: fuelsim_h20_39_finite_sliding_abaqus_tests .....................   Passed    0.09 sec
        Start 131: fuelsim_b45_hex8_nonplanar_sts_abaqus_tests
249/331 Test #126: fuelsim_b40_friction_history_contract ..........................   Passed    0.07 sec
        Start  47: fuelsim_exodus_mesh_io_tests
250/331 Test  #46: fuelsim_input_tests ............................................   Passed    0.20 sec
        Start  23: fuelsim_radial_transaction_tests
251/331 Test  #51: fuelsim_rz_contact_projection_contract .........................   Passed    0.06 sec
        Start 133: fuelsim_b47_hex8_scale_parameter_abaqus_tests
252/331 Test #324: fuelsim_reproducible_build_tests ...............................   Passed    0.12 sec
        Start  45: fuelsim_hex8_result_fields_tests
253/331 Test #142: fuelsim_hex20_history_contract_tests ...........................   Passed    0.07 sec
        Start 130: fuelsim_b44_hex8_nonmatching_partial_contact_abaqus_tests
254/331 Test  #23: fuelsim_radial_transaction_tests ...............................   Passed    0.07 sec
        Start 128: fuelsim_b42_hex8_friction_objectivity_abaqus_tests
255/331 Test  #45: fuelsim_hex8_result_fields_tests ...............................   Passed    0.06 sec
        Start 127: fuelsim_b41_hex8_finite_sliding_abaqus_tests
256/331 Test  #47: fuelsim_exodus_mesh_io_tests ...................................   Passed    0.08 sec
        Start 183: fuelsim_h20_31_hex20_curved_sts_identification_tests
257/331 Test #131: fuelsim_b45_hex8_nonplanar_sts_abaqus_tests ....................   Passed    0.08 sec
        Start 173: fuelsim_h20_38_friction_objectivity_abaqus_tests
258/331 Test #133: fuelsim_b47_hex8_scale_parameter_abaqus_tests ..................   Passed    0.08 sec
        Start 132: fuelsim_b46_hex8_release_recontact_abaqus_tests
259/331 Test #130: fuelsim_b44_hex8_nonmatching_partial_contact_abaqus_tests ......   Passed    0.08 sec
        Start  83: fuelsim_b521_hex8_c3d8t_thermal_contact_path_abaqus_tests
260/331 Test #128: fuelsim_b42_hex8_friction_objectivity_abaqus_tests .............   Passed    0.08 sec
        Start 327: fuelsim_moose_reference_sha256
261/331 Test #127: fuelsim_b41_hex8_finite_sliding_abaqus_tests ...................   Passed    0.07 sec
        Start  11: fuelsim_cax8t_tests
262/331 Test #173: fuelsim_h20_38_friction_objectivity_abaqus_tests ...............   Passed    0.07 sec
        Start  15: fuelsim_c3d20t_tests
263/331 Test #183: fuelsim_h20_31_hex20_curved_sts_identification_tests ...........   Passed    0.07 sec
        Start  12: fuelsim_cax8rt_tests
264/331 Test #132: fuelsim_b46_hex8_release_recontact_abaqus_tests ................   Passed    0.07 sec
        Start 325: fuelsim_geometry_independence_audit
265/331 Test  #12: fuelsim_cax8rt_tests ...........................................   Passed    0.01 sec
        Start  13: fuelsim_c3d8t_tests
266/331 Test  #11: fuelsim_cax8t_tests ............................................   Passed    0.02 sec
        Start  16: fuelsim_c3d20rt_tests
267/331 Test #325: fuelsim_geometry_independence_audit ............................   Passed    0.01 sec
        Start   9: fuelsim_cax4t_tests
268/331 Test  #15: fuelsim_c3d20t_tests ...........................................   Passed    0.02 sec
        Start  17: fuelsim_body_acceleration_tests
269/331 Test  #17: fuelsim_body_acceleration_tests ................................   Passed    0.01 sec
        Start 196: fuelsim_b528_hex8_c3d8rt_operator_abaqus_tests
270/331 Test #327: fuelsim_moose_reference_sha256 .................................   Passed    0.03 sec
        Start  93: fuelsim_b552_hex8_c3d8t_sts_cross_face_abaqus_tests
271/331 Test  #16: fuelsim_c3d20rt_tests ..........................................   Passed    0.01 sec
        Start  78: fuelsim_b49_hex8_c3d8t_operator_abaqus_tests
272/331 Test   #9: fuelsim_cax4t_tests ............................................   Passed    0.01 sec
        Start  21: fuelsim_quad8_face_tests
273/331 Test  #13: fuelsim_c3d8t_tests ............................................   Passed    0.02 sec
        Start   5: fuelsim_cax2t_gps_tests
274/331 Test  #93: fuelsim_b552_hex8_c3d8t_sts_cross_face_abaqus_tests ............   Passed    0.01 sec
        Start   6: fuelsim_ring_gps_tests
275/331 Test  #78: fuelsim_b49_hex8_c3d8t_operator_abaqus_tests ...................   Passed    0.01 sec
        Start  14: fuelsim_c3d8rt_tests
276/331 Test  #21: fuelsim_quad8_face_tests .......................................   Passed    0.01 sec
        Start  97: fuelsim_b56_hex8_c3d8t_temperature_operator_abaqus_tests
277/331 Test   #5: fuelsim_cax2t_gps_tests ........................................   Passed    0.01 sec
        Start  22: fuelsim_radial_assembly_tests
278/331 Test   #6: fuelsim_ring_gps_tests .........................................   Passed    0.01 sec
        Start 330: fuelsim_common_math_tests
279/331 Test #196: fuelsim_b528_hex8_c3d8rt_operator_abaqus_tests .................   Passed    0.02 sec
        Start 331: fuelsim_contact_common_tests
280/331 Test  #14: fuelsim_c3d8rt_tests ...........................................   Passed    0.01 sec
        Start  20: fuelsim_quad4_face_tests
281/331 Test  #97: fuelsim_b56_hex8_c3d8t_temperature_operator_abaqus_tests .......   Passed    0.01 sec
        Start   7: fuelsim_bar2_mesh_tests
282/331 Test  #22: fuelsim_radial_assembly_tests ..................................   Passed    0.01 sec
        Start  18: fuelsim_line2_rz_tests
283/331 Test #330: fuelsim_common_math_tests ......................................   Passed    0.01 sec
        Start  10: fuelsim_cax4rt_tests
284/331 Test #331: fuelsim_contact_common_tests ...................................   Passed    0.01 sec
        Start  64: fuelsim_core_tests
285/331 Test  #20: fuelsim_quad4_face_tests .......................................   Passed    0.01 sec
        Start 326: fuelsim_verification_matrix_tests
286/331 Test   #7: fuelsim_bar2_mesh_tests ........................................   Passed    0.01 sec
        Start 204: fuelsim_m2_core_tests
287/331 Test  #18: fuelsim_line2_rz_tests .........................................   Passed    0.01 sec
        Start  19: fuelsim_line3_rz_tests
288/331 Test  #10: fuelsim_cax4rt_tests ...........................................   Passed    0.01 sec
        Start 198: fuelsim_b530_hex8_c3d8rt_thermal_load_abaqus_tests
289/331 Test  #64: fuelsim_core_tests .............................................   Passed    0.01 sec
        Start  79: fuelsim_b50_hex8_c3d8t_capacity_abaqus_tests
290/331 Test #204: fuelsim_m2_core_tests ..........................................   Passed    0.01 sec
        Start 197: fuelsim_b529_hex8_c3d8rt_capacity_abaqus_tests
291/331 Test  #19: fuelsim_line3_rz_tests .........................................   Passed    0.01 sec
        Start  80: fuelsim_b51_hex8_c3d8t_finite_heat_abaqus_tests
292/331 Test #198: fuelsim_b530_hex8_c3d8rt_thermal_load_abaqus_tests .............   Passed    0.00 sec
        Start  82: fuelsim_b520_hex8_c3d8t_gap_conductance_abaqus_tests
293/331 Test  #83: fuelsim_b521_hex8_c3d8t_thermal_contact_path_abaqus_tests ......   Passed    0.07 sec
        Start  95: fuelsim_b54_hex8_c3d8t_finite_thermal_load_abaqus_tests
294/331 Test #326: fuelsim_verification_matrix_tests ..............................   Passed    0.01 sec
        Start  98: fuelsim_b57_hex8_c3d8t_temperature_capacity_abaqus_tests
295/331 Test  #79: fuelsim_b50_hex8_c3d8t_capacity_abaqus_tests ...................   Passed    0.01 sec
        Start  81: fuelsim_b52_hex8_c3d8t_thermal_contact_abaqus_tests
296/331 Test #197: fuelsim_b529_hex8_c3d8rt_capacity_abaqus_tests .................   Passed    0.01 sec
        Start 113: fuelsim_b519_hex8_c3d8t_finite_selective_abaqus_tests
297/331 Test  #80: fuelsim_b51_hex8_c3d8t_finite_heat_abaqus_tests ................   Passed    0.01 sec
        Start  94: fuelsim_b53_hex8_c3d8t_thermal_load_abaqus_tests
298/331 Test  #82: fuelsim_b520_hex8_c3d8t_gap_conductance_abaqus_tests ...........   Passed    0.01 sec
299/331 Test  #95: fuelsim_b54_hex8_c3d8t_finite_thermal_load_abaqus_tests ........   Passed    0.01 sec
        Start 224: fuelsim_mpi_hex8_solver_tests
300/331 Test  #98: fuelsim_b57_hex8_c3d8t_temperature_capacity_abaqus_tests .......   Passed    0.01 sec
301/331 Test  #81: fuelsim_b52_hex8_c3d8t_thermal_contact_abaqus_tests ............   Passed    0.00 sec
        Start 232: fuelsim_b521_thermal_contact_mpi_equivalence
302/331 Test #113: fuelsim_b519_hex8_c3d8t_finite_selective_abaqus_tests ..........   Passed    0.00 sec
303/331 Test  #94: fuelsim_b53_hex8_c3d8t_thermal_load_abaqus_tests ...............   Passed    0.00 sec
        Start 242: fuelsim_mpi_root_io_failure
304/331 Test #328: fuelsim_abaqus_reference_sha256 ................................   Passed    1.53 sec
305/331 Test #242: fuelsim_mpi_root_io_failure ....................................   Passed    2.12 sec
        Start 230: fuelsim_b33_mpi_equivalence
306/331 Test #232: fuelsim_b521_thermal_contact_mpi_equivalence ...................   Passed    2.17 sec
        Start 241: fuelsim_transient_mpi_equivalence
307/331 Test #224: fuelsim_mpi_hex8_solver_tests ..................................   Passed    2.21 sec
        Start 235: fuelsim_b41_hex8_finite_sliding_mpi_equivalence
308/331 Test #230: fuelsim_b33_mpi_equivalence ....................................   Passed    2.02 sec
        Start 229: fuelsim_mpi_equivalence
309/331 Test #235: fuelsim_b41_hex8_finite_sliding_mpi_equivalence ................   Passed    2.01 sec
        Start 225: fuelsim_mpi_hex20_solver_tests
310/331 Test #241: fuelsim_transient_mpi_equivalence ..............................   Passed    2.34 sec
        Start 233: fuelsim_b39_hex8_sts_mpi_equivalence
311/331 Test #229: fuelsim_mpi_equivalence ........................................   Passed    1.86 sec
        Start 227: fuelsim_mpi_runtime_layout_field_split
312/331 Test #233: fuelsim_b39_hex8_sts_mpi_equivalence ...........................   Passed    1.93 sec
        Start 226: fuelsim_mpi_solver_tests
313/331 Test #225: fuelsim_mpi_hex20_solver_tests .................................   Passed    2.32 sec
        Start 237: fuelsim_mpi_field_split
314/331 Test #227: fuelsim_mpi_runtime_layout_field_split .........................   Passed    1.57 sec
        Start 239: fuelsim_mpi_hypre
315/331 Test #226: fuelsim_mpi_solver_tests .......................................   Passed    1.94 sec
        Start 238: fuelsim_mpi_block_jacobi
316/331 Test #237: fuelsim_mpi_field_split ........................................   Passed    1.98 sec
        Start 236: fuelsim_b48_hex8_multi_contact_path_mpi_equivalence
317/331 Test #239: fuelsim_mpi_hypre ..............................................   Passed    1.94 sec
        Start 223: fuelsim_c3d8rt_contact_two_rank_equivalence
318/331 Test #238: fuelsim_mpi_block_jacobi .......................................   Passed    2.00 sec
        Start 221: fuelsim_production_hex20_mpi_equivalence
319/331 Test  #66: fuelsim_c3d20rt_finite_frictionless_abaqus_tests ...............   Passed   95.49 sec
        Start 220: fuelsim_gps_finite_mpi_equivalence
320/331 Test #223: fuelsim_c3d8rt_contact_two_rank_equivalence ....................   Passed    1.72 sec
        Start 217: fuelsim_section_modal_mpi
321/331 Test #236: fuelsim_b48_hex8_multi_contact_path_mpi_equivalence ............   Passed    3.92 sec
322/331 Test #217: fuelsim_section_modal_mpi ......................................   Passed    1.71 sec
323/331 Test #220: fuelsim_gps_finite_mpi_equivalence .............................   Passed    2.32 sec
324/331 Test #221: fuelsim_production_hex20_mpi_equivalence .......................   Passed    4.28 sec
        Start 214: fuelsim_section_modal_accuracy_nonuniform
325/331 Test #214: fuelsim_section_modal_accuracy_nonuniform ......................   Passed  100.13 sec
        Start 215: fuelsim_section_solid_ends
326/331 Test #215: fuelsim_section_solid_ends .....................................   Passed  102.47 sec
        Start 211: fuelsim_section_modal_accuracy_axial
327/331 Test #211: fuelsim_section_modal_accuracy_axial ...........................   Passed   97.95 sec
        Start 212: fuelsim_section_modal_accuracy_bending
328/331 Test #212: fuelsim_section_modal_accuracy_bending .........................   Passed   99.02 sec
        Start 213: fuelsim_section_modal_accuracy_transverse
329/331 Test #213: fuelsim_section_modal_accuracy_transverse ......................   Passed  100.62 sec
        Start 218: fuelsim_section_modal_accuracy_mpi
330/331 Test #218: fuelsim_section_modal_accuracy_mpi .............................   Passed   13.20 sec
        Start 216: fuelsim_section_solid_ends_mpi
331/331 Test #216: fuelsim_section_solid_ends_mpi .................................   Passed   11.81 sec

100% tests passed, 0 tests failed out of 331

Label Time Summary:
abaqus                     = 500.64 sec*proc (113 tests)
acceptance                 = 598.26 sec*proc (202 tests)
analytic                   =   0.06 sec*proc (1 test)
architecture               =   3.16 sec*proc (2 tests)
audit                      =   1.71 sec*proc (5 tests)
axisymmetric               =  17.16 sec*proc (8 tests)
bending                    =  24.77 sec*proc (4 tests)
c3d20t                     =  27.68 sec*proc (3 tests)
c3d8rt                     =  71.12 sec*proc (16 tests)
c3d8t                      =   0.01 sec*proc (1 test)
cax8rt                     =   5.27 sec*proc (2 tests)
cax8t                      =   2.52 sec*proc (1 test)
checkpoint                 =  19.35 sec*proc (14 tests)
conservation               =   2.11 sec*proc (9 tests)
contact                    = 349.38 sec*proc (74 tests)
creep                      =  79.04 sec*proc (16 tests)
curved                     =  31.39 sec*proc (8 tests)
dependency                 =   0.08 sec*proc (1 test)
distorted                  =   6.55 sec*proc (1 test)
distorted-mesh             =   2.59 sec*proc (1 test)
elasticity                 =   1.58 sec*proc (2 tests)
engineering                =   5.42 sec*proc (1 test)
equivalence                =   3.44 sec*proc (1 test)
finite-sliding             =  73.84 sec*proc (16 tests)
finite-strain              = 129.92 sec*proc (33 tests)
friction                   = 180.88 sec*proc (30 tests)
hex20                      = 103.82 sec*proc (27 tests)
hex8                       = 184.99 sec*proc (68 tests)
identification             =   2.17 sec*proc (10 tests)
inelastic                  =  34.13 sec*proc (7 tests)
integration                =  44.56 sec*proc (15 tests)
io                         =   7.51 sec*proc (4 tests)
jacobian                   =   8.84 sec*proc (11 tests)
large-rotation             =   7.14 sec*proc (1 test)
mechanical                 = 148.04 sec*proc (36 tests)
moose                      =   2.77 sec*proc (1 test)
mpi                        =  21.05 sec*proc (4 tests)
mpi-reference              =   3.57 sec*proc (2 tests)
multi-contact              =  20.63 sec*proc (2 tests)
multiblock                 =   3.06 sec*proc (1 test)
multimaterial              =   6.55 sec*proc (1 test)
noncoaxial                 =  12.60 sec*proc (3 tests)
nonmatching                =  27.26 sec*proc (9 tests)
objectivity                =   0.14 sec*proc (2 tests)
operator-identification    =   0.01 sec*proc (1 test)
parallel                   =  62.42 sec*proc (16 tests)
partial-contact            =   2.89 sec*proc (1 test)
pcmi                       =  73.48 sec*proc (12 tests)
plasticity                 =  78.48 sec*proc (16 tests)
production                 = 318.70 sec*proc (117 tests)
projection                 =   0.06 sec*proc (1 test)
quadratic                  = 192.94 sec*proc (22 tests)
recontact                  =   0.07 sec*proc (1 test)
reduced-integration        =  71.97 sec*proc (21 tests)
release                    =   1.77 sec*proc (5 tests)
restart                    =  43.94 sec*proc (10 tests)
reversal                   =  13.63 sec*proc (5 tests)
rotation                   =   1.58 sec*proc (1 test)
scale                      =   0.08 sec*proc (1 test)
selective-integration      =   0.00 sec*proc (1 test)
shared-nodes               =   0.79 sec*proc (2 tests)
sliding                    =   0.07 sec*proc (1 test)
small-sliding              =   0.08 sec*proc (1 test)
small-strain               =   8.44 sec*proc (3 tests)
split-case                 =  10.07 sec*proc (4 tests)
steady                     =   2.70 sec*proc (2 tests)
surface-to-surface         =  17.93 sec*proc (5 tests)
temperature-dependent      =   5.79 sec*proc (4 tests)
thermal                    = 254.62 sec*proc (32 tests)
thermo-mechanical          =  12.30 sec*proc (8 tests)
three-dimensional          = 492.68 sec*proc (117 tests)
time-control               =   4.45 sec*proc (1 test)
transaction                =  20.96 sec*proc (14 tests)
transient                  = 323.53 sec*proc (50 tests)
transition                 =  26.37 sec*proc (5 tests)
unit                       =  32.97 sec*proc (35 tests)
warped-geometry            =   0.08 sec*proc (1 test)

Total Test time (real) = 643.46 sec
