 Abaqus/Standard 3DEXPERIENCE R2018x                  DATE 08-9ÔÂ-2026 TIME 01:42:02
 SUMMARY OF JOB INFORMATION:
 STEP  INC ATT SEVERE EQUIL TOTAL  TOTAL      STEP       INC OF       DOF    IF
               DISCON ITERS ITERS  TIME/    TIME/LPF    TIME/LPF    MONITOR RIKS
               ITERS               FREQ
   1     1   1     0     3     3  0.100      0.100      0.1000    
   1     2   1     0     2     2  0.200      0.200      0.1000    
   1     3   1     0     2     2  0.300      0.300      0.1000    
   1     4   1     0     2     2  0.400      0.400      0.1000    
   1     5   1     0     2     2  0.500      0.500      0.1000    
   1     6   1     0     2     2  0.600      0.600      0.1000    
   1     7   1     0     2     2  0.700      0.700      0.1000    
   1     8   1     0     2     2  0.800      0.800      0.1000    
   1     9   1     0     2     2  0.900      0.900      0.1000    
   1    10   1     0     2     2  1.00       1.00       0.1000    
   2     1   1     0     2     2  1.10       0.100      0.1000    
   2     2   1     0     1     1  1.20       0.200      0.1000    
   2     3   1     0     1     1  1.30       0.300      0.1000    
   2     4   1     0     1     1  1.40       0.400      0.1000    
   2     5   1     0     1     1  1.50       0.500      0.1000    
   2     6   1     0     1     1  1.60       0.600      0.1000    
   2     7   1     0     1     1  1.70       0.700      0.1000    
   2     8   1     0     1     1  1.80       0.800      0.1000    
   2     9   1     0     1     1  1.90       0.900      0.1000    
   2    10   1     0     1     1  2.00       1.00       0.1000    
   3     1   1     0     2     2  2.10       0.100      0.1000    
   3     2   1     0     2     2  2.20       0.200      0.1000    
   3     3   1     0     2     2  2.30       0.300      0.1000    
   3     4   1     0     2     2  2.40       0.400      0.1000    
   3     5   1     0     2     2  2.50       0.500      0.1000    
   3     6   1     1     2     3  2.60       0.600      0.1000    
   3     7   1     0     2     2  2.70       0.700      0.1000    
   3     8   1     0     1     1  2.80       0.800      0.1000    
   3     9   1     0     1     1  2.90       0.900      0.1000    
   3    10   1     0     1     1  3.00       1.00       0.1000    
   4     1   1     0     2     2  3.10       0.100      0.1000    
   4     2   1     0     1     1  3.20       0.200      0.1000    
   4     3   1     0     1     1  3.30       0.300      0.1000    
   4     4   1     0     1     1  3.40       0.400      0.1000    
   4     5   1     0     1     1  3.50       0.500      0.1000    
   4     6   1     0     1     1  3.60       0.600      0.1000    
   4     7   1     0     1     1  3.70       0.700      0.1000    
   4     8   1     0     1     1  3.80       0.800      0.1000    
   4     9   1     0     1     1  3.90       0.900      0.1000    
   4    10   1     0     1     1  4.00       1.00       0.1000    
   5     1   1     1     3     4  4.10       0.100      0.1000    
   5     2   1     0     2     2  4.20       0.200      0.1000    
   5     3   1     0     2     2  4.30       0.300      0.1000    
   5     4   1     0     2     2  4.40       0.400      0.1000    
   5     5   1     0     2     2  4.50       0.500      0.1000    
   5     6   1     0     2     2  4.60       0.600      0.1000    
   5     7   1     0     2     2  4.70       0.700      0.1000    
   5     8   1     0     2     2  4.80       0.800      0.1000    
   5     9   1     1     2     3  4.90       0.900      0.1000    
   5    10   1     0     2     2  5.00       1.00       0.1000    
   6     1   1     0     2     2  5.10       0.100      0.1000    
   6     2   1     0     1     1  5.20       0.200      0.1000    
   6     3   1     0     1     1  5.30       0.300      0.1000    
   6     4   1     0     1     1  5.40       0.400      0.1000    
   6     5   1     0     1     1  5.50       0.500      0.1000    
   6     6   1     0     1     1  5.60       0.600      0.1000    
   6     7   1     0     1     1  5.70       0.700      0.1000    
   6     8   1     0     1     1  5.80       0.800      0.1000    
   6     9   1     0     1     1  5.90       0.900      0.1000    
   6    10   1     0     1     1  6.00       1.00       0.1000    
   7     1   1     1     2     3  6.10       0.100      0.1000    
   7     2   1     0     1     1  6.20       0.200      0.1000    
   7     3   1     0     1     1  6.30       0.300      0.1000    
   7     4   1     0     1     1  6.40       0.400      0.1000    
   7     5   1     0     1     1  6.50       0.500      0.1000    
   7     6   1     0     1     1  6.60       0.600      0.1000    
   7     7   1     0     1     1  6.70       0.700      0.1000    
   7     8   1     0     1     1  6.80       0.800      0.1000    
   7     9   1     0     1     1  6.90       0.900      0.1000    
   7    10   1     0     1     1  7.00       1.00       0.1000    
                          
 THE ANALYSIS HAS COMPLETED SUCCESSFULLY
