input_file=verification/fuelsim/transient_c3d20rt_finite_contact_friction.fsi
mesh_file=/home/cooper/ai_project/fuelsim/verification/abaqus/h20_24_hex20_nonmatching_contact_mesh.e
mpi_ranks=1
results_file=/home/cooper/ai_project/fuelsim/verification/fuelsim/transient_c3d20rt_finite_contact_friction_results.e
progress.accepted_steps=1
progress.time=1.000000000000e-01
progress.time_step=1.000000000000e-01
progress.next_time_step=1.000000000000e-01
progress.nonlinear_iterations=66
progress.linear_iterations=66
progress.cutbacks=0
progress.time_error_estimate=0.000000000000e+00
progress.time_error.elastic_strain=0.000000000000e+00
progress.time_error.plastic_strain=0.000000000000e+00
progress.time_error.creep_strain=0.000000000000e+00
progress.time_error.equivalent_plastic_strain=0.000000000000e+00
progress.time_error.equivalent_creep_strain=0.000000000000e+00
progress.time_error.stress=0.000000000000e+00
progress.time_error.contact_friction=0.000000000000e+00
progress.time_error.contact_normal_multiplier=0.000000000000e+00
progress.conservation.generated_heat_rate=0.000000000000e+00
progress.conservation.stored_heat_rate=8.997024950474e-05
progress.conservation.convection_heat_rate=0.000000000000e+00
progress.conservation.surface_heat_input_rate=0.000000000000e+00
progress.conservation.interface_heat_imbalance=3.197442310920e-14
progress.conservation.dirichlet_heat_input_rate=-3.642962740003e-05
progress.conservation.global_thermal_balance=1.263998769367e-04
progress.conservation.relative_thermal_balance=1.000000000000e+00
progress.conservation.unconstrained_thermal_residual_l2=4.028268182612e-12
progress.conservation.internal_mechanical_work_increment=4.037154048505e+03
progress.conservation.pressure_traction_work_increment=0.000000000000e+00
progress.conservation.dirichlet_reaction_work_increment=4.057520552789e+03
progress.conservation.contact_work_increment=2.036650428390e+01
progress.conservation.mechanical_work_balance=-2.546585164964e-11
progress.conservation.relative_mechanical_work_balance=3.138105071598e-15
progress.conservation.unconstrained_mechanical_residual_l2=1.463299112713e-05
progress.conservation.elastic_energy_change=2.019622686908e+03
progress.conservation.plastic_dissipation_increment=0.000000000000e+00
progress.conservation.creep_dissipation_increment=0.000000000000e+00
progress.conservation.friction_dissipation_increment=0.000000000000e+00
progress.conservation.trapezoidal_pressure_traction_work_increment=0.000000000000e+00
progress.conservation.trapezoidal_dirichlet_reaction_work_increment=2.028760276394e+03
progress.conservation.mechanical_hourglass_energy=0.000000000000e+00
progress.conservation.mechanical_hourglass_energy_change=0.000000000000e+00
progress.accepted_steps=2
progress.time=2.000000000000e-01
progress.time_step=1.000000000000e-01
progress.next_time_step=1.000000000000e-01
progress.nonlinear_iterations=7
progress.linear_iterations=7
progress.cutbacks=0
progress.time_error_estimate=0.000000000000e+00
progress.time_error.elastic_strain=0.000000000000e+00
progress.time_error.plastic_strain=0.000000000000e+00
progress.time_error.creep_strain=0.000000000000e+00
progress.time_error.equivalent_plastic_strain=0.000000000000e+00
progress.time_error.equivalent_creep_strain=0.000000000000e+00
progress.time_error.stress=0.000000000000e+00
progress.time_error.contact_friction=0.000000000000e+00
progress.time_error.contact_normal_multiplier=0.000000000000e+00
progress.conservation.generated_heat_rate=0.000000000000e+00
progress.conservation.stored_heat_rate=1.659198557924e-05
progress.conservation.convection_heat_rate=0.000000000000e+00
progress.conservation.surface_heat_input_rate=0.000000000000e+00
progress.conservation.interface_heat_imbalance=1.030286966852e-13
progress.conservation.dirichlet_heat_input_rate=1.555900369965e-05
progress.conservation.global_thermal_balance=1.032981982618e-06
progress.conservation.relative_thermal_balance=3.212908848146e-02
progress.conservation.unconstrained_thermal_residual_l2=4.580407412120e-12
progress.conservation.internal_mechanical_work_increment=8.079593696343e+03
progress.conservation.pressure_traction_work_increment=0.000000000000e+00
progress.conservation.dirichlet_reaction_work_increment=8.119328591255e+03
progress.conservation.contact_work_increment=3.973489491200e+01
progress.conservation.mechanical_work_balance=1.000444171950e-11
progress.conservation.relative_mechanical_work_balance=6.160879934258e-16
progress.conservation.unconstrained_mechanical_residual_l2=1.559195928118e-05
progress.conservation.elastic_energy_change=6.067831474571e+03
progress.conservation.plastic_dissipation_increment=0.000000000000e+00
progress.conservation.creep_dissipation_increment=0.000000000000e+00
progress.conservation.friction_dissipation_increment=0.000000000000e+00
progress.conservation.trapezoidal_pressure_traction_work_increment=0.000000000000e+00
progress.conservation.trapezoidal_dirichlet_reaction_work_increment=6.088424572022e+03
progress.conservation.mechanical_hourglass_energy=0.000000000000e+00
progress.conservation.mechanical_hourglass_energy_change=0.000000000000e+00
progress.accepted_steps=3
progress.time=3.000000000000e-01
progress.time_step=1.000000000000e-01
progress.next_time_step=1.000000000000e-01
progress.nonlinear_iterations=30
progress.linear_iterations=30
progress.cutbacks=0
progress.time_error_estimate=0.000000000000e+00
progress.time_error.elastic_strain=0.000000000000e+00
progress.time_error.plastic_strain=0.000000000000e+00
progress.time_error.creep_strain=0.000000000000e+00
progress.time_error.equivalent_plastic_strain=0.000000000000e+00
progress.time_error.equivalent_creep_strain=0.000000000000e+00
progress.time_error.stress=0.000000000000e+00
progress.time_error.contact_friction=0.000000000000e+00
progress.time_error.contact_normal_multiplier=0.000000000000e+00
progress.conservation.generated_heat_rate=0.000000000000e+00
progress.conservation.stored_heat_rate=3.027701327341e-05
progress.conservation.convection_heat_rate=0.000000000000e+00
progress.conservation.surface_heat_input_rate=0.000000000000e+00
progress.conservation.interface_heat_imbalance=1.776356839400e-14
progress.conservation.dirichlet_heat_input_rate=3.055558720177e-05
progress.conservation.global_thermal_balance=-2.785739106012e-07
progress.conservation.relative_thermal_balance=4.579352326611e-03
progress.conservation.unconstrained_thermal_residual_l2=4.094857385480e-12
progress.conservation.internal_mechanical_work_increment=1.212522009391e+04
progress.conservation.pressure_traction_work_increment=0.000000000000e+00
progress.conservation.dirichlet_reaction_work_increment=1.218489225358e+04
progress.conservation.contact_work_increment=5.967215967485e+01
progress.conservation.mechanical_work_balance=6.912159733474e-11
progress.conservation.relative_mechanical_work_balance=2.836364733320e-15
progress.conservation.unconstrained_mechanical_residual_l2=1.839145735767e-05
progress.conservation.elastic_energy_change=1.012794580948e+04
progress.conservation.plastic_dissipation_increment=0.000000000000e+00
progress.conservation.creep_dissipation_increment=0.000000000000e+00
progress.conservation.friction_dissipation_increment=0.000000000000e+00
progress.conservation.trapezoidal_pressure_traction_work_increment=0.000000000000e+00
progress.conservation.trapezoidal_dirichlet_reaction_work_increment=1.015211042242e+04
progress.conservation.mechanical_hourglass_energy=0.000000000000e+00
progress.conservation.mechanical_hourglass_energy_change=0.000000000000e+00
progress.accepted_steps=4
progress.time=4.000000000000e-01
progress.time_step=1.000000000000e-01
progress.next_time_step=1.000000000000e-01
progress.nonlinear_iterations=23
progress.linear_iterations=23
progress.cutbacks=0
progress.time_error_estimate=0.000000000000e+00
progress.time_error.elastic_strain=0.000000000000e+00
progress.time_error.plastic_strain=0.000000000000e+00
progress.time_error.creep_strain=0.000000000000e+00
progress.time_error.equivalent_plastic_strain=0.000000000000e+00
progress.time_error.equivalent_creep_strain=0.000000000000e+00
progress.time_error.stress=0.000000000000e+00
progress.time_error.contact_friction=0.000000000000e+00
progress.time_error.contact_normal_multiplier=0.000000000000e+00
progress.conservation.generated_heat_rate=0.000000000000e+00
progress.conservation.stored_heat_rate=3.299802128965e-05
progress.conservation.convection_heat_rate=0.000000000000e+00
progress.conservation.surface_heat_input_rate=0.000000000000e+00
progress.conservation.interface_heat_imbalance=8.881784197001e-14
progress.conservation.dirichlet_heat_input_rate=3.306276134651e-05
progress.conservation.global_thermal_balance=-6.473996804824e-08
progress.conservation.relative_thermal_balance=9.800060698306e-04
progress.conservation.unconstrained_thermal_residual_l2=4.350499902098e-12
progress.conservation.internal_mechanical_work_increment=1.617454251460e+04
progress.conservation.pressure_traction_work_increment=0.000000000000e+00
progress.conservation.dirichlet_reaction_work_increment=1.625421340611e+04
progress.conservation.contact_work_increment=7.967089151452e+01
progress.conservation.mechanical_work_balance=-7.275957614183e-11
progress.conservation.relative_mechanical_work_balance=2.238175860127e-15
progress.conservation.unconstrained_mechanical_residual_l2=1.776189624808e-05
progress.conservation.elastic_energy_change=1.419998579581e+04
progress.conservation.plastic_dissipation_increment=0.000000000000e+00
progress.conservation.creep_dissipation_increment=0.000000000000e+00
progress.conservation.friction_dissipation_increment=0.000000000000e+00
progress.conservation.trapezoidal_pressure_traction_work_increment=0.000000000000e+00
progress.conservation.trapezoidal_dirichlet_reaction_work_increment=1.421955282985e+04
progress.conservation.mechanical_hourglass_energy=0.000000000000e+00
progress.conservation.mechanical_hourglass_energy_change=0.000000000000e+00
progress.accepted_steps=5
progress.time=5.000000000000e-01
progress.time_step=1.000000000000e-01
progress.next_time_step=1.000000000000e-01
progress.nonlinear_iterations=40
progress.linear_iterations=40
progress.cutbacks=0
progress.time_error_estimate=0.000000000000e+00
progress.time_error.elastic_strain=0.000000000000e+00
progress.time_error.plastic_strain=0.000000000000e+00
progress.time_error.creep_strain=0.000000000000e+00
progress.time_error.equivalent_plastic_strain=0.000000000000e+00
progress.time_error.equivalent_creep_strain=0.000000000000e+00
progress.time_error.stress=0.000000000000e+00
progress.time_error.contact_friction=0.000000000000e+00
progress.time_error.contact_normal_multiplier=0.000000000000e+00
progress.conservation.generated_heat_rate=0.000000000000e+00
progress.conservation.stored_heat_rate=3.364070647649e-05
progress.conservation.convection_heat_rate=0.000000000000e+00
progress.conservation.surface_heat_input_rate=0.000000000000e+00
progress.conservation.interface_heat_imbalance=4.263256414561e-14
progress.conservation.dirichlet_heat_input_rate=3.374459436145e-05
progress.conservation.global_thermal_balance=-1.038878423256e-07
progress.conservation.relative_thermal_balance=1.541698871534e-03
progress.conservation.unconstrained_thermal_residual_l2=4.115567419771e-12
progress.conservation.internal_mechanical_work_increment=2.022756867989e+04
progress.conservation.pressure_traction_work_increment=0.000000000000e+00
progress.conservation.dirichlet_reaction_work_increment=2.032729733700e+04
progress.conservation.contact_work_increment=9.972865711378e+01
progress.conservation.mechanical_work_balance=3.383320290595e-10
progress.conservation.relative_mechanical_work_balance=8.322110496306e-15
progress.conservation.unconstrained_mechanical_residual_l2=5.935276804002e-05
progress.conservation.elastic_energy_change=1.828399234616e+04
progress.conservation.plastic_dissipation_increment=0.000000000000e+00
progress.conservation.creep_dissipation_increment=0.000000000000e+00
progress.conservation.friction_dissipation_increment=0.000000000000e+00
progress.conservation.trapezoidal_pressure_traction_work_increment=0.000000000000e+00
progress.conservation.trapezoidal_dirichlet_reaction_work_increment=1.829075537156e+04
progress.conservation.mechanical_hourglass_energy=0.000000000000e+00
progress.conservation.mechanical_hourglass_energy_change=0.000000000000e+00
progress.accepted_steps=6
progress.time=6.000000000000e-01
progress.time_step=1.000000000000e-01
progress.next_time_step=1.000000000000e-01
progress.nonlinear_iterations=40
progress.linear_iterations=40
progress.cutbacks=0
progress.time_error_estimate=0.000000000000e+00
progress.time_error.elastic_strain=0.000000000000e+00
progress.time_error.plastic_strain=0.000000000000e+00
progress.time_error.creep_strain=0.000000000000e+00
progress.time_error.equivalent_plastic_strain=0.000000000000e+00
progress.time_error.equivalent_creep_strain=0.000000000000e+00
progress.time_error.stress=0.000000000000e+00
progress.time_error.contact_friction=0.000000000000e+00
progress.time_error.contact_normal_multiplier=0.000000000000e+00
progress.conservation.generated_heat_rate=0.000000000000e+00
progress.conservation.stored_heat_rate=3.383951884217e-05
progress.conservation.convection_heat_rate=0.000000000000e+00
progress.conservation.surface_heat_input_rate=0.000000000000e+00
progress.conservation.interface_heat_imbalance=5.329070518201e-14
progress.conservation.dirichlet_heat_input_rate=3.397419300200e-05
progress.conservation.global_thermal_balance=-1.346741065372e-07
progress.conservation.relative_thermal_balance=1.985942116557e-03
progress.conservation.unconstrained_thermal_residual_l2=3.759506077084e-12
progress.conservation.internal_mechanical_work_increment=2.428430503809e+04
progress.conservation.pressure_traction_work_increment=0.000000000000e+00
progress.conservation.dirichlet_reaction_work_increment=2.440415006971e+04
progress.conservation.contact_work_increment=1.198450316167e+02
progress.conservation.mechanical_work_balance=-2.182787284255e-10
progress.conservation.relative_mechanical_work_balance=4.472164115571e-15
progress.conservation.unconstrained_mechanical_residual_l2=5.872335877647e-05
progress.conservation.elastic_energy_change=2.238000777753e+04
progress.conservation.plastic_dissipation_increment=0.000000000000e+00
progress.conservation.creep_dissipation_increment=0.000000000000e+00
progress.conservation.friction_dissipation_increment=0.000000000000e+00
progress.conservation.trapezoidal_pressure_traction_work_increment=0.000000000000e+00
progress.conservation.trapezoidal_dirichlet_reaction_work_increment=2.236572370335e+04
progress.conservation.mechanical_hourglass_energy=0.000000000000e+00
progress.conservation.mechanical_hourglass_energy_change=0.000000000000e+00
progress.accepted_steps=7
progress.time=7.000000000000e-01
progress.time_step=1.000000000000e-01
progress.next_time_step=1.000000000000e-01
progress.nonlinear_iterations=40
progress.linear_iterations=40
progress.cutbacks=0
progress.time_error_estimate=0.000000000000e+00
progress.time_error.elastic_strain=0.000000000000e+00
progress.time_error.plastic_strain=0.000000000000e+00
progress.time_error.creep_strain=0.000000000000e+00
progress.time_error.equivalent_plastic_strain=0.000000000000e+00
progress.time_error.equivalent_creep_strain=0.000000000000e+00
progress.time_error.stress=0.000000000000e+00
progress.time_error.contact_friction=0.000000000000e+00
progress.time_error.contact_normal_multiplier=0.000000000000e+00
progress.conservation.generated_heat_rate=0.000000000000e+00
progress.conservation.stored_heat_rate=3.391285888909e-05
progress.conservation.convection_heat_rate=0.000000000000e+00
progress.conservation.surface_heat_input_rate=0.000000000000e+00
progress.conservation.interface_heat_imbalance=1.030286966852e-13
progress.conservation.dirichlet_heat_input_rate=3.407175466918e-05
progress.conservation.global_thermal_balance=-1.588956770641e-07
progress.conservation.relative_thermal_balance=2.337229977590e-03
progress.conservation.unconstrained_thermal_residual_l2=2.724726130161e-12
progress.conservation.internal_mechanical_work_increment=2.834475790397e+04
progress.conservation.pressure_traction_work_increment=0.000000000000e+00
progress.conservation.dirichlet_reaction_work_increment=2.848477787821e+04
progress.conservation.contact_work_increment=1.400199742392e+02
progress.conservation.mechanical_work_balance=3.637978807092e-11
progress.conservation.relative_mechanical_work_balance=6.385829692347e-16
progress.conservation.unconstrained_mechanical_residual_l2=1.024247862563e-04
progress.conservation.elastic_energy_change=2.648807490953e+04
progress.conservation.plastic_dissipation_increment=0.000000000000e+00
progress.conservation.creep_dissipation_increment=0.000000000000e+00
progress.conservation.friction_dissipation_increment=0.000000000000e+00
progress.conservation.trapezoidal_pressure_traction_work_increment=0.000000000000e+00
progress.conservation.trapezoidal_dirichlet_reaction_work_increment=2.644446397396e+04
progress.conservation.mechanical_hourglass_energy=0.000000000000e+00
progress.conservation.mechanical_hourglass_energy_change=0.000000000000e+00
progress.accepted_steps=8
progress.time=8.000000000000e-01
progress.time_step=1.000000000000e-01
progress.next_time_step=1.000000000000e-01
progress.nonlinear_iterations=40
progress.linear_iterations=40
progress.cutbacks=0
progress.time_error_estimate=0.000000000000e+00
progress.time_error.elastic_strain=0.000000000000e+00
progress.time_error.plastic_strain=0.000000000000e+00
progress.time_error.creep_strain=0.000000000000e+00
progress.time_error.equivalent_plastic_strain=0.000000000000e+00
progress.time_error.equivalent_creep_strain=0.000000000000e+00
progress.time_error.stress=0.000000000000e+00
progress.time_error.contact_friction=0.000000000000e+00
progress.time_error.contact_normal_multiplier=0.000000000000e+00
progress.conservation.generated_heat_rate=0.000000000000e+00
progress.conservation.stored_heat_rate=3.394648086896e-05
progress.conservation.convection_heat_rate=0.000000000000e+00
progress.conservation.surface_heat_input_rate=0.000000000000e+00
progress.conservation.interface_heat_imbalance=3.197442310920e-14
progress.conservation.dirichlet_heat_input_rate=3.412869945407e-05
progress.conservation.global_thermal_balance=-1.822185531372e-07
progress.conservation.relative_thermal_balance=2.676725235056e-03
progress.conservation.unconstrained_thermal_residual_l2=4.646612423405e-12
progress.conservation.internal_mechanical_work_increment=3.240893357850e+04
progress.conservation.pressure_traction_work_increment=0.000000000000e+00
progress.conservation.dirichlet_reaction_work_increment=3.256918714773e+04
progress.conservation.contact_work_increment=1.602535692328e+02
progress.conservation.mechanical_work_balance=7.275957614183e-11
progress.conservation.relative_mechanical_work_balance=1.117000185049e-15
progress.conservation.unconstrained_mechanical_residual_l2=4.343024251203e-05
progress.conservation.elastic_energy_change=3.060823686017e+04
progress.conservation.plastic_dissipation_increment=0.000000000000e+00
progress.conservation.creep_dissipation_increment=0.000000000000e+00
progress.conservation.friction_dissipation_increment=0.000000000000e+00
progress.conservation.trapezoidal_pressure_traction_work_increment=0.000000000000e+00
progress.conservation.trapezoidal_dirichlet_reaction_work_increment=3.052698251297e+04
progress.conservation.mechanical_hourglass_energy=0.000000000000e+00
progress.conservation.mechanical_hourglass_energy_change=0.000000000000e+00
progress.accepted_steps=9
progress.time=9.000000000000e-01
progress.time_step=1.000000000000e-01
progress.next_time_step=1.000000000000e-01
progress.nonlinear_iterations=40
progress.linear_iterations=40
progress.cutbacks=0
progress.time_error_estimate=0.000000000000e+00
progress.time_error.elastic_strain=0.000000000000e+00
progress.time_error.plastic_strain=0.000000000000e+00
progress.time_error.creep_strain=0.000000000000e+00
progress.time_error.equivalent_plastic_strain=0.000000000000e+00
progress.time_error.equivalent_creep_strain=0.000000000000e+00
progress.time_error.stress=0.000000000000e+00
progress.time_error.contact_friction=0.000000000000e+00
progress.time_error.contact_normal_multiplier=0.000000000000e+00
progress.conservation.generated_heat_rate=0.000000000000e+00
progress.conservation.stored_heat_rate=3.396721108117e-05
progress.conservation.convection_heat_rate=0.000000000000e+00
progress.conservation.surface_heat_input_rate=0.000000000000e+00
progress.conservation.interface_heat_imbalance=7.105427357601e-15
progress.conservation.dirichlet_heat_input_rate=3.417311650367e-05
progress.conservation.global_thermal_balance=-2.059054153868e-07
progress.conservation.relative_thermal_balance=3.021784935052e-03
progress.conservation.unconstrained_thermal_residual_l2=5.660723477982e-12
progress.conservation.internal_mechanical_work_increment=3.647683836975e+04
progress.conservation.pressure_traction_work_increment=0.000000000000e+00
progress.conservation.dirichlet_reaction_work_increment=3.665738432367e+04
progress.conservation.contact_work_increment=1.805459539262e+02
progress.conservation.mechanical_work_balance=-8.003553375602e-11
progress.conservation.relative_mechanical_work_balance=1.091670003639e-15
progress.conservation.unconstrained_mechanical_residual_l2=5.838882202196e-05
progress.conservation.elastic_energy_change=3.474053698374e+04
progress.conservation.plastic_dissipation_increment=0.000000000000e+00
progress.conservation.creep_dissipation_increment=0.000000000000e+00
progress.conservation.friction_dissipation_increment=0.000000000000e+00
progress.conservation.trapezoidal_pressure_traction_work_increment=0.000000000000e+00
progress.conservation.trapezoidal_dirichlet_reaction_work_increment=3.461328573570e+04
progress.conservation.mechanical_hourglass_energy=0.000000000000e+00
progress.conservation.mechanical_hourglass_energy_change=0.000000000000e+00
progress.accepted_steps=10
progress.time=1.000000000000e+00
progress.time_step=1.000000000000e-01
progress.next_time_step=1.000000000000e-01
progress.nonlinear_iterations=40
progress.linear_iterations=40
progress.cutbacks=0
progress.time_error_estimate=0.000000000000e+00
progress.time_error.elastic_strain=0.000000000000e+00
progress.time_error.plastic_strain=0.000000000000e+00
progress.time_error.creep_strain=0.000000000000e+00
progress.time_error.equivalent_plastic_strain=0.000000000000e+00
progress.time_error.equivalent_creep_strain=0.000000000000e+00
progress.time_error.stress=0.000000000000e+00
progress.time_error.contact_friction=0.000000000000e+00
progress.time_error.contact_normal_multiplier=0.000000000000e+00
progress.conservation.generated_heat_rate=0.000000000000e+00
progress.conservation.stored_heat_rate=3.398468817295e-05
progress.conservation.convection_heat_rate=0.000000000000e+00
progress.conservation.surface_heat_input_rate=0.000000000000e+00
progress.conservation.interface_heat_imbalance=7.460698725481e-14
progress.conservation.dirichlet_heat_input_rate=3.421484855437e-05
progress.conservation.global_thermal_balance=-2.301603068175e-07
progress.conservation.relative_thermal_balance=3.374807478325e-03
progress.conservation.unconstrained_thermal_residual_l2=4.771725065625e-12
progress.conservation.internal_mechanical_work_increment=4.054847859762e+04
progress.conservation.pressure_traction_work_increment=0.000000000000e+00
progress.conservation.dirichlet_reaction_work_increment=4.074937588972e+04
progress.conservation.contact_work_increment=2.008972920970e+02
progress.conservation.mechanical_work_balance=-5.020410753787e-10
progress.conservation.relative_mechanical_work_balance=6.160107540510e-15
progress.conservation.unconstrained_mechanical_residual_l2=9.550611560636e-05
progress.conservation.elastic_energy_change=3.888501884854e+04
progress.conservation.plastic_dissipation_increment=0.000000000000e+00
progress.conservation.creep_dissipation_increment=0.000000000000e+00
progress.conservation.friction_dissipation_increment=0.000000000000e+00
progress.conservation.trapezoidal_pressure_traction_work_increment=0.000000000000e+00
progress.conservation.trapezoidal_dirichlet_reaction_work_increment=3.870338010670e+04
progress.conservation.mechanical_hourglass_energy=0.000000000000e+00
progress.conservation.mechanical_hourglass_energy_change=0.000000000000e+00
progress.accepted_steps=11
progress.time=1.100000000000e+00
progress.time_step=1.000000000000e-01
progress.next_time_step=1.000000000000e-01
progress.nonlinear_iterations=40
progress.linear_iterations=40
progress.cutbacks=0
progress.time_error_estimate=0.000000000000e+00
progress.time_error.elastic_strain=0.000000000000e+00
progress.time_error.plastic_strain=0.000000000000e+00
progress.time_error.creep_strain=0.000000000000e+00
progress.time_error.equivalent_plastic_strain=0.000000000000e+00
progress.time_error.equivalent_creep_strain=0.000000000000e+00
progress.time_error.stress=0.000000000000e+00
progress.time_error.contact_friction=0.000000000000e+00
progress.time_error.contact_normal_multiplier=0.000000000000e+00
progress.conservation.generated_heat_rate=0.000000000000e+00
progress.conservation.stored_heat_rate=2.704770837881e-05
progress.conservation.convection_heat_rate=0.000000000000e+00
progress.conservation.surface_heat_input_rate=0.000000000000e+00
progress.conservation.interface_heat_imbalance=3.552713678801e-14
progress.conservation.dirichlet_heat_input_rate=2.737902478600e-05
progress.conservation.global_thermal_balance=-3.313163716634e-07
progress.conservation.relative_thermal_balance=6.087383022674e-03
progress.conservation.unconstrained_thermal_residual_l2=7.940829682313e-12
progress.conservation.internal_mechanical_work_increment=8.279114547834e+02
progress.conservation.pressure_traction_work_increment=0.000000000000e+00
progress.conservation.dirichlet_reaction_work_increment=8.285738017943e+02
progress.conservation.contact_work_increment=6.623470108872e-01
progress.conservation.mechanical_work_balance=1.023181539495e-12
progress.conservation.relative_mechanical_work_balance=6.174353674222e-16
progress.conservation.unconstrained_mechanical_residual_l2=9.597152553269e-05
progress.conservation.elastic_energy_change=8.005191278955e+02
progress.conservation.plastic_dissipation_increment=0.000000000000e+00
progress.conservation.creep_dissipation_increment=0.000000000000e+00
progress.conservation.friction_dissipation_increment=0.000000000000e+00
progress.conservation.trapezoidal_pressure_traction_work_increment=0.000000000000e+00
progress.conservation.trapezoidal_dirichlet_reaction_work_increment=7.909175422046e+02
progress.conservation.mechanical_hourglass_energy=0.000000000000e+00
progress.conservation.mechanical_hourglass_energy_change=0.000000000000e+00
progress.accepted_steps=12
progress.time=1.200000000000e+00
progress.time_step=1.000000000000e-01
progress.next_time_step=1.000000000000e-01
progress.nonlinear_iterations=40
progress.linear_iterations=40
progress.cutbacks=0
progress.time_error_estimate=0.000000000000e+00
progress.time_error.elastic_strain=0.000000000000e+00
progress.time_error.plastic_strain=0.000000000000e+00
progress.time_error.creep_strain=0.000000000000e+00
progress.time_error.equivalent_plastic_strain=0.000000000000e+00
progress.time_error.equivalent_creep_strain=0.000000000000e+00
progress.time_error.stress=0.000000000000e+00
progress.time_error.contact_friction=0.000000000000e+00
progress.time_error.contact_normal_multiplier=0.000000000000e+00
progress.conservation.generated_heat_rate=0.000000000000e+00
progress.conservation.stored_heat_rate=4.191867306248e-05
progress.conservation.convection_heat_rate=0.000000000000e+00
progress.conservation.surface_heat_input_rate=0.000000000000e+00
progress.conservation.interface_heat_imbalance=8.526512829121e-14
progress.conservation.dirichlet_heat_input_rate=4.216940982360e-05
progress.conservation.global_thermal_balance=-2.507366758545e-07
progress.conservation.relative_thermal_balance=2.981833655786e-03
progress.conservation.unconstrained_thermal_residual_l2=6.122903489710e-12
progress.conservation.internal_mechanical_work_increment=9.031652670742e+02
progress.conservation.pressure_traction_work_increment=0.000000000000e+00
progress.conservation.dirichlet_reaction_work_increment=9.038866367989e+02
progress.conservation.contact_work_increment=7.213697247986e-01
progress.conservation.mechanical_work_balance=4.570210876409e-11
progress.conservation.relative_mechanical_work_balance=2.528088529218e-14
progress.conservation.unconstrained_mechanical_residual_l2=1.618160271883e-04
progress.conservation.elastic_energy_change=8.767940630799e+02
progress.conservation.plastic_dissipation_increment=0.000000000000e+00
progress.conservation.creep_dissipation_increment=0.000000000000e+00
progress.conservation.friction_dissipation_increment=0.000000000000e+00
progress.conservation.trapezoidal_pressure_traction_work_increment=0.000000000000e+00
progress.conservation.trapezoidal_dirichlet_reaction_work_increment=8.662302192966e+02
progress.conservation.mechanical_hourglass_energy=0.000000000000e+00
progress.conservation.mechanical_hourglass_energy_change=0.000000000000e+00
progress.accepted_steps=13
progress.time=1.300000000000e+00
progress.time_step=1.000000000000e-01
progress.next_time_step=1.000000000000e-01
progress.nonlinear_iterations=40
progress.linear_iterations=40
progress.cutbacks=0
progress.time_error_estimate=0.000000000000e+00
progress.time_error.elastic_strain=0.000000000000e+00
progress.time_error.plastic_strain=0.000000000000e+00
progress.time_error.creep_strain=0.000000000000e+00
progress.time_error.equivalent_plastic_strain=0.000000000000e+00
progress.time_error.equivalent_creep_strain=0.000000000000e+00
progress.time_error.stress=0.000000000000e+00
progress.time_error.contact_friction=0.000000000000e+00
progress.time_error.contact_normal_multiplier=0.000000000000e+00
progress.conservation.generated_heat_rate=0.000000000000e+00
progress.conservation.stored_heat_rate=4.546588341726e-05
progress.conservation.convection_heat_rate=0.000000000000e+00
progress.conservation.surface_heat_input_rate=0.000000000000e+00
progress.conservation.interface_heat_imbalance=7.105427357601e-15
progress.conservation.dirichlet_heat_input_rate=4.573506684835e-05
progress.conservation.global_thermal_balance=-2.691834239856e-07
progress.conservation.relative_thermal_balance=2.951541877368e-03
progress.conservation.unconstrained_thermal_residual_l2=3.925978188417e-12
progress.conservation.internal_mechanical_work_increment=9.784194464999e+02
progress.conservation.pressure_traction_work_increment=0.000000000000e+00
progress.conservation.dirichlet_reaction_work_increment=9.791997897926e+02
progress.conservation.contact_work_increment=7.803432926759e-01
progress.conservation.mechanical_work_balance=-1.796252036002e-11
progress.conservation.relative_mechanical_work_balance=9.172040551510e-15
progress.conservation.unconstrained_mechanical_residual_l2=4.113987255690e-05
progress.conservation.elastic_energy_change=9.530690207098e+02
progress.conservation.plastic_dissipation_increment=0.000000000000e+00
progress.conservation.creep_dissipation_increment=0.000000000000e+00
progress.conservation.friction_dissipation_increment=0.000000000000e+00
progress.conservation.trapezoidal_pressure_traction_work_increment=0.000000000000e+00
progress.conservation.trapezoidal_dirichlet_reaction_work_increment=9.415432132958e+02
progress.conservation.mechanical_hourglass_energy=0.000000000000e+00
progress.conservation.mechanical_hourglass_energy_change=0.000000000000e+00
progress.accepted_steps=14
progress.time=1.400000000000e+00
progress.time_step=1.000000000000e-01
progress.next_time_step=1.000000000000e-01
progress.nonlinear_iterations=40
progress.linear_iterations=40
progress.cutbacks=0
progress.time_error_estimate=0.000000000000e+00
progress.time_error.elastic_strain=0.000000000000e+00
progress.time_error.plastic_strain=0.000000000000e+00
progress.time_error.creep_strain=0.000000000000e+00
progress.time_error.equivalent_plastic_strain=0.000000000000e+00
progress.time_error.equivalent_creep_strain=0.000000000000e+00
progress.time_error.stress=0.000000000000e+00
progress.time_error.contact_friction=0.000000000000e+00
progress.time_error.contact_normal_multiplier=0.000000000000e+00
progress.conservation.generated_heat_rate=0.000000000000e+00
progress.conservation.stored_heat_rate=4.620195399952e-05
progress.conservation.convection_heat_rate=0.000000000000e+00
progress.conservation.surface_heat_input_rate=0.000000000000e+00
progress.conservation.interface_heat_imbalance=3.907985046681e-14
progress.conservation.dirichlet_heat_input_rate=4.651500159980e-05
progress.conservation.global_thermal_balance=-3.130475611966e-07
progress.conservation.relative_thermal_balance=3.376378776040e-03
progress.conservation.unconstrained_thermal_residual_l2=1.799171736726e-12
progress.conservation.internal_mechanical_work_increment=1.053673992393e+03
progress.conservation.pressure_traction_work_increment=0.000000000000e+00
progress.conservation.dirichlet_reaction_work_increment=1.054513262932e+03
progress.conservation.contact_work_increment=8.392705390873e-01
progress.conservation.mechanical_work_balance=5.002220859751e-11
progress.conservation.relative_mechanical_work_balance=2.371815052302e-14
progress.conservation.unconstrained_mechanical_residual_l2=1.044154515621e-04
progress.conservation.elastic_energy_change=1.029343989256e+03
progress.conservation.plastic_dissipation_increment=0.000000000000e+00
progress.conservation.creep_dissipation_increment=0.000000000000e+00
progress.conservation.friction_dissipation_increment=0.000000000000e+00
progress.conservation.trapezoidal_pressure_traction_work_increment=0.000000000000e+00
progress.conservation.trapezoidal_dirichlet_reaction_work_increment=1.016856526362e+03
progress.conservation.mechanical_hourglass_energy=0.000000000000e+00
progress.conservation.mechanical_hourglass_energy_change=0.000000000000e+00
progress.accepted_steps=15
progress.time=1.500000000000e+00
progress.time_step=1.000000000000e-01
progress.next_time_step=1.000000000000e-01
progress.nonlinear_iterations=40
progress.linear_iterations=40
progress.cutbacks=0
progress.time_error_estimate=0.000000000000e+00
progress.time_error.elastic_strain=0.000000000000e+00
progress.time_error.plastic_strain=0.000000000000e+00
progress.time_error.creep_strain=0.000000000000e+00
progress.time_error.equivalent_plastic_strain=0.000000000000e+00
progress.time_error.equivalent_creep_strain=0.000000000000e+00
progress.time_error.stress=0.000000000000e+00
progress.time_error.contact_friction=0.000000000000e+00
progress.time_error.contact_normal_multiplier=0.000000000000e+00
progress.conservation.generated_heat_rate=0.000000000000e+00
progress.conservation.stored_heat_rate=4.624430290790e-05
progress.conservation.convection_heat_rate=0.000000000000e+00
progress.conservation.surface_heat_input_rate=0.000000000000e+00
progress.conservation.interface_heat_imbalance=-1.421085471520e-14
progress.conservation.dirichlet_heat_input_rate=4.660846292381e-05
progress.conservation.global_thermal_balance=-3.641600301210e-07
progress.conservation.relative_thermal_balance=3.921908268465e-03
progress.conservation.unconstrained_thermal_residual_l2=6.118725080795e-12
progress.conservation.internal_mechanical_work_increment=1.128928904001e+03
progress.conservation.pressure_traction_work_increment=0.000000000000e+00
progress.conservation.dirichlet_reaction_work_increment=1.129827058369e+03
progress.conservation.contact_work_increment=8.981543674833e-01
progress.conservation.mechanical_work_balance=1.568878360558e-11
progress.conservation.relative_mechanical_work_balance=6.943002245066e-15
progress.conservation.unconstrained_mechanical_residual_l2=1.059940741120e-04
progress.conservation.elastic_energy_change=1.105618957086e+03
progress.conservation.plastic_dissipation_increment=0.000000000000e+00
progress.conservation.creep_dissipation_increment=0.000000000000e+00
progress.conservation.friction_dissipation_increment=0.000000000000e+00
progress.conservation.trapezoidal_pressure_traction_work_increment=0.000000000000e+00
progress.conservation.trapezoidal_dirichlet_reaction_work_increment=1.092170160651e+03
progress.conservation.mechanical_hourglass_energy=0.000000000000e+00
progress.conservation.mechanical_hourglass_energy_change=0.000000000000e+00
progress.accepted_steps=16
progress.time=1.600000000000e+00
progress.time_step=1.000000000000e-01
progress.next_time_step=1.000000000000e-01
progress.nonlinear_iterations=40
progress.linear_iterations=40
progress.cutbacks=0
progress.time_error_estimate=0.000000000000e+00
progress.time_error.elastic_strain=0.000000000000e+00
progress.time_error.plastic_strain=0.000000000000e+00
progress.time_error.creep_strain=0.000000000000e+00
progress.time_error.equivalent_plastic_strain=0.000000000000e+00
progress.time_error.equivalent_creep_strain=0.000000000000e+00
progress.time_error.stress=0.000000000000e+00
progress.time_error.contact_friction=0.000000000000e+00
progress.time_error.contact_normal_multiplier=0.000000000000e+00
progress.conservation.generated_heat_rate=0.000000000000e+00
progress.conservation.stored_heat_rate=4.611534143352e-05
progress.conservation.convection_heat_rate=0.000000000000e+00
progress.conservation.surface_heat_input_rate=0.000000000000e+00
progress.conservation.interface_heat_imbalance=8.881784197001e-14
progress.conservation.dirichlet_heat_input_rate=4.653242471875e-05
progress.conservation.global_thermal_balance=-4.170831964143e-07
progress.conservation.relative_thermal_balance=4.501815999849e-03
progress.conservation.unconstrained_thermal_residual_l2=4.733708767811e-12
progress.conservation.internal_mechanical_work_increment=1.204184180594e+03
progress.conservation.pressure_traction_work_increment=0.000000000000e+00
progress.conservation.dirichlet_reaction_work_increment=1.205141178246e+03
progress.conservation.contact_work_increment=9.569976526761e-01
progress.conservation.mechanical_work_balance=-3.365130396560e-11
progress.conservation.relative_mechanical_work_balance=1.396156092458e-14
progress.conservation.unconstrained_mechanical_residual_l2=1.091062248863e-04
progress.conservation.elastic_energy_change=1.181893912591e+03
progress.conservation.plastic_dissipation_increment=0.000000000000e+00
progress.conservation.creep_dissipation_increment=0.000000000000e+00
progress.conservation.friction_dissipation_increment=0.000000000000e+00
progress.conservation.trapezoidal_pressure_traction_work_increment=0.000000000000e+00
progress.conservation.trapezoidal_dirichlet_reaction_work_increment=1.167484118308e+03
progress.conservation.mechanical_hourglass_energy=0.000000000000e+00
progress.conservation.mechanical_hourglass_energy_change=0.000000000000e+00
progress.accepted_steps=17
progress.time=1.700000000000e+00
progress.time_step=1.000000000000e-01
progress.next_time_step=1.000000000000e-01
progress.nonlinear_iterations=40
progress.linear_iterations=40
progress.cutbacks=0
progress.time_error_estimate=0.000000000000e+00
progress.time_error.elastic_strain=0.000000000000e+00
progress.time_error.plastic_strain=0.000000000000e+00
progress.time_error.creep_strain=0.000000000000e+00
progress.time_error.equivalent_plastic_strain=0.000000000000e+00
progress.time_error.equivalent_creep_strain=0.000000000000e+00
progress.time_error.stress=0.000000000000e+00
progress.time_error.contact_friction=0.000000000000e+00
progress.time_error.contact_normal_multiplier=0.000000000000e+00
progress.conservation.generated_heat_rate=0.000000000000e+00
progress.conservation.stored_heat_rate=4.594364722977e-05
progress.conservation.convection_heat_rate=0.000000000000e+00
progress.conservation.surface_heat_input_rate=0.000000000000e+00
progress.conservation.interface_heat_imbalance=2.131628207280e-14
progress.conservation.dirichlet_heat_input_rate=4.641409992701e-05
progress.conservation.global_thermal_balance=-4.704526759159e-07
progress.conservation.relative_thermal_balance=5.093808481585e-03
progress.conservation.unconstrained_thermal_residual_l2=3.244282469099e-12
progress.conservation.internal_mechanical_work_increment=1.279439821370e+03
progress.conservation.pressure_traction_work_increment=0.000000000000e+00
progress.conservation.dirichlet_reaction_work_increment=1.280455624701e+03
progress.conservation.contact_work_increment=1.015803331654e+00
progress.conservation.mechanical_work_balance=-4.547473508865e-13
progress.conservation.relative_mechanical_work_balance=1.775724758102e-16
progress.conservation.unconstrained_mechanical_residual_l2=4.652784397083e-05
progress.conservation.elastic_energy_change=1.258168844100e+03
progress.conservation.plastic_dissipation_increment=0.000000000000e+00
progress.conservation.creep_dissipation_increment=0.000000000000e+00
progress.conservation.friction_dissipation_increment=0.000000000000e+00
progress.conservation.trapezoidal_pressure_traction_work_increment=0.000000000000e+00
progress.conservation.trapezoidal_dirichlet_reaction_work_increment=1.242798401474e+03
progress.conservation.mechanical_hourglass_energy=0.000000000000e+00
progress.conservation.mechanical_hourglass_energy_change=0.000000000000e+00
progress.accepted_steps=18
progress.time=1.800000000000e+00
progress.time_step=1.000000000000e-01
progress.next_time_step=1.000000000000e-01
progress.nonlinear_iterations=40
progress.linear_iterations=40
progress.cutbacks=0
progress.time_error_estimate=0.000000000000e+00
progress.time_error.elastic_strain=0.000000000000e+00
progress.time_error.plastic_strain=0.000000000000e+00
progress.time_error.creep_strain=0.000000000000e+00
progress.time_error.equivalent_plastic_strain=0.000000000000e+00
progress.time_error.equivalent_creep_strain=0.000000000000e+00
progress.time_error.stress=0.000000000000e+00
progress.time_error.contact_friction=0.000000000000e+00
progress.time_error.contact_normal_multiplier=0.000000000000e+00
progress.conservation.generated_heat_rate=0.000000000000e+00
progress.conservation.stored_heat_rate=2.406524587300e-03
progress.conservation.convection_heat_rate=0.000000000000e+00
progress.conservation.surface_heat_input_rate=0.000000000000e+00
progress.conservation.interface_heat_imbalance=1.065814103640e-14
progress.conservation.dirichlet_heat_input_rate=4.687957440552e-04
progress.conservation.global_thermal_balance=1.937728843256e-03
progress.conservation.relative_thermal_balance=6.739175535044e-01
progress.conservation.unconstrained_thermal_residual_l2=1.735596491715e-09
progress.conservation.internal_mechanical_work_increment=1.354695825523e+03
progress.conservation.pressure_traction_work_increment=0.000000000000e+00
progress.conservation.dirichlet_reaction_work_increment=1.355770399864e+03
progress.conservation.contact_work_increment=1.074574340659e+00
progress.conservation.mechanical_work_balance=4.047251422890e-11
progress.conservation.relative_mechanical_work_balance=1.492602074546e-14
progress.conservation.unconstrained_mechanical_residual_l2=1.237746701189e-04
progress.conservation.elastic_energy_change=1.334443739938e+03
progress.conservation.plastic_dissipation_increment=0.000000000000e+00
progress.conservation.creep_dissipation_increment=0.000000000000e+00
progress.conservation.friction_dissipation_increment=0.000000000000e+00
progress.conservation.trapezoidal_pressure_traction_work_increment=0.000000000000e+00
progress.conservation.trapezoidal_dirichlet_reaction_work_increment=1.318113012282e+03
progress.conservation.mechanical_hourglass_energy=0.000000000000e+00
progress.conservation.mechanical_hourglass_energy_change=0.000000000000e+00
progress.accepted_steps=19
progress.time=1.900000000000e+00
progress.time_step=1.000000000000e-01
progress.next_time_step=1.000000000000e-01
progress.nonlinear_iterations=40
progress.linear_iterations=40
progress.cutbacks=0
progress.time_error_estimate=0.000000000000e+00
progress.time_error.elastic_strain=0.000000000000e+00
progress.time_error.plastic_strain=0.000000000000e+00
progress.time_error.creep_strain=0.000000000000e+00
progress.time_error.equivalent_plastic_strain=0.000000000000e+00
progress.time_error.equivalent_creep_strain=0.000000000000e+00
progress.time_error.stress=0.000000000000e+00
progress.time_error.contact_friction=0.000000000000e+00
progress.time_error.contact_normal_multiplier=0.000000000000e+00
progress.conservation.generated_heat_rate=0.000000000000e+00
progress.conservation.stored_heat_rate=1.177288012235e-02
progress.conservation.convection_heat_rate=0.000000000000e+00
progress.conservation.surface_heat_input_rate=0.000000000000e+00
progress.conservation.interface_heat_imbalance=4.263256414561e-14
progress.conservation.dirichlet_heat_input_rate=2.399289691468e-03
progress.conservation.global_thermal_balance=9.373590430925e-03
progress.conservation.relative_thermal_balance=6.614082779164e-01
progress.conservation.unconstrained_thermal_residual_l2=1.769317525222e-09
progress.conservation.internal_mechanical_work_increment=1.429952192213e+03
progress.conservation.pressure_traction_work_increment=0.000000000000e+00
progress.conservation.dirichlet_reaction_work_increment=1.431085505857e+03
progress.conservation.contact_work_increment=1.133313644017e+00
progress.conservation.mechanical_work_balance=5.002220859751e-12
progress.conservation.relative_mechanical_work_balance=1.747701601085e-15
progress.conservation.unconstrained_mechanical_residual_l2=9.989591436270e-05
progress.conservation.elastic_energy_change=1.410718588387e+03
progress.conservation.plastic_dissipation_increment=0.000000000000e+00
progress.conservation.creep_dissipation_increment=0.000000000000e+00
progress.conservation.friction_dissipation_increment=0.000000000000e+00
progress.conservation.trapezoidal_pressure_traction_work_increment=0.000000000000e+00
progress.conservation.trapezoidal_dirichlet_reaction_work_increment=1.393427952860e+03
progress.conservation.mechanical_hourglass_energy=0.000000000000e+00
progress.conservation.mechanical_hourglass_energy_change=0.000000000000e+00
progress.accepted_steps=20
progress.time=2.000000000000e+00
progress.time_step=1.000000000000e-01
progress.next_time_step=1.000000000000e-01
progress.nonlinear_iterations=40
progress.linear_iterations=40
progress.cutbacks=0
progress.time_error_estimate=0.000000000000e+00
progress.time_error.elastic_strain=0.000000000000e+00
progress.time_error.plastic_strain=0.000000000000e+00
progress.time_error.creep_strain=0.000000000000e+00
progress.time_error.equivalent_plastic_strain=0.000000000000e+00
progress.time_error.equivalent_creep_strain=0.000000000000e+00
progress.time_error.stress=0.000000000000e+00
progress.time_error.contact_friction=0.000000000000e+00
progress.time_error.contact_normal_multiplier=0.000000000000e+00
progress.conservation.generated_heat_rate=0.000000000000e+00
progress.conservation.stored_heat_rate=1.268073958368e-02
progress.conservation.convection_heat_rate=0.000000000000e+00
progress.conservation.surface_heat_input_rate=0.000000000000e+00
progress.conservation.interface_heat_imbalance=5.684341886081e-14
progress.conservation.dirichlet_heat_input_rate=3.669810162179e-03
progress.conservation.global_thermal_balance=9.010929421556e-03
progress.conservation.relative_thermal_balance=5.511086514878e-01
progress.conservation.unconstrained_thermal_residual_l2=6.997665411828e-10
progress.conservation.internal_mechanical_work_increment=1.505208920530e+03
progress.conservation.pressure_traction_work_increment=0.000000000000e+00
progress.conservation.dirichlet_reaction_work_increment=1.506400944795e+03
progress.conservation.contact_work_increment=1.192024264835e+00
progress.conservation.mechanical_work_balance=4.888534022029e-11
progress.conservation.relative_mechanical_work_balance=1.622587279608e-14
progress.conservation.unconstrained_mechanical_residual_l2=1.878974503996e-04
progress.conservation.elastic_energy_change=1.486993377676e+03
progress.conservation.plastic_dissipation_increment=0.000000000000e+00
progress.conservation.creep_dissipation_increment=0.000000000000e+00
progress.conservation.friction_dissipation_increment=0.000000000000e+00
progress.conservation.trapezoidal_pressure_traction_work_increment=0.000000000000e+00
progress.conservation.trapezoidal_dirichlet_reaction_work_increment=1.468743225326e+03
progress.conservation.mechanical_hourglass_energy=0.000000000000e+00
progress.conservation.mechanical_hourglass_energy_change=0.000000000000e+00
progress.accepted_steps=21
progress.time=2.100000000000e+00
progress.time_step=1.000000000000e-01
progress.next_time_step=1.000000000000e-01
progress.nonlinear_iterations=40
progress.linear_iterations=40
progress.cutbacks=0
progress.time_error_estimate=0.000000000000e+00
progress.time_error.elastic_strain=0.000000000000e+00
progress.time_error.plastic_strain=0.000000000000e+00
progress.time_error.creep_strain=0.000000000000e+00
progress.time_error.equivalent_plastic_strain=0.000000000000e+00
progress.time_error.equivalent_creep_strain=0.000000000000e+00
progress.time_error.stress=0.000000000000e+00
progress.time_error.contact_friction=0.000000000000e+00
progress.time_error.contact_normal_multiplier=0.000000000000e+00
progress.conservation.generated_heat_rate=0.000000000000e+00
progress.conservation.stored_heat_rate=3.358524267905e-02
progress.conservation.convection_heat_rate=0.000000000000e+00
progress.conservation.surface_heat_input_rate=0.000000000000e+00
progress.conservation.interface_heat_imbalance=5.151434834261e-14
progress.conservation.dirichlet_heat_input_rate=9.084230609133e-03
progress.conservation.global_thermal_balance=2.450101206997e-02
progress.conservation.relative_thermal_balance=5.742046990940e-01
progress.conservation.unconstrained_thermal_residual_l2=4.066929340910e-10
progress.conservation.internal_mechanical_work_increment=7.224956590077e+03
progress.conservation.pressure_traction_work_increment=0.000000000000e+00
progress.conservation.dirichlet_reaction_work_increment=7.230665064547e+03
progress.conservation.contact_work_increment=5.708474469981e+00
progress.conservation.mechanical_work_balance=-6.639311322942e-11
progress.conservation.relative_mechanical_work_balance=4.591079287779e-15
progress.conservation.unconstrained_mechanical_residual_l2=5.267776482451e-05
progress.conservation.elastic_energy_change=6.704620844050e+03
progress.conservation.plastic_dissipation_increment=0.000000000000e+00
progress.conservation.creep_dissipation_increment=0.000000000000e+00
progress.conservation.friction_dissipation_increment=0.000000000000e+00
progress.conservation.trapezoidal_pressure_traction_work_increment=0.000000000000e+00
progress.conservation.trapezoidal_dirichlet_reaction_work_increment=6.628134421864e+03
progress.conservation.mechanical_hourglass_energy=0.000000000000e+00
progress.conservation.mechanical_hourglass_energy_change=0.000000000000e+00
progress.accepted_steps=22
progress.time=2.200000000000e+00
progress.time_step=1.000000000000e-01
progress.next_time_step=1.000000000000e-01
progress.nonlinear_iterations=33
progress.linear_iterations=33
progress.cutbacks=0
progress.time_error_estimate=0.000000000000e+00
progress.time_error.elastic_strain=0.000000000000e+00
progress.time_error.plastic_strain=0.000000000000e+00
progress.time_error.creep_strain=0.000000000000e+00
progress.time_error.equivalent_plastic_strain=0.000000000000e+00
progress.time_error.equivalent_creep_strain=0.000000000000e+00
progress.time_error.stress=0.000000000000e+00
progress.time_error.contact_friction=0.000000000000e+00
progress.time_error.contact_normal_multiplier=0.000000000000e+00
progress.conservation.generated_heat_rate=0.000000000000e+00
progress.conservation.stored_heat_rate=3.732524531546e-02
progress.conservation.convection_heat_rate=0.000000000000e+00
progress.conservation.surface_heat_input_rate=0.000000000000e+00
progress.conservation.interface_heat_imbalance=8.260059303211e-14
progress.conservation.dirichlet_heat_input_rate=1.753489629799e-02
progress.conservation.global_thermal_balance=1.979034901755e-02
progress.conservation.relative_thermal_balance=3.607418507406e-01
progress.conservation.unconstrained_thermal_residual_l2=1.211725008090e-10
progress.conservation.internal_mechanical_work_increment=7.405733015181e+03
progress.conservation.pressure_traction_work_increment=0.000000000000e+00
progress.conservation.dirichlet_reaction_work_increment=8.300549220745e+03
progress.conservation.contact_work_increment=8.948162055628e+02
progress.conservation.mechanical_work_balance=-8.640199666843e-10
progress.conservation.relative_mechanical_work_balance=5.204595164167e-14
progress.conservation.unconstrained_mechanical_residual_l2=1.802923712369e-05
progress.conservation.elastic_energy_change=6.998307428713e+03
progress.conservation.plastic_dissipation_increment=0.000000000000e+00
progress.conservation.creep_dissipation_increment=0.000000000000e+00
progress.conservation.friction_dissipation_increment=8.933200911445e+02
progress.conservation.trapezoidal_pressure_traction_work_increment=0.000000000000e+00
progress.conservation.trapezoidal_dirichlet_reaction_work_increment=7.765607142646e+03
progress.conservation.mechanical_hourglass_energy=0.000000000000e+00
progress.conservation.mechanical_hourglass_energy_change=0.000000000000e+00
progress.accepted_steps=23
progress.time=2.300000000000e+00
progress.time_step=1.000000000000e-01
progress.next_time_step=1.000000000000e-01
progress.nonlinear_iterations=36
progress.linear_iterations=36
progress.cutbacks=0
progress.time_error_estimate=0.000000000000e+00
progress.time_error.elastic_strain=0.000000000000e+00
progress.time_error.plastic_strain=0.000000000000e+00
progress.time_error.creep_strain=0.000000000000e+00
progress.time_error.equivalent_plastic_strain=0.000000000000e+00
progress.time_error.equivalent_creep_strain=0.000000000000e+00
progress.time_error.stress=0.000000000000e+00
progress.time_error.contact_friction=0.000000000000e+00
progress.time_error.contact_normal_multiplier=0.000000000000e+00
progress.conservation.generated_heat_rate=0.000000000000e+00
progress.conservation.stored_heat_rate=4.579215570577e-02
progress.conservation.convection_heat_rate=0.000000000000e+00
progress.conservation.surface_heat_input_rate=0.000000000000e+00
progress.conservation.interface_heat_imbalance=5.950795411991e-14
progress.conservation.dirichlet_heat_input_rate=2.548511569569e-02
progress.conservation.global_thermal_balance=2.030704001015e-02
progress.conservation.relative_thermal_balance=2.849020397505e-01
progress.conservation.unconstrained_thermal_residual_l2=8.469777575225e-11
progress.conservation.internal_mechanical_work_increment=6.796001488783e+03
progress.conservation.pressure_traction_work_increment=0.000000000000e+00
progress.conservation.dirichlet_reaction_work_increment=9.150276088249e+03
progress.conservation.contact_work_increment=2.354274599463e+03
progress.conservation.mechanical_work_balance=-3.034074325114e-09
progress.conservation.relative_mechanical_work_balance=1.657914086883e-13
progress.conservation.unconstrained_mechanical_residual_l2=1.940727643675e-05
progress.conservation.elastic_energy_change=6.455153078721e+03
progress.conservation.plastic_dissipation_increment=0.000000000000e+00
progress.conservation.creep_dissipation_increment=0.000000000000e+00
progress.conservation.friction_dissipation_increment=2.362665032996e+03
progress.conservation.trapezoidal_pressure_traction_work_increment=0.000000000000e+00
progress.conservation.trapezoidal_dirichlet_reaction_work_increment=8.725412654497e+03
progress.conservation.mechanical_hourglass_energy=0.000000000000e+00
progress.conservation.mechanical_hourglass_energy_change=0.000000000000e+00
progress.accepted_steps=24
progress.time=2.400000000000e+00
progress.time_step=1.000000000000e-01
progress.next_time_step=1.000000000000e-01
progress.nonlinear_iterations=40
progress.linear_iterations=40
progress.cutbacks=0
progress.time_error_estimate=0.000000000000e+00
progress.time_error.elastic_strain=0.000000000000e+00
progress.time_error.plastic_strain=0.000000000000e+00
progress.time_error.creep_strain=0.000000000000e+00
progress.time_error.equivalent_plastic_strain=0.000000000000e+00
progress.time_error.equivalent_creep_strain=0.000000000000e+00
progress.time_error.stress=0.000000000000e+00
progress.time_error.contact_friction=0.000000000000e+00
progress.time_error.contact_normal_multiplier=0.000000000000e+00
progress.conservation.generated_heat_rate=0.000000000000e+00
progress.conservation.stored_heat_rate=4.601779418314e-02
progress.conservation.convection_heat_rate=0.000000000000e+00
progress.conservation.surface_heat_input_rate=0.000000000000e+00
progress.conservation.interface_heat_imbalance=1.159072837709e-13
progress.conservation.dirichlet_heat_input_rate=2.930066302777e-02
progress.conservation.global_thermal_balance=1.671713115549e-02
progress.conservation.relative_thermal_balance=2.219526497821e-01
progress.conservation.unconstrained_thermal_residual_l2=2.953419640715e-10
progress.conservation.internal_mechanical_work_increment=7.639370831843e+03
progress.conservation.pressure_traction_work_increment=0.000000000000e+00
progress.conservation.dirichlet_reaction_work_increment=9.999570063400e+03
progress.conservation.contact_work_increment=2.360199231556e+03
progress.conservation.mechanical_work_balance=-8.712959242985e-10
progress.conservation.relative_mechanical_work_balance=4.356666930549e-14
progress.conservation.unconstrained_mechanical_residual_l2=5.227988256694e-05
progress.conservation.elastic_energy_change=7.309733114383e+03
progress.conservation.plastic_dissipation_increment=0.000000000000e+00
progress.conservation.creep_dissipation_increment=0.000000000000e+00
progress.conservation.friction_dissipation_increment=2.369148128889e+03
progress.conservation.trapezoidal_pressure_traction_work_increment=0.000000000000e+00
progress.conservation.trapezoidal_dirichlet_reaction_work_increment=9.574923075824e+03
progress.conservation.mechanical_hourglass_energy=0.000000000000e+00
progress.conservation.mechanical_hourglass_energy_change=0.000000000000e+00
progress.accepted_steps=25
progress.time=2.500000000000e+00
progress.time_step=1.000000000000e-01
progress.next_time_step=1.000000000000e-01
progress.nonlinear_iterations=11
progress.linear_iterations=11
progress.cutbacks=0
progress.time_error_estimate=0.000000000000e+00
progress.time_error.elastic_strain=0.000000000000e+00
progress.time_error.plastic_strain=0.000000000000e+00
progress.time_error.creep_strain=0.000000000000e+00
progress.time_error.equivalent_plastic_strain=0.000000000000e+00
progress.time_error.equivalent_creep_strain=0.000000000000e+00
progress.time_error.stress=0.000000000000e+00
progress.time_error.contact_friction=0.000000000000e+00
progress.time_error.contact_normal_multiplier=0.000000000000e+00
progress.conservation.generated_heat_rate=0.000000000000e+00
progress.conservation.stored_heat_rate=3.629839234661e-02
progress.conservation.convection_heat_rate=0.000000000000e+00
progress.conservation.surface_heat_input_rate=0.000000000000e+00
progress.conservation.interface_heat_imbalance=4.174438572591e-14
progress.conservation.dirichlet_heat_input_rate=2.087269101240e-02
progress.conservation.global_thermal_balance=1.542570133425e-02
progress.conservation.relative_thermal_balance=2.698164951217e-01
progress.conservation.unconstrained_thermal_residual_l2=4.985710799984e-11
progress.conservation.internal_mechanical_work_increment=7.528431451489e+03
progress.conservation.pressure_traction_work_increment=0.000000000000e+00
progress.conservation.dirichlet_reaction_work_increment=1.075573236622e+04
progress.conservation.contact_work_increment=3.227300914735e+03
progress.conservation.mechanical_work_balance=-9.058567229658e-10
progress.conservation.relative_mechanical_work_balance=4.211041573563e-14
progress.conservation.unconstrained_mechanical_residual_l2=1.398079597413e-05
progress.conservation.elastic_energy_change=7.256635223682e+03
progress.conservation.plastic_dissipation_increment=0.000000000000e+00
progress.conservation.creep_dissipation_increment=0.000000000000e+00
progress.conservation.friction_dissipation_increment=3.238970952824e+03
progress.conservation.trapezoidal_pressure_traction_work_increment=0.000000000000e+00
progress.conservation.trapezoidal_dirichlet_reaction_work_increment=1.037765121481e+04
progress.conservation.mechanical_hourglass_energy=0.000000000000e+00
progress.conservation.mechanical_hourglass_energy_change=0.000000000000e+00
progress.accepted_steps=26
progress.time=2.600000000000e+00
progress.time_step=1.000000000000e-01
progress.next_time_step=1.000000000000e-01
progress.nonlinear_iterations=73
progress.linear_iterations=73
progress.cutbacks=0
progress.time_error_estimate=0.000000000000e+00
progress.time_error.elastic_strain=0.000000000000e+00
progress.time_error.plastic_strain=0.000000000000e+00
progress.time_error.creep_strain=0.000000000000e+00
progress.time_error.equivalent_plastic_strain=0.000000000000e+00
progress.time_error.equivalent_creep_strain=0.000000000000e+00
progress.time_error.stress=0.000000000000e+00
progress.time_error.contact_friction=0.000000000000e+00
progress.time_error.contact_normal_multiplier=0.000000000000e+00
progress.conservation.generated_heat_rate=0.000000000000e+00
progress.conservation.stored_heat_rate=3.817154808214e-02
progress.conservation.convection_heat_rate=0.000000000000e+00
progress.conservation.surface_heat_input_rate=0.000000000000e+00
progress.conservation.interface_heat_imbalance=7.283063041541e-14
progress.conservation.dirichlet_heat_input_rate=2.597123287774e-02
progress.conservation.global_thermal_balance=1.220031520448e-02
progress.conservation.relative_thermal_balance=1.902055854437e-01
progress.conservation.unconstrained_thermal_residual_l2=1.168226383984e-10
progress.conservation.internal_mechanical_work_increment=7.013165689294e+03
progress.conservation.pressure_traction_work_increment=0.000000000000e+00
progress.conservation.dirichlet_reaction_work_increment=1.139313031406e+04
progress.conservation.contact_work_increment=4.379964624769e+03
progress.conservation.mechanical_work_balance=2.819433575496e-09
progress.conservation.relative_mechanical_work_balance=1.237339299111e-13
progress.conservation.unconstrained_mechanical_residual_l2=1.106831122705e-05
progress.conservation.elastic_energy_change=6.782743795500e+03
progress.conservation.plastic_dissipation_increment=0.000000000000e+00
progress.conservation.creep_dissipation_increment=0.000000000000e+00
progress.conservation.friction_dissipation_increment=4.394714573414e+03
progress.conservation.trapezoidal_pressure_traction_work_increment=0.000000000000e+00
progress.conservation.trapezoidal_dirichlet_reaction_work_increment=1.107443134014e+04
progress.conservation.mechanical_hourglass_energy=0.000000000000e+00
progress.conservation.mechanical_hourglass_energy_change=0.000000000000e+00
progress.accepted_steps=27
progress.time=2.700000000000e+00
progress.time_step=1.000000000000e-01
progress.next_time_step=1.000000000000e-01
progress.nonlinear_iterations=12
progress.linear_iterations=12
progress.cutbacks=0
progress.time_error_estimate=0.000000000000e+00
progress.time_error.elastic_strain=0.000000000000e+00
progress.time_error.plastic_strain=0.000000000000e+00
progress.time_error.creep_strain=0.000000000000e+00
progress.time_error.equivalent_plastic_strain=0.000000000000e+00
progress.time_error.equivalent_creep_strain=0.000000000000e+00
progress.time_error.stress=0.000000000000e+00
progress.time_error.contact_friction=0.000000000000e+00
progress.time_error.contact_normal_multiplier=0.000000000000e+00
progress.conservation.generated_heat_rate=0.000000000000e+00
progress.conservation.stored_heat_rate=-5.868591103493e-03
progress.conservation.convection_heat_rate=0.000000000000e+00
progress.conservation.surface_heat_input_rate=0.000000000000e+00
progress.conservation.interface_heat_imbalance=6.661338147751e-16
progress.conservation.dirichlet_heat_input_rate=-1.003413755582e-02
progress.conservation.global_thermal_balance=4.165546452328e-03
progress.conservation.relative_thermal_balance=2.619391012427e-01
progress.conservation.unconstrained_thermal_residual_l2=3.745057935946e-11
progress.conservation.internal_mechanical_work_increment=3.348143584543e+03
progress.conservation.pressure_traction_work_increment=0.000000000000e+00
progress.conservation.dirichlet_reaction_work_increment=1.168198164227e+04
progress.conservation.contact_work_increment=8.333838057739e+03
progress.conservation.mechanical_work_balance=1.084845280275e-08
progress.conservation.relative_mechanical_work_balance=4.643241675491e-13
progress.conservation.unconstrained_mechanical_residual_l2=1.922448726746e-05
progress.conservation.elastic_energy_change=3.305165644157e+03
progress.conservation.plastic_dissipation_increment=0.000000000000e+00
progress.conservation.creep_dissipation_increment=0.000000000000e+00
progress.conservation.friction_dissipation_increment=8.335704285313e+03
progress.conservation.trapezoidal_pressure_traction_work_increment=0.000000000000e+00
progress.conservation.trapezoidal_dirichlet_reaction_work_increment=1.153755597817e+04
progress.conservation.mechanical_hourglass_energy=0.000000000000e+00
progress.conservation.mechanical_hourglass_energy_change=0.000000000000e+00
progress.accepted_steps=28
progress.time=2.800000000000e+00
progress.time_step=1.000000000000e-01
progress.next_time_step=1.000000000000e-01
progress.nonlinear_iterations=14
progress.linear_iterations=14
progress.cutbacks=0
progress.time_error_estimate=0.000000000000e+00
progress.time_error.elastic_strain=0.000000000000e+00
progress.time_error.plastic_strain=0.000000000000e+00
progress.time_error.creep_strain=0.000000000000e+00
progress.time_error.equivalent_plastic_strain=0.000000000000e+00
progress.time_error.equivalent_creep_strain=0.000000000000e+00
progress.time_error.stress=0.000000000000e+00
progress.time_error.contact_friction=0.000000000000e+00
progress.time_error.contact_normal_multiplier=0.000000000000e+00
progress.conservation.generated_heat_rate=0.000000000000e+00
progress.conservation.stored_heat_rate=-1.631923133644e-03
progress.conservation.convection_heat_rate=0.000000000000e+00
progress.conservation.surface_heat_input_rate=0.000000000000e+00
progress.conservation.interface_heat_imbalance=1.643130076445e-14
progress.conservation.dirichlet_heat_input_rate=-2.897388860731e-03
progress.conservation.global_thermal_balance=1.265465727104e-03
progress.conservation.relative_thermal_balance=2.793946914389e-01
progress.conservation.unconstrained_thermal_residual_l2=2.191256944132e-11
progress.conservation.internal_mechanical_work_increment=-1.054665415128e+02
progress.conservation.pressure_traction_work_increment=0.000000000000e+00
progress.conservation.dirichlet_reaction_work_increment=1.167369815438e+04
progress.conservation.contact_work_increment=1.177916469588e+04
progress.conservation.mechanical_work_balance=-1.160151441582e-08
progress.conservation.relative_mechanical_work_balance=4.924591308190e-13
progress.conservation.unconstrained_mechanical_residual_l2=1.633679782170e-05
progress.conservation.elastic_energy_change=-1.065963448443e+02
progress.conservation.plastic_dissipation_increment=0.000000000000e+00
progress.conservation.creep_dissipation_increment=0.000000000000e+00
progress.conservation.friction_dissipation_increment=1.176605126213e+04
progress.conservation.trapezoidal_pressure_traction_work_increment=0.000000000000e+00
progress.conservation.trapezoidal_dirichlet_reaction_work_increment=1.167783989832e+04
progress.conservation.mechanical_hourglass_energy=0.000000000000e+00
progress.conservation.mechanical_hourglass_energy_change=0.000000000000e+00
progress.accepted_steps=29
progress.time=2.900000000000e+00
progress.time_step=1.000000000000e-01
progress.next_time_step=1.000000000000e-01
progress.nonlinear_iterations=14
progress.linear_iterations=14
progress.cutbacks=0
progress.time_error_estimate=0.000000000000e+00
progress.time_error.elastic_strain=0.000000000000e+00
progress.time_error.plastic_strain=0.000000000000e+00
progress.time_error.creep_strain=0.000000000000e+00
progress.time_error.equivalent_plastic_strain=0.000000000000e+00
progress.time_error.equivalent_creep_strain=0.000000000000e+00
progress.time_error.stress=0.000000000000e+00
progress.time_error.contact_friction=0.000000000000e+00
progress.time_error.contact_normal_multiplier=0.000000000000e+00
progress.conservation.generated_heat_rate=0.000000000000e+00
progress.conservation.stored_heat_rate=-6.228789980509e-04
progress.conservation.convection_heat_rate=0.000000000000e+00
progress.conservation.surface_heat_input_rate=0.000000000000e+00
progress.conservation.interface_heat_imbalance=-1.001421168212e-13
progress.conservation.dirichlet_heat_input_rate=-1.595355125588e-03
progress.conservation.global_thermal_balance=9.724761274366e-04
progress.conservation.relative_thermal_balance=4.384010312661e-01
progress.conservation.unconstrained_thermal_residual_l2=7.394308405349e-11
progress.conservation.internal_mechanical_work_increment=-1.238906573076e+02
progress.conservation.pressure_traction_work_increment=0.000000000000e+00
progress.conservation.dirichlet_reaction_work_increment=1.166389855891e+04
progress.conservation.contact_work_increment=1.178778921621e+04
progress.conservation.mechanical_work_balance=-7.128619472496e-09
progress.conservation.relative_mechanical_work_balance=3.023730464527e-13
progress.conservation.unconstrained_mechanical_residual_l2=1.129730314766e-05
progress.conservation.elastic_energy_change=-1.250192216585e+02
progress.conservation.plastic_dissipation_increment=0.000000000000e+00
progress.conservation.creep_dissipation_increment=0.000000000000e+00
progress.conservation.friction_dissipation_increment=1.177433104501e+04
progress.conservation.trapezoidal_pressure_traction_work_increment=0.000000000000e+00
progress.conservation.trapezoidal_dirichlet_reaction_work_increment=1.166879835664e+04
progress.conservation.mechanical_hourglass_energy=0.000000000000e+00
progress.conservation.mechanical_hourglass_energy_change=0.000000000000e+00
progress.accepted_steps=30
progress.time=3.000000000000e+00
progress.time_step=1.000000000000e-01
progress.next_time_step=1.000000000000e-01
progress.nonlinear_iterations=22
progress.linear_iterations=22
progress.cutbacks=0
progress.time_error_estimate=0.000000000000e+00
progress.time_error.elastic_strain=0.000000000000e+00
progress.time_error.plastic_strain=0.000000000000e+00
progress.time_error.creep_strain=0.000000000000e+00
progress.time_error.equivalent_plastic_strain=0.000000000000e+00
progress.time_error.equivalent_creep_strain=0.000000000000e+00
progress.time_error.stress=0.000000000000e+00
progress.time_error.contact_friction=0.000000000000e+00
progress.time_error.contact_normal_multiplier=0.000000000000e+00
progress.conservation.generated_heat_rate=0.000000000000e+00
progress.conservation.stored_heat_rate=-3.586253345348e-04
progress.conservation.convection_heat_rate=0.000000000000e+00
progress.conservation.surface_heat_input_rate=0.000000000000e+00
progress.conservation.interface_heat_imbalance=1.554312234475e-14
progress.conservation.dirichlet_heat_input_rate=-1.275322393809e-03
progress.conservation.global_thermal_balance=9.166970592899e-04
progress.conservation.relative_thermal_balance=5.610320595814e-01
progress.conservation.unconstrained_thermal_residual_l2=6.189282661761e-11
progress.conservation.internal_mechanical_work_increment=-1.281019823396e+02
progress.conservation.pressure_traction_work_increment=0.000000000000e+00
progress.conservation.dirichlet_reaction_work_increment=1.165395255489e+04
progress.conservation.contact_work_increment=1.178205453722e+04
progress.conservation.mechanical_work_balance=-8.338247425854e-09
progress.conservation.relative_mechanical_work_balance=3.538537102977e-13
progress.conservation.unconstrained_mechanical_residual_l2=1.984200284876e-05
progress.conservation.elastic_energy_change=-1.292699170725e+02
progress.conservation.plastic_dissipation_increment=0.000000000000e+00
progress.conservation.creep_dissipation_increment=0.000000000000e+00
progress.conservation.friction_dissipation_increment=1.176833108229e+04
progress.conservation.trapezoidal_pressure_traction_work_increment=0.000000000000e+00
progress.conservation.trapezoidal_dirichlet_reaction_work_increment=1.165892555690e+04
progress.conservation.mechanical_hourglass_energy=0.000000000000e+00
progress.conservation.mechanical_hourglass_energy_change=0.000000000000e+00
progress.accepted_steps=31
progress.time=3.100000000000e+00
progress.time_step=1.000000000000e-01
progress.next_time_step=1.000000000000e-01
progress.nonlinear_iterations=13
progress.linear_iterations=13
progress.cutbacks=0
progress.time_error_estimate=0.000000000000e+00
progress.time_error.elastic_strain=0.000000000000e+00
progress.time_error.plastic_strain=0.000000000000e+00
progress.time_error.creep_strain=0.000000000000e+00
progress.time_error.equivalent_plastic_strain=0.000000000000e+00
progress.time_error.equivalent_creep_strain=0.000000000000e+00
progress.time_error.stress=0.000000000000e+00
progress.time_error.contact_friction=0.000000000000e+00
progress.time_error.contact_normal_multiplier=0.000000000000e+00
progress.conservation.generated_heat_rate=0.000000000000e+00
progress.conservation.stored_heat_rate=2.542748798081e-04
progress.conservation.convection_heat_rate=0.000000000000e+00
progress.conservation.surface_heat_input_rate=0.000000000000e+00
progress.conservation.interface_heat_imbalance=1.301181384861e-13
progress.conservation.dirichlet_heat_input_rate=-9.767481945318e-04
progress.conservation.global_thermal_balance=1.231023074470e-03
progress.conservation.relative_thermal_balance=1.000000000000e+00
progress.conservation.unconstrained_thermal_residual_l2=2.886840907294e-11
progress.conservation.internal_mechanical_work_increment=-1.975115656423e+02
progress.conservation.pressure_traction_work_increment=0.000000000000e+00
progress.conservation.dirichlet_reaction_work_increment=1.745833294969e+04
progress.conservation.contact_work_increment=1.765584451531e+04
progress.conservation.mechanical_work_balance=-2.036540536210e-08
progress.conservation.relative_mechanical_work_balance=5.767326888393e-13
progress.conservation.unconstrained_mechanical_residual_l2=1.885991744468e-05
progress.conservation.elastic_energy_change=-2.001749408960e+02
progress.conservation.plastic_dissipation_increment=0.000000000000e+00
progress.conservation.creep_dissipation_increment=0.000000000000e+00
progress.conservation.friction_dissipation_increment=1.763613546199e+04
progress.conservation.trapezoidal_pressure_traction_work_increment=0.000000000000e+00
progress.conservation.trapezoidal_dirichlet_reaction_work_increment=1.746963089101e+04
progress.conservation.mechanical_hourglass_energy=0.000000000000e+00
progress.conservation.mechanical_hourglass_energy_change=0.000000000000e+00
progress.accepted_steps=32
progress.time=3.200000000000e+00
progress.time_step=1.000000000000e-01
progress.next_time_step=1.000000000000e-01
progress.nonlinear_iterations=14
progress.linear_iterations=14
progress.cutbacks=0
progress.time_error_estimate=0.000000000000e+00
progress.time_error.elastic_strain=0.000000000000e+00
progress.time_error.plastic_strain=0.000000000000e+00
progress.time_error.creep_strain=0.000000000000e+00
progress.time_error.equivalent_plastic_strain=0.000000000000e+00
progress.time_error.equivalent_creep_strain=0.000000000000e+00
progress.time_error.stress=0.000000000000e+00
progress.time_error.contact_friction=0.000000000000e+00
progress.time_error.contact_normal_multiplier=0.000000000000e+00
progress.conservation.generated_heat_rate=0.000000000000e+00
progress.conservation.stored_heat_rate=-1.543917428535e-04
progress.conservation.convection_heat_rate=0.000000000000e+00
progress.conservation.surface_heat_input_rate=0.000000000000e+00
progress.conservation.interface_heat_imbalance=7.061018436616e-14
progress.conservation.dirichlet_heat_input_rate=-1.378710096887e-03
progress.conservation.global_thermal_balance=1.224318354104e-03
progress.conservation.relative_thermal_balance=7.985890580204e-01
progress.conservation.unconstrained_thermal_residual_l2=1.744134543669e-11
progress.conservation.internal_mechanical_work_increment=-2.053688967344e+02
progress.conservation.pressure_traction_work_increment=0.000000000000e+00
progress.conservation.dirichlet_reaction_work_increment=1.743544297484e+04
progress.conservation.contact_work_increment=1.764081187159e+04
progress.conservation.mechanical_work_balance=1.756416168064e-08
progress.conservation.relative_mechanical_work_balance=4.978274755294e-13
progress.conservation.unconstrained_mechanical_residual_l2=1.794117274590e-05
progress.conservation.elastic_energy_change=-2.080923089121e+02
progress.conservation.plastic_dissipation_increment=0.000000000000e+00
progress.conservation.creep_dissipation_increment=0.000000000000e+00
progress.conservation.friction_dissipation_increment=1.762085598044e+04
progress.conservation.trapezoidal_pressure_traction_work_increment=0.000000000000e+00
progress.conservation.trapezoidal_dirichlet_reaction_work_increment=1.744688796226e+04
progress.conservation.mechanical_hourglass_energy=0.000000000000e+00
progress.conservation.mechanical_hourglass_energy_change=0.000000000000e+00
progress.accepted_steps=33
progress.time=3.300000000000e+00
progress.time_step=1.000000000000e-01
progress.next_time_step=1.000000000000e-01
progress.nonlinear_iterations=18
progress.linear_iterations=18
progress.cutbacks=0
progress.time_error_estimate=0.000000000000e+00
progress.time_error.elastic_strain=0.000000000000e+00
progress.time_error.plastic_strain=0.000000000000e+00
progress.time_error.creep_strain=0.000000000000e+00
progress.time_error.equivalent_plastic_strain=0.000000000000e+00
progress.time_error.equivalent_creep_strain=0.000000000000e+00
progress.time_error.stress=0.000000000000e+00
progress.time_error.contact_friction=0.000000000000e+00
progress.time_error.contact_normal_multiplier=0.000000000000e+00
progress.conservation.generated_heat_rate=0.000000000000e+00
progress.conservation.stored_heat_rate=-3.503680093428e-04
progress.conservation.convection_heat_rate=0.000000000000e+00
progress.conservation.surface_heat_input_rate=0.000000000000e+00
progress.conservation.interface_heat_imbalance=1.272315586220e-13
progress.conservation.dirichlet_heat_input_rate=-1.542039401372e-03
progress.conservation.global_thermal_balance=1.191671392156e-03
progress.conservation.relative_thermal_balance=6.297118608440e-01
progress.conservation.unconstrained_thermal_residual_l2=2.173804744695e-10
progress.conservation.internal_mechanical_work_increment=-2.120515799281e+02
progress.conservation.pressure_traction_work_increment=0.000000000000e+00
progress.conservation.dirichlet_reaction_work_increment=1.741226401908e+04
progress.conservation.contact_work_increment=1.762431559903e+04
progress.conservation.mechanical_work_balance=1.339503796771e-08
progress.conservation.relative_mechanical_work_balance=3.800158335924e-13
progress.conservation.unconstrained_mechanical_residual_l2=1.469732546363e-05
progress.conservation.elastic_energy_change=-2.148014917107e+02
progress.conservation.plastic_dissipation_increment=0.000000000000e+00
progress.conservation.creep_dissipation_increment=0.000000000000e+00
progress.conservation.friction_dissipation_increment=1.760570662169e+04
progress.conservation.trapezoidal_pressure_traction_work_increment=0.000000000000e+00
progress.conservation.trapezoidal_dirichlet_reaction_work_increment=1.742385349696e+04
progress.conservation.mechanical_hourglass_energy=0.000000000000e+00
progress.conservation.mechanical_hourglass_energy_change=0.000000000000e+00
progress.accepted_steps=34
progress.time=3.400000000000e+00
progress.time_step=1.000000000000e-01
progress.next_time_step=1.000000000000e-01
progress.nonlinear_iterations=15
progress.linear_iterations=16
progress.cutbacks=0
progress.time_error_estimate=0.000000000000e+00
progress.time_error.elastic_strain=0.000000000000e+00
progress.time_error.plastic_strain=0.000000000000e+00
progress.time_error.creep_strain=0.000000000000e+00
progress.time_error.equivalent_plastic_strain=0.000000000000e+00
progress.time_error.equivalent_creep_strain=0.000000000000e+00
progress.time_error.stress=0.000000000000e+00
progress.time_error.contact_friction=0.000000000000e+00
progress.time_error.contact_normal_multiplier=0.000000000000e+00
progress.conservation.generated_heat_rate=0.000000000000e+00
progress.conservation.stored_heat_rate=-5.867150560020e-04
progress.conservation.convection_heat_rate=0.000000000000e+00
progress.conservation.surface_heat_input_rate=0.000000000000e+00
progress.conservation.interface_heat_imbalance=9.969802761134e-14
progress.conservation.dirichlet_heat_input_rate=-1.730864287367e-03
progress.conservation.global_thermal_balance=1.144149231465e-03
progress.conservation.relative_thermal_balance=4.936828741977e-01
progress.conservation.unconstrained_thermal_residual_l2=1.733600581735e-11
progress.conservation.internal_mechanical_work_increment=-2.201973124471e+02
progress.conservation.pressure_traction_work_increment=0.000000000000e+00
progress.conservation.dirichlet_reaction_work_increment=1.738880833854e+04
progress.conservation.contact_work_increment=1.760900565099e+04
progress.conservation.mechanical_work_balance=3.954482963309e-09
progress.conservation.relative_mechanical_work_balance=1.122858110698e-13
progress.conservation.unconstrained_mechanical_residual_l2=1.534631348651e-05
progress.conservation.elastic_energy_change=-2.230374243252e+02
progress.conservation.plastic_dissipation_increment=0.000000000000e+00
progress.conservation.creep_dissipation_increment=0.000000000000e+00
progress.conservation.friction_dissipation_increment=1.758965794321e+04
progress.conservation.trapezoidal_pressure_traction_work_increment=0.000000000000e+00
progress.conservation.trapezoidal_dirichlet_reaction_work_increment=1.740053617881e+04
progress.conservation.mechanical_hourglass_energy=0.000000000000e+00
progress.conservation.mechanical_hourglass_energy_change=0.000000000000e+00
progress.accepted_steps=35
progress.time=3.500000000000e+00
progress.time_step=1.000000000000e-01
progress.next_time_step=1.000000000000e-01
progress.nonlinear_iterations=13
progress.linear_iterations=14
progress.cutbacks=0
progress.time_error_estimate=0.000000000000e+00
progress.time_error.elastic_strain=0.000000000000e+00
progress.time_error.plastic_strain=0.000000000000e+00
progress.time_error.creep_strain=0.000000000000e+00
progress.time_error.equivalent_plastic_strain=0.000000000000e+00
progress.time_error.equivalent_creep_strain=0.000000000000e+00
progress.time_error.stress=0.000000000000e+00
progress.time_error.contact_friction=0.000000000000e+00
progress.time_error.contact_normal_multiplier=0.000000000000e+00
progress.conservation.generated_heat_rate=0.000000000000e+00
progress.conservation.stored_heat_rate=-7.543074790417e-04
progress.conservation.convection_heat_rate=0.000000000000e+00
progress.conservation.surface_heat_input_rate=0.000000000000e+00
progress.conservation.interface_heat_imbalance=-1.332267629550e-14
progress.conservation.dirichlet_heat_input_rate=-1.851184370096e-03
progress.conservation.global_thermal_balance=1.096876891041e-03
progress.conservation.relative_thermal_balance=4.209864987290e-01
progress.conservation.unconstrained_thermal_residual_l2=1.379625079978e-10
progress.conservation.internal_mechanical_work_increment=-2.282422342695e+02
progress.conservation.pressure_traction_work_increment=0.000000000000e+00
progress.conservation.dirichlet_reaction_work_increment=1.736508214519e+04
progress.conservation.contact_work_increment=1.759332437945e+04
progress.conservation.mechanical_work_balance=-1.129956217483e-08
progress.conservation.relative_mechanical_work_balance=3.211320933758e-13
progress.conservation.unconstrained_mechanical_residual_l2=1.198415553388e-05
progress.conservation.elastic_energy_change=-2.311756414075e+02
progress.conservation.plastic_dissipation_increment=0.000000000000e+00
progress.conservation.creep_dissipation_increment=0.000000000000e+00
progress.conservation.friction_dissipation_increment=1.757325844535e+04
progress.conservation.trapezoidal_pressure_traction_work_increment=0.000000000000e+00
progress.conservation.trapezoidal_dirichlet_reaction_work_increment=1.737694524186e+04
progress.conservation.mechanical_hourglass_energy=0.000000000000e+00
progress.conservation.mechanical_hourglass_energy_change=0.000000000000e+00
problem=transient
completed=false
termination_reason=minimum_time_step
regions=2
contacts=1
committed_time=3.500000000000e+00
next_time_step=1.000000000000e-01
accepted_steps=35
contributions=27
minimum_accepted_time_step=1.000000000000e-01
maximum_accepted_time_step=1.000000000000e-01
maximum_accepted_time_error_estimate=0.000000000000e+00
time_error_rejections=0
rejected_steps=1
last_rejected.attempted_end_time=3.600000000000e+00
last_rejected.time_step=1.000000000000e-01
last_rejected.cutback_index=0
last_rejected.nonlinear_iterations=18
last_rejected.linear_iterations=20
last_rejected.convergence_reason=DIVERGED_FUNCTION_DOMAIN
last_rejected.residual_norm=3.894727586644e-02
last_rejected.time_error_estimate=0.000000000000e+00
last_rejected.time_error.elastic_strain=0.000000000000e+00
last_rejected.time_error.plastic_strain=0.000000000000e+00
last_rejected.time_error.creep_strain=0.000000000000e+00
last_rejected.time_error.equivalent_plastic_strain=0.000000000000e+00
last_rejected.time_error.equivalent_creep_strain=0.000000000000e+00
last_rejected.time_error.stress=0.000000000000e+00
last_rejected.time_error.contact_friction=0.000000000000e+00
last_rejected.time_error.contact_normal_multiplier=0.000000000000e+00
last_rejected.failure_category=physical_domain
last_rejected.failure_message=Three-dimensional mechanical contact 'interface' lost projection for 1 finite-sliding integration points after searching every primary face
total_cutbacks=0
nonlinear_iterations_total=1152
linear_iterations_total=1156
residual_evaluations_total=1594
jacobian_evaluations_total=1156
petsc_workspace_setups=1
nonlinear_attempts=2
linear_iterations=20
used_backtracking_fallback=true
augmented_lagrangian_iterations=0
global_state_dofs=296
maximum_shadow_state_dofs=296
total_shadow_state_dofs=296
total_remote_shadow_state_dofs=0
memory.initial_resident_bytes=229883904
memory.setup_resident_bytes=229883904
memory.solve_resident_bytes=229883904
memory.final_resident_bytes=229883904
memory.minimum_peak_resident_bytes=229883904
memory.maximum_peak_resident_bytes=229883904
memory.total_peak_resident_bytes=229883904
basic_failure_category=physical_domain
basic_failure_message=Three-dimensional mechanical contact 'interface' lost projection for 5 finite-sliding integration points after searching every primary face
residual.temperature.initial_l2=3.571316475438e-01
residual.temperature.reference_l2=3.735780724700e-02
residual.temperature.final_l2=2.952573374431e+01
residual.temperature.scaling=1.000000000000e-03
residual.temperature.final_scaled_l2=2.952573374431e-02
residual.displacement_x.initial_l2=1.115614709180e+06
residual.displacement_x.reference_l2=5.578073545901e-02
residual.displacement_x.final_l2=2.775007888082e+05
residual.displacement_x.scaling=5.000000000000e-08
residual.displacement_x.final_scaled_l2=1.387503944041e-02
residual.displacement_y.initial_l2=4.411178697193e+06
residual.displacement_y.reference_l2=2.205589348596e-01
residual.displacement_y.final_l2=3.897188793304e+05
residual.displacement_y.scaling=5.000000000000e-08
residual.displacement_y.final_scaled_l2=1.948594396652e-02
residual.displacement_z.initial_l2=7.876090282780e+01
residual.displacement_z.reference_l2=1.254871025574e-02
residual.displacement_z.final_l2=1.707660534612e+05
residual.displacement_z.scaling=5.000000000000e-08
residual.displacement_z.final_scaled_l2=8.538302673058e-03
aggregate_memory.initial_resident_bytes=229883904
aggregate_memory.setup_resident_bytes=229883904
aggregate_memory.solve_resident_bytes=229883904
aggregate_memory.final_resident_bytes=229883904
aggregate_memory.minimum_peak_resident_bytes=229883904
aggregate_memory.maximum_peak_resident_bytes=229883904
aggregate_memory.total_peak_resident_bytes=229883904
total_seconds=2.347524916500e+01
conservation.generated_heat_rate=0.000000000000e+00
conservation.stored_heat_rate=-7.543074790417e-04
conservation.convection_heat_rate=0.000000000000e+00
conservation.surface_heat_input_rate=0.000000000000e+00
conservation.interface_heat_imbalance=-1.332267629550e-14
conservation.dirichlet_heat_input_rate=-1.851184370096e-03
conservation.global_thermal_balance=1.096876891041e-03
conservation.relative_thermal_balance=4.209864987290e-01
conservation.unconstrained_thermal_residual_l2=1.379625079978e-10
conservation.internal_mechanical_work_increment=-2.282422342695e+02
conservation.pressure_traction_work_increment=0.000000000000e+00
conservation.dirichlet_reaction_work_increment=1.736508214519e+04
conservation.contact_work_increment=1.759332437945e+04
conservation.mechanical_work_balance=-1.129956217483e-08
conservation.relative_mechanical_work_balance=3.211320933758e-13
conservation.unconstrained_mechanical_residual_l2=1.198415553388e-05
conservation.elastic_energy_change=-2.311756414075e+02
conservation.plastic_dissipation_increment=0.000000000000e+00
conservation.creep_dissipation_increment=0.000000000000e+00
conservation.friction_dissipation_increment=1.757325844535e+04
conservation.trapezoidal_pressure_traction_work_increment=0.000000000000e+00
conservation.trapezoidal_dirichlet_reaction_work_increment=1.737694524186e+04
conservation.mechanical_hourglass_energy=0.000000000000e+00
conservation.mechanical_hourglass_energy_change=0.000000000000e+00
region.primary.maximum_equivalent_plastic_strain=0.000000000000e+00
region.primary.maximum_equivalent_creep_strain=0.000000000000e+00
region.secondary.maximum_equivalent_plastic_strain=0.000000000000e+00
region.secondary.maximum_equivalent_creep_strain=0.000000000000e+00
contact.interface.minimum_gap=-4.001681877088e-04
contact.interface.maximum_contact_pressure=1.015374038620e+07
contact.interface.total_heat_rate=8.263178669095e+02
contact.interface.total_contact_force=1.975285706040e+07
contact.interface.total_tangential_force=5.925857118121e+06
contact.interface.projected_contact_nodes=13
contact.interface.unprojected_contact_nodes=0
contact.interface.active_contact_nodes=13
