 Abaqus/Standard 3DEXPERIENCE R2018x                  DATE 08-9ÔÂ-2026 TIME 02:44:01
 SUMMARY OF JOB INFORMATION:
 STEP  INC ATT SEVERE EQUIL TOTAL  TOTAL      STEP       INC OF       DOF    IF
               DISCON ITERS ITERS  TIME/    TIME/LPF    TIME/LPF    MONITOR RIKS
               ITERS               FREQ
   1     1   1     2     3     5  0.100      0.100      0.1000    
   1     2   1     0     3     3  0.200      0.200      0.1000    
   1     3   1     0     2     2  0.300      0.300      0.1000    
   1     4   1     0     2     2  0.400      0.400      0.1000    
   1     5   1     0     2     2  0.500      0.500      0.1000    
   1     6   1     0     2     2  0.600      0.600      0.1000    
   1     7   1     0     2     2  0.700      0.700      0.1000    
   1     8   1     0     2     2  0.800      0.800      0.1000    
   1     9   1     0     2     2  0.900      0.900      0.1000    
   1    10   1     0     2     2  1.00       1.00       0.1000    
   2     1   1     0     3     3  1.10       0.100      0.1000    
   2     2   1     0     2     2  1.20       0.200      0.1000    
   2     3   1     0     2     2  1.30       0.300      0.1000    
   2     4   1     0     2     2  1.40       0.400      0.1000    
   2     5   1     0     2     2  1.50       0.500      0.1000    
   2     6   1     0     2     2  1.60       0.600      0.1000    
   2     7   1     0     2     2  1.70       0.700      0.1000    
   2     8   1     0     2     2  1.80       0.800      0.1000    
   2     9   1     0     2     2  1.90       0.900      0.1000    
   2    10   1     0     2     2  2.00       1.00       0.1000    
   3     1   1     0     3     3  2.10       0.100      0.1000    
   3     2   1     1     4     5  2.20       0.200      0.1000    
   3     3   1     0     4     4  2.30       0.300      0.1000    
   3     4   1     0     3     3  2.40       0.400      0.1000    
   3     5   1     1     3     4  2.50       0.500      0.1000    
   3     6   1     0     4     4  2.60       0.600      0.1000    
   3     7   1     0     5     5  2.70       0.700      0.1000    
   3     8   1     0     4     4  2.80       0.800      0.1000    
   3     9   1     0     3     3  2.90       0.900      0.1000    
   3    10   1     0     3     3  3.00       1.00       0.1000    
   4     1   1     0     3     3  3.10       0.100      0.1000    
   4     2   1     0     2     2  3.20       0.200      0.1000    
   4     3   1     0     2     2  3.30       0.300      0.1000    
   4     4   1     0     2     2  3.40       0.400      0.1000    
   4     5   1     0     2     2  3.50       0.500      0.1000    
   4     6   1     0     2     2  3.60       0.600      0.1000    
   4     7   1     0     2     2  3.70       0.700      0.1000    
   4     8   1     0     2     2  3.80       0.800      0.1000    
   4     9   1     0     2     2  3.90       0.900      0.1000    
   4    10   1     0     2     2  4.00       1.00       0.1000    
   5     1   1     8     0     8  4.00       0.00       0.1000    
                          
 THE ANALYSIS HAS NOT BEEN COMPLETED
