 Abaqus/Standard 3DEXPERIENCE R2018x                  DATE 08-9ÔÂ-2026 TIME 03:58:56
 SUMMARY OF JOB INFORMATION:
 STEP  INC ATT SEVERE EQUIL TOTAL  TOTAL      STEP       INC OF       DOF    IF
               DISCON ITERS ITERS  TIME/    TIME/LPF    TIME/LPF    MONITOR RIKS
               ITERS               FREQ
   1     1   1     0     1     1  0.0250     0.0250     0.02500   
   2     1   1     0     1     1  0.0500     0.0250     0.02500   
   3     1   1     0     1     1  0.0750     0.0250     0.02500   
   4     1   1     0     1     1  0.100      0.0250     0.02500   
   5     1   1     0     1     1  0.125      0.0250     0.02500   
   6     1   1     0     1     1  0.150      0.0250     0.02500   
   7     1   1     0     1     1  0.175      0.0250     0.02500   
   8     1   1     0     1     1  0.200      0.0250     0.02500   
   9     1   1     0     2     2  0.225      0.0250     0.02500   
  10     1   1     0     2     2  0.250      0.0250     0.02500   
  11     1   1     0     2     2  0.275      0.0250     0.02500   
  12     1   1     0     2     2  0.300      0.0250     0.02500   
  13     1   1     0     2     2  0.325      0.0250     0.02500   
  14     1   1     0     2     2  0.350      0.0250     0.02500   
  15     1   1     0     2     2  0.375      0.0250     0.02500   
  16     1   1     0     2     2  0.400      0.0250     0.02500   
  17     1   1     0     2     2  0.425      0.0250     0.02500   
  18     1   1     0     2     2  0.450      0.0250     0.02500   
  19     1   1     0     2     2  0.475      0.0250     0.02500   
  20     1   1     0     2     2  0.500      0.0250     0.02500   
  21     1   1     0     2     2  0.525      0.0250     0.02500   
  22     1   1     0     2     2  0.550      0.0250     0.02500   
  23     1   1     0     2     2  0.575      0.0250     0.02500   
  24     1   1     0     2     2  0.600      0.0250     0.02500   
  25     1   1     0     2     2  0.625      0.0250     0.02500   
  26     1   1     0     2     2  0.650      0.0250     0.02500   
  27     1   1     0     2     2  0.675      0.0250     0.02500   
  28     1   1     0     2     2  0.700      0.0250     0.02500   
  29     1   1     0     2     2  0.725      0.0250     0.02500   
  30     1   1     0     2     2  0.750      0.0250     0.02500   
  31     1   1     0     2     2  0.775      0.0250     0.02500   
  32     1   1     0     2     2  0.800      0.0250     0.02500   
  33     1   1     0     2     2  0.825      0.0250     0.02500   
  34     1   1     0     2     2  0.850      0.0250     0.02500   
  35     1   1     0     2     2  0.875      0.0250     0.02500   
  36     1   1     0     2     2  0.900      0.0250     0.02500   
  37     1   1     0     2     2  0.925      0.0250     0.02500   
  38     1   1     0     2     2  0.950      0.0250     0.02500   
  39     1   1     0     2     2  0.975      0.0250     0.02500   
  40     1   1     0     2     2  1.00       0.0250     0.02500   
  41     1   1     0     2     2  1.03       0.0250     0.02500   
  42     1   1     0     2     2  1.05       0.0250     0.02500   
  43     1   1     0     2     2  1.08       0.0250     0.02500   
  44     1   1     0     2     2  1.10       0.0250     0.02500   
  45     1   1     0     2     2  1.13       0.0250     0.02500   
  46     1   1     0     2     2  1.15       0.0250     0.02500   
  47     1   1     0     2     2  1.17       0.0250     0.02500   
  48     1   1     0     2     2  1.20       0.0250     0.02500   
  49     1   1     0     2     2  1.22       0.0250     0.02500   
  50     1   1     0     2     2  1.25       0.0250     0.02500   
  51     1   1     0     2     2  1.27       0.0250     0.02500   
  52     1   1     0     2     2  1.30       0.0250     0.02500   
  53     1   1     0     2     2  1.32       0.0250     0.02500   
  54     1   1     0     2     2  1.35       0.0250     0.02500   
  55     1   1     0     2     2  1.37       0.0250     0.02500   
  56     1   1     0     2     2  1.40       0.0250     0.02500   
  57     1   1     0     2     2  1.42       0.0250     0.02500   
  58     1   1     0     2     2  1.45       0.0250     0.02500   
  59     1   1     0     2     2  1.47       0.0250     0.02500   
  60     1   1     0     2     2  1.50       0.0250     0.02500   
  61     1   1     0     2     2  1.52       0.0250     0.02500   
  62     1   1     0     2     2  1.55       0.0250     0.02500   
  63     1   1     0     2     2  1.57       0.0250     0.02500   
  64     1   1     0     2     2  1.60       0.0250     0.02500   
  65     1   1     0     2     2  1.62       0.0250     0.02500   
  66     1   1     0     2     2  1.65       0.0250     0.02500   
  67     1   1     0     2     2  1.67       0.0250     0.02500   
  68     1   1     0     2     2  1.70       0.0250     0.02500   
  69     1   1     0     2     2  1.72       0.0250     0.02500   
  70     1   1     0     2     2  1.75       0.0250     0.02500   
  71     1   1     0     2     2  1.77       0.0250     0.02500   
  72     1   1     0     2     2  1.80       0.0250     0.02500   
  73     1   1     0     2     2  1.82       0.0250     0.02500   
                          
 THE ANALYSIS HAS COMPLETED SUCCESSFULLY
