 Abaqus/Standard 3DEXPERIENCE R2018x                  DATE 08-9ÔÂ-2026 TIME 07:24:37
 SUMMARY OF JOB INFORMATION:
 STEP  INC ATT SEVERE EQUIL TOTAL  TOTAL      STEP       INC OF       DOF    IF
               DISCON ITERS ITERS  TIME/    TIME/LPF    TIME/LPF    MONITOR RIKS
               ITERS               FREQ
   1     1   1     0     3     3  0.0250     0.0250     0.02500   
   1     2   1     0     3     3  0.0500     0.0500     0.02500   
   1     3   1     0     3     3  0.0750     0.0750     0.02500   
   1     4   1     0     3     3  0.100      0.100      0.02500   
   1     5   1     0     3     3  0.125      0.125      0.02500   
   1     6   1     0     3     3  0.150      0.150      0.02500   
   1     7   1     0     3     3  0.175      0.175      0.02500   
   1     8   1     0     3     3  0.200      0.200      0.02500   
   1     9   1     0     3     3  0.225      0.225      0.02500   
   1    10   1     0     3     3  0.250      0.250      0.02500   
   1    11   1     0     3     3  0.275      0.275      0.02500   
   1    12   1     0     3     3  0.300      0.300      0.02500   
   1    13   1     0     3     3  0.325      0.325      0.02500   
   1    14   1     0     3     3  0.350      0.350      0.02500   
   1    15   1     0     3     3  0.375      0.375      0.02500   
   1    16   1     0     3     3  0.400      0.400      0.02500   
   1    17   1     0     3     3  0.425      0.425      0.02500   
   1    18   1     0     3     3  0.450      0.450      0.02500   
   1    19   1     0     3     3  0.475      0.475      0.02500   
   1    20   1     0     3     3  0.500      0.500      0.02500   
   1    21   1     0     3     3  0.525      0.525      0.02500   
   1    22   1     0     3     3  0.550      0.550      0.02500   
   1    23   1     0     3     3  0.575      0.575      0.02500   
   1    24   1     0     3     3  0.600      0.600      0.02500   
   1    25   1     0     3     3  0.625      0.625      0.02500   
   1    26   1     0     3     3  0.650      0.650      0.02500   
   1    27   1     0     3     3  0.675      0.675      0.02500   
   1    28   1     0     3     3  0.700      0.700      0.02500   
   1    29   1     0     3     3  0.725      0.725      0.02500   
   1    30   1     0     3     3  0.750      0.750      0.02500   
   1    31   1     0     3     3  0.775      0.775      0.02500   
   1    32   1     0     3     3  0.800      0.800      0.02500   
   1    33   1     0     3     3  0.825      0.825      0.02500   
   1    34   1     0     3     3  0.850      0.850      0.02500   
   1    35   1     0     3     3  0.875      0.875      0.02500   
   1    36   1     0     3     3  0.900      0.900      0.02500   
   1    37   1     0     3     3  0.925      0.925      0.02500   
   1    38   1     0     3     3  0.950      0.950      0.02500   
   1    39   1     0     3     3  0.975      0.975      0.02500   
   1    40   1     0     3     3  1.00       1.00       0.02500   
   2     1   1     0     2     2  1.02       0.0250     0.02500   
   2     2   1     0     2     2  1.05       0.0500     0.02500   
   2     3   1     0     2     2  1.07       0.0750     0.02500   
   2     4   1     0     2     2  1.10       0.100      0.02500   
   2     5   1     0     2     2  1.12       0.125      0.02500   
   2     6   1     0     2     2  1.15       0.150      0.02500   
   2     7   1     0     2     2  1.17       0.175      0.02500   
   2     8   1     0     2     2  1.20       0.200      0.02500   
   2     9   1     0     2     2  1.22       0.225      0.02500   
   2    10   1     0     2     2  1.25       0.250      0.02500   
   2    11   1     0     2     2  1.27       0.275      0.02500   
   2    12   1     0     2     2  1.30       0.300      0.02500   
   2    13   1     0     2     2  1.32       0.325      0.02500   
   2    14   1     0     2     2  1.35       0.350      0.02500   
   2    15   1     0     2     2  1.37       0.375      0.02500   
   2    16   1     0     2     2  1.40       0.400      0.02500   
   2    17   1     0     2     2  1.42       0.425      0.02500   
   2    18   1     0     2     2  1.45       0.450      0.02500   
   2    19   1     0     2     2  1.47       0.475      0.02500   
   2    20   1     0     2     2  1.50       0.500      0.02500   
   2    21   1     0     2     2  1.52       0.525      0.02500   
   2    22   1     0     2     2  1.55       0.550      0.02500   
   2    23   1     0     2     2  1.57       0.575      0.02500   
   2    24   1     0     2     2  1.60       0.600      0.02500   
   2    25   1     0     2     2  1.62       0.625      0.02500   
   2    26   1     0     2     2  1.65       0.650      0.02500   
   2    27   1     0     2     2  1.67       0.675      0.02500   
   2    28   1     0     2     2  1.70       0.700      0.02500   
   2    29   1     0     2     2  1.72       0.725      0.02500   
   2    30   1     0     2     2  1.75       0.750      0.02500   
   2    31   1     0     2     2  1.77       0.775      0.02500   
   2    32   1     0     2     2  1.80       0.800      0.02500   
   2    33   1     0     2     2  1.82       0.825      0.02500   
   2    34   1     0     2     2  1.85       0.850      0.02500   
   2    35   1     0     2     2  1.87       0.875      0.02500   
   2    36   1     0     2     2  1.90       0.900      0.02500   
   2    37   1     0     2     2  1.92       0.925      0.02500   
   2    38   1     0     2     2  1.95       0.950      0.02500   
   2    39   1     0     2     2  1.97       0.975      0.02500   
   2    40   1     0     2     2  2.00       1.00       0.02500   
   3     1   1     0     2     2  2.02       0.0250     0.02500   
   3     2   1     0     2     2  2.05       0.0500     0.02500   
   3     3   1     0     2     2  2.07       0.0750     0.02500   
   3     4   1     0     2     2  2.10       0.100      0.02500   
   3     5   1     0     2     2  2.12       0.125      0.02500   
   3     6   1     0     2     2  2.15       0.150      0.02500   
   3     7   1     0     2     2  2.17       0.175      0.02500   
   3     8   1     0     2     2  2.20       0.200      0.02500   
   3     9   1     0     2     2  2.22       0.225      0.02500   
   3    10   1     0     2     2  2.25       0.250      0.02500   
   3    11   1     0     2     2  2.27       0.275      0.02500   
   3    12   1     0     2     2  2.30       0.300      0.02500   
   3    13   1     0     2     2  2.32       0.325      0.02500   
   3    14   1     0     2     2  2.35       0.350      0.02500   
   3    15   1     0     2     2  2.37       0.375      0.02500   
   3    16   1     0     2     2  2.40       0.400      0.02500   
   3    17   1     0     2     2  2.42       0.425      0.02500   
   3    18   1     0     2     2  2.45       0.450      0.02500   
   3    19   1     0     2     2  2.47       0.475      0.02500   
   3    20   1     0     2     2  2.50       0.500      0.02500   
   3    21   1     0     2     2  2.52       0.525      0.02500   
   3    22   1     0     2     2  2.55       0.550      0.02500   
   3    23   1     0     2     2  2.57       0.575      0.02500   
   3    24   1     0     2     2  2.60       0.600      0.02500   
   3    25   1     0     2     2  2.62       0.625      0.02500   
   3    26   1     0     2     2  2.65       0.650      0.02500   
   3    27   1     0     2     2  2.67       0.675      0.02500   
   3    28   1     0     2     2  2.70       0.700      0.02500   
   3    29   1     0     2     2  2.72       0.725      0.02500   
   3    30   1     0     2     2  2.75       0.750      0.02500   
   3    31   1     0     2     2  2.77       0.775      0.02500   
   3    32   1     0     2     2  2.80       0.800      0.02500   
   3    33   1     0     2     2  2.82       0.825      0.02500   
   3    34   1     0     2     2  2.85       0.850      0.02500   
   3    35   1     0     2     2  2.87       0.875      0.02500   
   3    36   1     0     2     2  2.90       0.900      0.02500   
   3    37   1     0     2     2  2.92       0.925      0.02500   
   3    38   1     0     2     2  2.95       0.950      0.02500   
   3    39   1     0     2     2  2.97       0.975      0.02500   
   3    40   1     0     2     2  3.00       1.00       0.02500   
   4     1   1     0     2     2  3.02       0.0250     0.02500   
   4     2   1     0     2     2  3.05       0.0500     0.02500   
   4     3   1     0     2     2  3.07       0.0750     0.02500   
   4     4   1     0     2     2  3.10       0.100      0.02500   
   4     5   1     0     2     2  3.12       0.125      0.02500   
   4     6   1     0     2     2  3.15       0.150      0.02500   
   4     7   1     0     2     2  3.17       0.175      0.02500   
   4     8   1     0     2     2  3.20       0.200      0.02500   
   4     9   1     0     2     2  3.22       0.225      0.02500   
   4    10   1     0     2     2  3.25       0.250      0.02500   
   4    11   1     0     2     2  3.27       0.275      0.02500   
   4    12   1     0     2     2  3.30       0.300      0.02500   
   4    13   1     0     2     2  3.32       0.325      0.02500   
   4    14   1     0     2     2  3.35       0.350      0.02500   
   4    15   1     0     2     2  3.37       0.375      0.02500   
   4    16   1     0     2     2  3.40       0.400      0.02500   
   4    17   1     0     2     2  3.42       0.425      0.02500   
   4    18   1     0     2     2  3.45       0.450      0.02500   
   4    19   1     0     2     2  3.47       0.475      0.02500   
   4    20   1     0     2     2  3.50       0.500      0.02500   
   4    21   1     0     2     2  3.52       0.525      0.02500   
   4    22   1     0     2     2  3.55       0.550      0.02500   
   4    23   1     0     2     2  3.57       0.575      0.02500   
   4    24   1     0     2     2  3.60       0.600      0.02500   
   4    25   1     0     2     2  3.62       0.625      0.02500   
   4    26   1     0     2     2  3.65       0.650      0.02500   
   4    27   1     0     2     2  3.67       0.675      0.02500   
   4    28   1     0     2     2  3.70       0.700      0.02500   
   4    29   1     0     2     2  3.72       0.725      0.02500   
   4    30   1     0     2     2  3.75       0.750      0.02500   
   4    31   1     0     2     2  3.77       0.775      0.02500   
   4    32   1     0     3     3  3.80       0.800      0.02500   
   4    33   1     0     2     2  3.82       0.825      0.02500   
   4    34   1     0     2     2  3.85       0.850      0.02500   
   4    35   1     0     2     2  3.87       0.875      0.02500   
   4    36   1     0     2     2  3.90       0.900      0.02500   
   4    37   1     0     2     2  3.92       0.925      0.02500   
   4    38   1     0     2     2  3.95       0.950      0.02500   
   4    39   1     0     2     2  3.97       0.975      0.02500   
   4    40   1     0     2     2  4.00       1.00       0.02500   
   5     1   1     0     2     2  4.02       0.0250     0.02500   
   5     2   1     0     2     2  4.05       0.0500     0.02500   
   5     3   1     0     2     2  4.07       0.0750     0.02500   
   5     4   1     0     2     2  4.10       0.100      0.02500   
   5     5   1     0     2     2  4.12       0.125      0.02500   
   5     6   1     0     3     3  4.15       0.150      0.02500   
   5     7   1     0     3     3  4.17       0.175      0.02500   
   5     8   1     0     3     3  4.20       0.200      0.02500   
   5     9   1     0     2     2  4.22       0.225      0.02500   
   5    10   1     0     2     2  4.25       0.250      0.02500   
   5    11   1     0     2     2  4.27       0.275      0.02500   
   5    12   1     0     2     2  4.30       0.300      0.02500   
   5    13   1     0     2     2  4.32       0.325      0.02500   
   5    14   1     0     3     3  4.35       0.350      0.02500   
   5    15   1     0     2     2  4.37       0.375      0.02500   
   5    16   1     0     2     2  4.40       0.400      0.02500   
   5    17   1     0     2     2  4.42       0.425      0.02500   
   5    18   1     0     2     2  4.45       0.450      0.02500   
   5    19   1     0     2     2  4.47       0.475      0.02500   
   5    20   1     0     2     2  4.50       0.500      0.02500   
   5    21   1     0     2     2  4.52       0.525      0.02500   
   5    22   1     0     2     2  4.55       0.550      0.02500   
   5    23   1     0     2     2  4.57       0.575      0.02500   
   5    24   1     0     2     2  4.60       0.600      0.02500   
   5    25   1     0     2     2  4.62       0.625      0.02500   
   5    26   1     0     2     2  4.65       0.650      0.02500   
   5    27   1     0     2     2  4.67       0.675      0.02500   
   5    28   1     0     2     2  4.70       0.700      0.02500   
   5    29   1     0     2     2  4.72       0.725      0.02500   
   5    30   1     0     2     2  4.75       0.750      0.02500   
   5    31   1     0     2     2  4.77       0.775      0.02500   
   5    32   1     0     2     2  4.80       0.800      0.02500   
   5    33   1     0     2     2  4.82       0.825      0.02500   
   5    34   1     0     3     3  4.85       0.850      0.02500   
   5    35   1     0     2     2  4.88       0.875      0.02500   
   5    36   1     0     3     3  4.90       0.900      0.02500   
   5    37   1     0     2     2  4.93       0.925      0.02500   
   5    38   1     0     2     2  4.95       0.950      0.02500   
   5    39   1     0     3     3  4.98       0.975      0.02500   
   5    40   1     0     3     3  5.00       1.00       0.02500   
   6     1   1     0     3     3  5.03       0.0250     0.02500   
   6     2   1     0     3     3  5.05       0.0500     0.02500   
   6     3   1     0     3     3  5.08       0.0750     0.02500   
   6     4   1     0     3     3  5.10       0.100      0.02500   
   6     5   1     0     3     3  5.13       0.125      0.02500   
   6     6   1     0     3     3  5.15       0.150      0.02500   
   6     7   1     0     3     3  5.18       0.175      0.02500   
   6     8   1     0     3     3  5.20       0.200      0.02500   
   6     9   1     0     3     3  5.23       0.225      0.02500   
   6    10   1     0     3     3  5.25       0.250      0.02500   
   6    11   1     0     3     3  5.28       0.275      0.02500   
   6    12   1     0     3     3  5.30       0.300      0.02500   
   6    13   1     0     3     3  5.33       0.325      0.02500   
   6    14   1     0     3     3  5.35       0.350      0.02500   
   6    15   1     0     3     3  5.38       0.375      0.02500   
   6    16   1     0     3     3  5.40       0.400      0.02500   
   6    17   1     0     3     3  5.43       0.425      0.02500   
   6    18   1     0     3     3  5.45       0.450      0.02500   
   6    19   1     0     3     3  5.48       0.475      0.02500   
   6    20   1     0     3     3  5.50       0.500      0.02500   
   6    21   1     0     3     3  5.53       0.525      0.02500   
   6    22   1     0     3     3  5.55       0.550      0.02500   
   6    23   1     0     3     3  5.58       0.575      0.02500   
   6    24   1     0     3     3  5.60       0.600      0.02500   
   6    25   1     0     3     3  5.63       0.625      0.02500   
   6    26   1     0     3     3  5.65       0.650      0.02500   
   6    27   1     0     3     3  5.68       0.675      0.02500   
   6    28   1     0     3     3  5.70       0.700      0.02500   
   6    29   1     0     3     3  5.73       0.725      0.02500   
   6    30   1     0     2     2  5.75       0.750      0.02500   
   6    31   1     0     2     2  5.78       0.775      0.02500   
   6    32   1     0     2     2  5.80       0.800      0.02500   
   6    33   1     0     3     3  5.83       0.825      0.02500   
   6    34   1     0     3     3  5.85       0.850      0.02500   
   6    35   1     0     3     3  5.88       0.875      0.02500   
   6    36   1     0     3     3  5.90       0.900      0.02500   
   6    37   1     0     3     3  5.93       0.925      0.02500   
   6    38   1     0     3     3  5.95       0.950      0.02500   
   6    39   1     0     3     3  5.98       0.975      0.02500   
   6    40   1     0     3     3  6.00       1.00       0.02500   
   7     1   1     0     2     2  6.03       0.0250     0.02500   
   7     2   1     0     2     2  6.05       0.0500     0.02500   
   7     3   1     0     2     2  6.08       0.0750     0.02500   
   7     4   1     0     2     2  6.10       0.100      0.02500   
   7     5   1     0     2     2  6.13       0.125      0.02500   
   7     6   1     0     2     2  6.15       0.150      0.02500   
   7     7   1     0     2     2  6.18       0.175      0.02500   
   7     8   1     0     2     2  6.20       0.200      0.02500   
   7     9   1     0     2     2  6.23       0.225      0.02500   
   7    10   1     0     2     2  6.25       0.250      0.02500   
   7    11   1     0     2     2  6.28       0.275      0.02500   
   7    12   1     0     2     2  6.30       0.300      0.02500   
   7    13   1     0     2     2  6.33       0.325      0.02500   
   7    14   1     0     2     2  6.35       0.350      0.02500   
   7    15   1     0     2     2  6.38       0.375      0.02500   
   7    16   1     0     2     2  6.40       0.400      0.02500   
   7    17   1     0     2     2  6.43       0.425      0.02500   
   7    18   1     0     2     2  6.45       0.450      0.02500   
   7    19   1     0     2     2  6.48       0.475      0.02500   
   7    20   1     0     2     2  6.50       0.500      0.02500   
   7    21   1     0     2     2  6.53       0.525      0.02500   
   7    22   1     0     2     2  6.55       0.550      0.02500   
   7    23   1     0     2     2  6.58       0.575      0.02500   
   7    24   1     0     2     2  6.60       0.600      0.02500   
   7    25   1     0     2     2  6.63       0.625      0.02500   
   7    26   1     0     2     2  6.65       0.650      0.02500   
   7    27   1     0     2     2  6.68       0.675      0.02500   
   7    28   1     0     2     2  6.70       0.700      0.02500   
   7    29   1     0     2     2  6.73       0.725      0.02500   
   7    30   1     0     2     2  6.75       0.750      0.02500   
   7    31   1     0     2     2  6.78       0.775      0.02500   
   7    32   1     0     2     2  6.80       0.800      0.02500   
   7    33   1     0     2     2  6.83       0.825      0.02500   
   7    34   1     0     2     2  6.85       0.850      0.02500   
   7    35   1     0     2     2  6.88       0.875      0.02500   
   7    36   1     0     2     2  6.90       0.900      0.02500   
   7    37   1     0     2     2  6.93       0.925      0.02500   
   7    38   1     0     2     2  6.95       0.950      0.02500   
   7    39   1     0     2     2  6.98       0.975      0.02500   
   7    40   1     0     2     2  7.00       1.00       0.02500   
                          
 THE ANALYSIS HAS COMPLETED SUCCESSFULLY
