 Abaqus/Standard 3DEXPERIENCE R2018x                  DATE 08-9ÔÂ-2026 TIME 02:52:14
 SUMMARY OF JOB INFORMATION:
 STEP  INC ATT SEVERE EQUIL TOTAL  TOTAL      STEP       INC OF       DOF    IF
               DISCON ITERS ITERS  TIME/    TIME/LPF    TIME/LPF    MONITOR RIKS
               ITERS               FREQ
   1     1   1     3     3     6  0.0250     0.0250     0.02500   
   1     2   1     0     3     3  0.0500     0.0500     0.02500   
   1     3   1     0     2     2  0.0750     0.0750     0.02500   
   1     4   1     0     2     2  0.100      0.100      0.02500   
   1     5   1     0     2     2  0.125      0.125      0.02500   
   1     6   1     0     2     2  0.150      0.150      0.02500   
   1     7   1     0     2     2  0.175      0.175      0.02500   
   1     8   1     0     2     2  0.200      0.200      0.02500   
   1     9   1     0     2     2  0.225      0.225      0.02500   
   1    10   1     0     2     2  0.250      0.250      0.02500   
   1    11   1     0     2     2  0.275      0.275      0.02500   
   1    12   1     0     2     2  0.300      0.300      0.02500   
   1    13   1     0     2     2  0.325      0.325      0.02500   
   1    14   1     0     2     2  0.350      0.350      0.02500   
   1    15   1     0     2     2  0.375      0.375      0.02500   
   1    16   1     0     2     2  0.400      0.400      0.02500   
   1    17   1     0     2     2  0.425      0.425      0.02500   
   1    18   1     0     2     2  0.450      0.450      0.02500   
   1    19   1     0     2     2  0.475      0.475      0.02500   
   1    20   1     0     2     2  0.500      0.500      0.02500   
   1    21   1     0     2     2  0.525      0.525      0.02500   
   1    22   1     0     2     2  0.550      0.550      0.02500   
   1    23   1     0     2     2  0.575      0.575      0.02500   
   1    24   1     0     2     2  0.600      0.600      0.02500   
   1    25   1     0     2     2  0.625      0.625      0.02500   
   1    26   1     0     2     2  0.650      0.650      0.02500   
   1    27   1     0     2     2  0.675      0.675      0.02500   
   1    28   1     0     2     2  0.700      0.700      0.02500   
   1    29   1     0     2     2  0.725      0.725      0.02500   
   1    30   1     0     2     2  0.750      0.750      0.02500   
   1    31   1     0     2     2  0.775      0.775      0.02500   
   1    32   1     0     2     2  0.800      0.800      0.02500   
   1    33   1     0     2     2  0.825      0.825      0.02500   
   1    34   1     0     2     2  0.850      0.850      0.02500   
   1    35   1     0     2     2  0.875      0.875      0.02500   
   1    36   1     0     2     2  0.900      0.900      0.02500   
   1    37   1     0     2     2  0.925      0.925      0.02500   
   1    38   1     0     2     2  0.950      0.950      0.02500   
   1    39   1     0     2     2  0.975      0.975      0.02500   
   1    40   1     0     2     2  1.00       1.00       0.02500   
   2     1   1     0     2     2  1.02       0.0250     0.02500   
   2     2   1     0     1     1  1.05       0.0500     0.02500   
   2     3   1     0     1     1  1.07       0.0750     0.02500   
   2     4   1     0     1     1  1.10       0.100      0.02500   
   2     5   1     0     1     1  1.12       0.125      0.02500   
   2     6   1     0     1     1  1.15       0.150      0.02500   
   2     7   1     0     1     1  1.17       0.175      0.02500   
   2     8   1     0     1     1  1.20       0.200      0.02500   
   2     9   1     0     1     1  1.22       0.225      0.02500   
   2    10   1     0     1     1  1.25       0.250      0.02500   
   2    11   1     0     1     1  1.27       0.275      0.02500   
   2    12   1     0     1     1  1.30       0.300      0.02500   
   2    13   1     0     1     1  1.32       0.325      0.02500   
   2    14   1     0     1     1  1.35       0.350      0.02500   
   2    15   1     0     1     1  1.37       0.375      0.02500   
   2    16   1     0     1     1  1.40       0.400      0.02500   
   2    17   1     0     1     1  1.42       0.425      0.02500   
   2    18   1     0     1     1  1.45       0.450      0.02500   
   2    19   1     0     1     1  1.47       0.475      0.02500   
   2    20   1     0     1     1  1.50       0.500      0.02500   
   2    21   1     0     1     1  1.52       0.525      0.02500   
   2    22   1     0     1     1  1.55       0.550      0.02500   
   2    23   1     0     1     1  1.57       0.575      0.02500   
   2    24   1     0     1     1  1.60       0.600      0.02500   
   2    25   1     0     1     1  1.62       0.625      0.02500   
   2    26   1     0     1     1  1.65       0.650      0.02500   
   2    27   1     0     1     1  1.67       0.675      0.02500   
   2    28   1     0     1     1  1.70       0.700      0.02500   
   2    29   1     0     1     1  1.72       0.725      0.02500   
   2    30   1     0     1     1  1.75       0.750      0.02500   
   2    31   1     0     1     1  1.77       0.775      0.02500   
   2    32   1     0     1     1  1.80       0.800      0.02500   
   2    33   1     0     1     1  1.82       0.825      0.02500   
   2    34   1     0     1     1  1.85       0.850      0.02500   
   2    35   1     0     1     1  1.87       0.875      0.02500   
   2    36   1     0     1     1  1.90       0.900      0.02500   
   2    37   1     0     1     1  1.92       0.925      0.02500   
   2    38   1     0     1     1  1.95       0.950      0.02500   
   2    39   1     0     1     1  1.97       0.975      0.02500   
   2    40   1     0     1     1  2.00       1.00       0.02500   
   3     1   1     1     3     4  2.02       0.0250     0.02500   
   3     2   1     0     3     3  2.05       0.0500     0.02500   
   3     3   1     0     2     2  2.07       0.0750     0.02500   
   3     4   1     0     2     2  2.10       0.100      0.02500   
   3     5   1     0     3     3  2.12       0.125      0.02500   
   3     6   1     1     4     5  2.15       0.150      0.02500   
   3     7   1     0     4     4  2.17       0.175      0.02500   
   3     8   1     0     3     3  2.20       0.200      0.02500   
   3     9   1     0     3     3  2.22       0.225      0.02500   
   3    10   1     0     3     3  2.25       0.250      0.02500   
   3    11   1     0     3     3  2.27       0.275      0.02500   
   3    12   1     0     3     3  2.30       0.300      0.02500   
   3    13   1     0     3     3  2.32       0.325      0.02500   
   3    14   1     0     3     3  2.35       0.350      0.02500   
   3    15   1     0     4     4  2.37       0.375      0.02500   
   3    16   1     0     4     4  2.40       0.400      0.02500   
   3    17   1     0     3     3  2.42       0.425      0.02500   
   3    18   1     0     3     3  2.45       0.450      0.02500   
   3    19   1     0     3     3  2.47       0.475      0.02500   
   3    20   1     0     3     3  2.50       0.500      0.02500   
   3    21   1     0     4     4  2.52       0.525      0.02500   
   3    22   1     0     4     4  2.55       0.550      0.02500   
   3    23   1     0     3     3  2.57       0.575      0.02500   
   3    24   1     0     3     3  2.60       0.600      0.02500   
   3    25   1     0     4     4  2.62       0.625      0.02500   
   3    26   1     0     4     4  2.65       0.650      0.02500   
   3    27   1     0     3     3  2.67       0.675      0.02500   
   3    28   1     0     3     3  2.70       0.700      0.02500   
   3    29   1     0     3     3  2.72       0.725      0.02500   
   3    30   1     0     2     2  2.75       0.750      0.02500   
   3    31   1     0     2     2  2.77       0.775      0.02500   
   3    32   1     0     2     2  2.80       0.800      0.02500   
   3    33   1     0     2     2  2.82       0.825      0.02500   
   3    34   1     0     2     2  2.85       0.850      0.02500   
   3    35   1     0     2     2  2.87       0.875      0.02500   
   3    36   1     0     2     2  2.90       0.900      0.02500   
   3    37   1     0     2     2  2.92       0.925      0.02500   
   3    38   1     0     2     2  2.95       0.950      0.02500   
   3    39   1     0     2     2  2.97       0.975      0.02500   
   3    40   1     0     2     2  3.00       1.00       0.02500   
   4     1   1     0     3     3  3.02       0.0250     0.02500   
   4     2   1     0     2     2  3.05       0.0500     0.02500   
   4     3   1     0     2     2  3.07       0.0750     0.02500   
   4     4   1     0     2     2  3.10       0.100      0.02500   
   4     5   1     0     2     2  3.12       0.125      0.02500   
   4     6   1     0     2     2  3.15       0.150      0.02500   
   4     7   1     0     2     2  3.17       0.175      0.02500   
   4     8   1     0     2     2  3.20       0.200      0.02500   
   4     9   1     0     2     2  3.22       0.225      0.02500   
   4    10   1     0     2     2  3.25       0.250      0.02500   
   4    11   1     0     2     2  3.27       0.275      0.02500   
   4    12   1     0     2     2  3.30       0.300      0.02500   
   4    13   1     0     2     2  3.32       0.325      0.02500   
   4    14   1     0     2     2  3.35       0.350      0.02500   
   4    15   1     0     2     2  3.37       0.375      0.02500   
   4    16   1     0     2     2  3.40       0.400      0.02500   
   4    17   1     0     2     2  3.42       0.425      0.02500   
   4    18   1     0     2     2  3.45       0.450      0.02500   
   4    19   1     0     2     2  3.47       0.475      0.02500   
   4    20   1     0     2     2  3.50       0.500      0.02500   
   4    21   1     0     2     2  3.52       0.525      0.02500   
   4    22   1     0     2     2  3.55       0.550      0.02500   
   4    23   1     0     2     2  3.57       0.575      0.02500   
   4    24   1     0     2     2  3.60       0.600      0.02500   
   4    25   1     0     2     2  3.62       0.625      0.02500   
   4    26   1     0     2     2  3.65       0.650      0.02500   
   4    27   1     0     2     2  3.67       0.675      0.02500   
   4    28   1     0     2     2  3.70       0.700      0.02500   
   4    29   1     0     2     2  3.72       0.725      0.02500   
   4    30   1     0     2     2  3.75       0.750      0.02500   
   4    31   1     0     2     2  3.77       0.775      0.02500   
   4    32   1     0     2     2  3.80       0.800      0.02500   
   4    33   1     0     2     2  3.82       0.825      0.02500   
   4    34   1     0     2     2  3.85       0.850      0.02500   
   4    35   1     0     2     2  3.87       0.875      0.02500   
   4    36   1     0     2     2  3.90       0.900      0.02500   
   4    37   1     0     2     2  3.92       0.925      0.02500   
   4    38   1     0     2     2  3.95       0.950      0.02500   
   4    39   1     0     2     2  3.97       0.975      0.02500   
   4    40   1     0     2     2  4.00       1.00       0.02500   
   5     1   1U    6     1     7  4.00       0.00       0.02500   
                          
 THE ANALYSIS HAS NOT BEEN COMPLETED
