 Abaqus/Standard 3DEXPERIENCE R2018x                  DATE 08-9ÔÂ-2026 TIME 01:56:58
 SUMMARY OF JOB INFORMATION:
 STEP  INC ATT SEVERE EQUIL TOTAL  TOTAL      STEP       INC OF       DOF    IF
               DISCON ITERS ITERS  TIME/    TIME/LPF    TIME/LPF    MONITOR RIKS
               ITERS               FREQ
   1     1   1     1     0     1  0.100      0.100      0.1000    
   2     1   1     1     0     1  0.200      0.100      0.1000    
   3     1   1     1     0     1  0.300      0.100      0.1000    
   4     1   1     0     1     1  0.400      0.100      0.1000    
   5     1   1     1     0     1  0.500      0.100      0.1000    
   6     1   1     0     1     1  0.600      0.100      0.1000    
   7     1   1     0     1     1  0.700      0.100      0.1000    
   8     1   1     0     1     1  0.800      0.100      0.1000    
   9     1   1     0     1     1  0.900      0.100      0.1000    
  10     1   1     0     1     1  1.00       0.100      0.1000    
  11     1   1     0     1     1  1.10       0.100      0.1000    
  12     1   1     0     1     1  1.20       0.100      0.1000    
  13     1   1     0     1     1  1.30       0.100      0.1000    
  14     1   1     0     1     1  1.40       0.100      0.1000    
  15     1   1     0     1     1  1.50       0.100      0.1000    
  16     1   1     0     1     1  1.60       0.100      0.1000    
                          
 THE ANALYSIS HAS COMPLETED SUCCESSFULLY
