 Abaqus/Standard 3DEXPERIENCE R2018x                  DATE 08-9ÔÂ-2026 TIME 04:55:23
 SUMMARY OF JOB INFORMATION:
 STEP  INC ATT SEVERE EQUIL TOTAL  TOTAL      STEP       INC OF       DOF    IF
               DISCON ITERS ITERS  TIME/    TIME/LPF    TIME/LPF    MONITOR RIKS
               ITERS               FREQ
   1     1   1     0     1     1  1.00       1.00       1.000     
   2     1   1     0     2     2  2.00       1.00       1.000     
   3     1   1     0     2     2  3.00       1.00       1.000     
   4     1   1     0     2     2  4.00       1.00       1.000     
   5     1   1     0     2     2  5.00       1.00       1.000     
   6     1   1     0     2     2  6.00       1.00       1.000     
   7     1   1     0     2     2  7.00       1.00       1.000     
   8     1   1     0     2     2  8.00       1.00       1.000     
   9     1   1     0     2     2  9.00       1.00       1.000     
  10     1   1     0     2     2  10.0       1.00       1.000     
  11     1   1     0     2     2  11.0       1.00       1.000     
  12     1   1     0     2     2  12.0       1.00       1.000     
  13     1   1     0     2     2  13.0       1.00       1.000     
  14     1   1     0     2     2  14.0       1.00       1.000     
  15     1   1     0     2     2  15.0       1.00       1.000     
  16     1   1     0     2     2  16.0       1.00       1.000     
  17     1   1     0     2     2  17.0       1.00       1.000     
                          
 THE ANALYSIS HAS COMPLETED SUCCESSFULLY
