 Abaqus/Standard 3DEXPERIENCE R2018x                  DATE 08-9ÔÂ-2026 TIME 04:03:10
 SUMMARY OF JOB INFORMATION:
 STEP  INC ATT SEVERE EQUIL TOTAL  TOTAL      STEP       INC OF       DOF    IF
               DISCON ITERS ITERS  TIME/    TIME/LPF    TIME/LPF    MONITOR RIKS
               ITERS               FREQ
   1     1   1     0     1     1  0.100      0.100      0.1000    
   1     2   1     0     1     1  0.200      0.200      0.1000    
   1     3   1     0     1     1  0.300      0.300      0.1000    
   1     4   1     0     1     1  0.400      0.400      0.1000    
   1     5   1     0     1     1  0.500      0.500      0.1000    
   1     6   1     0     1     1  0.600      0.600      0.1000    
   1     7   1     0     1     1  0.700      0.700      0.1000    
   1     8   1     0     1     1  0.800      0.800      0.1000    
   1     9   1     0     1     1  0.900      0.900      0.1000    
   1    10   1     0     1     1  1.00       1.00       0.1000    
   2     1   1     0     2     2  1.10       0.100      0.1000    
   2     2   1     0     1     1  1.20       0.200      0.1000    
   2     3   1     0     1     1  1.30       0.300      0.1000    
   2     4   1     0     1     1  1.40       0.400      0.1000    
   2     5   1     0     1     1  1.50       0.500      0.1000    
   2     6   1     0     1     1  1.60       0.600      0.1000    
   2     7   1     0     1     1  1.70       0.700      0.1000    
   2     8   1     0     1     1  1.80       0.800      0.1000    
   2     9   1     0     1     1  1.90       0.900      0.1000    
   2    10   1     0     1     1  2.00       1.00       0.1000    
   3     1   1     0     2     2  2.10       0.100      0.1000    
   3     2   1     0     1     1  2.20       0.200      0.1000    
   3     3   1     0     1     1  2.30       0.300      0.1000    
   3     4   1     0     1     1  2.40       0.400      0.1000    
   3     5   1     0     1     1  2.50       0.500      0.1000    
   3     6   1     0     1     1  2.60       0.600      0.1000    
   3     7   1     0     1     1  2.70       0.700      0.1000    
   3     8   1     0     1     1  2.80       0.800      0.1000    
   3     9   1     0     1     1  2.90       0.900      0.1000    
   3    10   1     0     1     1  3.00       1.00       0.1000    
   4     1   1     0     2     2  3.10       0.100      0.1000    
   4     2   1     0     1     1  3.20       0.200      0.1000    
   4     3   1     0     1     1  3.30       0.300      0.1000    
   4     4   1     0     1     1  3.40       0.400      0.1000    
   4     5   1     0     1     1  3.50       0.500      0.1000    
   4     6   1     0     1     1  3.60       0.600      0.1000    
   4     7   1     0     1     1  3.70       0.700      0.1000    
   4     8   1     0     1     1  3.80       0.800      0.1000    
   4     9   1     0     1     1  3.90       0.900      0.1000    
   4    10   1     0     1     1  4.00       1.00       0.1000    
   5     1   1     0     2     2  4.10       0.100      0.1000    
   5     2   1     0     1     1  4.20       0.200      0.1000    
   5     3   1     0     1     1  4.30       0.300      0.1000    
   5     4   1     0     1     1  4.40       0.400      0.1000    
   5     5   1     0     1     1  4.50       0.500      0.1000    
   5     6   1     0     1     1  4.60       0.600      0.1000    
   5     7   1     0     1     1  4.70       0.700      0.1000    
   5     8   1     0     1     1  4.80       0.800      0.1000    
   5     9   1     0     1     1  4.90       0.900      0.1000    
   5    10   1     0     1     1  5.00       1.00       0.1000    
   6     1   1     0     2     2  5.10       0.100      0.1000    
   6     2   1     0     1     1  5.20       0.200      0.1000    
   6     3   1     0     1     1  5.30       0.300      0.1000    
   6     4   1     0     1     1  5.40       0.400      0.1000    
   6     5   1     0     1     1  5.50       0.500      0.1000    
   6     6   1     0     1     1  5.60       0.600      0.1000    
   6     7   1     0     1     1  5.70       0.700      0.1000    
   6     8   1     0     1     1  5.80       0.800      0.1000    
   6     9   1     0     1     1  5.90       0.900      0.1000    
   6    10   1     0     1     1  6.00       1.00       0.1000    
   7     1   1     0     2     2  6.10       0.100      0.1000    
   7     2   1     0     1     1  6.20       0.200      0.1000    
   7     3   1     0     1     1  6.30       0.300      0.1000    
   7     4   1     0     1     1  6.40       0.400      0.1000    
   7     5   1     0     1     1  6.50       0.500      0.1000    
   7     6   1     0     1     1  6.60       0.600      0.1000    
   7     7   1     0     1     1  6.70       0.700      0.1000    
   7     8   1     0     1     1  6.80       0.800      0.1000    
   7     9   1     0     1     1  6.90       0.900      0.1000    
   7    10   1     0     1     1  7.00       1.00       0.1000    
   8     1   1     0     2     2  7.10       0.100      0.1000    
   8     2   1     0     1     1  7.20       0.200      0.1000    
   8     3   1     0     1     1  7.30       0.300      0.1000    
   8     4   1     0     1     1  7.40       0.400      0.1000    
   8     5   1     0     1     1  7.50       0.500      0.1000    
   8     6   1     0     1     1  7.60       0.600      0.1000    
   8     7   1     0     1     1  7.70       0.700      0.1000    
   8     8   1     0     1     1  7.80       0.800      0.1000    
   8     9   1     0     1     1  7.90       0.900      0.1000    
   8    10   1     0     1     1  8.00       1.00       0.1000    
   9     1   1     0     2     2  8.10       0.100      0.1000    
   9     2   1     0     1     1  8.20       0.200      0.1000    
   9     3   1     0     1     1  8.30       0.300      0.1000    
   9     4   1     0     1     1  8.40       0.400      0.1000    
   9     5   1     0     1     1  8.50       0.500      0.1000    
   9     6   1     0     1     1  8.60       0.600      0.1000    
   9     7   1     0     1     1  8.70       0.700      0.1000    
   9     8   1     0     1     1  8.80       0.800      0.1000    
   9     9   1     0     1     1  8.90       0.900      0.1000    
   9    10   1     0     1     1  9.00       1.00       0.1000    
  10     1   1     0     2     2  9.10       0.100      0.1000    
  10     2   1     0     1     1  9.20       0.200      0.1000    
  10     3   1     0     1     1  9.30       0.300      0.1000    
  10     4   1     0     1     1  9.40       0.400      0.1000    
  10     5   1     0     1     1  9.50       0.500      0.1000    
  10     6   1     0     1     1  9.60       0.600      0.1000    
  10     7   1     0     1     1  9.70       0.700      0.1000    
  10     8   1     0     1     1  9.80       0.800      0.1000    
  10     9   1     0     1     1  9.90       0.900      0.1000    
  10    10   1     0     1     1  10.0       1.00       0.1000    
  11     1   1     0     2     2  10.1       0.100      0.1000    
  11     2   1     0     1     1  10.2       0.200      0.1000    
  11     3   1     0     1     1  10.3       0.300      0.1000    
  11     4   1     0     1     1  10.4       0.400      0.1000    
  11     5   1     0     1     1  10.5       0.500      0.1000    
  11     6   1     0     1     1  10.6       0.600      0.1000    
  11     7   1     0     1     1  10.7       0.700      0.1000    
  11     8   1     0     1     1  10.8       0.800      0.1000    
  11     9   1     0     1     1  10.9       0.900      0.1000    
  11    10   1     0     1     1  11.0       1.00       0.1000    
  12     1   1     0     2     2  11.1       0.100      0.1000    
  12     2   1     0     1     1  11.2       0.200      0.1000    
  12     3   1     0     1     1  11.3       0.300      0.1000    
  12     4   1     0     1     1  11.4       0.400      0.1000    
  12     5   1     0     1     1  11.5       0.500      0.1000    
  12     6   1     0     1     1  11.6       0.600      0.1000    
  12     7   1     0     1     1  11.7       0.700      0.1000    
  12     8   1     0     1     1  11.8       0.800      0.1000    
  12     9   1     0     1     1  11.9       0.900      0.1000    
  12    10   1     0     1     1  12.0       1.00       0.1000    
  13     1   1     0     2     2  12.1       0.100      0.1000    
  13     2   1     0     1     1  12.2       0.200      0.1000    
  13     3   1     0     1     1  12.3       0.300      0.1000    
  13     4   1     0     1     1  12.4       0.400      0.1000    
  13     5   1     0     1     1  12.5       0.500      0.1000    
  13     6   1     0     1     1  12.6       0.600      0.1000    
  13     7   1     0     1     1  12.7       0.700      0.1000    
  13     8   1     0     1     1  12.8       0.800      0.1000    
  13     9   1     0     1     1  12.9       0.900      0.1000    
  13    10   1     0     1     1  13.0       1.00       0.1000    
  14     1   1     0     2     2  13.1       0.100      0.1000    
  14     2   1     0     1     1  13.2       0.200      0.1000    
  14     3   1     0     1     1  13.3       0.300      0.1000    
  14     4   1     0     1     1  13.4       0.400      0.1000    
  14     5   1     0     1     1  13.5       0.500      0.1000    
  14     6   1     0     1     1  13.6       0.600      0.1000    
  14     7   1     0     1     1  13.7       0.700      0.1000    
  14     8   1     0     1     1  13.8       0.800      0.1000    
  14     9   1     0     1     1  13.9       0.900      0.1000    
  14    10   1     0     1     1  14.0       1.00       0.1000    
  15     1   1     0     2     2  14.1       0.100      0.1000    
  15     2   1     0     1     1  14.2       0.200      0.1000    
  15     3   1     0     1     1  14.3       0.300      0.1000    
  15     4   1     0     1     1  14.4       0.400      0.1000    
  15     5   1     0     1     1  14.5       0.500      0.1000    
  15     6   1     0     1     1  14.6       0.600      0.1000    
  15     7   1     0     1     1  14.7       0.700      0.1000    
  15     8   1     0     1     1  14.8       0.800      0.1000    
  15     9   1     0     1     1  14.9       0.900      0.1000    
  15    10   1     0     1     1  15.0       1.00       0.1000    
  16     1   1     0     2     2  15.1       0.100      0.1000    
  16     2   1     0     1     1  15.2       0.200      0.1000    
  16     3   1     0     1     1  15.3       0.300      0.1000    
  16     4   1     0     1     1  15.4       0.400      0.1000    
  16     5   1     0     1     1  15.5       0.500      0.1000    
  16     6   1     0     1     1  15.6       0.600      0.1000    
  16     7   1     0     1     1  15.7       0.700      0.1000    
  16     8   1     0     1     1  15.8       0.800      0.1000    
  16     9   1     0     1     1  15.9       0.900      0.1000    
  16    10   1     0     1     1  16.0       1.00       0.1000    
  17     1   1     0     2     2  16.1       0.100      0.1000    
  17     2   1     0     1     1  16.2       0.200      0.1000    
  17     3   1     0     1     1  16.3       0.300      0.1000    
  17     4   1     0     1     1  16.4       0.400      0.1000    
  17     5   1     0     1     1  16.5       0.500      0.1000    
  17     6   1     0     1     1  16.6       0.600      0.1000    
  17     7   1     0     1     1  16.7       0.700      0.1000    
  17     8   1     0     1     1  16.8       0.800      0.1000    
  17     9   1     0     1     1  16.9       0.900      0.1000    
  17    10   1     0     1     1  17.0       1.00       0.1000    
                          
 THE ANALYSIS HAS COMPLETED SUCCESSFULLY
